 num     #instances         #bytes  class name (module)
-------------------------------------------------------
   1:       6351173      464340184  [B (java.base@11.0.14)
   2:       5600424      134410176  java.lang.String (java.base@11.0.14)
   3:       2794065      111762600  java.util.LinkedHashMap$Entry (java.base@11.0.14)
   4:       2882673       69184152  java.lang.Long (java.base@11.0.14)
   5:        853043       68181376  [Ljava.util.HashMap$Node; (java.base@11.0.14)
   6:       1507751       64590960  [Ljava.lang.Object; (java.base@11.0.14)
   7:       1440703       46102496  java.util.concurrent.ConcurrentHashMap$Node (java.base@11.0.14)
   8:        844196       40521408  java.util.concurrent.locks.ReentrantReadWriteLock$NonfairSync (java.base@11.0.14)
   9:        708007       39648392  java.util.LinkedHashMap (java.base@11.0.14)
  10:        703198       39379088  com.staros.shard.Shard
  11:       1497414       35937936  java.util.ArrayList (java.base@11.0.14)
  12:       1406398       33753552  com.google.protobuf.MapField$MutatabilityAwareMap$MutatabilityAwareSet
  13:        672687       26907480  jdk.nio.zipfs.ZipFileSystem$IndexNode (jdk.zipfs@11.0.14)
  14:        703355       22507360  java.util.Collections$UnmodifiableMap (java.base@11.0.14)
  15:        703199       22502368  com.google.protobuf.MapField
  16:         12711       20844488  [I (java.base@11.0.14)
  17:        844188       20260512  java.util.concurrent.locks.ReentrantReadWriteLock (java.base@11.0.14)
  18:        773802       18571248  java.util.Collections$UnmodifiableRandomAccessList (java.base@11.0.14)
  19:        703199       16876776  com.google.protobuf.MapField$MutatabilityAwareMap
  20:        703198       16876752  com.staros.filestore.FilePath
  21:        703198       16876752  com.staros.replica.Replica
  22:        844221       13507536  java.util.concurrent.locks.ReentrantReadWriteLock$ReadLock (java.base@11.0.14)
  23:        844221       13507536  java.util.concurrent.locks.ReentrantReadWriteLock$Sync$ThreadLocalHoldCounter (java.base@11.0.14)
  24:        844221       13507536  java.util.concurrent.locks.ReentrantReadWriteLock$WriteLock (java.base@11.0.14)
  25:        389155       12452960  java.util.HashMap$Node (java.base@11.0.14)
  26:        704268       11268288  java.util.Collections$UnmodifiableSet (java.base@11.0.14)
  27:        703705       11259280  java.util.LinkedHashMap$LinkedKeySet (java.base@11.0.14)
  28:        703286       11252576  java.util.LinkedHashMap$LinkedEntrySet (java.base@11.0.14)
  29:        703200       11251200  java.util.Collections$UnmodifiableMap$UnmodifiableEntrySet (java.base@11.0.14)
  30:        703199       11251184  com.google.protobuf.MapField$ImmutableMessageConverter
  31:        703198       11251168  com.staros.filecache.FileCache
  32:           435        8703464  [Ljava.util.concurrent.ConcurrentHashMap$Node; (java.base@11.0.14)
  33:        147603        7084944  java.util.HashMap (java.base@11.0.14)
  34:        284145        6819480  java.util.concurrent.locks.ReentrantReadWriteLock$Sync$HoldCounter (java.base@11.0.14)
  35:         70115        5609200  com.starrocks.catalog.TabletMeta
  36:         70324        4500736  com.staros.shard.ShardGroup
  37:        141662        2266592  java.util.HashMap$EntrySet (java.base@11.0.14)
  38:        141200        2259200  java.util.HashMap$KeySet (java.base@11.0.14)
  39:         17789        2137368  java.lang.Class (java.base@11.0.14)
  40:         18485        1330920  java.lang.reflect.Field (java.base@11.0.14)
  41:         54496        1307904  com.sleepycat.je.tree.LN
  42:           592         609792  [Lorg.antlr.v4.runtime.dfa.DFAState;
  43:         17202         550464  org.antlr.v4.runtime.atn.ATNConfig
  44:          3649         482704  [J (java.base@11.0.14)
  45:         14798         473536  jdk.nio.zipfs.ZipPath (jdk.zipfs@11.0.14)
  46:         26168         418688  java.lang.Object (java.base@11.0.14)
  47:           480         322560  io.netty.util.internal.shaded.org.jctools.queues.MpscArrayQueue
  48:           214         311648  [C (java.base@11.0.14)
  49:          7742         309680  org.antlr.v4.runtime.atn.BasicState
  50:          6273         250920  java.lang.ref.SoftReference (java.base@11.0.14)
  51:         14798         236768  com.sun.tools.javac.file.RelativePath$RelativeDirectory (jdk.compiler@11.0.14)
  52:           453         232240  [Lcom.sleepycat.je.tree.Node;
  53:           320         215040  io.grpc.netty.shaded.io.netty.util.internal.shaded.org.jctools.queues.MpscArrayQueue
  54:          2106         185328  java.lang.reflect.Method (java.base@11.0.14)
  55:          7241         173784  org.antlr.v4.runtime.atn.EpsilonTransition
  56:          7238         173712  scala.collection.immutable.$colon$colon
  57:             5         163920  [Ljava.util.concurrent.ForkJoinTask; (java.base@11.0.14)
  58:          1642         144496  com.starrocks.catalog.AggregateFunction
  59:          2908         139584  java.lang.invoke.MemberName (java.base@11.0.14)
  60:          3423         136920  org.sparkproject.guava.collect.MapMakerInternalMap$WeakEntry
  61:          4225         135200  jdk.internal.reflect.UnsafeQualifiedObjectFieldAccessorImpl (java.base@11.0.14)
  62:          4117         131744  com.codahale.metrics.WeightedSnapshot$WeightedSample
  63:          8192         131072  io.opencensus.impl.internal.DisruptorEventQueue$DisruptorEvent
  64:          3232         129280  org.antlr.v4.runtime.atn.LexerATNConfig
  65:          5285         126840  org.antlr.v4.runtime.atn.AtomTransition
  66:            45         119912  [Ljava.nio.channels.SelectionKey; (java.base@11.0.14)
  67:           984         102336  io.opencensus.implcore.trace.RecordEventsSpanImpl
  68:          2547         101880  java.lang.invoke.MethodType (java.base@11.0.14)
  69:          4210         101040  java.util.concurrent.ConcurrentSkipListMap$Node (java.base@11.0.14)
  70:          4143          99432  java.lang.Double (java.base@11.0.14)
  71:          2060          98880  jdk.internal.ref.CleanerImpl$PhantomCleanableRef (java.base@11.0.14)
  72:          3749          98536  [Ljava.lang.Class; (java.base@11.0.14)
  73:          3073          98336  jdk.internal.reflect.UnsafeObjectFieldAccessorImpl (java.base@11.0.14)
  74:          1969          94512  com.google.gson.internal.bind.ReflectiveTypeAdapterFactory$1
  75:          1343          85952  io.grpc.netty.shaded.io.netty.buffer.PoolSubpage
  76:            97          84296  [Z (java.base@11.0.14)
  77:          3441          82584  java.util.ArrayDeque (java.base@11.0.14)
  78:          3423          82152  org.apache.spark.util.SizeEstimator$ClassInfo
  79:          2549          81568  java.lang.invoke.MethodType$ConcurrentWeakInternSet$WeakEntry (java.base@11.0.14)
  80:          1268          81152  java.util.concurrent.ConcurrentHashMap (java.base@11.0.14)
  81:          3248          77952  org.antlr.v4.runtime.misc.Interval
  82:           440          77440  com.sleepycat.je.tree.BIN
  83:          2391          76512  jdk.internal.jimage.ImageReader$Resource (java.base@11.0.14)
  84:          1077          75544  [Ljava.lang.String; (java.base@11.0.14)
  85:            36          74752  [Ljava.nio.ByteBuffer; (java.base@11.0.14)
  86:          1477          70896  sun.util.locale.LocaleObjectCache$CacheEntry (java.base@11.0.14)
  87:          2880          69120  com.google.common.collect.EvictingQueue
  88:           852          68160  com.starrocks.catalog.ScalarFunction
  89:          1054          67456  java.util.zip.Inflater (java.base@11.0.14)
  90:          1039          66496  java.net.URL (java.base@11.0.14)
  91:          2021          64672  org.antlr.v4.runtime.atn.SingletonPredictionContext
  92:           484          61952  sun.nio.fs.UnixFileAttributes (java.base@11.0.14)
  93:          2518          61552  [Lcom.starrocks.catalog.Type;
  94:          2519          60456  com.starrocks.analysis.FunctionName
  95:          2499          59976  java.lang.invoke.ResolvedMethodName (java.base@11.0.14)
  96:           269          58104  com.starrocks.transaction.TransactionState
  97:          2391          57384  jdk.internal.jimage.ImageLocation (java.base@11.0.14)
  98:           716          57280  java.lang.reflect.Constructor (java.base@11.0.14)
  99:          3423          54768  org.sparkproject.guava.collect.MapMakerInternalMap$StrongValueReference
 100:           483          54096  jdk.nio.zipfs.JarFileSystem (jdk.zipfs@11.0.14)
 101:          1674          53568  java.lang.invoke.DirectMethodHandle (java.base@11.0.14)
 102:           605          53240  io.grpc.netty.shaded.io.netty.buffer.PooledUnsafeDirectByteBuf
 103:          2205          52920  java.util.concurrent.atomic.AtomicLong (java.base@11.0.14)
 104:          1627          52064  sun.nio.fs.UnixPath (java.base@11.0.14)
 105:          1296          51840  io.opencensus.trace.AutoValue_MessageEvent
 106:          2145          51480  java.util.concurrent.ConcurrentSkipListMap$Index (java.base@11.0.14)
 107:           491          51064  java.util.jar.JarFile$JarFileEntry (java.base@11.0.14)
 108:          2120          50880  com.google.gson.reflect.TypeToken
 109:           693          49896  io.netty.buffer.PoolSubpage
 110:          2048          49152  io.netty.util.HashedWheelTimer$HashedWheelBucket
 111:           589          48528  [Ljava.util.WeakHashMap$Entry; (java.base@11.0.14)
 112:          1502          48064  java.util.concurrent.locks.ReentrantLock$NonfairSync (java.base@11.0.14)
 113:          1492          47744  org.antlr.v4.runtime.atn.RuleTransition
 114:          1927          46248  sun.reflect.annotation.AnnotationInvocationHandler (java.base@11.0.14)
 115:          1154          46160  java.util.TreeMap$Entry (java.base@11.0.14)
 116:          2842          45472  java.util.HashSet (java.base@11.0.14)
 117:           925          44400  org.antlr.v4.runtime.atn.RuleStartState
 118:          1058          42320  java.io.FileDescriptor (java.base@11.0.14)
 119:           606          41208  [Ljava.lang.ref.SoftReference; (java.base@11.0.14)
 120:          1000          40000  io.opencensus.implcore.trace.export.InProcessSampledSpanStoreImpl$Bucket
 121:           623          39872  com.starrocks.catalog.Column
 122:           950          38000  org.antlr.v4.runtime.dfa.DFAState
 123:            65          37960  io.grpc.netty.shaded.io.netty.util.internal.shaded.org.jctools.queues.MpscChunkedArrayQueue
 124:           925          37000  org.antlr.v4.runtime.atn.RuleStopState
 125:           487          35064  sun.nio.ch.FileChannelImpl (java.base@11.0.14)
 126:          1451          34824  java.util.LinkedList$Node (java.base@11.0.14)
 127:           483          34776  java.util.zip.ZipFile$Source (java.base@11.0.14)
 128:          1445          34680  sun.reflect.generics.tree.SimpleClassTypeSignature (java.base@11.0.14)
 129:          1075          34400  java.util.RegularEnumSet (java.base@11.0.14)
 130:           851          34040  org.antlr.v4.runtime.atn.BlockEndState
 131:           703          33744  org.antlr.v4.runtime.atn.BasicBlockStartState
 132:           985          31520  io.opencensus.trace.SpanContext
 133:          1296          31104  io.opencensus.implcore.trace.RecordEventsSpanImpl$EventWithNanoTime
 134:           483          30912  java.util.jar.JarFile (java.base@11.0.14)
 135:          1287          30888  io.opencensus.trace.SpanId
 136:           551          30856  java.io.FileCleanable (java.base@11.0.14)
 137:            50          28800  io.netty.util.internal.shaded.org.jctools.queues.MpscUnboundedArrayQueue
 138:           868          27776  java.lang.invoke.LambdaForm$Name (java.base@11.0.14)
 139:          1445          27648  [Lsun.reflect.generics.tree.TypeArgument; (java.base@11.0.14)
 140:           863          27616  org.antlr.v4.runtime.dfa.DFA
 141:            75          27600  java.lang.Thread (java.base@11.0.14)
 142:           575          27600  java.util.WeakHashMap (java.base@11.0.14)
 143:           483          27048  jdk.nio.zipfs.ZipFileSystem$END (jdk.zipfs@11.0.14)
 144:          1061          25488  [Ljava.lang.reflect.Type; (java.base@11.0.14)
 145:          1054          25296  java.util.zip.Inflater$InflaterZStreamRef (java.base@11.0.14)
 146:           350          25200  com.google.protobuf.DescriptorProtos$FieldDescriptorProto
 147:           623          24920  com.starrocks.catalog.ColumnStats
 148:           742          23744  java.util.LinkedList (java.base@11.0.14)
 149:           738          23616  sun.util.locale.BaseLocale (java.base@11.0.14)
 150:           738          23616  sun.util.locale.BaseLocale$Key (java.base@11.0.14)
 151:           982          23568  java.util.Collections$SynchronizedSet (java.base@11.0.14)
 152:           581          23240  java.lang.ref.Finalizer (java.base@11.0.14)
 153:           726          23232  java.lang.ThreadLocal$ThreadLocalMap$Entry (java.base@11.0.14)
 154:           483          23184  jdk.internal.loader.URLClassPath$JarLoader (java.base@11.0.14)
 155:          1444          23104  sun.reflect.generics.tree.ClassTypeSignature (java.base@11.0.14)
 156:           952          22848  org.apache.thrift.meta_data.FieldMetaData
 157:           952          22848  org.apache.thrift.protocol.TField
 158:           562          22480  org.antlr.v4.runtime.atn.ATNConfigSet
 159:           349          22336  com.google.protobuf.Descriptors$FieldDescriptor
 160:           689          22048  io.opencensus.trace.TraceId
 161:           271          21680  java.net.URI (java.base@11.0.14)
 162:           538          21520  com.starrocks.transaction.TabletCommitInfo
 163:           335          21440  io.opencensus.implcore.trace.RecordEventsSpanImpl$AttributesWithCapacity
 164:           670          21440  java.lang.invoke.BoundMethodHandle$Species_L (java.base@11.0.14)
 165:           180          20992  [[I (java.base@11.0.14)
 166:           874          20976  io.opencensus.implcore.trace.RecordEventsSpanImpl$TraceEvents
 167:           849          20480  [Lorg.antlr.v4.runtime.atn.ATNConfig;
 168:           639          20448  java.lang.invoke.LambdaForm$NamedFunction (java.base@11.0.14)
 169:           359          20104  java.lang.invoke.MethodTypeForm (java.base@11.0.14)
 170:           621          19872  java.lang.ref.ReferenceQueue (java.base@11.0.14)
 171:           824          19776  io.grpc.netty.shaded.io.netty.util.Recycler$DefaultHandle
 172:           813          19512  java.lang.Class$AnnotationData (java.base@11.0.14)
 173:           485          19400  org.apache.logging.log4j.core.Logger
 174:           485          19400  org.apache.logging.log4j.core.Logger$PrivateConfig
 175:           449          17960  java.util.WeakHashMap$Entry (java.base@11.0.14)
 176:           180          17280  com.starrocks.load.routineload.RLTaskTxnCommitAttachment
 177:           527          16864  io.grpc.netty.shaded.io.netty.util.AsciiString
 178:           263          16832  java.nio.DirectByteBuffer (java.base@11.0.14)
 179:           522          16704  java.lang.Package (java.base@11.0.14)
 180:           690          16560  io.opencensus.common.AutoValue_Timestamp
 181:           688          16512  io.opencensus.implcore.internal.TimestampConverter
 182:           511          16352  java.io.File (java.base@11.0.14)
 183:           676          16224  com.sun.tools.javac.file.CacheFSInfo$Entry (jdk.compiler@11.0.14)
 184:            42          16032  [Lio.grpc.netty.shaded.io.netty.buffer.PoolSubpage;
 185:           987          15792  java.util.concurrent.locks.ReentrantLock (java.base@11.0.14)
 186:            27          15768  io.netty.util.internal.shaded.org.jctools.queues.MpscChunkedArrayQueue
 187:           388          15520  org.antlr.v4.runtime.atn.OrderedATNConfigSet
 188:           484          15488  java.io.RandomAccessFile (java.base@11.0.14)
 189:           483          15456  com.sun.tools.javac.file.JavacFileManager$ArchiveContainer (jdk.compiler@11.0.14)
 190:           483          15456  java.util.zip.ZipFile$CleanableResource (java.base@11.0.14)
 191:           483          15456  sun.nio.fs.UnixFileKey (java.base@11.0.14)
 192:            22          15200  [Lio.netty.buffer.PoolSubpage;
 193:           268          15008  com.starrocks.transaction.PartitionCommitInfo
 194:           468          14976  io.netty.buffer.PoolThreadCache$SubPageMemoryRegionCache
 195:           467          14944  com.starrocks.catalog.ScalarType
 196:           603          14472  org.apache.thrift.meta_data.FieldValueMetaData
 197:           575          13800  java.util.Collections$SetFromMap (java.base@11.0.14)
 198:           273          13432  [Ljava.lang.invoke.LambdaForm$Name; (java.base@11.0.14)
 199:           548          13152  sun.reflect.generics.reflectiveObjects.ParameterizedTypeImpl (java.base@11.0.14)
 200:           268          12864  java.lang.invoke.LambdaForm (java.base@11.0.14)
 201:           536          12864  sun.reflect.generics.factory.CoreReflectionFactory (java.base@11.0.14)
 202:           797          12752  java.util.concurrent.atomic.AtomicBoolean (java.base@11.0.14)
 203:           260          12480  java.util.logging.LogManager$LoggerWeakRef (java.logging@11.0.14)
 204:           519          12456  com.starrocks.persist.gson.GsonUtils$ProcessHookTypeAdapterFactory$1
 205:           383          12256  java.util.concurrent.locks.AbstractQueuedSynchronizer$Node (java.base@11.0.14)
 206:           499          11976  com.sleepycat.je.latch.LatchImpl
 207:           103          11760  [Ljava.lang.ThreadLocal$ThreadLocalMap$Entry; (java.base@11.0.14)
 208:           731          11696  java.lang.Integer (java.base@11.0.14)
 209:           487          11688  org.apache.logging.log4j.message.DefaultFlowMessageFactory
 210:           487          11688  org.apache.logging.log4j.spi.AbstractLogger$LocalLogBuilder
 211:           487          11688  sun.nio.ch.NativeThreadSet (java.base@11.0.14)
 212:           484          11616  sun.reflect.generics.scope.ClassScope (java.base@11.0.14)
 213:           483          11592  java.util.zip.ZipFile$Source$Key (java.base@11.0.14)
 214:           716          11456  com.sun.proxy.$Proxy22
 215:           357          11424  jdk.internal.jrtfs.JrtPath (java.base@11.0.14)
 216:           472          11328  com.starrocks.sql.optimizer.operator.pattern.Pattern
 217:           283          11320  java.lang.invoke.DirectMethodHandle$Accessor (java.base@11.0.14)
 218:            20          11048  [[B (java.base@11.0.14)
 219:           341          10912  jdk.internal.math.FDBigInteger (java.base@11.0.14)
 220:           454          10896  com.google.gson.internal.$Gson$Types$ParameterizedTypeImpl
 221:           268          10720  com.starrocks.lake.compaction.Quantiles
 222:           264          10560  java.math.BigInteger (java.base@11.0.14)
 223:           439          10536  com.sleepycat.je.tree.INLongRep$DefaultRep
 224:           437          10488  com.sleepycat.je.tree.INKeyRep$MaxKeySize
 225:           425          10200  com.starrocks.metric.MetricLabel
 226:           312           9984  io.grpc.netty.shaded.io.netty.buffer.PoolThreadCache$SubPageMemoryRegionCache
 227:           623           9968  java.lang.ref.ReferenceQueue$Lock (java.base@11.0.14)
 228:           138           9936  com.google.protobuf.DescriptorProtos$DescriptorProto
 229:           308           9856  java.util.concurrent.CountDownLatch$Sync (java.base@11.0.14)
 230:           409           9816  sun.reflect.generics.repository.FieldRepository (java.base@11.0.14)
 231:           597           9552  java.util.HashMap$Values (java.base@11.0.14)
 232:           297           9504  java.lang.ref.WeakReference (java.base@11.0.14)
 233:           236           9440  java.util.EnumMap (java.base@11.0.14)
 234:           391           9384  com.google.protobuf.Descriptors$DescriptorPool$DescriptorIntPair
 235:           292           9344  com.starrocks.qe.VariableMgr$VarContext
 236:           231           9240  java.lang.Package$VersionInfo (java.base@11.0.14)
 237:           384           9216  com.google.gson.internal.bind.ReflectiveTypeAdapterFactory$Adapter
 238:           192           9216  io.grpc.netty.shaded.io.netty.buffer.PoolChunkList
 239:           370           8880  com.starrocks.load.routineload.KafkaProgress
 240:           363           8712  java.lang.module.ModuleDescriptor$Exports (java.base@11.0.14)
 241:             6           8480  [[Lorg.antlr.v4.runtime.atn.ATNConfig;
 242:            30           8400  java.util.concurrent.atomic.Striped64$Cell (java.base@11.0.14)
 243:           348           8352  com.google.common.collect.ImmutableMapEntry
 244:             1           8216  [Lscala.math.BigInt;
 245:             1           8208  [Lio.netty.util.HashedWheelTimer$HashedWheelBucket;
 246:           255           8160  org.apache.logging.log4j.core.config.plugins.processor.PluginEntry
 247:           145           8120  java.lang.Module (java.base@11.0.14)
 248:           208           7984  [Lcom.starrocks.catalog.PrimitiveType;
 249:           492           7872  java.util.WeakHashMap$KeySet (java.base@11.0.14)
 250:           488           7808  sun.nio.ch.FileDispatcherImpl (java.base@11.0.14)
 251:           195           7800  java.lang.invoke.DirectMethodHandle$Special (java.base@11.0.14)
 252:           486           7776  java.nio.channels.spi.AbstractInterruptibleChannel$1 (java.base@11.0.14)
 253:           486           7776  org.apache.logging.log4j.message.ParameterizedMessageFactory
 254:           484           7744  sun.nio.ch.FileChannelImpl$Closer (java.base@11.0.14)
 255:           484           7744  sun.nio.fs.UnixFileAttributes$UnixAsBasicFileAttributes (java.base@11.0.14)
 256:           137           7672  com.google.protobuf.Descriptors$Descriptor
 257:           318           7632  javax.management.ImmutableDescriptor (java.management@11.0.14)
 258:           136           7616  org.antlr.v4.runtime.atn.StarLoopEntryState
 259:            18           7488  [Ljava.util.concurrent.atomic.AtomicLong; (java.base@11.0.14)
 260:           312           7488  com.sleepycat.je.utilint.StatDefinition
 261:           310           7440  org.apache.thrift.meta_data.StructMetaData
 262:           462           7392  com.sun.proxy.$Proxy5
 263:           154           7392  java.nio.HeapByteBuffer (java.base@11.0.14)
 264:           225           7200  org.antlr.v4.runtime.atn.ArrayPredictionContext
 265:           179           7160  java.security.ProtectionDomain (java.base@11.0.14)
 266:           220           7040  jdk.internal.jimage.ImageReader$Directory (java.base@11.0.14)
 267:           439           7024  com.sleepycat.je.tree.INTargetRep$Default
 268:           219           7008  java.util.logging.LogManager$LogNode (java.logging@11.0.14)
 269:           175           7000  java.security.CodeSource (java.base@11.0.14)
 270:            94           6944  [Ljava.util.Hashtable$Entry; (java.base@11.0.14)
 271:           124           6944  java.util.logging.Logger (java.logging@11.0.14)
 272:           280           6720  io.grpc.netty.shaded.io.netty.buffer.LongPriorityQueue
 273:           167           6680  io.grpc.netty.shaded.io.netty.buffer.PoolThreadCache$MemoryRegionCache$Entry
 274:           139           6672  java.util.TreeMap (java.base@11.0.14)
 275:           208           6656  io.netty.util.AsciiString
 276:            75           6600  jdk.internal.reflect.DelegatingClassLoader (java.base@11.0.14)
 277:           205           6560  com.sun.jmx.mbeanserver.ConvertingMethod (java.management@11.0.14)
 278:           136           6528  org.antlr.v4.runtime.atn.StarBlockStartState
 279:           269           6456  com.starrocks.transaction.TableCommitInfo
 280:           269           6456  com.starrocks.transaction.TransactionState$TxnCoordinator
 281:           267           6408  org.antlr.v4.runtime.misc.IntervalSet
 282:           225           6400  [Lorg.antlr.v4.runtime.atn.PredictionContext;
 283:           198           6336  com.google.gson.internal.ConstructorConstructor$14
 284:           285           6232  [Lcom.google.protobuf.Descriptors$FieldDescriptor;
 285:           105           6176  [Ljava.lang.invoke.MethodHandle; (java.base@11.0.14)
 286:           257           6168  com.sleepycat.je.utilint.LongStat
 287:           256           6144  io.opentelemetry.api.trace.ImmutableTraceFlags
 288:           255           6120  org.apache.logging.log4j.core.config.plugins.util.PluginType
 289:           375           6000  java.util.concurrent.atomic.AtomicInteger (java.base@11.0.14)
 290:           186           5952  com.sun.tools.javac.util.JCDiagnostic$Error (jdk.compiler@11.0.14)
 291:           248           5952  java.util.ImmutableCollections$Set12 (java.base@11.0.14)
 292:           148           5920  org.antlr.v4.runtime.atn.LoopEndState
 293:           244           5856  java.util.concurrent.locks.AbstractQueuedSynchronizer$ConditionObject (java.base@11.0.14)
 294:           181           5792  com.starrocks.thrift.TUniqueId
 295:            10           5760  io.grpc.netty.shaded.io.netty.util.internal.shaded.org.jctools.queues.MpscUnboundedArrayQueue
 296:           177           5664  com.starrocks.common.ErrorCode
 297:           233           5592  java.util.concurrent.CopyOnWriteArrayList (java.base@11.0.14)
 298:            80           5440  [Lio.opencensus.implcore.trace.export.InProcessSampledSpanStoreImpl$Bucket;
 299:           136           5440  org.antlr.v4.runtime.atn.StarLoopbackState
 300:           335           5360  io.opencensus.trace.AutoValue_AttributeValue_AttributeValueBoolean
 301:           335           5360  io.opencensus.trace.AutoValue_AttributeValue_AttributeValueLong
 302:           161           5152  java.util.Hashtable$Entry (java.base@11.0.14)
 303:           160           5120  java.time.format.DateTimeFormatterBuilder$NumberPrinterParser (java.base@11.0.14)
 304:           126           5040  java.security.AccessControlContext (java.base@11.0.14)
 305:           157           5024  jdk.internal.reflect.UnsafeLongFieldAccessorImpl (java.base@11.0.14)
 306:           125           5000  java.util.logging.Logger$ConfigurationData (java.logging@11.0.14)
 307:           307           4912  java.util.concurrent.CountDownLatch (java.base@11.0.14)
 308:            50           4800  com.starrocks.catalog.system.SystemTable
 309:           198           4752  com.google.gson.internal.UnsafeAllocator$1
 310:           292           4672  com.sun.proxy.$Proxy20
 311:           194           4656  com.google.gson.internal.ConstructorConstructor$3
 312:            53           4632  [Lcom.google.common.collect.ImmutableMapEntry;
 313:            96           4608  com.starrocks.common.path.PathTrie$TrieNode
 314:           192           4608  io.netty.buffer.LongPriorityQueue
 315:            96           4608  io.netty.buffer.PoolChunkList
 316:           114           4560  io.grpc.netty.shaded.io.netty.handler.codec.http2.HpackEncoder$HeaderEntry
 317:            94           4512  java.util.Hashtable (java.base@11.0.14)
 318:           140           4480  com.baidu.bjf.remoting.protobuf.utils.compiler.JdkCompiler$JavaFileObjectImpl
 319:           140           4480  io.grpc.netty.shaded.io.netty.util.internal.LongAdderCounter
 320:           139           4448  jdk.internal.reflect.UnsafeBooleanFieldAccessorImpl (java.base@11.0.14)
 321:           137           4384  com.google.protobuf.GeneratedMessageV3$FieldAccessorTable
 322:           135           4320  java.lang.module.ModuleDescriptor$Requires (java.base@11.0.14)
 323:           269           4304  com.starrocks.transaction.TransactionChecker
 324:           179           4296  com.starrocks.sql.optimizer.rule.RuleType
 325:           178           4272  com.starrocks.sql.optimizer.rewrite.ScalarOperatorEvaluator$FunctionInvoker
 326:           178           4272  com.starrocks.sql.optimizer.rewrite.ScalarOperatorEvaluator$FunctionSignature
 327:           217           4176  [Lcom.sun.jmx.mbeanserver.MXBeanMapping; (java.management@11.0.14)
 328:           129           4128  javax.management.MBeanAttributeInfo (java.management@11.0.14)
 329:           103           4120  java.util.IdentityHashMap (java.base@11.0.14)
 330:             1           4112  [Lcom.sleepycat.je.txn.Txn;
 331:           256           4096  java.lang.Byte (java.base@11.0.14)
 332:           256           4096  java.lang.Short (java.base@11.0.14)
 333:             1           4024  [Lorg.antlr.v4.runtime.misc.Interval;
 334:           100           4000  java.io.ObjectStreamField (java.base@11.0.14)
 335:           166           3984  java.util.regex.Pattern$BmpCharProperty (java.base@11.0.14)
 336:           166           3984  jdk.internal.module.ServicesCatalog$ServiceProvider (java.base@11.0.14)
 337:            62           3968  java.lang.module.ModuleDescriptor (java.base@11.0.14)
 338:            99           3960  com.starrocks.common.ThreadPoolManager$1
 339:            55           3960  java.util.concurrent.ThreadPoolExecutor (java.base@11.0.14)
 340:            74           3848  [Ljavax.management.MBeanAttributeInfo; (java.management@11.0.14)
 341:            60           3840  javax.management.openmbean.OpenMBeanAttributeInfoSupport (java.management@11.0.14)
 342:           137           3800  [Lcom.google.protobuf.GeneratedMessageV3$FieldAccessorTable$FieldAccessor;
 343:             2           3736  [Lorg.antlr.v4.runtime.atn.RuleStartState;
 344:             2           3736  [Lorg.antlr.v4.runtime.atn.RuleStopState;
 345:            42           3696  java.util.regex.Pattern (java.base@11.0.14)
 346:           115           3680  java.util.concurrent.atomic.LongAdder (java.base@11.0.14)
 347:           114           3648  com.sun.tools.javac.parser.Tokens$TokenKind (jdk.compiler@11.0.14)
 348:            24           3648  io.netty.channel.nio.NioEventLoop
 349:           112           3584  com.starrocks.sql.parser.NodePosition
 350:            28           3584  io.grpc.netty.shaded.io.netty.util.internal.InternalThreadLocalMap
 351:           112           3584  org.apache.logging.slf4j.Log4jLogger
 352:            73           3504  javax.management.MBeanInfo (java.management@11.0.14)
 353:             2           3488  [Lorg.antlr.v4.runtime.dfa.DFA;
 354:           109           3488  com.sun.tools.javac.util.JCDiagnostic$Fragment (jdk.compiler@11.0.14)
 355:            24           3456  java.text.DecimalFormat (java.base@11.0.14)
 356:            61           3416  jdk.internal.module.ModuleReferenceImpl (java.base@11.0.14)
 357:           141           3384  java.util.ImmutableCollections$SetN (java.base@11.0.14)
 358:           141           3384  java.util.concurrent.ConcurrentHashMap$KeySetView (java.base@11.0.14)
 359:           139           3336  java.util.regex.Pattern$GroupTail (java.base@11.0.14)
 360:           123           3312  [Ljavax.management.ObjectName$Property; (java.management@11.0.14)
 361:           138           3312  java.util.regex.Pattern$GroupHead (java.base@11.0.14)
 362:           136           3264  com.google.gson.internal.bind.TypeAdapterRuntimeTypeWrapper
 363:            80           3200  com.sun.management.internal.DiagnosticCommandArgumentInfo (jdk.management@11.0.14)
 364:           115           3184  [Ljava.security.ProtectionDomain; (java.base@11.0.14)
 365:             6           3168  [Ljava.util.TimerTask; (java.base@11.0.14)
 366:           132           3168  javax.management.ObjectName$Property (java.management@11.0.14)
 367:            97           3104  java.security.Permissions (java.base@11.0.14)
 368:            35           3080  sun.nio.ch.EPollSelectorImpl (java.base@11.0.14)
 369:            96           3072  io.netty.handler.codec.CodecOutputList
 370:           126           3024  org.apache.thrift.meta_data.ListMetaData
 371:            63           3024  sun.nio.cs.UTF_8$Encoder (java.base@11.0.14)
 372:             8           3008  io.netty.util.concurrent.FastThreadLocalThread
 373:            94           3008  sun.security.util.LazyCodeSourcePermissionCollection (java.base@11.0.14)
 374:           143           2880  [Lcom.google.protobuf.Descriptors$Descriptor;
 375:           120           2880  com.google.common.collect.ImmutableMapEntry$NonTerminalImmutableMapEntry
 376:            60           2880  java.nio.HeapCharBuffer (java.base@11.0.14)
 377:           179           2864  [Ljava.security.Principal; (java.base@11.0.14)
 378:           179           2864  java.security.ProtectionDomain$Key (java.base@11.0.14)
 379:           119           2856  io.grpc.netty.shaded.io.netty.handler.codec.http2.HpackHeaderField
 380:           178           2848  com.sun.proxy.$Proxy39
 381:            89           2848  java.security.BasicPermissionCollection (java.base@11.0.14)
 382:            41           2840  [S (java.base@11.0.14)
 383:            71           2840  com.sun.tools.doclint.HtmlTag (jdk.compiler@11.0.14)
 384:            71           2840  com.sun.tools.javac.file.Locations$ModuleLocationHandler (jdk.compiler@11.0.14)
 385:            87           2784  com.sleepycat.je.config.IntConfigParam
 386:             5           2760  com.github.benmanes.caffeine.cache.MpscGrowableArrayQueue
 387:            69           2760  io.netty.buffer.PoolThreadCache$MemoryRegionCache$Entry
 388:            68           2720  java.math.BigDecimal (java.base@11.0.14)
 389:             3           2712  com.starrocks.qe.SessionVariable
 390:            56           2688  com.starrocks.metric.MetricRepo$1
 391:           168           2688  jdk.internal.reflect.DelegatingConstructorAccessorImpl (java.base@11.0.14)
 392:           111           2664  com.starrocks.sql.ast.ImportColumnDesc
 393:            83           2656  jdk.internal.reflect.UnsafeIntegerFieldAccessorImpl (java.base@11.0.14)
 394:            55           2640  java.util.concurrent.ThreadPoolExecutor$Worker (java.base@11.0.14)
 395:           109           2616  java.lang.RuntimePermission (java.base@11.0.14)
 396:            81           2592  java.util.Vector (java.base@11.0.14)
 397:            45           2520  com.sun.tools.javac.main.Option (jdk.compiler@11.0.14)
 398:            61           2512  [Ljava.time.format.DateTimeFormatterBuilder$DateTimePrinterParser; (java.base@11.0.14)
 399:            62           2480  com.sleepycat.je.config.DurationConfigParam
 400:           103           2472  com.starrocks.sql.optimizer.operator.OperatorType
 401:           103           2472  java.lang.ThreadLocal$ThreadLocalMap (java.base@11.0.14)
 402:           103           2472  jdk.internal.reflect.NativeConstructorAccessorImpl (java.base@11.0.14)
 403:            22           2464  java.util.GregorianCalendar (java.base@11.0.14)
 404:           102           2448  java.util.Collections$SingletonList (java.base@11.0.14)
 405:            16           2432  io.grpc.netty.shaded.io.netty.buffer.PoolArena$DirectArena
 406:            16           2432  io.grpc.netty.shaded.io.netty.buffer.PoolArena$HeapArena
 407:            38           2432  java.lang.Class$ReflectionData (java.base@11.0.14)
 408:            76           2432  sun.reflect.generics.repository.ClassRepository (java.base@11.0.14)
 409:           101           2424  org.antlr.v4.runtime.atn.SetTransition
 410:            24           2400  [Lio.netty.buffer.PoolThreadCache$MemoryRegionCache;
 411:            60           2400  io.grpc.netty.shaded.io.netty.handler.codec.DefaultHeaders$HeaderEntry
 412:            50           2400  java.util.concurrent.LinkedBlockingQueue (java.base@11.0.14)
 413:            25           2400  sun.util.calendar.Gregorian$Date (java.base@11.0.14)
 414:            10           2384  [Ljava.lang.reflect.Field; (java.base@11.0.14)
 415:            99           2376  com.sun.tools.javac.tree.JCTree$Tag (jdk.compiler@11.0.14)
 416:            99           2376  java.util.ImmutableCollections$List12 (java.base@11.0.14)
 417:           143           2344  [Lcom.google.protobuf.Descriptors$EnumDescriptor;
 418:            73           2336  org.xnio.SingleOption
 419:           128           2328  [Lsun.reflect.generics.tree.FormalTypeParameter; (java.base@11.0.14)
 420:            72           2304  io.netty.util.internal.LongAdderCounter
 421:            96           2304  java.util.Arrays$ArrayList (java.base@11.0.14)
 422:            41           2296  java.security.Provider$Service (java.base@11.0.14)
 423:            95           2280  java.security.Provider$ServiceKey (java.base@11.0.14)
 424:            94           2256  com.sleepycat.je.utilint.VLSN
 425:            94           2256  com.sun.activation.registries.MimeTypeEntry
 426:             6           2256  java.util.TimerThread (java.base@11.0.14)
 427:            47           2256  sun.nio.cs.StreamEncoder (java.base@11.0.14)
 428:            47           2256  sun.nio.cs.US_ASCII$Encoder (java.base@11.0.14)
 429:            35           2240  io.grpc.netty.shaded.io.netty.channel.ChannelOutboundBuffer$Entry
 430:           137           2232  [Lcom.google.protobuf.Descriptors$OneofDescriptor;
 431:           137           2232  [Lcom.google.protobuf.GeneratedMessageV3$FieldAccessorTable$OneofAccessor;
 432:            92           2208  com.sleepycat.je.config.BooleanConfigParam
 433:            69           2208  java.lang.invoke.VarHandle$AccessDescriptor (java.base@11.0.14)
 434:           136           2176  org.apache.thrift.protocol.TStruct
 435:            45           2160  java.util.concurrent.ConcurrentSkipListMap (java.base@11.0.14)
 436:           107           2144  [Lsun.reflect.generics.tree.FieldTypeSignature; (java.base@11.0.14)
 437:            66           2112  com.starrocks.thrift.TQueryOptions$_Fields
 438:            66           2112  java.lang.invoke.LambdaForm$Kind (java.base@11.0.14)
 439:            52           2080  sun.reflect.generics.repository.MethodRepository (java.base@11.0.14)
 440:            43           2064  com.google.protobuf.DescriptorProtos$EnumValueDescriptorProto
 441:            64           2048  io.grpc.netty.shaded.io.netty.handler.codec.CodecOutputList
 442:           128           2048  java.lang.Character (java.base@11.0.14)
 443:            51           2040  java.lang.invoke.BoundMethodHandle$Species_LL (java.base@11.0.14)
 444:           126           2016  com.google.common.collect.RegularImmutableList
 445:            84           2016  com.sleepycat.je.utilint.AtomicLongStat
 446:            84           2016  io.netty.util.Recycler$DefaultHandle
 447:            50           2000  com.google.common.util.concurrent.ThreadFactoryBuilder$1
 448:             5           2000  org.xnio.nio.WorkerThread
 449:            62           1984  javax.management.ObjectName (java.management@11.0.14)
 450:            41           1968  com.sun.management.internal.DiagnosticCommandInfo (jdk.management@11.0.14)
 451:            82           1968  jdk.internal.loader.AbstractClassLoaderValue$Sub (java.base@11.0.14)
 452:            49           1960  java.time.format.DateTimeFormatter (java.base@11.0.14)
 453:           122           1952  java.util.logging.ErrorManager (java.logging@11.0.14)
 454:            30           1920  com.baidu.jprotobuf.pbrpc.client.PojoRpcMethodInfo
 455:            15           1920  com.sleepycat.je.tree.IN
 456:            40           1920  com.sleepycat.je.utilint.ConsoleRedirectHandler
 457:            15           1920  io.netty.util.internal.InternalThreadLocalMap
 458:            30           1920  java.lang.invoke.BoundMethodHandle$Species_LLLLLLIIL (java.base@11.0.14)
 459:            59           1888  com.google.common.collect.RegularImmutableSet
 460:             5           1880  io.grpc.netty.shaded.io.netty.util.concurrent.FastThreadLocalThread
 461:            39           1872  io.grpc.MethodDescriptor
 462:            78           1872  io.grpc.protobuf.lite.ProtoLiteUtils$MessageMarshaller
 463:            58           1856  javax.management.MBeanParameterInfo (java.management@11.0.14)
 464:             4           1848  [Lio.grpc.netty.shaded.io.netty.handler.codec.http2.HpackHeaderField;
 465:            77           1848  com.sun.tools.doclint.HtmlTag$Attr (jdk.compiler@11.0.14)
 466:            57           1824  com.sleepycat.je.log.FileManager$DefaultRandomAccessFile
 467:            76           1824  sun.reflect.generics.tree.ClassSignature (java.base@11.0.14)
 468:            40           1808  [Ljava.math.BigInteger; (java.base@11.0.14)
 469:             5           1800  com.starrocks.load.routineload.KafkaRoutineLoadJob
 470:            56           1792  io.grpc.netty.shaded.io.netty.handler.codec.http.HttpResponseStatus
 471:            56           1792  io.netty.handler.codec.http.HttpResponseStatus
 472:           112           1792  java.util.ImmutableCollections$ListN (java.base@11.0.14)
 473:            74           1776  com.sun.tools.javac.file.JavacFileManager$DirectoryContainer (jdk.compiler@11.0.14)
 474:            55           1760  com.sleepycat.je.log.FileHandle
 475:           109           1744  java.time.format.DateTimeFormatterBuilder$CharLiteralPrinterParser (java.base@11.0.14)
 476:            54           1728  com.google.gson.internal.bind.MapTypeAdapterFactory$Adapter
 477:            72           1728  java.io.ByteArrayOutputStream (java.base@11.0.14)
 478:            36           1728  java.lang.invoke.BoundMethodHandle$SpeciesData (java.base@11.0.14)
 479:            24           1728  java.text.DecimalFormatSymbols (java.base@11.0.14)
 480:            16           1664  com.sleepycat.je.log.entry.LNLogEntry
 481:           104           1664  java.lang.ThreadLocal (java.base@11.0.14)
 482:            52           1664  sun.reflect.generics.tree.MethodTypeSignature (java.base@11.0.14)
 483:            41           1640  java.lang.invoke.MethodHandleImpl$AsVarargsCollector (java.base@11.0.14)
 484:            68           1632  com.starrocks.thrift.TExprOpcode
 485:            51           1632  java.util.Collections$SynchronizedMap (java.base@11.0.14)
 486:            51           1632  sun.reflect.generics.reflectiveObjects.TypeVariableImpl (java.base@11.0.14)
 487:            76           1616  [Lsun.reflect.generics.tree.ClassTypeSignature; (java.base@11.0.14)
 488:            16           1600  [Lio.grpc.netty.shaded.io.netty.buffer.PoolThreadCache$MemoryRegionCache;
 489:            40           1600  com.sleepycat.je.utilint.ConfiguredRedirectHandler
 490:            40           1600  com.sleepycat.je.utilint.FileRedirectHandler
 491:            40           1600  javax.management.MBeanOperationInfo (java.management@11.0.14)
 492:            18           1584  io.grpc.netty.shaded.io.netty.handler.codec.http2.WeightedFairQueueByteDistributor$State
 493:            33           1584  java.time.temporal.ValueRange (java.base@11.0.14)
 494:            65           1560  io.grpc.netty.shaded.io.netty.util.Recycler$LocalPool
 495:             5           1560  java.util.concurrent.ForkJoinPool$WorkQueue (java.base@11.0.14)
 496:            56           1552  [Ljavax.management.MBeanOperationInfo; (java.management@11.0.14)
 497:            97           1552  java.util.LinkedHashMap$LinkedValues (java.base@11.0.14)
 498:            32           1536  com.sleepycat.je.log.LogEntryHeader
 499:            64           1536  org.apache.thrift.meta_data.EnumMetaData
 500:            95           1520  java.security.SecureClassLoader$CodeSourceKey (java.base@11.0.14)
 501:            63           1512  com.starrocks.thrift.TSchemaTableType
 502:            63           1512  java.util.regex.Pattern$BitClass (java.base@11.0.14)
 503:            37           1480  com.google.common.collect.RegularImmutableMap
 504:            37           1480  com.sleepycat.je.log.LogEntryType
 505:            37           1480  com.starrocks.metric.LongCounterMetric
 506:            37           1480  com.sun.tools.javac.code.Source$Feature (jdk.compiler@11.0.14)
 507:            61           1464  com.sleepycat.je.latch.LatchFactory$1
 508:            61           1464  com.starrocks.catalog.ArrayType
 509:            61           1464  java.lang.module.ResolvedModule (java.base@11.0.14)
 510:            61           1464  java.time.format.DateTimeFormatterBuilder$CompositePrinterParser (java.base@11.0.14)
 511:            61           1464  jdk.internal.module.SystemModuleFinders$2 (java.base@11.0.14)
 512:            61           1464  jdk.internal.module.SystemModuleFinders$SystemModuleReader (java.base@11.0.14)
 513:            21           1448  [Lcom.sleepycat.je.utilint.StatDefinition;
 514:            36           1440  [Ljava.lang.invoke.BoundMethodHandle$SpeciesData; (java.base@11.0.14)
 515:            10           1440  [Ljava.lang.invoke.MemberName; (java.base@11.0.14)
 516:            60           1440  jdk.internal.loader.BuiltinClassLoader$LoadedModule (java.base@11.0.14)
 517:            44           1408  com.starrocks.thrift.TPlanNode$_Fields
 518:            22           1408  java.text.DateFormatSymbols (java.base@11.0.14)
 519:            44           1408  java.util.regex.Pattern$Branch (java.base@11.0.14)
 520:            58           1392  java.util.concurrent.Executors$DefaultThreadFactory (java.base@11.0.14)
 521:             1           1376  [Ljdk.internal.math.FDBigInteger; (java.base@11.0.14)
 522:            86           1376  java.util.concurrent.atomic.AtomicReference (java.base@11.0.14)
 523:            19           1368  com.starrocks.catalog.TableFunction
 524:            57           1368  com.sun.jmx.mbeanserver.NamedObject (java.management@11.0.14)
 525:            42           1344  com.google.protobuf.Descriptors$EnumValueDescriptor
 526:            56           1344  java.lang.module.ModuleDescriptor$Provides (java.base@11.0.14)
 527:            21           1344  java.text.SimpleDateFormat (java.base@11.0.14)
 528:            24           1344  sun.util.calendar.ZoneInfo (java.base@11.0.14)
 529:            10           1320  [Ljava.lang.ClassValue$Entry; (java.base@11.0.14)
 530:            11           1320  com.sleepycat.je.dbi.DatabaseImpl
 531:             4           1312  com.github.benmanes.caffeine.cache.SSMSWR
 532:            41           1312  com.sun.management.internal.DiagnosticCommandImpl$Wrapper (jdk.management@11.0.14)
 533:            41           1312  java.net.InetAddress$InetAddressHolder (java.base@11.0.14)
 534:            27           1296  io.grpc.netty.shaded.io.netty.buffer.PoolThreadCache
 535:            10           1280  [Lio.grpc.netty.shaded.io.netty.buffer.LongPriorityQueue;
 536:            16           1280  [Ljava.util.concurrent.RunnableScheduledFuture; (java.base@11.0.14)
 537:            32           1280  com.sleepycat.je.log.LogItem
 538:            16           1280  java.util.concurrent.ScheduledThreadPoolExecutor (java.base@11.0.14)
 539:            53           1272  com.sleepycat.je.cleaner.FileProtector$ReservedFileInfo
 540:            53           1272  java.util.regex.Pattern$$Lambda$16/0x0000000840079040 (java.base@11.0.14)
 541:            52           1248  sun.reflect.generics.scope.MethodScope (java.base@11.0.14)
 542:            52           1248  sun.reflect.generics.tree.FormalTypeParameter (java.base@11.0.14)
 543:            31           1240  com.sun.jmx.mbeanserver.MXBeanSupport (java.management@11.0.14)
 544:            31           1240  jdk.internal.ref.Cleaner (java.base@11.0.14)
 545:            51           1224  io.grpc.netty.shaded.io.netty.util.internal.logging.LocationAwareSlf4JLogger
 546:            51           1224  java.lang.StringBuilder (java.base@11.0.14)
 547:            38           1216  com.starrocks.thrift.TExprNode$_Fields
 548:             8           1216  io.netty.buffer.PoolArena$DirectArena
 549:             8           1216  io.netty.buffer.PoolArena$HeapArena
 550:            50           1200  java.lang.StringCoding$Result (java.base@11.0.14)
 551:            30           1200  java.time.temporal.ChronoField (java.base@11.0.14)
 552:            75           1200  java.util.IdentityHashMap$KeySet (java.base@11.0.14)
 553:            50           1200  java.util.concurrent.LinkedBlockingQueue$Node (java.base@11.0.14)
 554:            25           1200  java.util.concurrent.locks.ReentrantReadWriteLock$FairSync (java.base@11.0.14)
 555:            74           1184  java.util.LinkedHashSet (java.base@11.0.14)
 556:            37           1184  sun.reflect.annotation.AnnotationType (java.base@11.0.14)
 557:            21           1176  com.sleepycat.je.dbi.StartupTracker$Counter
 558:            49           1176  java.util.regex.Pattern$BmpCharPropertyGreedy (java.base@11.0.14)
 559:            21           1176  javax.management.openmbean.ArrayType (java.management@11.0.14)
 560:            21           1176  org.apache.logging.log4j.core.util.datetime.FixedDateFormat$FixedFormat
 561:            29           1160  java.lang.invoke.DirectMethodHandle$Interface (java.base@11.0.14)
 562:            48           1152  com.sleepycat.je.utilint.IntStat
 563:            36           1152  com.starrocks.persist.gson.RuntimeTypeAdapterFactory$1
 564:            48           1152  com.starrocks.thrift.TStatusCode
 565:            12           1152  java.net.SocksSocketImpl (java.base@11.0.14)
 566:            48           1152  java.security.Provider$UString (java.base@11.0.14)
 567:            16           1152  org.apache.logging.log4j.core.config.LoggerConfig
 568:            44           1144  [Ljava.util.regex.Pattern$Node; (java.base@11.0.14)
 569:            71           1136  com.sun.proxy.$Proxy1
 570:            47           1128  java.io.OutputStreamWriter (java.base@11.0.14)
 571:            47           1128  java.util.regex.Pattern$Ques (java.base@11.0.14)
 572:            47           1128  sun.nio.cs.Surrogate$Parser (java.base@11.0.14)
 573:            46           1120  [Ljavax.management.MBeanParameterInfo; (java.management@11.0.14)
 574:            28           1120  java.lang.invoke.VarHandleObjects$FieldInstanceReadWrite (java.base@11.0.14)
 575:            20           1120  java.util.Properties (java.base@11.0.14)
 576:             4           1120  java.util.concurrent.ConcurrentHashMap$CounterCell (java.base@11.0.14)
 577:            52           1112  [Lsun.reflect.generics.tree.TypeSignature; (java.base@11.0.14)
 578:             3           1104  [Ljava.lang.Thread; (java.base@11.0.14)
 579:            34           1088  com.google.re2j.Inst
 580:             2           1080  [Ljava.lang.Integer; (java.base@11.0.14)
 581:            27           1080  com.starrocks.catalog.PrimitiveType
 582:            45           1080  com.starrocks.privilege.PrivilegeEntry
 583:            45           1080  org.apache.logging.log4j.core.pattern.SimpleLiteralPatternConverter$StringValue
 584:            26           1056  [Ljava.util.Map$Entry; (java.base@11.0.14)
 585:            22           1056  com.baidu.bjf.remoting.protobuf.FieldType
 586:            33           1056  com.sleepycat.je.dbi.EnvironmentFailureReason
 587:            44           1056  com.sleepycat.je.utilint.StatGroup
 588:            44           1056  com.sun.jmx.mbeanserver.PerInterface$MethodAndSig (java.management@11.0.14)
 589:            44           1056  java.lang.invoke.Invokers (java.base@11.0.14)
 590:            33           1056  java.util.concurrent.atomic.AtomicIntegerFieldUpdater$AtomicIntegerFieldUpdaterImpl (java.base@11.0.14)
 591:             1           1040  [Lio.opentelemetry.api.trace.ImmutableTraceFlags;
 592:             1           1040  [Ljava.lang.Byte; (java.base@11.0.14)
 593:             1           1040  [Ljava.lang.Long; (java.base@11.0.14)
 594:             1           1040  [Ljava.lang.Short; (java.base@11.0.14)
 595:            26           1040  io.trino.hive.$internal.org.codehaus.jackson.map.type.SimpleType
 596:            65           1040  jdk.internal.reflect.BootstrapConstructorAccessorImpl (java.base@11.0.14)
 597:            43           1032  com.starrocks.privilege.ActionSet
 598:            41           1024  [Lcom.sun.management.internal.DiagnosticCommandArgumentInfo; (jdk.management@11.0.14)
 599:            32           1024  com.sun.jmx.mbeanserver.WeakIdentityHashMap$IdentityWeakReference (java.management@11.0.14)
 600:            42           1008  io.netty.util.internal.logging.LocationAwareSlf4JLogger
 601:            63           1008  java.util.regex.Pattern$$Lambda$15/0x0000000840078c40 (java.base@11.0.14)
 602:            63           1008  java.util.regex.Pattern$BitClass$$Lambda$14/0x0000000840078840 (java.base@11.0.14)
 603:            31            992  com.starrocks.thrift.TAgentTaskRequest$_Fields
 604:            31            992  io.grpc.netty.shaded.io.netty.channel.ChannelOption
 605:            31            992  io.netty.channel.ChannelOption
 606:            31            992  java.lang.invoke.VarHandle$AccessMode (java.base@11.0.14)
 607:            31            992  java.nio.DirectByteBuffer$Deallocator (java.base@11.0.14)
 608:            41            984  io.trino.hive.$internal.org.codehaus.jackson.map.type.ClassKey
 609:            41            984  java.util.jar.Attributes$Name (java.base@11.0.14)
 610:            20            960  com.google.protobuf.DescriptorProtos$MessageOptions
 611:            30            960  com.starrocks.mysql.MysqlColType
 612:            24            960  com.starrocks.persist.gson.RuntimeTypeAdapterFactory
 613:            40            960  io.opencensus.implcore.trace.export.InProcessSampledSpanStoreImpl$PerSpanNameSamples
 614:            30            960  java.security.Provider$EngineDescription (java.base@11.0.14)
 615:            24            960  java.text.DigitList (java.base@11.0.14)
 616:            60            960  java.util.regex.Pattern$$Lambda$13/0x0000000840078440 (java.base@11.0.14)
 617:            40            960  jdk.internal.util.jar.JarIndex (java.base@11.0.14)
 618:            30            960  sun.nio.fs.NativeBuffer (java.base@11.0.14)
 619:            17            952  io.netty.channel.DefaultChannelHandlerContext
 620:            17            952  javax.management.openmbean.CompositeType (java.management@11.0.14)
 621:            59            944  jdk.internal.module.SystemModuleFinders$3 (java.base@11.0.14)
 622:            13            936  java.util.concurrent.ScheduledThreadPoolExecutor$ScheduledFutureTask (java.base@11.0.14)
 623:             5            920  org.apache.commons.pool2.impl.GenericKeyedObjectPool
 624:            38            912  com.starrocks.thrift.TPlanNodeType
 625:             9            896  [D (java.base@11.0.14)
 626:            28            896  com.starrocks.catalog.StructField
 627:            28            896  com.starrocks.thrift.TOlapTableSink$_Fields
 628:            56            896  com.sun.tools.javac.util.Context$Key (jdk.compiler@11.0.14)
 629:             8            896  sun.nio.ch.SocketChannelImpl (java.base@11.0.14)
 630:            37            888  com.starrocks.thrift.TExprNodeType
 631:            22            880  com.sun.jmx.mbeanserver.PerInterface (java.management@11.0.14)
 632:             6            864  [Lio.netty.buffer.LongPriorityQueue;
 633:            27            864  com.sleepycat.je.latch.SharedLatchImpl
 634:            36            864  com.staros.proto.StarManagerGrpc$MethodHandlers
 635:             6            864  com.starrocks.analysis.DateLiteral
 636:            27            864  com.starrocks.thrift.TBrokerScanRangeParams$_Fields
 637:            27            864  com.starrocks.thrift.TSchemaScanNode$_Fields
 638:            27            864  com.sun.tools.javac.code.Lint$LintCategory (jdk.compiler@11.0.14)
 639:            36            864  io.grpc.ServerMethodDefinition
 640:            36            864  io.grpc.Status
 641:            36            864  io.grpc.stub.ServerCalls$UnaryServerCallHandler
 642:            27            864  io.netty.util.concurrent.DefaultPromise
 643:            54            864  java.util.concurrent.ConcurrentHashMap$EntrySetView (java.base@11.0.14)
 644:             3            840  [Lcom.starrocks.thrift.TQueryOptions$_Fields;
 645:            35            840  com.google.gson.internal.bind.TypeAdapters$EnumTypeAdapter
 646:            35            840  java.lang.management.ManagementPermission (java.management@11.0.14)
 647:            35            840  java.util.Date (java.base@11.0.14)
 648:             2            832  [Lcom.sun.tools.javac.tree.JCTree$Tag; (jdk.compiler@11.0.14)
 649:            24            832  [Ljava.io.ObjectStreamField; (java.base@11.0.14)
 650:             2            832  com.starrocks.leader.Checkpoint
 651:            26            832  java.util.Locale (java.base@11.0.14)
 652:            17            816  com.google.gson.internal.LinkedTreeMap$Node
 653:            34            816  com.google.re2j.CharGroup
 654:            51            816  java.util.concurrent.atomic.AtomicReferenceArray (java.base@11.0.14)
 655:            50            800  com.google.gson.TypeAdapter$1
 656:             2            800  com.starrocks.journal.JournalWriter$1
 657:             2            800  com.starrocks.load.ExportChecker
 658:            20            800  com.starrocks.metric.GaugeMetricImpl
 659:            25            800  com.starrocks.mysql.MysqlCapability$Flag
 660:            25            800  com.starrocks.mysql.MysqlCommand
 661:            25            800  com.starrocks.thrift.TPartitionMetaInfo$_Fields
 662:            25            800  com.starrocks.thrift.TReportExecStatusParams$_Fields
 663:            50            800  com.sun.proxy.$Proxy2
 664:            25            800  com.sun.tools.javac.code.TypeTag (jdk.compiler@11.0.14)
 665:            10            800  io.grpc.netty.shaded.io.netty.buffer.PoolChunk
 666:            25            800  org.apache.thrift.meta_data.MapMetaData
 667:             3            792  io.grpc.internal.ManagedChannelImpl
 668:            33            792  java.net.InetSocketAddress$InetSocketAddressHolder (java.base@11.0.14)
 669:            33            792  java.util.regex.Pattern$CharPropertyGreedy (java.base@11.0.14)
 670:            32            784  [Ljava.lang.reflect.TypeVariable; (java.base@11.0.14)
 671:            14            784  io.grpc.netty.shaded.io.netty.buffer.PooledSlicedByteBuf
 672:            14            784  javax.management.openmbean.OpenMBeanParameterInfoSupport (java.management@11.0.14)
 673:            16            768  com.google.common.collect.SingletonImmutableBiMap
 674:            16            768  com.google.protobuf.GeneratedMessageV3$FieldAccessorTable$SingularFieldAccessor$ReflectionInvoker
 675:            32            768  com.sun.jmx.mbeanserver.DefaultMXBeanMappingFactory$IdentityMapping (java.management@11.0.14)
 676:            32            768  java.lang.NamedPackage (java.base@11.0.14)
 677:            32            768  java.net.Inet4Address (java.base@11.0.14)
 678:            48            768  java.util.concurrent.ConcurrentHashMap$ValuesView (java.base@11.0.14)
 679:             5            760  io.grpc.netty.shaded.io.netty.channel.nio.NioEventLoop
 680:            31            744  com.staros.proto.OperationType
 681:            31            744  com.starrocks.thrift.TTaskType
 682:            31            744  java.time.LocalTime (java.base@11.0.14)
 683:             1            736  [Lcom.starrocks.sql.optimizer.rule.RuleType;
 684:            23            736  com.starrocks.thrift.TExecPlanFragmentParams$_Fields
 685:            23            736  com.sun.tools.javac.code.TargetType (jdk.compiler@11.0.14)
 686:            23            736  com.sun.tools.javac.util.JCDiagnostic$Warning (jdk.compiler@11.0.14)
 687:            46            736  java.util.Collections$SingletonSet (java.base@11.0.14)
 688:            23            736  sun.management.MappedMXBeanType$BasicMXBeanType (java.management@11.0.14)
 689:             1            728  [Lcom.starrocks.common.ErrorCode;
 690:            13            728  com.codahale.metrics.ExponentiallyDecayingReservoir
 691:            12            720  [Lio.grpc.netty.shaded.io.netty.util.internal.PriorityQueueNode;
 692:            30            720  com.google.protobuf.ByteString$LiteralByteString
 693:            30            720  com.sleepycat.je.rep.impl.TextProtocol$MessageOp
 694:            18            720  com.sun.tools.javac.code.Kinds$Kind (jdk.compiler@11.0.14)
 695:            15            720  java.lang.StackTraceElement (java.base@11.0.14)
 696:            30            720  java.util.concurrent.ConcurrentLinkedQueue$Node (java.base@11.0.14)
 697:             6            720  org.apache.logging.log4j.core.appender.rolling.RollingFileManager
 698:            30            720  sun.nio.fs.NativeBuffer$Deallocator (java.base@11.0.14)
 699:             2            704  [Lcom.sun.tools.doclint.HtmlTag; (jdk.compiler@11.0.14)
 700:             2            704  [Lcom.sun.tools.javac.main.Option; (jdk.compiler@11.0.14)
 701:             8            704  io.netty.buffer.PooledUnsafeDirectByteBuf
 702:            44            704  java.util.regex.Pattern$BranchConn (java.base@11.0.14)
 703:            29            696  com.google.gson.internal.bind.TypeAdapters$30
 704:            29            696  com.staros.proto.SectionType
 705:            29            696  com.starrocks.privilege.PrivilegeType
 706:            22            680  [Lcom.starrocks.sql.optimizer.rewrite.ConstantFunction;
 707:            21            672  [Lsun.nio.fs.NativeBuffer; (java.base@11.0.14)
 708:            12            672  com.google.protobuf.DescriptorProtos$EnumDescriptorProto
 709:             7            672  com.google.protobuf.DescriptorProtos$FileOptions
 710:            21            672  com.sleepycat.je.dbi.StartupTracker$Elapsed
 711:            21            672  com.sleepycat.je.dbi.StartupTracker$Phase
 712:            28            672  com.starrocks.common.ThreadPoolManager$BlockedPolicy
 713:            12            672  com.starrocks.lake.compaction.CompactionRecord
 714:            12            672  org.antlr.v4.runtime.atn.PlusBlockStartState
 715:             2            656  [Lcom.sun.tools.doclint.HtmlTag$Attr; (jdk.compiler@11.0.14)
 716:            41            656  java.util.logging.SimpleFormatter (java.logging@11.0.14)
 717:            27            648  com.starrocks.thrift.TPrimitiveType
 718:            27            648  io.netty.util.Recycler$LocalPool
 719:             9            648  java.util.ResourceBundle$CacheKey (java.base@11.0.14)
 720:             8            640  [Lio.netty.handler.codec.DefaultHeaders$HeaderEntry;
 721:             8            640  com.google.common.cache.LocalCache$Segment
 722:            20            640  com.starrocks.thrift.TCreateTabletReq$_Fields
 723:            20            640  com.starrocks.thrift.TSortNode$_Fields
 724:            20            640  java.util.concurrent.atomic.AtomicReferenceFieldUpdater$AtomicReferenceFieldUpdaterImpl (java.base@11.0.14)
 725:             8            640  org.apache.logging.log4j.core.util.datetime.FixedDateFormat
 726:             8            640  sun.net.www.protocol.jar.URLJarFile (java.base@11.0.14)
 727:             3            624  [Ljava.lang.invoke.LambdaForm; (java.base@11.0.14)
 728:            26            624  com.google.gson.internal.bind.CollectionTypeAdapterFactory$Adapter
 729:            26            624  com.starrocks.common.Pair
 730:            26            624  io.grpc.netty.shaded.io.netty.util.internal.DefaultPriorityQueue
 731:            26            624  java.util.regex.Pattern$BmpCharPredicate$$Lambda$17/0x0000000840079440 (java.base@11.0.14)
 732:            23            616  [Ljava.lang.Boolean; (java.base@11.0.14)
 733:            14            616  [Ljava.lang.reflect.Method; (java.base@11.0.14)
 734:            11            616  com.sleepycat.je.tree.Tree
 735:            19            608  com.starrocks.thrift.TFinishTaskRequest$_Fields
 736:            19            608  com.starrocks.thrift.TTableDescriptor$_Fields
 737:            38            608  sun.reflect.generics.tree.TypeVariableSignature (java.base@11.0.14)
 738:            15            600  java.lang.invoke.DirectMethodHandle$Constructor (java.base@11.0.14)
 739:            25            600  java.util.regex.Pattern$Start (java.base@11.0.14)
 740:            15            600  jdk.internal.math.FloatingDecimal$BinaryToASCIIBuffer (java.base@11.0.14)
 741:            14            592  [Ljava.lang.invoke.MethodType; (java.base@11.0.14)
 742:            26            584  [Ljavax.management.MBeanNotificationInfo; (java.management@11.0.14)
 743:             1            584  com.sleepycat.je.rep.impl.RepImpl
 744:            24            576  com.sleepycat.je.config.ConfigParam
 745:            36            576  com.staros.proto.StarManagerGrpc$StarManagerMethodDescriptorSupplier
 746:            24            576  com.starrocks.sql.optimizer.rule.RuleSetType
 747:            18            576  com.starrocks.thrift.TPlanFragmentExecParams$_Fields
 748:            12            576  com.sun.jmx.mbeanserver.DefaultMXBeanMappingFactory$CompositeMapping (java.management@11.0.14)
 749:            24            576  com.sun.jmx.mbeanserver.StandardMBeanSupport (java.management@11.0.14)
 750:            24            576  io.netty.channel.nio.SelectedSelectionKeySet
 751:            24            576  io.netty.channel.nio.SelectedSelectionKeySetSelector
 752:            24            576  io.netty.util.internal.ThreadExecutorMap$1
 753:             9            576  java.lang.ClassValue$ClassValueMap (java.base@11.0.14)
 754:            18            576  java.util.ResourceBundle$KeyElementReference (java.base@11.0.14)
 755:            12            576  org.antlr.v4.runtime.atn.PlusLoopbackState
 756:            18            576  org.apache.commons.pool2.impl.BaseGenericObjectPool$StatsStore
 757:            12            576  org.apache.logging.log4j.core.config.AppenderControl
 758:             7            560  com.google.protobuf.DescriptorProtos$FileDescriptorProto
 759:            14            560  com.google.protobuf.GeneratedMessageV3$FieldAccessorTable$SingularMessageFieldAccessor
 760:             1            560  com.sleepycat.je.rep.impl.node.RepNode
 761:            14            560  com.starrocks.analysis.ArithmeticExpr$Operator
 762:             7            560  java.util.concurrent.TimeUnit (java.base@11.0.14)
 763:            14            560  javax.management.openmbean.SimpleType (java.management@11.0.14)
 764:            14            560  org.apache.logging.log4j.core.pattern.DatePatternConverter
 765:             3            552  [Lcom.starrocks.thrift.TPlanNode$_Fields;
 766:            28            552  [Ljavax.management.MBeanConstructorInfo; (java.management@11.0.14)
 767:             1            552  com.sleepycat.je.cleaner.DataEraser
 768:            23            552  io.trino.hive.$internal.org.codehaus.jackson.map.SerializationConfig$Feature
 769:            23            552  java.util.regex.Pattern$SliceI (java.base@11.0.14)
 770:            17            544  com.starrocks.thrift.TFunction$_Fields
 771:            17            544  io.grpc.Status$Code
 772:            17            544  java.util.regex.Pattern$Curly (java.base@11.0.14)
 773:             1            528  [Ljava.lang.Character; (java.base@11.0.14)
 774:            33            528  java.net.InetSocketAddress (java.base@11.0.14)
 775:            22            528  java.util.Collections$SynchronizedCollection (java.base@11.0.14)
 776:            22            528  javax.lang.model.type.TypeKind (java.compiler@11.0.14)
 777:            11            528  org.apache.spark.internal.config.ConfigBuilder
 778:            32            512  com.google.gson.internal.ConstructorConstructor$12
 779:            16            512  com.sleepycat.je.utilint.LatencyPercentile
 780:            16            512  com.starrocks.thrift.TRoutineLoadTask$_Fields
 781:             8            512  io.grpc.netty.shaded.io.netty.util.concurrent.ScheduledFutureTask
 782:            16            512  java.time.temporal.ChronoUnit (java.base@11.0.14)
 783:            16            512  java.util.concurrent.ScheduledThreadPoolExecutor$DelayedWorkQueue (java.base@11.0.14)
 784:             8            512  org.apache.logging.log4j.core.layout.PatternLayout
 785:            21            504  com.google.re2j.Regexp$Op
 786:            21            504  com.starrocks.catalog.Table$TableType
 787:            21            504  com.starrocks.sql.optimizer.rule.transformation.MergeLimitDirectRule
 788:            21            504  java.lang.ProcessEnvironment$Value (java.base@11.0.14)
 789:            21            504  java.lang.ProcessEnvironment$Variable (java.base@11.0.14)
 790:            21            504  java.util.AbstractMap$SimpleImmutableEntry (java.base@11.0.14)
 791:            21            504  org.antlr.v4.runtime.atn.PrecedencePredicateTransition
 792:             9            504  org.apache.spark.internal.config.ConfigEntryWithDefault
 793:             7            496  [Lorg.apache.logging.log4j.core.pattern.LogEventPatternConverter;
 794:             7            496  [Lsun.invoke.util.Wrapper; (java.base@11.0.14)
 795:            31            496  com.sun.proxy.$Proxy35
 796:            31            496  jdk.nio.zipfs.JarFileSystem$$Lambda$706/0x0000000840a5b840 (jdk.zipfs@11.0.14)
 797:             3            488  [Lcom.starrocks.thrift.TExprNode$_Fields;
 798:             6            480  [Lio.netty.handler.codec.CodecOutputList;
 799:            15            480  com.sleepycat.je.config.LongConfigParam
 800:            20            480  com.sleepycat.je.dbi.DatabaseId
 801:             5            480  com.starrocks.analysis.IntLiteral
 802:            15            480  com.starrocks.common.InternalErrorCode
 803:            15            480  com.starrocks.memory.MemoryStat
 804:            30            480  com.starrocks.persist.metablock.SRMetaBlockID
 805:            15            480  com.starrocks.thrift.TAggregationNode$_Fields
 806:            15            480  com.starrocks.thrift.TRuntimeFilterDescription$_Fields
 807:            30            480  com.sun.proxy.$Proxy30
 808:             6            480  io.netty.buffer.PoolChunk
 809:            12            480  io.netty.handler.codec.DefaultHeaders$HeaderEntry
 810:            15            480  java.lang.ClassValue$Entry (java.base@11.0.14)
 811:            15            480  java.util.JumboEnumSet (java.base@11.0.14)
 812:            15            480  java.util.concurrent.atomic.AtomicLongFieldUpdater$CASUpdater (java.base@11.0.14)
 813:            30            480  org.antlr.v4.runtime.atn.SemanticContext$PrecedencePredicate
 814:            10            480  org.apache.logging.log4j.core.lookup.ConfigurationStrSubstitutor
 815:            10            480  sun.invoke.util.Wrapper (java.base@11.0.14)
 816:             1            472  [Lcom.sun.tools.javac.parser.Tokens$TokenKind; (jdk.compiler@11.0.14)
 817:             1            456  com.starrocks.clone.TabletScheduler
 818:            19            456  io.opencensus.stats.AutoValue_Measure_MeasureLong
 819:            19            456  java.time.Duration (java.base@11.0.14)
 820:            14            448  com.google.gson.internal.bind.TreeTypeAdapter$SingleTypeFactory
 821:            14            448  com.google.protobuf.WireFormat$FieldType
 822:            14            448  com.sleepycat.je.Get
 823:             1            448  com.sleepycat.je.rep.impl.networkRestore.FeederManager
 824:             1            448  com.sleepycat.je.rep.utilint.ServiceDispatcher
 825:            14            448  com.starrocks.catalog.StructType
 826:             1            448  com.starrocks.server.GlobalStateMgr
 827:            14            448  com.starrocks.thrift.THashJoinNode$_Fields
 828:            14            448  com.starrocks.thrift.TWorkGroup$_Fields
 829:            14            448  io.grpc.InternalLogId
 830:            14            448  io.grpc.internal.GrpcUtil$Http2Error
 831:            14            448  io.grpc.netty.shaded.io.netty.handler.codec.http2.Http2Error
 832:            14            448  java.lang.invoke.VarHandleInts$FieldInstanceReadWrite (java.base@11.0.14)
 833:            14            448  org.apache.logging.log4j.core.config.AwaitCompletionReliabilityStrategy
 834:            14            448  org.apache.logging.log4j.core.pattern.DatePatternConverter$CachedTime
 835:             8            448  sun.management.MemoryPoolImpl (java.management@11.0.14)
 836:            11            440  com.google.common.base.Stopwatch
 837:            11            440  com.google.protobuf.Descriptors$EnumDescriptor
 838:            11            440  com.google.protobuf.MapEntry
 839:            11            440  com.google.protobuf.MapEntry$Metadata
 840:            11            440  com.sleepycat.je.tree.Tree$RootChildReference
 841:             1            440  com.starrocks.lake.compaction.CompactionScheduler
 842:             1            432  [Lcom.starrocks.sql.optimizer.operator.OperatorType;
 843:             2            432  [Lcom.sun.tools.javac.code.TargetType; (jdk.compiler@11.0.14)
 844:            18            432  com.google.protobuf.DescriptorProtos$FieldDescriptorProto$Type
 845:            18            432  com.google.protobuf.Descriptors$FieldDescriptor$Type
 846:            18            432  com.sleepycat.je.RecoveryProgress
 847:             1            432  com.sleepycat.je.rep.elections.Acceptor
 848:             1            432  com.sleepycat.je.rep.elections.Learner
 849:             9            432  io.grpc.netty.shaded.io.netty.handler.codec.http2.Http2Exception$StacklessHttp2Exception
 850:             9            432  io.grpc.netty.shaded.io.netty.util.collection.IntObjectHashMap
 851:            18            432  java.text.DateFormat$Field (java.base@11.0.14)
 852:             9            432  java.util.ResourceBundle$BundleReference (java.base@11.0.14)
 853:            18            432  java.util.concurrent.ConcurrentLinkedQueue (java.base@11.0.14)
 854:            18            432  javax.lang.model.element.ElementKind (java.compiler@11.0.14)
 855:             9            432  sun.nio.ch.SelectionKeyImpl (java.base@11.0.14)
 856:             9            432  sun.util.locale.provider.LocaleResources$ResourceReference (java.base@11.0.14)
 857:             3            416  [Lcom.starrocks.thrift.TAgentTaskRequest$_Fields;
 858:            13            416  com.google.common.collect.RegularImmutableSortedSet
 859:             1            416  com.sleepycat.je.rep.elections.Elections$ElectionThread
 860:             1            416  com.starrocks.alter.MaterializedViewHandler
 861:             1            416  com.starrocks.backup.BackupHandler
 862:             1            416  com.starrocks.catalog.CatalogRecycleBin
 863:             1            416  com.starrocks.consistency.ConsistencyChecker
 864:             1            416  com.starrocks.load.routineload.RoutineLoadTaskScheduler
 865:            13            416  com.starrocks.thrift.TAggregateFunction$_Fields
 866:            13            416  com.starrocks.thrift.TBrokerRangeDesc$_Fields
 867:            13            416  com.starrocks.thrift.TColumn$_Fields
 868:            13            416  com.starrocks.thrift.TInternalScanRange$_Fields
 869:            13            416  com.starrocks.thrift.TLakeScanNode$_Fields
 870:            13            416  com.starrocks.thrift.TLoadTxnCommitRequest$_Fields
 871:            13            416  com.starrocks.thrift.TSlotDescriptor$_Fields
 872:            13            416  java.nio.file.attribute.FileTime (java.base@11.0.14)
 873:            13            416  javax.management.MBeanNotificationInfo (java.management@11.0.14)
 874:            13            416  jdk.internal.reflect.UnsafeStaticIntegerFieldAccessorImpl (java.base@11.0.14)
 875:            13            416  org.apache.log4j.Level
 876:            17            408  com.google.gson.internal.bind.TypeAdapters$31
 877:             3            408  com.lmax.disruptor.Sequence
 878:             1            408  com.sleepycat.je.util.verify.ReservedFilesAutoRepair
 879:             1            408  com.starrocks.alter.CompactionHandler
 880:             1            408  com.starrocks.alter.SchemaChangeHandler
 881:             1            408  com.starrocks.alter.SystemHandler
 882:             1            408  com.starrocks.backup.RepositoryMgr
 883:             1            408  com.starrocks.catalog.DomainResolver
 884:             1            408  com.starrocks.clone.DynamicPartitionScheduler
 885:             1            408  com.starrocks.clone.TabletChecker
 886:             1            408  com.starrocks.connector.hive.ConnectorTableMetadataProcessor
 887:             1            408  com.starrocks.connector.hive.events.MetastoreEventsProcessor
 888:             1            408  com.starrocks.load.pipe.PipeScheduler
 889:             1            408  com.starrocks.replication.ReplicationMgr
 890:            17            408  com.starrocks.thrift.TTableType
 891:             1            408  com.starrocks.transaction.PublishVersionDaemon
 892:            17            408  io.opencensus.stats.AutoValue_Measure_MeasureDouble
 893:            17            408  io.opencensus.trace.Status
 894:            17            408  io.opencensus.trace.Status$CanonicalCode
 895:            17            408  io.trino.hive.$internal.org.codehaus.jackson.map.DeserializationConfig$Feature
 896:            17            408  javax.management.StandardMBean (java.management@11.0.14)
 897:            17            408  sun.nio.ch.OptionKey (java.base@11.0.14)
 898:            17            408  sun.nio.ch.SocketOptionRegistry$RegistryKey (java.base@11.0.14)
 899:             1            400  com.sleepycat.je.utilint.StoppableThreadFactory$StoppablePoolThread
 900:             1            400  com.starrocks.catalog.TabletStatMgr
 901:             1            400  com.starrocks.clone.ColocateTableBalancer
 902:             1            400  com.starrocks.common.ConfigRefreshDaemon
 903:             1            400  com.starrocks.connector.elasticsearch.EsRepository
 904:             1            400  com.starrocks.ha.StateChangeExecutor
 905:             1            400  com.starrocks.lake.vacuum.AutovacuumDaemon
 906:             1            400  com.starrocks.leader.ReportHandler
 907:             1            400  com.starrocks.leader.TaskRunStateSynchronizer
 908:             1            400  com.starrocks.load.loadv2.LoadEtlChecker
 909:             1            400  com.starrocks.load.loadv2.LoadJobScheduler
 910:             1            400  com.starrocks.load.loadv2.LoadLoadingChecker
 911:             1            400  com.starrocks.load.loadv2.LoadTimeoutChecker
 912:             1            400  com.starrocks.load.pipe.PipeListener
 913:             1            400  com.starrocks.load.routineload.RoutineLoadScheduler
 914:             1            400  com.starrocks.memory.MemoryUsageTracker
 915:             1            400  com.starrocks.server.GlobalStateMgr$2
 916:             1            400  com.starrocks.server.GlobalStateMgr$3
 917:             1            400  com.starrocks.server.GlobalStateMgr$4
 918:             1            400  com.starrocks.server.GlobalStateMgr$6
 919:             1            400  com.starrocks.statistic.StatisticsMetaManager
 920:             1            400  com.starrocks.system.HeartbeatMgr
 921:             1            400  com.starrocks.system.PortConnectivityChecker
 922:            10            400  io.grpc.netty.shaded.io.netty.buffer.LongLongHashMap
 923:            10            400  java.io.FileOutputStream (java.base@11.0.14)
 924:            10            400  java.lang.OutOfMemoryError (java.base@11.0.14)
 925:            10            400  java.util.Collections$SingletonMap (java.base@11.0.14)
 926:            10            400  org.apache.thrift.protocol.TBinaryProtocol
 927:            18            392  [Ljava.lang.StackTraceElement; (java.base@11.0.14)
 928:             7            392  com.sleepycat.je.cleaner.FileSummary
 929:             1            392  com.starrocks.consistency.LockChecker
 930:             1            392  com.starrocks.healthchecker.SafeModeChecker
 931:             1            392  com.starrocks.lake.StarMgrMetaSyncer
 932:             1            392  com.starrocks.scheduler.MVActiveChecker
 933:             1            392  com.starrocks.scheduler.mv.MVJobExecutor
 934:             1            392  com.starrocks.statistic.StatisticAutoCollector
 935:             1            392  com.starrocks.transaction.UpdateDbUsedDataQuotaDaemon
 936:             8            384  com.google.gson.internal.LinkedTreeMap
 937:            16            384  com.sleepycat.je.utilint.LatencyPercentile$Values
 938:            16            384  com.sleepycat.je.utilint.LatencyPercentileStat
 939:            12            384  com.starrocks.thrift.TDataSink$_Fields
 940:            12            384  com.starrocks.thrift.TRLTaskTxnCommitAttachment$_Fields
 941:            12            384  com.starrocks.thrift.TTableConfigInfo$_Fields
 942:            12            384  com.starrocks.thrift.TTabletSchema$_Fields
 943:            12            384  io.netty.buffer.PoolThreadCache$NormalMemoryRegionCache
 944:             6            384  io.netty.channel.ChannelOutboundBuffer$Entry
 945:            24            384  io.netty.channel.nio.NioEventLoop$1
 946:            12            384  java.util.UUID (java.base@11.0.14)
 947:            12            384  java.util.concurrent.SynchronousQueue (java.base@11.0.14)
 948:            16            384  java.util.regex.Pattern$$Lambda$114/0x0000000840134040 (java.base@11.0.14)
 949:            16            384  java.util.regex.Pattern$Slice (java.base@11.0.14)
 950:            24            384  jdk.internal.reflect.DelegatingMethodAccessorImpl (java.base@11.0.14)
 951:            12            384  jdk.internal.reflect.UnsafeQualifiedIntegerFieldAccessorImpl (java.base@11.0.14)
 952:            12            384  jdk.internal.reflect.UnsafeQualifiedLongFieldAccessorImpl (java.base@11.0.14)
 953:             6            384  org.apache.logging.log4j.core.appender.RollingFileAppender
 954:             6            384  org.apache.logging.log4j.core.appender.rolling.PatternProcessor
 955:            12            384  org.apache.logging.log4j.core.lookup.Interpolator
 956:            24            384  org.apache.logging.log4j.core.lookup.SystemPropertiesLookup
 957:             8            384  sun.nio.ch.IOVecWrapper (java.base@11.0.14)
 958:             4            384  sun.nio.ch.ServerSocketChannelImpl (java.base@11.0.14)
 959:            12            384  sun.security.jca.ProviderConfig (java.base@11.0.14)
 960:             3            376  [Lcom.starrocks.thrift.TSchemaScanNode$_Fields;
 961:             1            376  com.starrocks.qe.CoordinatorMonitor$DeadBackendAndComputeNodeChecker
 962:             1            376  com.starrocks.qe.scheduler.slot.SlotManager$RequestWorker
 963:             1            376  java.lang.ref.Finalizer$FinalizerThread (java.base@11.0.14)
 964:             1            376  java.util.concurrent.ForkJoinWorkerThread (java.base@11.0.14)
 965:             1            376  java.util.logging.LogManager$Cleaner (java.logging@11.0.14)
 966:             1            376  jdk.internal.misc.InnocuousThread (java.base@11.0.14)
 967:            11            368  [Lcom.google.protobuf.Descriptors$EnumValueDescriptor;
 968:             1            368  java.lang.ref.Reference$ReferenceHandler (java.base@11.0.14)
 969:             3            360  [Lcom.starrocks.thrift.TBrokerScanRangeParams$_Fields;
 970:             3            360  [Lcom.starrocks.thrift.TPartitionMetaInfo$_Fields;
 971:            15            360  [Ljava.util.concurrent.atomic.Striped64$Cell; (java.base@11.0.14)
 972:            15            360  com.github.benmanes.caffeine.cache.AccessOrderDeque
 973:             9            360  com.google.gson.internal.bind.TreeTypeAdapter
 974:             3            360  com.sleepycat.je.txn.HandleLocker
 975:            15            360  com.starrocks.common.CaseSensibility
 976:             9            360  com.sun.org.apache.xerces.internal.utils.XMLSecurityManager$Limit (java.xml@11.0.14)
 977:            15            360  com.sun.tools.javac.code.Kinds$KindName (jdk.compiler@11.0.14)
 978:            15            360  io.grpc.netty.shaded.io.netty.handler.codec.http2.DefaultHttp2Connection$DefaultPropertyKey
 979:             9            360  io.opencensus.trace.export.SampledSpanStore$LatencyBucketBoundaries
 980:            15            360  java.util.concurrent.Executors$RunnableAdapter (java.base@11.0.14)
 981:             6            352  [Lcom.sleepycat.je.dbi.StartupTracker$Phase;
 982:             3            352  [Lcom.starrocks.thrift.TReportExecStatusParams$_Fields;
 983:             2            352  [Lio.grpc.netty.shaded.io.netty.handler.codec.DefaultHeaders$HeaderEntry;
 984:             4            352  com.google.gson.Gson
 985:             4            352  com.sleepycat.je.EnvironmentConfig
 986:            22            352  com.sun.proxy.$Proxy40
 987:            11            352  com.sun.tools.javac.jvm.Target (jdk.compiler@11.0.14)
 988:             3            344  [Lcom.starrocks.thrift.TOlapTableSink$_Fields;
 989:            14            336  [Lio.prometheus.metrics.model.snapshots.Exemplar;
 990:            21            336  com.google.gson.internal.$Gson$Types$GenericArrayTypeImpl
 991:             1            336  com.sleepycat.je.cleaner.Cleaner
 992:            14            336  com.sleepycat.je.tree.INTargetRep$Sparse
 993:            14            336  com.staros.proto.StatusCode
 994:            14            336  com.starrocks.metric.Metric$MetricUnit
 995:            14            336  com.starrocks.sql.optimizer.rule.transformation.PushDownPredicateScanRule
 996:            21            336  io.grpc.internal.ReflectionLongAdderCounter
 997:             3            336  io.grpc.netty.shaded.io.netty.channel.socket.nio.NioSocketChannel
 998:             6            336  io.grpc.netty.shaded.io.netty.handler.codec.http2.DefaultHttp2Connection$DefaultEndpoint
 999:             7            336  java.net.SocketCleanable (java.base@11.0.14)
1000:             6            336  java.net.SocketInputStream (java.base@11.0.14)
1001:             6            336  java.net.SocketOutputStream (java.base@11.0.14)
1002:             6            336  java.nio.DirectLongBufferU (java.base@11.0.14)
1003:            14            336  java.util.BitSet (java.base@11.0.14)
1004:            14            336  java.util.regex.Pattern$Dollar (java.base@11.0.14)
1005:            14            336  jdk.internal.reflect.NativeMethodAccessorImpl (java.base@11.0.14)
1006:            14            336  org.apache.logging.log4j.core.jmx.LoggerConfigAdmin
1007:             3            328  [Lcom.starrocks.thrift.TExecPlanFragmentParams$_Fields;
1008:             1            328  java.util.concurrent.ForkJoinPool (java.base@11.0.14)
1009:             4            320  [Lio.grpc.netty.shaded.io.netty.handler.codec.CodecOutputList;
1010:             3            320  [Ljava.math.BigDecimal; (java.base@11.0.14)
1011:             8            320  com.google.common.collect.HashBasedTable
1012:            20            320  com.google.gson.internal.ConstructorConstructor$8
1013:             8            320  com.sleepycat.je.TransactionConfig
1014:            10            320  com.starrocks.analysis.JoinOperator
1015:             5            320  com.starrocks.catalog.Function
1016:            10            320  com.starrocks.mysql.privilege.Privilege
1017:            10            320  com.starrocks.thrift.TMasterInfo$_Fields
1018:            10            320  com.starrocks.thrift.TReportRequest$_Fields
1019:            10            320  com.sun.org.apache.xerces.internal.impl.XMLEntityManager$EncodingInfo (java.xml@11.0.14)
1020:             8            320  io.netty.handler.codec.DefaultHeadersImpl
1021:             4            320  java.lang.invoke.BoundMethodHandle$Species_LLLLLLLLLIILL (java.base@11.0.14)
1022:             5            320  java.nio.DirectByteBufferR (java.base@11.0.14)
1023:            10            320  javax.management.MBeanConstructorInfo (java.management@11.0.14)
1024:            10            320  jdk.internal.reflect.UnsafeDoubleFieldAccessorImpl (java.base@11.0.14)
1025:            10            320  org.antlr.v4.runtime.atn.ActionTransition
1026:             8            320  org.apache.logging.log4j.core.pattern.DatePatternConverter$FixedFormatter
1027:             8            320  org.apache.logging.log4j.core.pattern.ExtendedThrowablePatternConverter
1028:             8            320  sun.management.MemoryPoolImpl$CollectionSensor (java.management@11.0.14)
1029:             8            320  sun.management.MemoryPoolImpl$PoolSensor (java.management@11.0.14)
1030:            13            312  com.codahale.metrics.Histogram
1031:            13            312  com.staros.exception.ExceptionCode
1032:            13            312  com.starrocks.privilege.ObjectTypeDeprecate
1033:            13            312  com.starrocks.thrift.TCompressionType
1034:            13            312  com.starrocks.thrift.TFileFormatType
1035:            13            312  javax.tools.StandardLocation (java.compiler@11.0.14)
1036:            13            312  org.apache.logging.log4j.Level
1037:            13            312  org.jboss.logging.Log4j2Logger
1038:            14            304  [Lorg.apache.logging.log4j.core.config.AppenderRef;
1039:             1            304  com.github.benmanes.caffeine.cache.SSMS
1040:             2            304  io.grpc.netty.shaded.io.grpc.netty.NettyClientHandler
1041:             2            288  [Lcom.staros.proto.OperationType;
1042:             1            288  [Lcom.starrocks.thrift.TExprOpcode;
1043:             2            288  [Lcom.starrocks.thrift.TTaskType;
1044:             6            288  com.google.protobuf.Descriptors$FileDescriptor
1045:             9            288  com.sleepycat.je.rep.utilint.ReplicationFormatter
1046:            18            288  com.sleepycat.je.tree.INKeyRep$Default
1047:             9            288  com.sleepycat.je.tree.MapLN
1048:             9            288  com.sleepycat.je.tree.NameLN
1049:            12            288  com.starrocks.catalog.ResourceGroupClassifier$QueryType
1050:             9            288  com.starrocks.thrift.TBackendInfo$_Fields
1051:            12            288  com.starrocks.thrift.TDataSinkType
1052:             9            288  com.starrocks.thrift.TOlapTablePartition$_Fields
1053:             9            288  com.starrocks.thrift.TOlapTablePartitionParam$_Fields
1054:             9            288  com.starrocks.thrift.TPlanFragment$_Fields
1055:             9            288  io.grpc.Metadata$AsciiKey
1056:             3            288  io.grpc.internal.TransportTracer
1057:             6            288  io.netty.buffer.PoolThreadCache
1058:             6            288  io.prometheus.metrics.core.exemplars.ExemplarSamplerConfig
1059:             9            288  java.io.BufferedOutputStream (java.base@11.0.14)
1060:            12            288  java.net.StandardSocketOptions$StdSocketOption (java.base@11.0.14)
1061:            18            288  java.nio.channels.spi.AbstractSelector$1 (java.base@11.0.14)
1062:            12            288  java.time.LocalDate (java.base@11.0.14)
1063:            18            288  java.util.TreeMap$EntrySet (java.base@11.0.14)
1064:             6            288  java.util.concurrent.ArrayBlockingQueue (java.base@11.0.14)
1065:             9            288  java.util.logging.Level (java.logging@11.0.14)
1066:             9            288  java.util.logging.Level$KnownLevel (java.logging@11.0.14)
1067:            12            288  javax.lang.model.SourceVersion (java.compiler@11.0.14)
1068:             9            288  jdk.internal.jimage.ImageBufferCache$BufferReference (java.base@11.0.14)
1069:             9            288  jdk.internal.logger.LazyLoggers$LazyLoggerAccessor (java.base@11.0.14)
1070:             9            288  jdk.internal.org.objectweb.asm.Type (java.base@11.0.14)
1071:             4            288  org.apache.commons.pool2.impl.DefaultPooledObject
1072:             6            288  org.apache.logging.log4j.core.appender.rolling.RollingFileManager$EmptyQueue
1073:             6            288  org.apache.logging.log4j.core.appender.rolling.TimeBasedTriggeringPolicy
1074:             6            288  org.apache.logging.log4j.core.appender.rolling.action.DeleteAction
1075:            12            288  org.apache.logging.log4j.core.lookup.PropertiesLookup
1076:             3            280  [Lcom.starrocks.thrift.TCreateTabletReq$_Fields;
1077:             3            280  [Lcom.starrocks.thrift.TSortNode$_Fields;
1078:             1            280  [Ljava.lang.invoke.LambdaForm$Kind; (java.base@11.0.14)
1079:            12            280  [Lorg.apache.logging.log4j.core.config.AppenderControl;
1080:             5            280  com.sleepycat.je.DatabaseConfig
1081:             7            280  com.starrocks.analysis.BinaryType
1082:             7            280  java.io.BufferedInputStream (java.base@11.0.14)
1083:             7            280  java.lang.ClassLoader$NativeLibrary (java.base@11.0.14)
1084:             7            280  java.lang.UnsatisfiedLinkError (java.base@11.0.14)
1085:             7            280  java.time.format.DateTimeFormatterBuilder$ReducedPrinterParser (java.base@11.0.14)
1086:             7            280  sun.nio.ch.SocketAdaptor (java.base@11.0.14)
1087:             4            272  [Lcom.sleepycat.je.log.LogEntryType;
1088:             2            272  [Lcom.staros.proto.SectionType;
1089:             3            272  [Lcom.starrocks.thrift.TFinishTaskRequest$_Fields;
1090:             1            272  [Lcom.starrocks.thrift.TSchemaTableType;
1091:             1            272  [Lio.trino.hive.$internal.org.codehaus.jackson.sym.Name;
1092:            17            272  sun.invoke.util.ValueConversions$WrapperCache (java.base@11.0.14)
1093:             3            264  [Lcom.starrocks.thrift.TTableDescriptor$_Fields;
1094:            11            264  com.google.re2j.Inst$Op
1095:            11            264  com.sleepycat.je.Durability
1096:            11            264  com.sleepycat.je.tree.Tree$1
1097:             3            264  com.starrocks.analysis.StringLiteral
1098:            11            264  com.starrocks.thrift.TJoinOp
1099:            11            264  com.sun.tools.javac.comp.Operators$OperatorType (jdk.compiler@11.0.14)
1100:            11            264  io.netty.handler.codec.http.HttpObjectDecoder$State
1101:            11            264  java.lang.annotation.ElementType (java.base@11.0.14)
1102:            11            264  java.lang.invoke.MethodHandleImpl$Intrinsic (java.base@11.0.14)
1103:            11            264  java.util.regex.Pattern$CharProperty (java.base@11.0.14)
1104:             3            264  org.apache.commons.pool2.impl.GenericKeyedObjectPoolConfig
1105:            11            264  org.apache.logging.log4j.core.config.AppenderRef
1106:            11            264  org.apache.logging.log4j.core.pattern.PatternFormatter
1107:             2            256  [Lcom.sun.tools.javac.code.Lint$LintCategory; (jdk.compiler@11.0.14)
1108:             2            256  com.google.common.cache.LocalCache
1109:             8            256  com.sleepycat.je.JEVersion
1110:             8            256  com.sleepycat.je.evictor.Evictor$LRUList
1111:             8            256  com.sleepycat.je.evictor.OffHeapCache$LRUList
1112:             4            256  com.sleepycat.je.utilint.RateLimitingLogger$1
1113:             4            256  com.staros.filestore.S3FileStore
1114:             8            256  com.sun.jmx.mbeanserver.DefaultMXBeanMappingFactory$CollectionMapping (java.management@11.0.14)
1115:             8            256  com.sun.tools.javac.code.Symbol$OperatorSymbol$AccessCode (jdk.compiler@11.0.14)
1116:             8            256  com.sun.tools.javac.jvm.ClassFile$Version (jdk.compiler@11.0.14)
1117:             8            256  io.grpc.Metadata$BinaryKey
1118:             2            256  io.grpc.netty.shaded.io.grpc.netty.NettyClientTransport
1119:             8            256  io.grpc.netty.shaded.io.netty.buffer.PoolThreadCache$NormalMemoryRegionCache
1120:             4            256  io.grpc.netty.shaded.io.netty.channel.ChannelOutboundBuffer
1121:             4            256  io.grpc.netty.shaded.io.netty.channel.DefaultChannelPipeline$HeadContext
1122:             4            256  io.trino.hive.$internal.org.codehaus.jackson.map.introspect.BasicBeanDescription
1123:             8            256  java.lang.reflect.ProxyGenerator$PrimitiveTypeInfo (java.base@11.0.14)
1124:             8            256  java.net.Inet6Address$Inet6AddressHolder (java.base@11.0.14)
1125:             8            256  java.util.Random (java.base@11.0.14)
1126:            16            256  java.util.TreeMap$KeySet (java.base@11.0.14)
1127:            16            256  java.util.concurrent.atomic.AtomicLongArray (java.base@11.0.14)
1128:            16            256  java.util.regex.Pattern$Begin (java.base@11.0.14)
1129:             8            256  java.util.zip.ZipFile$CleanableResource$FinalizableResource (java.base@11.0.14)
1130:             8            256  jdk.internal.reflect.UnsafeStaticBooleanFieldAccessorImpl (java.base@11.0.14)
1131:             8            256  org.apache.logging.log4j.core.appender.DefaultErrorHandler
1132:            16            256  org.apache.logging.log4j.core.config.AppenderControlArraySet
1133:             8            256  org.apache.logging.log4j.core.layout.StringBuilderEncoder
1134:             4            256  org.sparkproject.guava.collect.MapMakerInternalMap$Segment
1135:             8            256  org.xnio.SequenceOption
1136:             8            256  sun.nio.ch.AllocatedNativeObject (java.base@11.0.14)
1137:            16            256  sun.reflect.generics.tree.ArrayTypeSignature (java.base@11.0.14)
1138:             3            248  [Lcom.starrocks.thrift.TPlanFragmentExecParams$_Fields;
1139:             7            248  [Ljava.lang.annotation.ElementType; (java.base@11.0.14)
1140:            12            240  [Lcom.google.protobuf.Descriptors$FileDescriptor;
1141:             2            240  [Lcom.starrocks.mysql.MysqlCapability$Flag;
1142:             2            240  [Lcom.starrocks.mysql.MysqlCommand;
1143:             3            240  [Lcom.starrocks.thrift.TFunction$_Fields;
1144:             3            240  [Lcom.starrocks.thrift.TRuntimeFilterDescription$_Fields;
1145:             3            240  [Lio.grpc.netty.shaded.io.netty.handler.codec.http2.HpackEncoder$HeaderEntry;
1146:             5            240  com.google.common.collect.HashMultimap
1147:             6            240  com.google.common.collect.ImmutableSortedMap
1148:             5            240  com.google.common.io.BaseEncoding$Alphabet
1149:            10            240  com.google.gson.stream.JsonToken
1150:             6            240  com.google.protobuf.DescriptorProtos$OneofDescriptorProto
1151:             5            240  com.google.protobuf.SmallSortedMap$1
1152:             6            240  com.sleepycat.je.DatabaseEntry
1153:             6            240  com.sleepycat.je.log.LogEntryType$UserLNLogEntryType
1154:            10            240  com.sleepycat.je.log.entry.SingleItemEntry
1155:            15            240  com.starrocks.privilege.ObjectType
1156:            10            240  com.starrocks.sql.common.EngineType
1157:            10            240  com.starrocks.thrift.TUnit
1158:            10            240  com.starrocks.transaction.TransactionState$LoadJobSourceType
1159:            10            240  com.sun.org.apache.xerces.internal.impl.XMLScanner$NameType (java.xml@11.0.14)
1160:            15            240  com.sun.tools.javac.code.Kinds$KindSelector (jdk.compiler@11.0.14)
1161:            10            240  com.sun.tools.javac.code.Source (jdk.compiler@11.0.14)
1162:            10            240  com.sun.tools.javac.comp.CompileStates$CompileState (jdk.compiler@11.0.14)
1163:             3            240  io.grpc.grpclb.GrpclbNameResolver
1164:             6            240  io.grpc.internal.CallTracer
1165:             3            240  io.grpc.netty.shaded.io.grpc.netty.NettyChannelBuilder$NettyTransportFactory
1166:             6            240  io.grpc.netty.shaded.io.netty.util.internal.ObjectPool$RecyclerObjectPool$1
1167:             6            240  io.netty.buffer.LongLongHashMap
1168:            10            240  io.trino.hive.$internal.org.codehaus.jackson.JsonParser$Feature
1169:             3            240  java.lang.invoke.BoundMethodHandle$Species_LLLLLLLLIILL (java.base@11.0.14)
1170:             3            240  java.lang.invoke.BoundMethodHandle$Species_LLLLLLLLLLLLL (java.base@11.0.14)
1171:            10            240  java.lang.invoke.VarForm (java.base@11.0.14)
1172:            10            240  java.nio.charset.CoderResult (java.base@11.0.14)
1173:            10            240  java.nio.file.StandardOpenOption (java.base@11.0.14)
1174:            10            240  java.time.LocalDateTime (java.base@11.0.14)
1175:             6            240  java.time.format.DateTimeFormatterBuilder$FractionPrinterParser (java.base@11.0.14)
1176:            15            240  java.util.concurrent.ConcurrentSkipListMap$KeySet (java.base@11.0.14)
1177:            10            240  java.util.regex.Pattern$$Lambda$113/0x0000000840134c40 (java.base@11.0.14)
1178:             6            240  org.antlr.v4.runtime.atn.ATNConfigSet$ConfigHashSet
1179:            10            240  org.apache.commons.pool2.PooledObjectState
1180:             6            240  org.apache.logging.log4j.core.appender.rolling.DefaultRolloverStrategy
1181:             6            240  org.apache.thrift.transport.TSocket
1182:             1            232  com.sleepycat.je.log.FileManager
1183:             3            224  [Lcom.starrocks.thrift.TAggregationNode$_Fields;
1184:             3            224  [Lcom.starrocks.thrift.TRoutineLoadTask$_Fields;
1185:             2            224  [Lio.trino.hive.$internal.org.codehaus.jackson.map.SerializationConfig$Feature;
1186:             5            224  [Ljava.lang.invoke.LambdaForm$NamedFunction; (java.base@11.0.14)
1187:             9            224  [Ljava.lang.reflect.Constructor; (java.base@11.0.14)
1188:             4            224  com.github.benmanes.caffeine.cache.PSWRMW
1189:            14            224  com.google.gson.internal.ConstructorConstructor$13
1190:             2            224  com.sleepycat.je.log.entry.NameLNLogEntry
1191:             4            224  com.starrocks.statistic.BasicStatsMeta
1192:            14            224  com.sun.proxy.$Proxy4
1193:             2            224  io.grpc.internal.InternalSubchannel
1194:             4            224  io.grpc.netty.shaded.io.netty.channel.DefaultChannelHandlerContext
1195:             4            224  io.grpc.netty.shaded.io.netty.channel.DefaultChannelPipeline$TailContext
1196:             7            224  io.grpc.netty.shaded.io.netty.util.concurrent.DefaultPromise
1197:             7            224  io.netty.channel.AbstractChannelHandlerContext$WriteTask
1198:             2            224  io.netty.channel.socket.nio.NioSocketChannel
1199:             2            224  io.netty.handler.timeout.IdleStateHandler
1200:             7            224  io.prometheus.metrics.core.exemplars.ExemplarSampler
1201:             7            224  io.trino.hive.$internal.org.codehaus.jackson.JsonGenerator$Feature
1202:             4            224  io.trino.hive.$internal.org.codehaus.jackson.map.introspect.AnnotatedClass
1203:             4            224  java.lang.invoke.LambdaFormEditor$Transform (java.base@11.0.14)
1204:             7            224  java.net.Socket (java.base@11.0.14)
1205:             7            224  java.util.concurrent.Semaphore$NonfairSync (java.base@11.0.14)
1206:             4            224  javax.management.openmbean.OpenMBeanOperationInfoSupport (java.management@11.0.14)
1207:             7            224  jdk.internal.reflect.UnsafeStaticObjectFieldAccessorImpl (java.base@11.0.14)
1208:             3            216  [Lcom.starrocks.thrift.TSlotDescriptor$_Fields;
1209:             3            216  [Lcom.starrocks.thrift.TWorkGroup$_Fields;
1210:             9            216  com.google.protobuf.Descriptors$FieldDescriptor$JavaType
1211:             9            216  com.google.protobuf.WireFormat$JavaType
1212:             3            216  com.sleepycat.je.Database
1213:             9            216  com.sleepycat.je.ReadOptions
1214:             1            216  com.sleepycat.je.evictor.Evictor
1215:             9            216  com.starrocks.catalog.AggregateType
1216:             9            216  com.starrocks.load.EtlJobType
1217:             9            216  com.starrocks.thrift.TAggregationType
1218:             9            216  com.starrocks.thrift.TNetworkAddress
1219:             3            216  io.grpc.netty.shaded.io.netty.channel.AdaptiveRecvByteBufAllocator$HandleImpl
1220:             3            216  io.grpc.netty.shaded.io.netty.channel.socket.nio.NioSocketChannel$NioSocketChannelConfig
1221:             9            216  io.netty.handler.codec.http.HttpMethod$EnumNameMap$Node
1222:             9            216  java.nio.file.attribute.PosixFilePermission (java.base@11.0.14)
1223:             9            216  org.apache.logging.log4j.MarkerManager$Log4jMarker
1224:             9            216  org.apache.logging.log4j.core.util.datetime.FastDateParser$StrategyAndWidth
1225:             3            216  sun.security.provider.NativePRNG$RandomIO (java.base@11.0.14)
1226:             9            216  sun.util.logging.PlatformLogger$Level (java.base@11.0.14)
1227:             2            208  [Lcom.baidu.bjf.remoting.protobuf.FieldType;
1228:             3            208  [Lcom.starrocks.thrift.TAggregateFunction$_Fields;
1229:             3            208  [Lcom.starrocks.thrift.TColumn$_Fields;
1230:             3            208  [Lcom.starrocks.thrift.THashJoinNode$_Fields;
1231:             1            208  [Lcom.starrocks.thrift.TStatusCode;
1232:             4            208  [Lio.netty.util.internal.PriorityQueueNode;
1233:             2            208  [Ljavax.lang.model.type.TypeKind; (java.compiler@11.0.14)
1234:             7            208  [Lorg.apache.logging.log4j.core.pattern.FormattingInfo;
1235:             2            208  com.sleepycat.je.log.entry.DeletedDupLNLogEntry
1236:             1            208  com.sleepycat.je.rep.impl.node.Replay
1237:            13            208  java.util.concurrent.ConcurrentSkipListMap$EntrySet (java.base@11.0.14)
1238:            13            208  org.apache.logging.log4j.core.impl.ThreadContextDataInjector$ForDefaultThreadContextMap
1239:            13            208  org.apache.logging.log4j.core.lookup.JmxRuntimeInputArgumentsLookup
1240:            13            208  org.apache.logging.log4j.core.lookup.MapLookup
1241:            13            208  org.apache.logging.log4j.message.MessageFormatMessageFactory
1242:             2            208  sun.util.calendar.ImmutableGregorianDate (java.base@11.0.14)
1243:             5            200  [Lcom.sleepycat.je.txn.LockConflict;
1244:             5            200  [Lcom.sleepycat.je.txn.LockUpgrade;
1245:             3            200  [Lcom.starrocks.thrift.TLakeScanNode$_Fields;
1246:             2            200  [Ljava.text.DateFormat$Field; (java.base@11.0.14)
1247:             5            200  com.github.benmanes.caffeine.cache.BoundedLocalCache$BoundedLocalAsyncLoadingCache
1248:             5            200  com.google.protobuf.Descriptors$OneofDescriptor
1249:             5            200  com.starrocks.metric.MetricRepo$7
1250:             1            200  com.starrocks.plugin.AuditEvent
1251:             5            200  com.starrocks.privilege.RolePrivilegeCollectionV2
1252:             1            200  com.starrocks.qe.ConnectContext
1253:             5            200  io.grpc.internal.ChannelTracer
1254:             1            200  io.grpc.netty.shaded.io.grpc.netty.NettyServerHandler
1255:             5            200  io.netty.util.internal.ObjectPool$RecyclerObjectPool$1
1256:             5            200  io.prometheus.metrics.core.metrics.Counter$DataPoint
1257:             5            200  java.lang.invoke.MethodHandleImpl$IntrinsicMethodHandle (java.base@11.0.14)
1258:             5            200  java.util.concurrent.LinkedBlockingDeque (java.base@11.0.14)
1259:             5            200  java.util.stream.StreamOpFlag (java.base@11.0.14)
1260:             5            200  org.apache.logging.log4j.core.config.Node
1261:             3            192  [Lcom.starrocks.thrift.TBrokerRangeDesc$_Fields;
1262:             3            192  [Lcom.starrocks.thrift.TDataSink$_Fields;
1263:             3            192  [Lcom.starrocks.thrift.TInternalScanRange$_Fields;
1264:             3            192  [Lcom.starrocks.thrift.TLoadTxnCommitRequest$_Fields;
1265:             3            192  [Lcom.starrocks.thrift.TTableConfigInfo$_Fields;
1266:             4            192  [Lio.grpc.netty.shaded.io.netty.buffer.PoolArena;
1267:             8            192  [Ljava.time.format.DateTimeFormatter; (java.base@11.0.14)
1268:             6            192  [Lorg.apache.logging.log4j.core.pattern.ArrayPatternConverter;
1269:             8            192  com.google.common.cache.LocalCache$AccessQueue$1
1270:             4            192  com.google.protobuf.DescriptorProtos$MethodDescriptorProto
1271:             4            192  com.google.protobuf.DescriptorProtos$MethodOptions
1272:             6            192  com.google.protobuf.Descriptors$DescriptorPool
1273:             4            192  com.google.protobuf.GeneratedMessageV3$FieldAccessorTable$RepeatedFieldAccessor$ReflectionInvoker
1274:             4            192  com.google.re2j.RE2
1275:             6            192  com.sleepycat.je.dbi.GetMode
1276:             1            192  com.sleepycat.je.evictor.OffHeapCache
1277:             4            192  com.sleepycat.je.log.entry.INLogEntry
1278:             8            192  com.sleepycat.je.txn.LockGrantType
1279:             8            192  com.sleepycat.je.utilint.LongAvg
1280:             8            192  com.sleepycat.je.utilint.LongAvgStat
1281:             2            192  com.starrocks.analysis.FloatLiteral
1282:             2            192  com.starrocks.catalog.Database
1283:             6            192  com.starrocks.common.path.PathTrie
1284:             8            192  com.starrocks.common.profile.Tracers$Module
1285:             1            192  com.starrocks.lake.LakeTable
1286:             8            192  com.starrocks.load.FailMsg$CancelType
1287:             8            192  com.starrocks.load.loadv2.JobState
1288:             6            192  com.starrocks.privilege.TablePEntryObject
1289:            12            192  com.starrocks.qe.ShowResultSetMetaData
1290:             8            192  com.starrocks.sql.optimizer.rule.transformation.ExternalScanPartitionPruneRule
1291:             8            192  com.starrocks.sql.optimizer.rule.transformation.PruneHDFSScanColumnRule
1292:             6            192  com.starrocks.thrift.TDataStreamSink$_Fields
1293:             6            192  com.starrocks.thrift.TOlapTableIndexSchema$_Fields
1294:             6            192  com.starrocks.thrift.TOlapTableSchemaParam$_Fields
1295:             6            192  com.starrocks.thrift.TScanRange$_Fields
1296:             8            192  com.sun.management.VMOption$Origin (jdk.management@11.0.14)
1297:             8            192  com.sun.tools.javac.comp.Resolve$VerboseResolutionMode (jdk.compiler@11.0.14)
1298:             8            192  com.sun.tools.javac.util.JCDiagnostic$DiagnosticFlag (jdk.compiler@11.0.14)
1299:             3            192  io.grpc.internal.DelayedClientTransport
1300:             4            192  io.grpc.netty.shaded.io.netty.channel.DefaultChannelPipeline
1301:             8            192  io.grpc.netty.shaded.io.netty.channel.VoidChannelPromise
1302:             6            192  io.grpc.netty.shaded.io.netty.handler.codec.http2.Http2Headers$PseudoHeaderName
1303:             3            192  io.netty.channel.ChannelOutboundBuffer
1304:             3            192  io.netty.channel.DefaultChannelPipeline$HeadContext
1305:             6            192  io.netty.handler.codec.CodecOutputList$CodecOutputLists
1306:             3            192  io.netty.util.concurrent.ScheduledFutureTask
1307:            12            192  io.netty.util.internal.TypeParameterMatcher$ReflectiveMatcher
1308:             6            192  io.prometheus.metrics.model.snapshots.MetricMetadata
1309:             6            192  java.lang.StringBuffer (java.base@11.0.14)
1310:             3            192  java.lang.invoke.BoundMethodHandle$Species_LLLLLLII (java.base@11.0.14)
1311:             6            192  java.lang.invoke.LambdaForm$BasicType (java.base@11.0.14)
1312:             8            192  java.math.RoundingMode (java.base@11.0.14)
1313:             8            192  java.net.Inet6Address (java.base@11.0.14)
1314:             8            192  java.net.NetPermission (java.base@11.0.14)
1315:             6            192  java.time.format.TextStyle (java.base@11.0.14)
1316:             6            192  java.util.ImmutableCollections$MapN (java.base@11.0.14)
1317:            12            192  java.util.concurrent.ConcurrentSkipListMap$Values (java.base@11.0.14)
1318:            12            192  java.util.concurrent.SynchronousQueue$TransferStack (java.base@11.0.14)
1319:            12            192  java.util.regex.Pattern$CharPredicate$$Lambda$93/0x0000000840114c40 (java.base@11.0.14)
1320:             4            192  javax.management.openmbean.TabularType (java.management@11.0.14)
1321:             8            192  org.antlr.v4.runtime.atn.LexerActionType
1322:             8            192  org.apache.commons.lang3.tuple.ImmutablePair
1323:             8            192  org.apache.logging.log4j.core.appender.rolling.RolloverFrequency
1324:             6            192  org.apache.logging.log4j.core.appender.rolling.SizeBasedTriggeringPolicy
1325:            12            192  org.apache.logging.log4j.core.lookup.ContextMapLookup
1326:            12            192  org.apache.logging.log4j.core.lookup.DateLookup
1327:            12            192  org.apache.logging.log4j.core.lookup.EnvironmentLookup
1328:            12            192  org.apache.logging.log4j.core.lookup.EventLookup
1329:            12            192  org.apache.logging.log4j.core.lookup.JavaLookup
1330:            12            192  org.apache.logging.log4j.core.lookup.Log4jLookup
1331:            12            192  org.apache.logging.log4j.core.lookup.LowerLookup
1332:            12            192  org.apache.logging.log4j.core.lookup.MainMapLookup
1333:            12            192  org.apache.logging.log4j.core.lookup.MarkerLookup
1334:            12            192  org.apache.logging.log4j.core.lookup.ResourceBundleLookup
1335:            12            192  org.apache.logging.log4j.core.lookup.StructuredDataLookup
1336:            12            192  org.apache.logging.log4j.core.lookup.UpperLookup
1337:             6            192  org.apache.logging.log4j.core.pattern.DatePatternConverter$PatternFormatter
1338:             8            192  org.apache.logging.log4j.core.pattern.NameAbbreviator$MaxElementAbbreviator
1339:             6            192  org.apache.logging.log4j.core.util.Log4jThreadFactory
1340:             8            192  org.apache.logging.log4j.spi.StandardLevel
1341:             8            192  sun.nio.ch.Util$BufferCache (java.base@11.0.14)
1342:             4            192  sun.util.resources.Bundles$BundleReference (java.base@11.0.14)
1343:             3            184  [Lcom.starrocks.thrift.TRLTaskTxnCommitAttachment$_Fields;
1344:             2            176  [Lcom.google.protobuf.DescriptorProtos$FieldDescriptorProto$Type;
1345:             2            176  [Lcom.google.protobuf.WireFormat$FieldType;
1346:             3            176  [Lcom.starrocks.thrift.TTabletSchema$_Fields;
1347:             2            176  [Lio.grpc.Status$Code;
1348:             2            176  [Lio.trino.hive.$internal.org.codehaus.jackson.map.DeserializationConfig$Feature;
1349:            11            176  com.google.protobuf.MapEntry$Metadata$1
1350:             2            176  com.starrocks.analysis.NullLiteral
1351:             2            176  com.starrocks.transaction.DatabaseTransactionMgr
1352:             2            176  io.netty.handler.codec.LengthFieldBasedFrameDecoder
1353:            11            176  java.text.NumberFormat$Field (java.base@11.0.14)
1354:            11            176  java.util.TreeSet (java.base@11.0.14)
1355:            11            176  org.apache.logging.log4j.core.util.datetime.FastDateParser$NumberStrategy
1356:            11            176  org.apache.spark.internal.config.TypedConfigBuilder$$anonfun$$lessinit$greater$1
1357:             1            168  [Lcom.starrocks.thrift.TExprNodeType;
1358:             1            168  [Lcom.starrocks.thrift.TPlanNodeType;
1359:             3            168  [Lcom.starrocks.thrift.TReportRequest$_Fields;
1360:             1            168  [Lcom.sun.tools.javac.code.Source$Feature; (jdk.compiler@11.0.14)
1361:             2            168  [Lcom.sun.tools.javac.code.TypeTag; (jdk.compiler@11.0.14)
1362:             1            168  [[Ljava.math.BigInteger; (java.base@11.0.14)
1363:             3            168  com.google.protobuf.DescriptorProtos$FieldOptions
1364:             7            168  com.google.protobuf.LazyStringArrayList
1365:             7            168  com.sleepycat.je.CacheMode
1366:             3            168  com.sleepycat.je.log.LogBuffer
1367:             7            168  com.sleepycat.je.rep.utilint.ServiceDispatcher$Response
1368:             7            168  com.sleepycat.je.statcap.StatManager$SDef
1369:             7            168  com.sleepycat.je.txn.LockType
1370:             7            168  com.starrocks.catalog.OlapTable$OlapTableState
1371:             7            168  com.starrocks.catalog.Replica$ReplicaState
1372:             7            168  com.starrocks.catalog.Resource$ResourceType
1373:             7            168  com.starrocks.planner.JoinNode$DistributionMode
1374:             7            168  com.starrocks.thrift.TJoinDistributionMode
1375:             7            168  com.starrocks.thrift.TRuntimeFilterBuildJoinMode
1376:             7            168  com.sun.org.apache.xerces.internal.util.FeatureState (java.xml@11.0.14)
1377:             7            168  com.sun.tools.javac.util.Dependencies$CompletionCause (jdk.compiler@11.0.14)
1378:             7            168  com.sun.tools.javac.util.List (jdk.compiler@11.0.14)
1379:             3            168  io.grpc.CallOptions
1380:             7            168  io.grpc.netty.shaded.io.netty.channel.SucceededChannelFuture
1381:             3            168  io.grpc.netty.shaded.io.netty.handler.codec.http2.DefaultHttp2ConnectionDecoder
1382:             3            168  io.grpc.netty.shaded.io.netty.handler.codec.http2.HpackEncoder
1383:             7            168  io.grpc.netty.shaded.io.netty.handler.codec.http2.Http2Stream$State
1384:             3            168  io.netty.channel.DefaultChannelPipeline$TailContext
1385:             7            168  io.netty.util.internal.ThreadExecutorMap$2
1386:             7            168  io.opencensus.metrics.export.MetricDescriptor$Type
1387:             7            168  io.trino.hive.$internal.org.codehaus.jackson.annotate.JsonMethod
1388:             7            168  java.lang.System$Logger$Level (java.base@11.0.14)
1389:             7            168  java.time.format.DateTimeFormatterBuilder$DefaultValueParser (java.base@11.0.14)
1390:             7            168  org.antlr.v4.runtime.atn.NotSetTransition
1391:             1            168  org.apache.commons.pool2.impl.GenericObjectPool
1392:             7            168  org.apache.logging.log4j.core.appender.rolling.action.Duration
1393:             7            168  org.apache.logging.log4j.core.jmx.AppenderAdmin
1394:             7            168  scala.collection.generic.GenTraversableFactory$$anon$1
1395:             4            160  [F (java.base@11.0.14)
1396:             3            160  [Lcom.starrocks.thrift.TBackendInfo$_Fields;
1397:             3            160  [Lcom.starrocks.thrift.TMasterInfo$_Fields;
1398:             3            160  [Lcom.starrocks.thrift.TPlanFragment$_Fields;
1399:             3            160  [Ljava.util.logging.Level; (java.logging@11.0.14)
1400:             7            160  [Lorg.apache.logging.log4j.core.appender.rolling.action.PathCondition;
1401:             2            160  [[Ljava.lang.String; (java.base@11.0.14)
1402:             5            160  com.github.benmanes.caffeine.cache.FrequencySketch
1403:             4            160  com.google.common.collect.StandardTable$RowMap
1404:             4            160  com.google.gson.internal.Excluder
1405:             1            160  com.sleepycat.je.cleaner.FileProcessor
1406:             5            160  com.sleepycat.je.dbi.SearchMode
1407:             1            160  com.sleepycat.je.recovery.RecoveryInfo
1408:             4            160  com.sleepycat.je.utilint.IntegralLongAvg
1409:             5            160  com.starrocks.common.util.QueryableReentrantReadWriteLock
1410:             2            160  com.starrocks.journal.JournalWriter
1411:             4            160  com.starrocks.sql.optimizer.operator.scalar.ConstantOperator
1412:             5            160  com.starrocks.thrift.TAuthInfo$_Fields
1413:             5            160  com.starrocks.thrift.TExchangeNode$_Fields
1414:             5            160  com.starrocks.thrift.TFeMemoryItem$_Fields
1415:             5            160  com.starrocks.thrift.TKafkaLoadInfo$_Fields
1416:             5            160  com.starrocks.thrift.TQueryGlobals$_Fields
1417:             5            160  com.starrocks.thrift.TResourceUsage$_Fields
1418:             5            160  com.starrocks.thrift.TTabletCommitInfo$_Fields
1419:             5            160  com.starrocks.thrift.TTupleDescriptor$_Fields
1420:             5            160  com.starrocks.thrift.TUnionNode$_Fields
1421:             5            160  com.starrocks.thrift.TUserIdentity$_Fields
1422:             4            160  com.sun.jmx.mbeanserver.DefaultMXBeanMappingFactory$TabularMapping (java.management@11.0.14)
1423:             5            160  io.grpc.Metadata$TrustedAsciiKey
1424:             4            160  io.grpc.census.CensusStatsModule
1425:             1            160  io.grpc.netty.shaded.io.grpc.netty.NettyServer
1426:             4            160  io.grpc.netty.shaded.io.netty.channel.AbstractChannel$CloseFuture
1427:             5            160  io.grpc.netty.shaded.io.netty.handler.codec.http.HttpStatusClass
1428:             4            160  io.netty.handler.codec.http.DefaultFullHttpResponse
1429:             5            160  io.netty.handler.codec.http.HttpStatusClass
1430:             5            160  io.netty.util.concurrent.DefaultThreadFactory
1431:             4            160  io.prometheus.metrics.core.metrics.Counter
1432:             5            160  java.lang.invoke.VarHandle$AccessType (java.base@11.0.14)
1433:             5            160  java.security.MessageDigest$Delegate (java.base@11.0.14)
1434:            10            160  java.util.Formatter$Flags (java.base@11.0.14)
1435:             5            160  java.util.concurrent.atomic.DoubleAdder (java.base@11.0.14)
1436:             4            160  java.util.regex.Pattern$Loop (java.base@11.0.14)
1437:             5            160  javax.management.StandardEmitterMBean (java.management@11.0.14)
1438:             4            160  javax.xml.catalog.CatalogFeatures$Feature (java.xml@11.0.14)
1439:             5            160  jdk.internal.reflect.UnsafeShortFieldAccessorImpl (java.base@11.0.14)
1440:             4            160  org.apache.logging.log4j.status.StatusData
1441:             5            160  sun.util.locale.provider.LocaleProviderAdapter$Type (java.base@11.0.14)
1442:             5            160  sun.util.locale.provider.LocaleResources (java.base@11.0.14)
1443:             1            152  [Lcom.sleepycat.je.dbi.EnvironmentFailureReason;
1444:             3            152  [Lcom.starrocks.thrift.TOlapTablePartition$_Fields;
1445:             3            152  [Lcom.starrocks.thrift.TOlapTablePartitionParam$_Fields;
1446:             1            152  com.lmax.disruptor.RingBuffer
1447:             1            152  com.starrocks.common.Log4jConfig
1448:             2            144  [Lcom.staros.proto.StatusCode;
1449:             2            144  [Lcom.starrocks.thrift.TCompressionType;
1450:             2            144  [Lio.grpc.internal.GrpcUtil$Http2Error;
1451:             2            144  [Lio.grpc.netty.shaded.io.netty.handler.codec.http2.Http2Error;
1452:             3            144  [Lio.netty.util.concurrent.EventExecutor;
1453:             1            144  [Lio.trino.hive.$internal.org.codehaus.jackson.sym.CharsToNameCanonicalizer$Bucket;
1454:             1            144  [Ljava.lang.invoke.VarHandle$AccessMode; (java.base@11.0.14)
1455:             1            144  [Ljava.util.concurrent.ForkJoinTask$ExceptionNode; (java.base@11.0.14)
1456:             1            144  [Ljava.util.concurrent.atomic.AtomicReference; (java.base@11.0.14)
1457:             6            144  [Lorg.apache.logging.log4j.core.appender.rolling.TriggeringPolicy;
1458:             6            144  [Lorg.apache.logging.log4j.core.appender.rolling.action.Action;
1459:             2            144  [[J (java.base@11.0.14)
1460:             6            144  [[Ljava.lang.Object; (java.base@11.0.14)
1461:             9            144  com.google.common.collect.SingletonImmutableSet
1462:             6            144  com.google.gson.internal.bind.ObjectTypeAdapter
1463:             9            144  com.google.gson.internal.bind.TreeTypeAdapter$GsonContextImpl
1464:             6            144  com.google.protobuf.Descriptors$DescriptorPool$PackageDescriptor
1465:             6            144  com.google.protobuf.UnmodifiableLazyStringList
1466:             6            144  com.sleepycat.je.dbi.DbType
1467:             6            144  com.sleepycat.je.log.entry.DbOperationType
1468:             1            144  com.sleepycat.je.recovery.Checkpointer
1469:             3            144  com.sleepycat.je.rep.ReplicationConfig
1470:             6            144  com.sleepycat.je.txn.LockUpgrade
1471:             2            144  com.sleepycat.je.util.verify.BtreeVerifier
1472:             6            144  com.sleepycat.je.utilint.LSNStat
1473:             6            144  com.sleepycat.je.utilint.LogVerifier$State
1474:             6            144  com.sleepycat.je.utilint.LongMaxStat
1475:             2            144  com.staros.proto.FileStoreInfo
1476:             6            144  com.staros.proto.PlacementPolicy
1477:             6            144  com.starrocks.alter.AlterJobV2$JobState
1478:             2            144  com.starrocks.catalog.ResourceGroup
1479:             6            144  com.starrocks.common.util.DigitalVersion
1480:             6            144  com.starrocks.credential.CloudType
1481:             6            144  com.starrocks.leader.ReportHandler$ReportType
1482:             6            144  com.starrocks.privilege.FunctionPEntryObject
1483:             6            144  com.starrocks.qe.scheduler.dag.FragmentInstanceExecState$State
1484:             9            144  com.starrocks.rpc.ThriftClientAttachmentHandler
1485:             6            144  com.starrocks.sql.optimizer.rule.transformation.PruneEmptyScanRule
1486:             6            144  com.starrocks.sql.optimizer.rule.transformation.PruneScanColumnRule
1487:             1            144  com.starrocks.system.ComputeNode
1488:             6            144  com.starrocks.thrift.TLoadJobType
1489:             6            144  com.starrocks.transaction.TransactionState$TxnStatusChangeReason
1490:             6            144  com.starrocks.transaction.TransactionStatus
1491:             6            144  com.sun.org.apache.xerces.internal.util.Status (java.xml@11.0.14)
1492:             9            144  com.sun.proxy.$Proxy31
1493:             9            144  com.sun.proxy.$Proxy33
1494:             6            144  com.sun.tools.doclint.HtmlTag$AttrKind (jdk.compiler@11.0.14)
1495:             6            144  io.grpc.ClientInterceptors$InterceptorChannel
1496:             3            144  io.grpc.NameResolver$Args
1497:             6            144  io.grpc.internal.CallCredentialsApplyingTransportFactory
1498:             6            144  io.grpc.internal.KeepAliveManager$State
1499:             6            144  io.grpc.internal.ManagedChannelImpl$ExecutorHolder
1500:             3            144  io.grpc.internal.ManagedChannelOrphanWrapper$ManagedChannelReference
1501:             3            144  io.grpc.internal.Rescheduler
1502:             3            144  io.grpc.netty.shaded.io.grpc.netty.AbstractNettyHandler$FlowControlPinger
1503:             3            144  io.grpc.netty.shaded.io.netty.buffer.UnpooledByteBufAllocator$InstrumentedUnpooledUnsafeHeapByteBuf
1504:             3            144  io.grpc.netty.shaded.io.netty.handler.codec.http2.DefaultHttp2Connection
1505:             3            144  io.grpc.netty.shaded.io.netty.handler.codec.http2.DefaultHttp2LocalFlowController$AutoRefillState
1506:             3            144  io.grpc.netty.shaded.io.netty.handler.codec.http2.HpackDecoder
1507:             3            144  io.grpc.netty.shaded.io.netty.handler.codec.http2.Http2Settings
1508:             6            144  io.grpc.netty.shaded.io.netty.util.Recycler$2
1509:             9            144  io.grpc.netty.shaded.io.netty.util.collection.IntObjectHashMap$1
1510:             9            144  io.grpc.netty.shaded.io.netty.util.collection.IntObjectHashMap$EntrySet
1511:             9            144  io.grpc.netty.shaded.io.netty.util.collection.IntObjectHashMap$KeySet
1512:             3            144  io.netty.channel.AbstractChannel$CloseFuture
1513:             2            144  io.netty.channel.AdaptiveRecvByteBufAllocator$HandleImpl
1514:             3            144  io.netty.channel.DefaultChannelPipeline
1515:             6            144  io.netty.channel.VoidChannelPromise
1516:             2            144  io.netty.channel.socket.nio.NioSocketChannel$NioSocketChannelConfig
1517:             9            144  io.netty.handler.codec.http.HttpMethod
1518:             9            144  io.prometheus.metrics.model.snapshots.Unit
1519:             6            144  io.trino.hive.$internal.org.codehaus.jackson.annotate.JsonAutoDetect$Visibility
1520:             6            144  java.lang.Thread$State (java.base@11.0.14)
1521:             3            144  java.lang.ThreadGroup (java.base@11.0.14)
1522:             2            144  java.lang.invoke.BoundMethodHandle$Species_LLLLLLLIIL (java.base@11.0.14)
1523:             6            144  java.lang.invoke.StringConcatFactory$Strategy (java.base@11.0.14)
1524:             6            144  java.lang.module.ModuleDescriptor$Requires$Modifier (java.base@11.0.14)
1525:             6            144  java.net.InterfaceAddress (java.base@11.0.14)
1526:             3            144  java.net.NetworkInterface (java.base@11.0.14)
1527:             2            144  java.security.SecureRandom (java.base@11.0.14)
1528:             3            144  java.time.temporal.JulianFields$Field (java.base@11.0.14)
1529:             6            144  java.util.TaskQueue (java.base@11.0.14)
1530:             6            144  java.util.Timer (java.base@11.0.14)
1531:             9            144  java.util.TreeMap$Values (java.base@11.0.14)
1532:             9            144  jdk.internal.logger.LazyLoggers$JdkLazyLogger (java.base@11.0.14)
1533:             6            144  jdk.internal.perf.PerfCounter (java.base@11.0.14)
1534:             6            144  org.apache.logging.log4j.core.LifeCycle$State
1535:             6            144  org.apache.logging.log4j.core.appender.rolling.CompositeTriggeringPolicy
1536:             6            144  org.apache.logging.log4j.core.appender.rolling.action.IfFileName
1537:             6            144  org.apache.logging.log4j.core.appender.rolling.action.IfLastModified
1538:             6            144  org.apache.logging.log4j.core.appender.rolling.action.PathSortByModificationTime
1539:             3            144  org.apache.logging.log4j.core.lookup.RuntimeStrSubstitutor
1540:             6            144  org.jboss.logging.Logger$Level
1541:             9            144  sun.nio.fs.ExtendedOptions$InternalOption (java.base@11.0.14)
1542:             6            144  sun.nio.fs.UnixFileSystem$3 (java.base@11.0.14)
1543:             1            136  [Lcom.starrocks.mysql.MysqlColType;
1544:             4            136  [Ljava.lang.CharSequence; (java.base@11.0.14)
1545:             1            136  [Ljava.time.temporal.ChronoField; (java.base@11.0.14)
1546:             4            136  [Lsun.invoke.util.ValueConversions$WrapperCache; (java.base@11.0.14)
1547:             1            136  com.starrocks.catalog.Partition
1548:             1            136  org.apache.logging.log4j.core.config.DefaultConfiguration
1549:             1            136  org.apache.logging.log4j.core.config.NullConfiguration
1550:             2            128  [Lcom.sleepycat.je.dbi.DbType;
1551:             1            128  [Lcom.starrocks.thrift.TPrimitiveType;
1552:             2            128  [Lcom.sun.tools.javac.jvm.Target; (jdk.compiler@11.0.14)
1553:             8            128  [Lorg.apache.logging.log4j.core.config.Property;
1554:             4            128  [Lorg.sparkproject.guava.collect.MapMakerInternalMap$EntryFactory;
1555:             1            128  [[Lcom.starrocks.catalog.PrimitiveType;
1556:             2            128  com.baidu.jprotobuf.pbrpc.client.ProtobufRpcProxy
1557:             4            128  com.google.common.base.Splitter
1558:             8            128  com.google.common.cache.LocalCache$AccessQueue
1559:             8            128  com.google.common.collect.HashBasedTable$Factory
1560:             8            128  com.google.common.collect.SingletonImmutableList
1561:             2            128  com.google.common.util.concurrent.SmoothRateLimiter$SmoothBursty
1562:             4            128  com.google.gson.internal.bind.ReflectiveTypeAdapterFactory
1563:             4            128  com.google.protobuf.GeneratedMessageV3$FieldAccessorTable$RepeatedMessageFieldAccessor
1564:             1            128  com.sleepycat.je.incomp.INCompressor
1565:             4            128  com.sleepycat.je.log.FileManager$FileMode
1566:             1            128  com.sleepycat.je.rep.elections.Protocol
1567:             4            128  com.sleepycat.je.utilint.LatencyPercentileMapStat
1568:             4            128  com.sleepycat.je.utilint.LongDiffMapStat
1569:             4            128  com.sleepycat.je.utilint.RateLimitingLogger
1570:             8            128  com.sleepycat.je.utilint.StoppableThread$UncaughtHandler
1571:             1            128  com.starrocks.catalog.TableProperty
1572:             8            128  com.starrocks.common.ThriftServerContext
1573:             2            128  com.starrocks.lake.LakeTablet
1574:             1            128  com.starrocks.load.routineload.KafkaTaskInfo
1575:             4            128  com.starrocks.thrift.TAgentResult$_Fields
1576:             4            128  com.starrocks.thrift.TBrokerScanRange$_Fields
1577:             4            128  com.starrocks.thrift.TDescriptorTable$_Fields
1578:             4            128  com.starrocks.thrift.TFileScanNode$_Fields
1579:             4            128  com.starrocks.thrift.TNodeInfo$_Fields
1580:             4            128  com.starrocks.thrift.TOlapTableLocationParam$_Fields
1581:             4            128  com.starrocks.thrift.TPlanFragmentDestination$_Fields
1582:             4            128  com.starrocks.thrift.TResourceGroupUsage$_Fields
1583:             4            128  com.starrocks.thrift.TResultBatch$_Fields
1584:             4            128  com.starrocks.thrift.TResultSink$_Fields
1585:             4            128  com.starrocks.thrift.TScalarType$_Fields
1586:             4            128  com.starrocks.thrift.TSortInfo$_Fields
1587:             4            128  com.starrocks.thrift.TTxnCommitAttachment$_Fields
1588:             4            128  com.starrocks.thrift.TTypeNode$_Fields
1589:             4            128  com.sun.jmx.mbeanserver.DefaultMXBeanMappingFactory$ArrayMapping (java.management@11.0.14)
1590:             4            128  com.sun.tools.javac.comp.Analyzer$AnalyzerMode (jdk.compiler@11.0.14)
1591:             4            128  com.sun.tools.javac.comp.Resolve$MethodCheckDiag (jdk.compiler@11.0.14)
1592:             8            128  io.grpc.Attributes$Key
1593:             4            128  io.grpc.census.CensusTracingModule
1594:             8            128  io.grpc.internal.SharedResourcePool
1595:             2            128  io.grpc.netty.shaded.io.netty.buffer.PooledByteBufAllocator
1596:             2            128  io.grpc.netty.shaded.io.netty.buffer.UnpooledByteBufAllocator$InstrumentedUnpooledUnsafeDirectByteBuf
1597:             4            128  io.grpc.netty.shaded.io.netty.channel.AdaptiveRecvByteBufAllocator
1598:             4            128  io.grpc.netty.shaded.io.netty.channel.DefaultChannelId
1599:             4            128  io.grpc.netty.shaded.io.netty.handler.codec.CodecOutputList$CodecOutputLists
1600:             2            128  io.netty.buffer.UnpooledByteBufAllocator$InstrumentedUnpooledUnsafeDirectByteBuf
1601:             8            128  io.netty.handler.codec.http.DefaultHttpHeaders
1602:             8            128  io.netty.util.concurrent.FastThreadLocalRunnable
1603:             4            128  io.opencensus.implcore.internal.CurrentState$InternalState
1604:             2            128  java.io.ExpiringCache$1 (java.base@11.0.14)
1605:             8            128  org.apache.log4j.helpers.OptionConverter$CharMap
1606:             4            128  org.sparkproject.guava.hash.MessageDigestHashFunction
1607:             8            128  sun.nio.ch.IOVecWrapper$Deallocator (java.base@11.0.14)
1608:             4            128  sun.nio.ch.ServerSocketAdaptor (java.base@11.0.14)
1609:             4            128  sun.util.resources.Bundles$CacheKey (java.base@11.0.14)
1610:             3            120  [Lcom.starrocks.thrift.TAuthInfo$_Fields;
1611:             3            120  [Lcom.starrocks.thrift.TFeMemoryItem$_Fields;
1612:             3            120  [Lcom.starrocks.thrift.TResourceUsage$_Fields;
1613:             3            120  [Lcom.starrocks.thrift.TScanRange$_Fields;
1614:             3            120  [Lcom.starrocks.thrift.TTupleDescriptor$_Fields;
1615:             3            120  [Lcom.starrocks.thrift.TUserIdentity$_Fields;
1616:             3            120  [Lio.trino.hive.$internal.org.codehaus.jackson.annotate.JsonMethod;
1617:             3            120  [Ljava.lang.invoke.LambdaForm$BasicType; (java.base@11.0.14)
1618:             5            120  com.github.benmanes.caffeine.cache.BoundedBuffer
1619:             5            120  com.github.benmanes.caffeine.cache.BoundedLocalCache$BoundedLocalAsyncLoadingCache$AsyncLoader
1620:             5            120  com.github.benmanes.caffeine.cache.BoundedLocalCache$PerformCleanupTask
1621:             3            120  com.google.protobuf.Descriptors$MethodDescriptor
1622:             5            120  com.google.protobuf.FieldSet
1623:             5            120  com.sleepycat.je.Database$DbState
1624:             5            120  com.sleepycat.je.LockMode
1625:             5            120  com.sleepycat.je.Transaction$State
1626:             3            120  com.sleepycat.je.VerifyConfig
1627:             3            120  com.sleepycat.je.dbi.EnvironmentImpl$HaltPreloadException
1628:             5            120  com.sleepycat.je.log.LogEntryType$NodeType
1629:             1            120  com.sleepycat.je.recovery.CheckpointEnd
1630:             3            120  com.sleepycat.je.rep.elections.Acceptor$SuggestionGenerator$Ranking
1631:             1            120  com.sleepycat.je.rep.impl.RepGroupProtocol
1632:             5            120  com.sleepycat.je.rep.impl.TextProtocol$TOKENS
1633:             1            120  com.sleepycat.je.rep.impl.node.FeederManager
1634:             5            120  com.sleepycat.je.rep.impl.node.NameIdPair
1635:             5            120  com.sleepycat.je.rep.net.DataChannel$FlushStatus
1636:             5            120  com.sleepycat.je.tree.INLongRep$EmptyRep
1637:             5            120  com.sleepycat.je.utilint.AtomicLongMapStat
1638:             5            120  com.sleepycat.je.utilint.StoppableThreadFactory
1639:             5            120  com.staros.proto.AwsCredentialType
1640:             5            120  com.staros.proto.FileStoreType
1641:             5            120  com.starrocks.catalog.Function$FunctionType
1642:             5            120  com.starrocks.catalog.PartitionType
1643:             1            120  com.starrocks.clone.TabletSchedulerStat
1644:             5            120  com.starrocks.common.GenericPool
1645:             5            120  com.starrocks.common.profile.Tracers$Mode
1646:             5            120  com.starrocks.common.util.LogKey
1647:             5            120  com.starrocks.ha.FrontendNodeType
1648:             5            120  com.starrocks.http.rest.TransactionLoadAction$OpMetrics
1649:             5            120  com.starrocks.load.routineload.RoutineLoadJob$JobState
1650:             5            120  com.starrocks.plugin.PluginLoader$PluginStatus
1651:             5            120  com.starrocks.qe.OriginStatement
1652:             5            120  com.starrocks.qe.QueryState$ErrType
1653:             5            120  com.starrocks.qe.SessionVariable$MaterializedViewRewriteMode
1654:             5            120  com.starrocks.qe.SessionVariableConstants$AggregationStage
1655:             5            120  com.starrocks.sql.common.ErrorType
1656:             5            120  com.starrocks.sql.optimizer.base.HashDistributionDesc$SourceType
1657:             5            120  com.starrocks.thrift.TFunctionBinaryType
1658:             5            120  com.starrocks.thrift.TPartialUpdateMode
1659:             5            120  com.starrocks.thrift.TPartitionType
1660:             5            120  com.starrocks.thrift.TResultSinkType
1661:             5            120  com.starrocks.thrift.TTimeUnit
1662:             5            120  com.sun.org.apache.xerces.internal.util.PropertyState (java.xml@11.0.14)
1663:             5            120  com.sun.org.apache.xerces.internal.utils.XMLSecurityManager$State (java.xml@11.0.14)
1664:             5            120  com.sun.org.apache.xerces.internal.utils.XMLSecurityPropertyManager$State (java.xml@11.0.14)
1665:             5            120  com.sun.tools.doclint.HtmlTag$BlockType (jdk.compiler@11.0.14)
1666:             5            120  com.sun.tools.javac.api.DiagnosticFormatter$Configuration$DiagnosticPart (jdk.compiler@11.0.14)
1667:             5            120  com.sun.tools.javac.code.Directive$RequiresFlag (jdk.compiler@11.0.14)
1668:             3            120  com.sun.tools.javac.file.Locations$OutputLocationHandler (jdk.compiler@11.0.14)
1669:             5            120  com.sun.tools.javac.main.JavaCompiler$CompilePolicy (jdk.compiler@11.0.14)
1670:             5            120  com.sun.tools.javac.main.Main$Result (jdk.compiler@11.0.14)
1671:             3            120  com.sun.tools.javac.util.BasicDiagnosticFormatter$BasicConfiguration (jdk.compiler@11.0.14)
1672:             5            120  com.sun.tools.javac.util.Log$WriterKind (jdk.compiler@11.0.14)
1673:             5            120  io.grpc.ConnectivityState
1674:             5            120  io.grpc.MethodDescriptor$MethodType
1675:             5            120  io.grpc.internal.ChannelLoggerImpl
1676:             1            120  io.grpc.netty.shaded.io.grpc.netty.NettyServerTransport
1677:             3            120  io.grpc.netty.shaded.io.netty.buffer.ReadOnlyByteBuf
1678:             5            120  io.grpc.netty.shaded.io.netty.channel.nio.SelectedSelectionKeySet
1679:             5            120  io.grpc.netty.shaded.io.netty.channel.nio.SelectedSelectionKeySetSelector
1680:             3            120  io.grpc.netty.shaded.io.netty.channel.socket.nio.NioSocketChannel$NioSocketChannelUnsafe
1681:             3            120  io.grpc.netty.shaded.io.netty.handler.codec.http2.DefaultHttp2Connection$ConnectionStream
1682:             3            120  io.grpc.netty.shaded.io.netty.handler.codec.http2.DefaultHttp2FrameReader
1683:             3            120  io.grpc.netty.shaded.io.netty.handler.codec.http2.DefaultHttp2LocalFlowController
1684:             3            120  io.grpc.netty.shaded.io.netty.handler.codec.http2.DefaultHttp2RemoteFlowController
1685:             3            120  io.grpc.netty.shaded.io.netty.handler.codec.http2.DefaultHttp2RemoteFlowController$FlowState
1686:             3            120  io.grpc.netty.shaded.io.netty.handler.codec.http2.HpackDynamicTable
1687:             3            120  io.grpc.netty.shaded.io.netty.handler.codec.http2.WeightedFairQueueByteDistributor
1688:             5            120  io.grpc.netty.shaded.io.netty.handler.logging.LogLevel
1689:             5            120  io.grpc.netty.shaded.io.netty.util.internal.ThreadExecutorMap$1
1690:             5            120  io.grpc.netty.shaded.io.netty.util.internal.ThreadExecutorMap$2
1691:             5            120  io.grpc.netty.shaded.io.netty.util.internal.logging.InternalLogLevel
1692:             5            120  io.netty.util.Recycler$2
1693:             3            120  java.io.BufferedWriter (java.base@11.0.14)
1694:             3            120  java.io.FileInputStream (java.base@11.0.14)
1695:             3            120  java.io.PrintStream (java.base@11.0.14)
1696:             5            120  java.lang.ClassValue$Version (java.base@11.0.14)
1697:             3            120  java.lang.WeakPairMap$Pair$Weak (java.base@11.0.14)
1698:             5            120  java.time.format.SignStyle (java.base@11.0.14)
1699:             5            120  java.util.stream.StreamOpFlag$Type (java.base@11.0.14)
1700:             5            120  javax.tools.Diagnostic$Kind (java.compiler@11.0.14)
1701:             1            120  jdk.internal.loader.ClassLoaders$AppClassLoader (java.base@11.0.14)
1702:             5            120  jdk.internal.math.FloatingDecimal$PreparedASCIIToBinaryBuffer (java.base@11.0.14)
1703:             3            120  jdk.internal.reflect.UnsafeQualifiedStaticObjectFieldAccessorImpl (java.base@11.0.14)
1704:             5            120  jdk.net.ExtendedSocketOptions$ExtSocketOption (jdk.net@11.0.14)
1705:             3            120  org.apache.commons.pool2.impl.LinkedBlockingDeque
1706:             3            120  org.apache.logging.log4j.core.config.ConfigurationSource
1707:             3            120  org.apache.logging.log4j.core.jmx.LoggerContextAdmin
1708:             5            120  org.apache.logging.log4j.core.pattern.LoggerPatternConverter
1709:             5            120  org.apache.logging.log4j.core.pattern.PatternParser$ParserState
1710:             3            120  org.apache.logging.log4j.core.util.WatchManager
1711:             1            120  scala.package$
1712:             3            120  sun.nio.ch.FileLockImpl (java.base@11.0.14)
1713:             3            112  [Lcom.staros.proto.PlacementPolicy;
1714:             2            112  [Lcom.starrocks.catalog.AggregateType;
1715:             2            112  [Lcom.starrocks.mysql.privilege.Privilege;
1716:             2            112  [Lcom.starrocks.sql.common.EngineType;
1717:             1            112  [Lcom.starrocks.sql.optimizer.rule.RuleSetType;
1718:             3            112  [Lcom.starrocks.thrift.TDataStreamSink$_Fields;
1719:             3            112  [Lcom.starrocks.thrift.TExchangeNode$_Fields;
1720:             3            112  [Lcom.starrocks.thrift.TOlapTableIndexSchema$_Fields;
1721:             3            112  [Lcom.starrocks.thrift.TQueryGlobals$_Fields;
1722:             3            112  [Lcom.starrocks.thrift.TTabletCommitInfo$_Fields;
1723:             2            112  [Ljava.nio.file.attribute.PosixFilePermission; (java.base@11.0.14)
1724:             1            112  [Ljava.time.LocalTime; (java.base@11.0.14)
1725:             2            112  com.google.common.collect.ImmutableSetMultimap
1726:             2            112  com.sleepycat.je.log.LogFlusher$FlushTask
1727:             2            112  com.staros.proto.S3FileStoreInfo
1728:             1            112  com.starrocks.catalog.View
1729:             7            112  com.starrocks.common.ThreadPoolManager$LogDiscardPolicy
1730:             1            112  com.starrocks.monitor.jvm.JvmInfo
1731:             2            112  io.grpc.internal.ManagedChannelImpl$SubchannelImpl
1732:             2            112  io.netty.buffer.PooledSlicedByteBuf
1733:             7            112  io.netty.util.concurrent.SingleThreadEventExecutor$4
1734:             2            112  java.lang.invoke.BoundMethodHandle$Species_LIILLL (java.base@11.0.14)
1735:             2            112  java.nio.DirectIntBufferRU (java.base@11.0.14)
1736:             7            112  java.util.concurrent.Semaphore (java.base@11.0.14)
1737:             1            112  jdk.internal.loader.ClassLoaders$BootClassLoader (java.base@11.0.14)
1738:             1            112  jdk.internal.loader.ClassLoaders$PlatformClassLoader (java.base@11.0.14)
1739:             2            112  org.antlr.v4.runtime.atn.ATN
1740:             2            112  org.apache.logging.log4j.core.LoggerContext
1741:             2            112  org.apache.logging.log4j.core.appender.ConsoleAppender
1742:             7            112  org.apache.logging.log4j.core.layout.PatternLayout$NoFormatPatternSerializer
1743:             2            112  org.apache.spark.internal.config.OptionalConfigEntry
1744:             2            112  sun.security.provider.SHA (java.base@11.0.14)
1745:             6            104  [Lcom.google.protobuf.Descriptors$ServiceDescriptor;
1746:             1            104  [Lcom.google.re2j.Regexp$Op;
1747:             4            104  [Lcom.sleepycat.je.statcap.StatManager$SDef;
1748:             1            104  [Lcom.starrocks.catalog.Table$TableType;
1749:             3            104  [Lcom.starrocks.thrift.TKafkaLoadInfo$_Fields;
1750:             3            104  [Lcom.starrocks.thrift.TUnionNode$_Fields;
1751:             1            104  [Lorg.apache.logging.log4j.core.util.datetime.FixedDateFormat$FixedFormat;
1752:             2            104  [Lsun.util.logging.PlatformLogger$Level; (java.base@11.0.14)
1753:             1            104  com.sleepycat.je.cleaner.ExtinctionScanner
1754:             1            104  com.starrocks.analysis.FunctionCallExpr
1755:             1            104  com.sun.tools.javac.file.JavacFileManager (jdk.compiler@11.0.14)
1756:             1            104  io.grpc.internal.ServerImpl
1757:             1            104  io.grpc.netty.shaded.io.netty.channel.socket.nio.NioServerSocketChannel
1758:             1            104  io.netty.channel.socket.nio.NioServerSocketChannel
1759:             1            104  org.sparkproject.guava.collect.MapMakerInternalMap
1760:             1            104  sun.security.jca.ProviderList$1 (java.base@11.0.14)
1761:             1            104  sun.security.provider.Sun (java.base@11.0.14)
1762:             2             96  [Lcom.google.common.cache.LocalCache$EntryFactory;
1763:             3             96  [Lcom.starrocks.thrift.TAgentResult$_Fields;
1764:             3             96  [Lcom.starrocks.thrift.TDescriptorTable$_Fields;
1765:             3             96  [Lcom.starrocks.thrift.TFileScanNode$_Fields;
1766:             3             96  [Lcom.starrocks.thrift.TFrontend$_Fields;
1767:             3             96  [Lcom.starrocks.thrift.TPlanFragmentDestination$_Fields;
1768:             3             96  [Lcom.starrocks.thrift.TResourceGroupUsage$_Fields;
1769:             3             96  [Lcom.starrocks.thrift.TResultSink$_Fields;
1770:             3             96  [Lcom.starrocks.thrift.TRuntimeFilterParams$_Fields;
1771:             3             96  [Lcom.starrocks.thrift.TScalarType$_Fields;
1772:             3             96  [Lcom.starrocks.thrift.TTxnCommitAttachment$_Fields;
1773:             3             96  [Lcom.starrocks.thrift.TTypeNode$_Fields;
1774:             2             96  [Lcom.sun.management.VMOption$Origin; (jdk.management@11.0.14)
1775:             2             96  [Lcom.sun.tools.javac.comp.Resolve$VerboseResolutionMode; (jdk.compiler@11.0.14)
1776:             2             96  [Lcom.sun.tools.javac.util.JCDiagnostic$DiagnosticFlag; (jdk.compiler@11.0.14)
1777:             3             96  [Lcom.sun.tools.javac.util.JCDiagnostic$Fragment; (jdk.compiler@11.0.14)
1778:             2             96  [Lio.netty.buffer.PoolArena;
1779:             2             96  [Ljava.lang.System$Logger$Level; (java.base@11.0.14)
1780:             4             96  [Ljava.net.InetAddress; (java.base@11.0.14)
1781:             2             96  [Ljava.util.concurrent.TimeUnit; (java.base@11.0.14)
1782:             3             96  [Ljdk.internal.jimage.ImageBufferCache$BufferReference; (java.base@11.0.14)
1783:             4             96  [Lorg.apache.logging.log4j.Marker;
1784:             2             96  [Lorg.apache.logging.log4j.spi.StandardLevel;
1785:             4             96  [[Ljava.time.format.DateTimeFormatter; (java.base@11.0.14)
1786:             1             96  com.baidu.bjf.remoting.protobuf.utils.compiler.JdkCompiler$ClassLoaderImpl
1787:             1             96  com.baidu.jprotobuf.pbrpc.transport.RpcClientOptions
1788:             4             96  com.github.benmanes.caffeine.cache.WriteOrderDeque
1789:             4             96  com.google.common.base.AbstractIterator$State
1790:             4             96  com.google.common.collect.AbstractIterator$State
1791:             3             96  com.google.common.io.BaseEncoding$Base64Encoding
1792:             4             96  com.google.gson.internal.ConstructorConstructor
1793:             4             96  com.google.gson.internal.bind.MapTypeAdapterFactory
1794:             2             96  com.google.protobuf.DescriptorProtos$ServiceDescriptorProto
1795:             4             96  com.google.re2j.Pattern
1796:             4             96  com.google.re2j.Prog
1797:             2             96  com.sleepycat.je.EnvironmentMutableConfig
1798:             4             96  com.sleepycat.je.OperationStatus
1799:             4             96  com.sleepycat.je.Put
1800:             4             96  com.sleepycat.je.dbi.PutMode
1801:             1             96  com.sleepycat.je.log.LogManager
1802:             4             96  com.sleepycat.je.log.entry.LNLogEntry$DupStatus
1803:             4             96  com.sleepycat.je.rep.ReplicatedEnvironment$State
1804:             3             96  com.sleepycat.je.rep.elections.MasterValue
1805:             2             96  com.sleepycat.je.rep.impl.RepGroupImpl
1806:             4             96  com.sleepycat.je.rep.impl.TextProtocol$MessageError
1807:             4             96  com.sleepycat.je.rep.utilint.IntRunningTotalStat
1808:             3             96  com.sleepycat.je.rep.utilint.ServiceDispatcher$QueuingService
1809:             4             96  com.sleepycat.je.rep.utilint.ServiceHandshake$InitResult
1810:             3             96  com.sleepycat.je.rep.vlsn.VLSNRange
1811:             1             96  com.sleepycat.je.statcap.StatCapture
1812:             1             96  com.sleepycat.je.txn.TxnManager
1813:             4             96  com.sleepycat.je.utilint.IntegralLongAvgStat
1814:             4             96  com.sleepycat.je.utilint.LongMaxZeroStat
1815:             4             96  com.sleepycat.je.utilint.NoClearAtomicLongStat
1816:             2             96  com.sleepycat.utilint.StatLogger
1817:             4             96  com.staros.credential.AwsSimpleCredential
1818:             4             96  com.staros.proto.UpdateMetaGroupInfo$InfoCase
1819:             3             96  com.staros.proto.WorkerGroupSpec
1820:             4             96  com.staros.proto.WorkerGroupState
1821:             4             96  com.staros.proto.WorkerState
1822:             4             96  com.starrocks.alter.AlterJobV2$JobType
1823:             4             96  com.starrocks.analysis.AggregateInfo$AggPhase
1824:             4             96  com.starrocks.analysis.GroupByClause$GroupingType
1825:             3             96  com.starrocks.analysis.TableName
1826:             4             96  com.starrocks.catalog.Function$CompareMode
1827:             4             96  com.starrocks.catalog.KeysType
1828:             4             96  com.starrocks.catalog.MaterializedIndex$IndexState
1829:             4             96  com.starrocks.catalog.MaterializedView$RefreshType
1830:             4             96  com.starrocks.catalog.MetaReplayState$MetaState
1831:             1             96  com.starrocks.catalog.system.information.InfoSchemaDb
1832:             1             96  com.starrocks.catalog.system.sys.SysDb
1833:             6             96  com.starrocks.common.AuditLog
1834:             4             96  com.starrocks.common.SRTThreadPoolServer$WorkerProcess
1835:             4             96  com.starrocks.load.ExportJob$JobState
1836:             4             96  com.starrocks.load.InsertOverwriteJobState
1837:             4             96  com.starrocks.mysql.privilege.Auth$PrivLevel
1838:             4             96  com.starrocks.mysql.privilege.AuthPlugin
1839:             4             96  com.starrocks.mysql.privilege.PrivBitSet
1840:             6             96  com.starrocks.persist.gson.GsonUtils$HiddenAnnotationExclusionStrategy
1841:             4             96  com.starrocks.plugin.AuditEvent$EventType
1842:             4             96  com.starrocks.proto.PPlanFragmentCancelReason
1843:             4             96  com.starrocks.qe.QueryState$MysqlStateType
1844:             4             96  com.starrocks.sql.ast.ColumnDef$DefaultValueDef
1845:             4             96  com.starrocks.sql.ast.SetType
1846:             4             96  com.starrocks.sql.ast.TableRelation$TableHint
1847:             3             96  com.starrocks.sql.ast.UserIdentity
1848:             4             96  com.starrocks.sql.optimizer.base.DistributionSpec$DistributionType
1849:             4             96  com.starrocks.sql.optimizer.operator.AggType
1850:             4             96  com.starrocks.storagevolume.StorageVolume$StorageVolumeType
1851:             4             96  com.starrocks.task.LeaderTaskExecutor
1852:             3             96  com.starrocks.thrift.TBackend$_Fields
1853:             4             96  com.starrocks.thrift.TCounterAggregateType
1854:             4             96  com.starrocks.thrift.TCounterMergeType
1855:             3             96  com.starrocks.thrift.TCounterStrategy$_Fields
1856:             3             96  com.starrocks.thrift.TDataPartition$_Fields
1857:             3             96  com.starrocks.thrift.TEqJoinCondition$_Fields
1858:             4             96  com.starrocks.thrift.TEtlState
1859:             3             96  com.starrocks.thrift.TFrontend$_Fields
1860:             4             96  com.starrocks.thrift.TKeysType
1861:             3             96  com.starrocks.thrift.TOlapTableColumnParam$_Fields
1862:             3             96  com.starrocks.thrift.TRuntimeFilterParams$_Fields
1863:             3             96  com.starrocks.thrift.TScalarFunction$_Fields
1864:             3             96  com.starrocks.thrift.TScanRangeLocation$_Fields
1865:             4             96  com.starrocks.thrift.TStreamingPreaggregationMode
1866:             4             96  com.starrocks.thrift.TTypeNodeType
1867:             4             96  com.starrocks.warehouse.Warehouse$WarehouseState
1868:             4             96  com.sun.activation.registries.MimeTypeFile
1869:             3             96  com.sun.jmx.mbeanserver.DefaultMXBeanMappingFactory$EnumMapping (java.management@11.0.14)
1870:             2             96  com.sun.jmx.mbeanserver.MBeanIntrospector$MBeanInfoMap (java.management@11.0.14)
1871:             2             96  com.sun.jmx.mbeanserver.MBeanIntrospector$PerInterfaceMap (java.management@11.0.14)
1872:             2             96  com.sun.management.internal.GarbageCollectorExtImpl (jdk.management@11.0.14)
1873:             3             96  com.sun.org.apache.xerces.internal.utils.XMLSecurityManager$NameMap (java.xml@11.0.14)
1874:             3             96  com.sun.org.apache.xerces.internal.xni.QName (java.xml@11.0.14)
1875:             6             96  com.sun.proxy.$Proxy0
1876:             6             96  com.sun.proxy.$Proxy3
1877:             4             96  com.sun.tools.doclint.HtmlTag$Flag (jdk.compiler@11.0.14)
1878:             4             96  com.sun.tools.javac.code.Kinds$Kind$Category (jdk.compiler@11.0.14)
1879:             4             96  com.sun.tools.javac.code.Symbol$ModuleResolutionFlags (jdk.compiler@11.0.14)
1880:             4             96  com.sun.tools.javac.comp.Resolve$ReferenceLookupResult$StaticKind (jdk.compiler@11.0.14)
1881:             3             96  com.sun.tools.javac.file.Locations$SimpleLocationHandler (jdk.compiler@11.0.14)
1882:             3             96  com.sun.tools.javac.jvm.Profile (jdk.compiler@11.0.14)
1883:             4             96  com.sun.tools.javac.main.Option$OptionGroup (jdk.compiler@11.0.14)
1884:             4             96  com.sun.tools.javac.parser.JavacParser$ParensResult (jdk.compiler@11.0.14)
1885:             4             96  com.sun.tools.javac.parser.Tokens$Token$Tag (jdk.compiler@11.0.14)
1886:             3             96  com.sun.tools.javac.util.BasicDiagnosticFormatter (jdk.compiler@11.0.14)
1887:             4             96  com.sun.tools.javac.util.JCDiagnostic$DiagnosticType (jdk.compiler@11.0.14)
1888:             4             96  com.sun.tools.javac.util.MandatoryWarningHandler$DeferredDiagnosticKind (jdk.compiler@11.0.14)
1889:             4             96  io.grpc.ChannelLogger$ChannelLogLevel
1890:             4             96  io.grpc.InternalChannelz$ChannelTrace$Event$Severity
1891:             3             96  io.grpc.LoadBalancer$PickResult
1892:             4             96  io.grpc.census.CensusStatsModule$1
1893:             4             96  io.grpc.census.CensusTracingModule$1
1894:             2             96  io.grpc.internal.CallCredentialsApplyingTransportFactory$CallCredentialsApplyingTransport
1895:             4             96  io.grpc.internal.ClientStreamListener$RpcProgress
1896:             3             96  io.grpc.internal.ManagedChannelImpl$RealChannel
1897:             3             96  io.grpc.internal.ManagedChannelImpl$UncommittedRetriableStreamsRegistry
1898:             3             96  io.grpc.internal.ScParser
1899:             3             96  io.grpc.netty.shaded.io.grpc.netty.WriteQueue
1900:             3             96  io.grpc.netty.shaded.io.netty.buffer.EmptyByteBuf
1901:             3             96  io.grpc.netty.shaded.io.netty.handler.codec.http2.DefaultHttp2Connection$ActiveStreams
1902:             3             96  io.grpc.netty.shaded.io.netty.handler.codec.http2.DefaultHttp2ConnectionEncoder
1903:             3             96  io.grpc.netty.shaded.io.netty.handler.codec.http2.DefaultHttp2RemoteFlowController$WritabilityMonitor
1904:             3             96  io.grpc.netty.shaded.io.netty.handler.codec.http2.HpackHuffmanEncoder
1905:             3             96  io.grpc.netty.shaded.io.netty.handler.codec.http2.HpackHuffmanEncoder$EncodeProcessor
1906:             4             96  io.grpc.netty.shaded.io.netty.util.ResourceLeakDetector$Level
1907:             3             96  io.grpc.netty.shaded.io.netty.util.concurrent.DefaultThreadFactory
1908:             6             96  io.grpc.netty.shaded.io.netty.util.internal.ObjectPool$RecyclerObjectPool
1909:             3             96  io.grpc.netty.shaded.io.netty.util.internal.RecyclableArrayList
1910:             2             96  io.netty.bootstrap.AbstractBootstrap$PendingRegistrationPromise
1911:             3             96  io.netty.channel.AdaptiveRecvByteBufAllocator
1912:             3             96  io.netty.channel.DefaultChannelId
1913:             3             96  io.netty.channel.nio.NioEventLoopGroup
1914:             4             96  io.netty.util.ResourceLeakDetector$Level
1915:             3             96  io.opencensus.metrics.export.AutoValue_MetricDescriptor
1916:             6             96  io.opencensus.tags.AutoValue_TagKey
1917:             2             96  io.trino.hive.$internal.org.codehaus.jackson.map.MapperConfig$Base
1918:             2             96  io.trino.hive.$internal.org.codehaus.jackson.sym.CharsToNameCanonicalizer
1919:             3             96  java.io.ByteArrayInputStream (java.base@11.0.14)
1920:             3             96  java.lang.Runtime$Version (java.base@11.0.14)
1921:             3             96  java.lang.StackWalker (java.base@11.0.14)
1922:             4             96  java.lang.ThreadLocal$SuppliedThreadLocal (java.base@11.0.14)
1923:             3             96  java.lang.WeakPairMap$Pair$Weak$1 (java.base@11.0.14)
1924:             3             96  java.lang.invoke.SimpleMethodHandle (java.base@11.0.14)
1925:             3             96  java.lang.invoke.VarHandleLongs$FieldInstanceReadWrite (java.base@11.0.14)
1926:             4             96  java.lang.module.ModuleDescriptor$Modifier (java.base@11.0.14)
1927:             4             96  java.lang.module.ModuleDescriptor$Opens (java.base@11.0.14)
1928:             4             96  java.math.MathContext (java.base@11.0.14)
1929:             4             96  java.nio.file.FileVisitResult (java.base@11.0.14)
1930:             4             96  java.nio.file.StandardWatchEventKinds$StdWatchEventKind (java.base@11.0.14)
1931:             4             96  java.time.Instant (java.base@11.0.14)
1932:             4             96  java.time.format.DateTimeFormatterBuilder$OffsetIdPrinterParser (java.base@11.0.14)
1933:             4             96  java.time.format.DateTimeFormatterBuilder$SettingsParser (java.base@11.0.14)
1934:             1             96  java.util.SimpleTimeZone (java.base@11.0.14)
1935:             6             96  java.util.Timer$1 (java.base@11.0.14)
1936:             4             96  java.util.concurrent.ConcurrentLinkedDeque$Node (java.base@11.0.14)
1937:             6             96  java.util.concurrent.CopyOnWriteArraySet (java.base@11.0.14)
1938:             3             96  java.util.concurrent.SynchronousQueue$TransferStack$SNode (java.base@11.0.14)
1939:             3             96  java.util.concurrent.locks.ReentrantLock$FairSync (java.base@11.0.14)
1940:             4             96  java.util.regex.Pattern$Prolog (java.base@11.0.14)
1941:             4             96  java.util.regex.Pattern$Qtype (java.base@11.0.14)
1942:             3             96  java.util.stream.Collectors$CollectorImpl (java.base@11.0.14)
1943:             4             96  java.util.stream.StreamShape (java.base@11.0.14)
1944:             4             96  javax.tools.JavaFileObject$Kind (java.compiler@11.0.14)
1945:             1             96  jdk.internal.jimage.ImageReader$SharedImageReader (java.base@11.0.14)
1946:             6             96  jdk.internal.loader.ClassLoaderValue (java.base@11.0.14)
1947:             4             96  jdk.internal.logger.BootstrapLogger$LoggingBackend (java.base@11.0.14)
1948:             4             96  jdk.internal.math.FormattedFloatingDecimal$Form (java.base@11.0.14)
1949:             3             96  jdk.internal.reflect.UnsafeFloatFieldAccessorImpl (java.base@11.0.14)
1950:             3             96  jdk.internal.reflect.UnsafeQualifiedDoubleFieldAccessorImpl (java.base@11.0.14)
1951:             3             96  jdk.internal.reflect.UnsafeStaticLongFieldAccessorImpl (java.base@11.0.14)
1952:             3             96  org.antlr.v4.runtime.VocabularyImpl
1953:             6             96  org.apache.commons.pool2.impl.DefaultEvictionPolicy
1954:             4             96  org.apache.commons.pool2.impl.LinkedBlockingDeque$Node
1955:             3             96  org.apache.logging.log4j.core.config.ConfigurationScheduler
1956:             4             96  org.apache.logging.log4j.core.pattern.ClassNamePatternConverter
1957:             3             96  org.apache.logging.log4j.core.util.datetime.FixedDateFormat$FixedTimeZoneFormat
1958:             6             96  org.apache.spark.internal.config.ConfigBuilder$$Lambda$411/0x00000008406ab840
1959:             6             96  org.xnio.nio.Log_$logger
1960:             3             96  sun.net.spi.DefaultProxySelector$NonProxyInfo (java.base@11.0.14)
1961:             6             96  sun.nio.ch.Util$2 (java.base@11.0.14)
1962:             1             96  sun.reflect.misc.MethodUtil (java.base@11.0.14)
1963:             1             88  [Lcom.google.protobuf.Descriptors$FieldDescriptor$Type;
1964:             1             88  [Lcom.sleepycat.je.RecoveryProgress;
1965:             3             88  [Lcom.starrocks.thrift.TBrokerScanRange$_Fields;
1966:             3             88  [Lcom.starrocks.thrift.TDataPartition$_Fields;
1967:             3             88  [Lcom.starrocks.thrift.TEqJoinCondition$_Fields;
1968:             3             88  [Lcom.starrocks.thrift.TResultBatch$_Fields;
1969:             3             88  [Lcom.starrocks.thrift.TScalarFunction$_Fields;
1970:             3             88  [Lcom.starrocks.thrift.TScanRangeLocation$_Fields;
1971:             3             88  [Lcom.starrocks.thrift.TSortInfo$_Fields;
1972:             1             88  [Lcom.starrocks.thrift.TTableType;
1973:             1             88  [Lcom.sun.tools.javac.code.Kinds$Kind; (jdk.compiler@11.0.14)
1974:             1             88  [Lio.opencensus.trace.Status$CanonicalCode;
1975:             1             88  [Ljava.util.concurrent.ConcurrentMap; (java.base@11.0.14)
1976:             1             88  [Ljavax.lang.model.element.ElementKind; (java.compiler@11.0.14)
1977:             3             88  [Lorg.apache.logging.log4j.core.util.datetime.FastDatePrinter$Rule;
1978:             1             88  com.sleepycat.je.log.LogBufferPool
1979:             1             88  com.sleepycat.je.rep.elections.Elections
1980:             1             88  com.sleepycat.je.rep.impl.NodeStateProtocol
1981:             1             88  com.sleepycat.je.rep.impl.node.Replica
1982:             1             88  com.sleepycat.je.rep.impl.node.Replica$ConsistencyTracker
1983:             1             88  com.sleepycat.je.util.FileHandler
1984:             1             88  com.starrocks.analysis.DecimalLiteral
1985:             1             88  com.starrocks.analysis.MaxLiteral
1986:             1             88  com.starrocks.catalog.MaterializedIndexMeta
1987:             1             88  com.starrocks.common.SRTThreadPoolServer
1988:             1             88  com.starrocks.server.NodeMgr
1989:             1             88  java.util.jar.JarVerifier (java.base@11.0.14)
1990:             1             88  scala.reflect.ClassTag$
1991:             1             88  scala.reflect.ManifestFactory$
1992:             2             80  [Lcom.sleepycat.je.evictor.Evictor$EvictionSource;
1993:             2             80  [Lcom.sleepycat.je.rep.NodeType;
1994:             2             80  [Lcom.sleepycat.je.utilint.PropUtil$IEEETimeUnit;
1995:             2             80  [Lcom.staros.proto.AwsCredentialType;
1996:             2             80  [Lcom.staros.proto.FileStoreType;
1997:             1             80  [Lcom.starrocks.common.CaseSensibility;
1998:             1             80  [Lcom.starrocks.common.InternalErrorCode;
1999:             2             80  [Lcom.starrocks.ha.FrontendNodeType;
2000:             2             80  [Lcom.starrocks.thrift.TOlapTableSchemaParam$_Fields;
2001:             2             80  [Lcom.sun.tools.javac.api.DiagnosticFormatter$Configuration$DiagnosticPart; (jdk.compiler@11.0.14)
2002:             2             80  [Lcom.sun.tools.javac.code.Directive$RequiresFlag; (jdk.compiler@11.0.14)
2003:             1             80  [Lcom.sun.tools.javac.code.Kinds$KindName; (jdk.compiler@11.0.14)
2004:             2             80  [Lcom.sun.tools.javac.comp.Infer$InferenceStep; (jdk.compiler@11.0.14)
2005:             2             80  [Lcom.sun.tools.javac.util.Log$WriterKind; (jdk.compiler@11.0.14)
2006:             1             80  [Lio.netty.handler.codec.http.HttpMethod$EnumNameMap$Node;
2007:             2             80  [Lio.trino.hive.$internal.org.codehaus.jackson.annotate.JsonAutoDetect$Visibility;
2008:             2             80  [Ljava.nio.charset.Charset; (java.base@11.0.14)
2009:             1             80  [Ljava.time.temporal.ChronoUnit; (java.base@11.0.14)
2010:             2             80  [Ljava.util.stream.StreamOpFlag$Type; (java.base@11.0.14)
2011:             2             80  [Ljavax.tools.Diagnostic$Kind; (java.compiler@11.0.14)
2012:             2             80  [Lorg.apache.logging.log4j.core.pattern.PatternFormatter;
2013:             2             80  [Lsun.security.jca.ProviderConfig; (java.base@11.0.14)
2014:             2             80  com.baidu.jprotobuf.pbrpc.transport.handler.RpcDataPackageDecoder
2015:             5             80  com.github.benmanes.caffeine.cache.Async$AsyncWeigher
2016:             5             80  com.github.benmanes.caffeine.cache.BoundedLocalCache$$Lambda$139/0x00000008401b3c40
2017:             5             80  com.google.gson.internal.ConstructorConstructor$6
2018:             5             80  com.sleepycat.je.CursorConfig
2019:             1             80  com.sleepycat.je.cleaner.TrackedFileSummary
2020:             1             80  com.sleepycat.je.rep.vlsn.VLSNIndex
2021:             2             80  com.sleepycat.je.utilint.DoubleExpMovingAvg
2022:             2             80  com.sleepycat.je.utilint.LongAvgRate
2023:             2             80  com.sleepycat.je.utilint.LongAvgRateMapStat
2024:             2             80  com.staros.proto.AwsCredentialInfo
2025:             2             80  com.staros.proto.AwsSimpleCredentialInfo
2026:             2             80  com.staros.proto.FileCacheInfo
2027:             2             80  com.staros.proto.FilePathInfo
2028:             1             80  com.staros.proto.ShardInfo
2029:             1             80  com.staros.proto.WorkerInfo
2030:             5             80  com.starrocks.common.GenericPool$ThriftClientFactory
2031:             2             80  com.starrocks.common.io.DataOutputBuffer
2032:             2             80  com.starrocks.journal.JournalTask
2033:             1             80  com.starrocks.metric.MetricCalculator
2034:             2             80  com.starrocks.metric.MetricRepo$2
2035:             2             80  com.starrocks.sql.optimizer.cost.CostEstimate
2036:             2             80  com.starrocks.sql.optimizer.rule.transformation.JoinAssociativityRule
2037:             2             80  com.starrocks.sql.optimizer.rule.transformation.JoinLeftAsscomRule
2038:             5             80  com.starrocks.statistic.StatisticExecutor
2039:             1             80  com.starrocks.system.Frontend
2040:             5             80  com.sun.proxy.$Proxy10
2041:             5             80  com.sun.proxy.$Proxy9
2042:             2             80  com.sun.tools.javac.file.Locations$ModulePathLocationHandler (jdk.compiler@11.0.14)
2043:             1             80  com.sun.tools.javac.util.Log (jdk.compiler@11.0.14)
2044:             5             80  io.grpc.netty.shaded.io.netty.channel.nio.NioEventLoop$1
2045:             2             80  io.grpc.netty.shaded.io.netty.handler.codec.http2.CharSequenceMap
2046:             2             80  io.grpc.netty.shaded.io.netty.handler.codec.http2.StreamBufferingEncoder
2047:             5             80  io.grpc.netty.shaded.io.netty.util.concurrent.FastThreadLocalRunnable
2048:             5             80  io.grpc.netty.shaded.io.netty.util.concurrent.SingleThreadEventExecutor$4
2049:             2             80  io.netty.channel.socket.nio.NioSocketChannel$NioSocketChannelUnsafe
2050:             2             80  io.netty.handler.codec.http.HttpVersion
2051:             1             80  io.netty.util.HashedWheelTimer
2052:             2             80  io.netty.util.Signal
2053:             5             80  io.netty.util.internal.ObjectPool$RecyclerObjectPool
2054:             2             80  io.opencensus.implcore.metrics.DerivedLongCumulativeImpl$PointWithFunction
2055:             2             80  io.prometheus.metrics.core.metrics.Gauge
2056:             2             80  java.io.ExpiringCache (java.base@11.0.14)
2057:             5             80  java.lang.ClassValue$Identity (java.base@11.0.14)
2058:             5             80  java.lang.Float (java.base@11.0.14)
2059:             2             80  java.lang.ModuleLayer (java.base@11.0.14)
2060:             2             80  java.lang.UnsupportedOperationException (java.base@11.0.14)
2061:             2             80  java.lang.VirtualMachineError (java.base@11.0.14)
2062:             1             80  java.lang.invoke.BoundMethodHandle$Species_LLLLLLIILLLL (java.base@11.0.14)
2063:             1             80  java.lang.invoke.BoundMethodHandle$Species_LLLLLLLLLIIL (java.base@11.0.14)
2064:             2             80  java.lang.invoke.VarHandleObjects$Array (java.base@11.0.14)
2065:             2             80  java.lang.module.Configuration (java.base@11.0.14)
2066:             2             80  java.util.Locale$Category (java.base@11.0.14)
2067:             5             80  java.util.concurrent.ConcurrentSkipListSet (java.base@11.0.14)
2068:             2             80  java.util.concurrent.PriorityBlockingQueue (java.base@11.0.14)
2069:             2             80  jdk.internal.loader.URLClassPath (java.base@11.0.14)
2070:             2             80  org.apache.logging.log4j.core.appender.OutputStreamManager
2071:             5             80  org.apache.logging.log4j.core.lookup.StrMatcher$CharMatcher
2072:             2             80  org.apache.logging.log4j.core.util.datetime.FastDateParser
2073:             1             80  org.apache.spark.util.SizeEstimator$
2074:             5             80  org.xnio.Option$10
2075:             5             80  org.xnio._private.Messages_$logger
2076:             1             80  org.xnio.nio.NioTcpServer
2077:             2             80  sun.management.MemoryManagerImpl (java.management@11.0.14)
2078:             2             80  sun.util.calendar.Era (java.base@11.0.14)
2079:             1             80  sun.util.cldr.CLDRLocaleProviderAdapter (java.base@11.0.14)
2080:             1             80  sun.util.locale.provider.JRELocaleProviderAdapter (java.base@11.0.14)
2081:             1             80  sun.util.locale.provider.LocaleProviderAdapter$NonExistentAdapter (java.base@11.0.14)
2082:             1             72  [Lcom.sleepycat.je.Get;
2083:             1             72  [Lcom.staros.exception.ExceptionCode;
2084:             1             72  [Lcom.starrocks.analysis.ArithmeticExpr$Operator;
2085:             1             72  [Lcom.starrocks.metric.Metric$MetricUnit;
2086:             1             72  [Lcom.starrocks.privilege.ObjectTypeDeprecate;
2087:             3             72  [Lcom.starrocks.thrift.TFeMemoryReq$_Fields;
2088:             3             72  [Lcom.starrocks.thrift.TFeMemoryRes$_Fields;
2089:             1             72  [Lcom.starrocks.thrift.TFileFormatType;
2090:             3             72  [Lcom.starrocks.thrift.TFunctionName$_Fields;
2091:             3             72  [Lcom.starrocks.thrift.TGetPartitionsMetaRequest$_Fields;
2092:             3             72  [Lcom.starrocks.thrift.TGetPartitionsMetaResponse$_Fields;
2093:             3             72  [Lcom.starrocks.thrift.TGetTablesConfigRequest$_Fields;
2094:             3             72  [Lcom.starrocks.thrift.TGetTablesConfigResponse$_Fields;
2095:             3             72  [Lcom.starrocks.thrift.TGetTaskRunInfoResult$_Fields;
2096:             3             72  [Lcom.starrocks.thrift.TGetTasksParams$_Fields;
2097:             3             72  [Lcom.starrocks.thrift.TKafkaRLTaskProgress$_Fields;
2098:             3             72  [Lcom.starrocks.thrift.TLoadTxnCommitResult$_Fields;
2099:             3             72  [Lcom.starrocks.thrift.TMasterResult$_Fields;
2100:             3             72  [Lcom.starrocks.thrift.TProjectNode$_Fields;
2101:             3             72  [Lcom.starrocks.thrift.TReportExecStatusResult$_Fields;
2102:             3             72  [Lcom.starrocks.thrift.TRuntimeFilterProberParams$_Fields;
2103:             3             72  [Lcom.starrocks.thrift.TScanRangeParams$_Fields;
2104:             3             72  [Lcom.starrocks.thrift.TStatus$_Fields;
2105:             4             72  [Lio.grpc.netty.shaded.io.netty.util.AsciiString;
2106:             3             72  [Lio.grpc.netty.shaded.io.netty.util.concurrent.GenericFutureListener;
2107:             3             72  [Ljava.net.InterfaceAddress; (java.base@11.0.14)
2108:             1             72  [Ljavax.management.openmbean.OpenType; (java.management@11.0.14)
2109:             1             72  [Ljavax.management.openmbean.SimpleType; (java.management@11.0.14)
2110:             1             72  [Ljavax.tools.StandardLocation; (java.compiler@11.0.14)
2111:             3             72  [Lorg.antlr.v4.runtime.dfa.DFAState$PredPrediction;
2112:             3             72  com.baidu.jprotobuf.pbrpc.CompressType
2113:             1             72  com.baidu.jprotobuf.pbrpc.transport.RpcClient
2114:             3             72  com.codahale.metrics.MetricRegistry
2115:             3             72  com.google.protobuf.DescriptorProtos$FieldDescriptorProto$Label
2116:             3             72  com.google.protobuf.Descriptors$DescriptorPool$SearchFilter
2117:             3             72  com.google.protobuf.Descriptors$FileDescriptor$Syntax
2118:             3             72  com.google.protobuf.MapField$StorageMode
2119:             3             72  com.sleepycat.je.Durability$ReplicaAckPolicy
2120:             3             72  com.sleepycat.je.Durability$SyncPolicy
2121:             3             72  com.sleepycat.je.ExtinctionFilter$ExtinctionStatus
2122:             3             72  com.sleepycat.je.StatsConfig
2123:             3             72  com.sleepycat.je.cleaner.FileSelector$FileStatus
2124:             1             72  com.sleepycat.je.dbi.BackupManager
2125:             3             72  com.sleepycat.je.log.LogEntryType$Replicable
2126:             3             72  com.sleepycat.je.log.Provisional
2127:             3             72  com.sleepycat.je.log.entry.RestoreRequired$FailureType
2128:             3             72  com.sleepycat.je.recovery.DirtyINMap$CkptState
2129:             3             72  com.sleepycat.je.rep.ReplicationBasicConfig
2130:             3             72  com.sleepycat.je.rep.utilint.net.SimpleDataChannel
2131:             1             72  com.sleepycat.je.rep.vlsn.VLSNRecoveryTracker
2132:             3             72  com.sleepycat.je.utilint.StringStat
2133:             3             72  com.sleepycat.je.utilint.TinyHashSet
2134:             1             72  com.staros.proto.CreateShardInfo
2135:             3             72  com.staros.proto.GetServiceRequest$IdentifierCase
2136:             3             72  com.staros.proto.GetWorkerRequest$IdentifierCase
2137:             3             72  com.staros.proto.ReplicaRole
2138:             3             72  com.staros.proto.ServiceState
2139:             1             72  com.staros.proto.ShardGroupInfo
2140:             1             72  com.staros.worker.Worker
2141:             3             72  com.starrocks.analysis.ArithmeticExpr$OperatorPosition
2142:             1             72  com.starrocks.catalog.MaterializedIndex
2143:             3             72  com.starrocks.catalog.MaterializedIndex$IndexExtState
2144:             3             72  com.starrocks.catalog.Partition$PartitionState
2145:             3             72  com.starrocks.catalog.TableProperty$QueryRewriteConsistencyMode
2146:             1             72  com.starrocks.common.PriorityThreadPoolExecutor
2147:             3             72  com.starrocks.journal.bdbje.CloseSafeDatabase
2148:             3             72  com.starrocks.load.LoadErrorHub$HubType
2149:             3             72  com.starrocks.load.routineload.ErrorReason
2150:             3             72  com.starrocks.plugin.PluginInfo$PluginType
2151:             3             72  com.starrocks.privilege.CatalogPEntryObject
2152:             3             72  com.starrocks.privilege.DbPEntryObject
2153:             3             72  com.starrocks.privilege.PipePEntryObject
2154:             3             72  com.starrocks.privilege.ResourceGroupPEntryObject
2155:             3             72  com.starrocks.service.FrontendOptions$HostType
2156:             3             72  com.starrocks.sql.ast.ShowCreateTableStmt$CreateTableType
2157:             3             72  com.starrocks.sql.optimizer.cost.HashJoinCostModel$JoinExecMode
2158:             3             72  com.starrocks.sql.optimizer.operator.TopNType
2159:             3             72  com.starrocks.sql.optimizer.operator.logical.LogicalLimitOperator$Phase
2160:             3             72  com.starrocks.sql.optimizer.operator.scalar.CompoundPredicateOperator$CompoundType
2161:             3             72  com.starrocks.sql.optimizer.rule.transformation.PushDownLimitDirectRule
2162:             3             72  com.starrocks.sql.optimizer.rule.transformation.PushDownPredicateToExternalTableScanRule
2163:             1             72  com.starrocks.sql.optimizer.statistics.ColumnStatistic
2164:             3             72  com.starrocks.statistic.StatsConstants$AnalyzeType
2165:             3             72  com.starrocks.system.Backend$BackendState
2166:             3             72  com.starrocks.system.HeartbeatResponse$Type
2167:             3             72  com.starrocks.thrift.TExplainLevel
2168:             3             72  com.starrocks.thrift.TFileType
2169:             3             72  com.starrocks.thrift.TLoadSourceType
2170:             3             72  com.starrocks.thrift.TLoadType
2171:             1             72  com.starrocks.thrift.TMasterInfo
2172:             3             72  com.starrocks.thrift.TQueryType
2173:             3             72  com.starrocks.thrift.TRunMode
2174:             3             72  com.starrocks.thrift.TSpillMode
2175:             3             72  com.starrocks.thrift.TStorageType
2176:             3             72  com.starrocks.thrift.TTabletType
2177:             3             72  com.starrocks.thrift.TTopNType
2178:             3             72  com.starrocks.thrift.TWriteQuorumType
2179:             3             72  com.sun.nio.file.SensitivityWatchEventModifier (jdk.unsupported@11.0.14)
2180:             3             72  com.sun.tools.doclint.HtmlTag$EndKind (jdk.compiler@11.0.14)
2181:             3             72  com.sun.tools.doclint.HtmlVersion (jdk.compiler@11.0.14)
2182:             3             72  com.sun.tools.javac.code.Attribute$RetentionPolicy (jdk.compiler@11.0.14)
2183:             3             72  com.sun.tools.javac.code.BoundKind (jdk.compiler@11.0.14)
2184:             3             72  com.sun.tools.javac.code.Symbol$ModuleFlags (jdk.compiler@11.0.14)
2185:             3             72  com.sun.tools.javac.code.Type$UndetVar$Kind (jdk.compiler@11.0.14)
2186:             3             72  com.sun.tools.javac.comp.Infer$GraphInferenceSteps (jdk.compiler@11.0.14)
2187:             3             72  com.sun.tools.javac.comp.Operators$ComparisonKind (jdk.compiler@11.0.14)
2188:             3             72  com.sun.tools.javac.main.Arguments$ErrorMode (jdk.compiler@11.0.14)
2189:             3             72  com.sun.tools.javac.main.JavaCompiler$ImplicitSourcePolicy (jdk.compiler@11.0.14)
2190:             3             72  com.sun.tools.javac.main.Option$ArgKind (jdk.compiler@11.0.14)
2191:             3             72  com.sun.tools.javac.main.Option$OptionKind (jdk.compiler@11.0.14)
2192:             3             72  com.sun.tools.javac.main.Option$PkgInfo (jdk.compiler@11.0.14)
2193:             3             72  com.sun.tools.javac.parser.Tokens$Comment$CommentStyle (jdk.compiler@11.0.14)
2194:             3             72  com.sun.tools.javac.util.AbstractDiagnosticFormatter$1 (jdk.compiler@11.0.14)
2195:             3             72  com.sun.tools.javac.util.BasicDiagnosticFormatter$BasicConfiguration$BasicFormatKind (jdk.compiler@11.0.14)
2196:             3             72  com.sun.tools.javac.util.Bits$BitsState (jdk.compiler@11.0.14)
2197:             3             72  com.sun.tools.javac.util.RichDiagnosticFormatter$RichConfiguration$RichFormatterFeature (jdk.compiler@11.0.14)
2198:             3             72  com.sun.tools.javac.util.RichDiagnosticFormatter$WhereClauseKind (jdk.compiler@11.0.14)
2199:             3             72  io.grpc.CallOptions$Key
2200:             3             72  io.grpc.Context$Key
2201:             3             72  io.grpc.SecurityLevel
2202:             3             72  io.grpc.SynchronizationContext
2203:             3             72  io.grpc.TlsChannelCredentials$Feature
2204:             3             72  io.grpc.TlsServerCredentials$Feature
2205:             3             72  io.grpc.internal.AtomicBackoff
2206:             3             72  io.grpc.internal.AutoConfiguredLoadBalancerFactory
2207:             3             72  io.grpc.internal.ConnectivityStateManager
2208:             3             72  io.grpc.internal.DelayedClientTransport$1
2209:             3             72  io.grpc.internal.DelayedClientTransport$2
2210:             3             72  io.grpc.internal.DelayedClientTransport$3
2211:             3             72  io.grpc.internal.ManagedChannelImpl$1ChannelCallTracerFactory
2212:             3             72  io.grpc.internal.ManagedChannelImpl$IdleModeStateAggregator
2213:             3             72  io.grpc.internal.ManagedChannelImpl$ResolutionState
2214:             3             72  io.grpc.internal.SharedResourceHolder$Instance
2215:             3             72  io.grpc.netty.shaded.io.grpc.netty.NegotiationType
2216:             3             72  io.grpc.netty.shaded.io.grpc.netty.Utils$FlowControlReader
2217:             3             72  io.grpc.netty.shaded.io.netty.buffer.UnreleasableByteBuf
2218:             3             72  io.grpc.netty.shaded.io.netty.handler.codec.http2.DefaultHttp2Connection$DefaultStream$PropertyMap
2219:             3             72  io.grpc.netty.shaded.io.netty.handler.codec.http2.DefaultHttp2Connection$PropertyKeyRegistry
2220:             3             72  io.grpc.netty.shaded.io.netty.handler.codec.http2.DefaultHttp2FrameWriter
2221:             3             72  io.grpc.netty.shaded.io.netty.handler.codec.http2.DefaultHttp2HeadersEncoder
2222:             3             72  io.grpc.netty.shaded.io.netty.handler.codec.http2.HpackDecoder$HeaderType
2223:             3             72  io.grpc.netty.shaded.io.netty.handler.codec.http2.HpackHuffmanDecoder
2224:             3             72  io.grpc.netty.shaded.io.netty.handler.codec.http2.HpackHuffmanEncoder$EncodedLengthProcessor
2225:             3             72  io.grpc.netty.shaded.io.netty.handler.codec.http2.HpackUtil$IndexType
2226:             3             72  io.grpc.netty.shaded.io.netty.handler.codec.http2.Http2ConnectionHandler$FrameDecoder
2227:             3             72  io.grpc.netty.shaded.io.netty.handler.codec.http2.Http2Exception$ShutdownHint
2228:             3             72  io.grpc.netty.shaded.io.netty.handler.codec.http2.Http2FrameLogger
2229:             3             72  io.grpc.netty.shaded.io.netty.handler.codec.http2.Http2InboundFrameLogger
2230:             3             72  io.grpc.netty.shaded.io.netty.handler.codec.http2.Http2OutboundFrameLogger
2231:             3             72  io.grpc.netty.shaded.io.netty.util.concurrent.DefaultFutureListeners
2232:             3             72  io.grpc.stub.ClientCalls$StubType
2233:             3             72  io.netty.channel.SucceededChannelFuture
2234:             3             72  io.netty.handler.codec.http.HttpContentEncoder$State
2235:             3             72  io.netty.util.concurrent.DefaultEventExecutorChooserFactory$PowerOfTwoEventExecutorChooser
2236:             3             72  io.netty.util.internal.DefaultPriorityQueue
2237:             1             72  io.opencensus.implcore.trace.export.SpanExporterImpl$Worker
2238:             3             72  java.lang.StackStreamFactory$WalkerState (java.base@11.0.14)
2239:             3             72  java.lang.StackWalker$Option (java.base@11.0.14)
2240:             3             72  java.lang.WeakPairMap (java.base@11.0.14)
2241:             3             72  java.lang.annotation.RetentionPolicy (java.base@11.0.14)
2242:             3             72  java.lang.invoke.MethodHandleImpl$ArrayAccess (java.base@11.0.14)
2243:             3             72  java.lang.invoke.MethodHandles$Lookup (java.base@11.0.14)
2244:             3             72  java.lang.invoke.StringConcatFactory$Mode (java.base@11.0.14)
2245:             3             72  java.net.Proxy$Type (java.base@11.0.14)
2246:             3             72  java.nio.file.AccessMode (java.base@11.0.14)
2247:             3             72  java.nio.file.FileTreeWalker$EventType (java.base@11.0.14)
2248:             3             72  java.nio.file.StandardCopyOption (java.base@11.0.14)
2249:             3             72  java.security.SecurityPermission (java.base@11.0.14)
2250:             3             72  java.time.ZoneOffset (java.base@11.0.14)
2251:             3             72  java.time.format.ResolverStyle (java.base@11.0.14)
2252:             3             72  java.util.concurrent.Executors$DelegatedScheduledExecutorService (java.base@11.0.14)
2253:             3             72  java.util.stream.Collector$Characteristics (java.base@11.0.14)
2254:             3             72  java.util.stream.MatchOps$MatchKind (java.base@11.0.14)
2255:             3             72  jdk.internal.loader.URLClassPath$FileLoader (java.base@11.0.14)
2256:             3             72  jdk.internal.math.FloatingDecimal$ExceptionalBinaryToASCIIBuffer (java.base@11.0.14)
2257:             3             72  jdk.internal.misc.Signal (java.base@11.0.14)
2258:             3             72  jdk.internal.module.IllegalAccessLogger$Mode (java.base@11.0.14)
2259:             3             72  org.antlr.v4.runtime.CodePointBuffer$Type
2260:             3             72  org.antlr.v4.runtime.atn.PredictionMode
2261:             3             72  org.antlr.v4.runtime.dfa.DFAState$PredPrediction
2262:             3             72  org.apache.logging.log4j.core.config.plugins.util.PluginManager
2263:             3             72  org.apache.logging.log4j.core.util.DummyNanoClock
2264:             3             72  org.apache.logging.log4j.message.ParameterizedNoReferenceMessageFactory$StatusMessage
2265:             3             72  org.xnio.FileAccess
2266:             1             72  scala.reflect.ClassManifestFactory$
2267:             3             72  sun.nio.fs.AbstractPoller$RequestType (java.base@11.0.14)
2268:             3             72  sun.nio.fs.ExtendedOptions$Wrapper (java.base@11.0.14)
2269:             3             72  sun.security.provider.NativePRNG$Variant (java.base@11.0.14)
2270:             2             64  [Lcom.baidu.jprotobuf.pbrpc.CompressType;
2271:             2             64  [Lcom.google.common.cache.LocalCache$Segment;
2272:             2             64  [Lcom.google.protobuf.DescriptorProtos$FieldDescriptorProto$Label;
2273:             1             64  [Lcom.google.re2j.Inst$Op;
2274:             2             64  [Lcom.sleepycat.je.Durability$ReplicaAckPolicy;
2275:             2             64  [Lcom.sleepycat.je.Durability$SyncPolicy;
2276:             2             64  [Lcom.sleepycat.je.evictor.Evictor$LRUList;
2277:             2             64  [Lcom.sleepycat.je.evictor.OffHeapCache$LRUList;
2278:             2             64  [Lcom.staros.proto.ReplicaRole;
2279:             2             64  [Lcom.staros.proto.ServiceState;
2280:             2             64  [Lcom.staros.proto.WorkerGroupState;
2281:             2             64  [Lcom.staros.proto.WorkerState;
2282:             1             64  [Lcom.starrocks.catalog.ResourceGroupClassifier$QueryType;
2283:             2             64  [Lcom.starrocks.thrift.TBackend$_Fields;
2284:             2             64  [Lcom.starrocks.thrift.TCounterStrategy$_Fields;
2285:             1             64  [Lcom.starrocks.thrift.TDataSinkType;
2286:             1             64  [Lcom.starrocks.thrift.TJoinOp;
2287:             2             64  [Lcom.starrocks.thrift.TNodeInfo$_Fields;
2288:             2             64  [Lcom.starrocks.thrift.TOlapTableColumnParam$_Fields;
2289:             2             64  [Lcom.starrocks.thrift.TOlapTableLocationParam$_Fields;
2290:             2             64  [Lcom.starrocks.thrift.TSpillMode;
2291:             2             64  [Lcom.sun.tools.doclint.HtmlTag$Flag; (jdk.compiler@11.0.14)
2292:             2             64  [Lcom.sun.tools.javac.code.Symbol$ModuleFlags; (jdk.compiler@11.0.14)
2293:             2             64  [Lcom.sun.tools.javac.code.Symbol$ModuleResolutionFlags; (jdk.compiler@11.0.14)
2294:             2             64  [Lcom.sun.tools.javac.code.Type$UndetVar$InferenceBound; (jdk.compiler@11.0.14)
2295:             2             64  [Lcom.sun.tools.javac.comp.Analyzer$AnalyzerMode; (jdk.compiler@11.0.14)
2296:             1             64  [Lcom.sun.tools.javac.comp.Operators$OperatorType; (jdk.compiler@11.0.14)
2297:             2             64  [Lcom.sun.tools.javac.util.BasicDiagnosticFormatter$BasicConfiguration$BasicFormatKind; (jdk.compiler@11.0.14)
2298:             2             64  [Lcom.sun.tools.javac.util.RichDiagnosticFormatter$RichConfiguration$RichFormatterFeature; (jdk.compiler@11.0.14)
2299:             2             64  [Lcom.sun.tools.javac.util.RichDiagnosticFormatter$WhereClauseKind; (jdk.compiler@11.0.14)
2300:             2             64  [Lio.grpc.TlsChannelCredentials$Feature;
2301:             2             64  [Lio.grpc.TlsServerCredentials$Feature;
2302:             1             64  [Lio.netty.handler.codec.http.HttpObjectDecoder$State;
2303:             2             64  [Ljava.lang.StackWalker$Option; (java.base@11.0.14)
2304:             2             64  [Ljava.lang.annotation.RetentionPolicy; (java.base@11.0.14)
2305:             1             64  [Ljava.lang.invoke.MethodHandleImpl$Intrinsic; (java.base@11.0.14)
2306:             2             64  [Ljava.nio.charset.CoderResult; (java.base@11.0.14)
2307:             2             64  [Ljava.util.stream.Collector$Characteristics; (java.base@11.0.14)
2308:             1             64  [Ljavax.lang.model.SourceVersion; (java.compiler@11.0.14)
2309:             2             64  [Ljavax.tools.JavaFileObject$Kind; (java.compiler@11.0.14)
2310:             2             64  [Lorg.xnio.FileAccess;
2311:             2             64  com.baidu.jprotobuf.pbrpc.transport.Connection
2312:             2             64  com.baidu.jprotobuf.pbrpc.transport.handler.RpcClientServiceHandler
2313:             2             64  com.baidu.jprotobuf.pbrpc.transport.handler.RpcDataPackageEncoder
2314:             2             64  com.github.benmanes.caffeine.cache.References$WeakKeyReference
2315:             1             64  com.google.common.cache.CacheStats
2316:             2             64  com.google.common.io.BaseEncoding$StandardBaseEncoding
2317:             4             64  com.google.gson.Gson$1
2318:             4             64  com.google.gson.Gson$2
2319:             4             64  com.google.gson.Gson$4
2320:             4             64  com.google.gson.Gson$5
2321:             1             64  com.google.gson.GsonBuilder
2322:             4             64  com.google.gson.internal.LinkedTreeMap$EntrySet
2323:             4             64  com.google.gson.internal.bind.CollectionTypeAdapterFactory
2324:             4             64  com.google.gson.internal.bind.JsonAdapterAnnotationTypeAdapterFactory
2325:             1             64  com.google.protobuf.CodedInputStream$ArrayDecoder
2326:             1             64  com.google.protobuf.MapFieldLite
2327:             4             64  com.sleepycat.je.PreloadStatus
2328:             4             64  com.sleepycat.je.dbi.DbEnvState
2329:             1             64  com.sleepycat.je.dbi.MemoryBudget
2330:             1             64  com.sleepycat.je.log.FSyncManager
2331:             1             64  com.sleepycat.je.recovery.Checkpointer$FlushStats
2332:             2             64  com.sleepycat.je.recovery.RecoveryManager$RedoEligible
2333:             1             64  com.sleepycat.je.rep.elections.RankingProposer
2334:             1             64  com.sleepycat.je.rep.impl.node.DbCache$DbCacheLinkedHashMap
2335:             2             64  com.sleepycat.je.txn.LockImpl
2336:             1             64  com.sleepycat.je.util.verify.DataVerifier
2337:             1             64  com.sleepycat.je.utilint.JETaskCoordinator
2338:             1             64  com.staros.proto.AddShardInfo
2339:             1             64  com.staros.proto.StarManagerImageMetaHeader
2340:             1             64  com.staros.proto.WorkerGroupDetailInfo
2341:             1             64  com.staros.proto.WorkerHeartbeatRequest
2342:             2             64  com.starrocks.catalog.HashDistributionInfo
2343:             2             64  com.starrocks.http.action.StaticResourceAction
2344:             1             64  com.starrocks.http.rest.TransactionLoadAction$1
2345:             2             64  com.starrocks.journal.bdbje.BDBJEJournal
2346:             2             64  com.starrocks.lake.compaction.PartitionVersion
2347:             2             64  com.starrocks.mysql.privilege.Role
2348:             2             64  com.starrocks.privilege.MaterializedViewPEntryObject
2349:             2             64  com.starrocks.privilege.RolePrivilegeCollectionV2$RoleFlags
2350:             4             64  com.starrocks.privilege.StorageVolumePEntryObject
2351:             2             64  com.starrocks.privilege.ViewPEntryObject
2352:             4             64  com.starrocks.task.LeaderTaskExecutor$TaskChecker
2353:             2             64  com.starrocks.thrift.TCaseExpr$_Fields
2354:             2             64  com.starrocks.thrift.TFunctionName$_Fields
2355:             2             64  com.starrocks.thrift.TGetTasksParams$_Fields
2356:             2             64  com.starrocks.thrift.THeartbeatResult$_Fields
2357:             2             64  com.starrocks.thrift.TInfoFunc$_Fields
2358:             2             64  com.starrocks.thrift.TKafkaRLTaskProgress$_Fields
2359:             2             64  com.starrocks.thrift.TLoadTxnCommitResult$_Fields
2360:             2             64  com.starrocks.thrift.TMasterResult$_Fields
2361:             2             64  com.starrocks.thrift.TNetworkAddress$_Fields
2362:             2             64  com.starrocks.thrift.TNodesInfo$_Fields
2363:             2             64  com.starrocks.thrift.TOlapTableIndexTablets$_Fields
2364:             2             64  com.starrocks.thrift.TProjectNode$_Fields
2365:             2             64  com.starrocks.thrift.TRuntimeFilterProberParams$_Fields
2366:             2             64  com.starrocks.thrift.TScanRangeLocations$_Fields
2367:             2             64  com.starrocks.thrift.TScanRangeParams$_Fields
2368:             2             64  com.starrocks.thrift.TSlotRef$_Fields
2369:             2             64  com.starrocks.thrift.TStatus$_Fields
2370:             2             64  com.starrocks.thrift.TTabletLocation$_Fields
2371:             2             64  com.starrocks.thrift.TUniqueId$_Fields
2372:             2             64  com.sun.org.apache.xerces.internal.utils.XMLSecurityPropertyManager$Property (java.xml@11.0.14)
2373:             4             64  com.sun.proxy.$Proxy11
2374:             4             64  com.sun.proxy.$Proxy28
2375:             4             64  com.sun.proxy.$Proxy38
2376:             2             64  com.sun.tools.javac.comp.Flow$FlowKind (jdk.compiler@11.0.14)
2377:             1             64  com.sun.tools.javac.main.Option$2 (jdk.compiler@11.0.14)
2378:             4             64  io.grpc.Attributes
2379:             4             64  io.grpc.census.CensusTracingModule$ServerTracerFactory
2380:             4             64  io.grpc.census.CensusTracingModule$TracingClientInterceptor
2381:             2             64  io.grpc.internal.AutoConfiguredLoadBalancerFactory$AutoConfiguredLoadBalancer
2382:             2             64  io.grpc.internal.InternalSubchannel$TransportListener
2383:             1             64  io.grpc.internal.KeepAliveManager
2384:             2             64  io.grpc.netty.shaded.io.grpc.netty.ClientTransportLifecycleManager
2385:             2             64  io.grpc.netty.shaded.io.grpc.netty.GrpcHttp2HeadersUtils$GrpcHttp2ClientHeadersDecoder
2386:             4             64  io.grpc.netty.shaded.io.grpc.netty.ProtocolNegotiators$PlaintextProtocolNegotiator
2387:             4             64  io.grpc.netty.shaded.io.netty.channel.DefaultMaxMessagesRecvByteBufAllocator$MaxMessageHandle$1
2388:             4             64  io.grpc.netty.shaded.io.netty.channel.VoidChannelPromise$1
2389:             4             64  io.grpc.netty.shaded.io.netty.channel.nio.AbstractNioChannel$1
2390:             2             64  io.grpc.netty.shaded.io.netty.channel.nio.NioEventLoopGroup
2391:             1             64  io.grpc.netty.shaded.io.netty.channel.socket.nio.NioServerSocketChannel$NioServerSocketChannelConfig
2392:             1             64  io.grpc.netty.shaded.io.netty.util.concurrent.GlobalEventExecutor
2393:             2             64  io.netty.buffer.EmptyByteBuf
2394:             1             64  io.netty.buffer.PooledByteBufAllocator
2395:             1             64  io.netty.channel.socket.nio.NioServerSocketChannel$NioServerSocketChannelConfig
2396:             2             64  io.netty.util.ResourceLeakDetector
2397:             2             64  io.netty.util.Signal$SignalConstant
2398:             1             64  io.netty.util.concurrent.GlobalEventExecutor
2399:             2             64  io.opencensus.implcore.metrics.DerivedLongCumulativeImpl
2400:             4             64  io.opencensus.tags.AutoValue_TagMetadata
2401:             1             64  io.prometheus.metrics.config.MetricsProperties
2402:             4             64  io.trino.hive.$internal.org.codehaus.jackson.map.introspect.AnnotationMap
2403:             1             64  io.trino.hive.$internal.org.codehaus.jackson.sym.BytesToNameCanonicalizer
2404:             2             64  java.lang.ref.ReferenceQueue$Null (java.base@11.0.14)
2405:             2             64  java.time.format.DateTimeFormatterBuilder$TextPrinterParser (java.base@11.0.14)
2406:             2             64  java.time.temporal.IsoFields$Unit (java.base@11.0.14)
2407:             2             64  java.util.PropertyPermission (java.base@11.0.14)
2408:             1             64  java.util.logging.LogManager$RootLogger (java.logging@11.0.14)
2409:             2             64  java.util.regex.Pattern$BnM (java.base@11.0.14)
2410:             2             64  java.util.stream.FindOps$FindOp (java.base@11.0.14)
2411:             2             64  jdk.internal.reflect.UnsafeQualifiedBooleanFieldAccessorImpl (java.base@11.0.14)
2412:             2             64  jdk.internal.reflect.UnsafeStaticDoubleFieldAccessorImpl (java.base@11.0.14)
2413:             4             64  org.antlr.v4.runtime.atn.WildcardTransition
2414:             2             64  org.apache.commons.collections4.queue.CircularFifoQueue
2415:             2             64  org.apache.commons.pool2.impl.GenericKeyedObjectPool$ObjectDeque
2416:             4             64  org.apache.logging.log4j.core.lookup.StrMatcher$StringMatcher
2417:             2             64  org.apache.logging.log4j.core.util.datetime.FastDatePrinter
2418:             2             64  org.apache.logging.log4j.util.PropertiesUtil$Environment
2419:             2             64  org.apache.logging.log4j.util.SortedArrayStringMap
2420:             1             64  org.apache.spark.internal.config.Tests$
2421:             4             64  org.xnio.OptionMap
2422:             2             64  org.xnio.TypeSequenceOption
2423:             1             64  org.xnio.nio.NioXnioWorker
2424:             2             64  sun.nio.ch.FileKey (java.base@11.0.14)
2425:             2             64  sun.nio.ch.FileLockTable$FileLockReference (java.base@11.0.14)
2426:             2             64  sun.security.provider.FileInputStreamPool$StreamRef (java.base@11.0.14)
2427:             1             64  sun.security.provider.SHA2$SHA256 (java.base@11.0.14)
2428:             1             64  sun.security.provider.SHA5$SHA512 (java.base@11.0.14)
2429:             2             64  sun.util.locale.UnicodeLocaleExtension (java.base@11.0.14)
2430:             1             56  [Lcom.google.gson.stream.JsonToken;
2431:             1             56  [Lcom.google.protobuf.Descriptors$FieldDescriptor$JavaType;
2432:             1             56  [Lcom.google.protobuf.WireFormat$JavaType;
2433:             1             56  [Lcom.starrocks.analysis.JoinOperator;
2434:             1             56  [Lcom.starrocks.load.EtlJobType;
2435:             1             56  [Lcom.starrocks.thrift.TAggregationType;
2436:             1             56  [Lcom.starrocks.thrift.TUnit;
2437:             1             56  [Lcom.starrocks.transaction.TransactionState$LoadJobSourceType;
2438:             1             56  [Lcom.sun.org.apache.xerces.internal.impl.XMLScanner$NameType; (java.xml@11.0.14)
2439:             1             56  [Lcom.sun.org.apache.xerces.internal.utils.XMLSecurityManager$Limit; (java.xml@11.0.14)
2440:             1             56  [Lcom.sun.tools.javac.code.Source; (jdk.compiler@11.0.14)
2441:             1             56  [Lcom.sun.tools.javac.comp.CompileStates$CompileState; (jdk.compiler@11.0.14)
2442:             2             56  [Lio.grpc.netty.shaded.io.netty.util.concurrent.EventExecutor;
2443:             1             56  [Lio.opencensus.trace.export.SampledSpanStore$LatencyBucketBoundaries;
2444:             1             56  [Lio.trino.hive.$internal.org.codehaus.jackson.JsonParser$Feature;
2445:             1             56  [Ljava.io.File; (java.base@11.0.14)
2446:             1             56  [Ljava.lang.Runnable; (java.base@11.0.14)
2447:             1             56  [Ljava.nio.file.StandardOpenOption; (java.base@11.0.14)
2448:             2             56  [Ljava.util.Map; (java.base@11.0.14)
2449:             2             56  [Lorg.antlr.v4.runtime.atn.LexerAction;
2450:             1             56  [Lorg.apache.commons.pool2.PooledObjectState;
2451:             1             56  com.fasterxml.uuid.UUIDTimer
2452:             1             56  com.google.common.collect.TreeMultiset$AvlNode
2453:             1             56  com.sleepycat.je.EnvironmentFailureException
2454:             1             56  com.sleepycat.je.latch.LatchWithStatsImpl
2455:             1             56  com.sleepycat.je.log.FileManager$LogEndFileDescriptor
2456:             1             56  com.sleepycat.je.rep.ReplicatedEnvironment
2457:             1             56  com.sleepycat.je.rep.elections.Elections$RebroadcastTask
2458:             1             56  com.sleepycat.je.rep.impl.RepImpl$InternalReplicatedEnvironment
2459:             1             56  com.sleepycat.je.rep.impl.node.ChannelTimeoutTask
2460:             1             56  com.sleepycat.je.rep.impl.node.Replay$GroupCommit
2461:             1             56  com.sleepycat.je.rep.stream.FeederTxns
2462:             1             56  com.sleepycat.je.rep.vlsn.VLSNBucket
2463:             1             56  com.sleepycat.je.rep.vlsn.VLSNTracker
2464:             1             56  com.sleepycat.je.statcap.JvmStats
2465:             1             56  com.sleepycat.je.txn.WriteLockInfo
2466:             1             56  com.staros.manager.StarManager
2467:             1             56  com.staros.proto.StarletHeartbeatRequest
2468:             1             56  com.staros.proto.UpdateWorkerGroupRequest
2469:             1             56  com.staros.schedule.ShardSchedulerV2
2470:             1             56  com.staros.shard.ShardManager
2471:             1             56  com.staros.worker.WorkerGroup
2472:             1             56  com.starrocks.catalog.DynamicPartitionProperty
2473:             1             56  com.starrocks.clone.ClusterLoadStatistic
2474:             1             56  com.starrocks.journal.bdbje.BDBEnvironment
2475:             1             56  com.starrocks.monitor.jvm.JvmInfo$Mem
2476:             1             56  com.starrocks.privilege.AuthorizationMgr
2477:             1             56  com.starrocks.qe.QueryState
2478:             1             56  com.sun.tools.javac.file.Locations (jdk.compiler@11.0.14)
2479:             1             56  com.sun.tools.javac.main.Option$1 (jdk.compiler@11.0.14)
2480:             1             56  com.sun.tools.javac.main.Option$10 (jdk.compiler@11.0.14)
2481:             1             56  com.sun.tools.javac.main.Option$11 (jdk.compiler@11.0.14)
2482:             1             56  com.sun.tools.javac.main.Option$12 (jdk.compiler@11.0.14)
2483:             1             56  com.sun.tools.javac.main.Option$13 (jdk.compiler@11.0.14)
2484:             1             56  com.sun.tools.javac.main.Option$14 (jdk.compiler@11.0.14)
2485:             1             56  com.sun.tools.javac.main.Option$15 (jdk.compiler@11.0.14)
2486:             1             56  com.sun.tools.javac.main.Option$16 (jdk.compiler@11.0.14)
2487:             1             56  com.sun.tools.javac.main.Option$17 (jdk.compiler@11.0.14)
2488:             1             56  com.sun.tools.javac.main.Option$18 (jdk.compiler@11.0.14)
2489:             1             56  com.sun.tools.javac.main.Option$19 (jdk.compiler@11.0.14)
2490:             1             56  com.sun.tools.javac.main.Option$20 (jdk.compiler@11.0.14)
2491:             1             56  com.sun.tools.javac.main.Option$21 (jdk.compiler@11.0.14)
2492:             1             56  com.sun.tools.javac.main.Option$22 (jdk.compiler@11.0.14)
2493:             1             56  com.sun.tools.javac.main.Option$23 (jdk.compiler@11.0.14)
2494:             1             56  com.sun.tools.javac.main.Option$24 (jdk.compiler@11.0.14)
2495:             1             56  com.sun.tools.javac.main.Option$25 (jdk.compiler@11.0.14)
2496:             1             56  com.sun.tools.javac.main.Option$26 (jdk.compiler@11.0.14)
2497:             1             56  com.sun.tools.javac.main.Option$27 (jdk.compiler@11.0.14)
2498:             1             56  com.sun.tools.javac.main.Option$28 (jdk.compiler@11.0.14)
2499:             1             56  com.sun.tools.javac.main.Option$29 (jdk.compiler@11.0.14)
2500:             1             56  com.sun.tools.javac.main.Option$3 (jdk.compiler@11.0.14)
2501:             1             56  com.sun.tools.javac.main.Option$30 (jdk.compiler@11.0.14)
2502:             1             56  com.sun.tools.javac.main.Option$31 (jdk.compiler@11.0.14)
2503:             1             56  com.sun.tools.javac.main.Option$32 (jdk.compiler@11.0.14)
2504:             1             56  com.sun.tools.javac.main.Option$33 (jdk.compiler@11.0.14)
2505:             1             56  com.sun.tools.javac.main.Option$34 (jdk.compiler@11.0.14)
2506:             1             56  com.sun.tools.javac.main.Option$35 (jdk.compiler@11.0.14)
2507:             1             56  com.sun.tools.javac.main.Option$36 (jdk.compiler@11.0.14)
2508:             1             56  com.sun.tools.javac.main.Option$37 (jdk.compiler@11.0.14)
2509:             1             56  com.sun.tools.javac.main.Option$38 (jdk.compiler@11.0.14)
2510:             1             56  com.sun.tools.javac.main.Option$4 (jdk.compiler@11.0.14)
2511:             1             56  com.sun.tools.javac.main.Option$5 (jdk.compiler@11.0.14)
2512:             1             56  com.sun.tools.javac.main.Option$6 (jdk.compiler@11.0.14)
2513:             1             56  com.sun.tools.javac.main.Option$7 (jdk.compiler@11.0.14)
2514:             1             56  com.sun.tools.javac.main.Option$8 (jdk.compiler@11.0.14)
2515:             1             56  com.sun.tools.javac.main.Option$9 (jdk.compiler@11.0.14)
2516:             1             56  io.grpc.netty.shaded.io.netty.channel.ServerChannelRecvByteBufAllocator$1
2517:             1             56  io.netty.bootstrap.ServerBootstrap
2518:             1             56  io.netty.channel.ServerChannelRecvByteBufAllocator$1
2519:             1             56  io.prometheus.metrics.config.ExporterOpenTelemetryProperties
2520:             1             56  io.trino.hive.$internal.org.codehaus.jackson.map.ObjectMapper
2521:             1             56  io.trino.hive.$internal.org.codehaus.jackson.map.ser.StdSerializerProvider
2522:             1             56  java.lang.invoke.BoundMethodHandle$Specializer (java.base@11.0.14)
2523:             1             56  java.net.SocketPermission (java.base@11.0.14)
2524:             1             56  java.util.logging.LogManager (java.logging@11.0.14)
2525:             1             56  jdk.internal.ref.CleanerImpl$SoftCleanableRef (java.base@11.0.14)
2526:             1             56  org.apache.logging.log4j.status.StatusLogger
2527:             1             56  org.xnio.nio.NioTcpServerHandle
2528:             1             56  scala.collection.immutable.Vector
2529:             1             56  sun.security.provider.MD5 (java.base@11.0.14)
2530:             1             48  [Lcom.sleepycat.je.CacheMode;
2531:             1             48  [Lcom.sleepycat.je.rep.utilint.ServiceDispatcher$Response;
2532:             1             48  [Lcom.sleepycat.je.txn.LockGrantType;
2533:             2             48  [Lcom.staros.proto.ShardState;
2534:             1             48  [Lcom.starrocks.analysis.BinaryType;
2535:             1             48  [Lcom.starrocks.catalog.OlapTable$OlapTableState;
2536:             1             48  [Lcom.starrocks.catalog.Replica$ReplicaState;
2537:             1             48  [Lcom.starrocks.catalog.Resource$ResourceType;
2538:             1             48  [Lcom.starrocks.common.profile.Tracers$Module;
2539:             2             48  [Lcom.starrocks.journal.JournalFactory$JournalType;
2540:             1             48  [Lcom.starrocks.load.FailMsg$CancelType;
2541:             1             48  [Lcom.starrocks.load.loadv2.JobState;
2542:             2             48  [Lcom.starrocks.load.routineload.LoadDataSourceType;
2543:             1             48  [Lcom.starrocks.planner.JoinNode$DistributionMode;
2544:             2             48  [Lcom.starrocks.thrift.BackendService$submit_routine_load_task_args$_Fields;
2545:             2             48  [Lcom.starrocks.thrift.BackendService$submit_routine_load_task_result$_Fields;
2546:             2             48  [Lcom.starrocks.thrift.BackendService$submit_tasks_args$_Fields;
2547:             2             48  [Lcom.starrocks.thrift.BackendService$submit_tasks_result$_Fields;
2548:             2             48  [Lcom.starrocks.thrift.FrontendService$finishTask_args$_Fields;
2549:             2             48  [Lcom.starrocks.thrift.FrontendService$finishTask_result$_Fields;
2550:             2             48  [Lcom.starrocks.thrift.FrontendService$getPartitionsMeta_args$_Fields;
2551:             2             48  [Lcom.starrocks.thrift.FrontendService$getPartitionsMeta_result$_Fields;
2552:             2             48  [Lcom.starrocks.thrift.FrontendService$getTablesConfig_args$_Fields;
2553:             2             48  [Lcom.starrocks.thrift.FrontendService$getTablesConfig_result$_Fields;
2554:             2             48  [Lcom.starrocks.thrift.FrontendService$getTaskRuns_args$_Fields;
2555:             2             48  [Lcom.starrocks.thrift.FrontendService$getTaskRuns_result$_Fields;
2556:             2             48  [Lcom.starrocks.thrift.FrontendService$getTasks_args$_Fields;
2557:             2             48  [Lcom.starrocks.thrift.FrontendService$getTasks_result$_Fields;
2558:             2             48  [Lcom.starrocks.thrift.FrontendService$listFeMemoryUsage_args$_Fields;
2559:             2             48  [Lcom.starrocks.thrift.FrontendService$listFeMemoryUsage_result$_Fields;
2560:             2             48  [Lcom.starrocks.thrift.FrontendService$loadTxnCommit_args$_Fields;
2561:             2             48  [Lcom.starrocks.thrift.FrontendService$loadTxnCommit_result$_Fields;
2562:             2             48  [Lcom.starrocks.thrift.FrontendService$reportExecStatus_args$_Fields;
2563:             2             48  [Lcom.starrocks.thrift.FrontendService$reportExecStatus_result$_Fields;
2564:             2             48  [Lcom.starrocks.thrift.FrontendService$report_args$_Fields;
2565:             2             48  [Lcom.starrocks.thrift.FrontendService$report_result$_Fields;
2566:             2             48  [Lcom.starrocks.thrift.HeartbeatService$heartbeat_args$_Fields;
2567:             2             48  [Lcom.starrocks.thrift.HeartbeatService$heartbeat_result$_Fields;
2568:             2             48  [Lcom.starrocks.thrift.TAggregateExpr$_Fields;
2569:             2             48  [Lcom.starrocks.thrift.TCaseExpr$_Fields;
2570:             2             48  [Lcom.starrocks.thrift.TExpr$_Fields;
2571:             2             48  [Lcom.starrocks.thrift.TGetTaskInfoResult$_Fields;
2572:             2             48  [Lcom.starrocks.thrift.THeartbeatResult$_Fields;
2573:             2             48  [Lcom.starrocks.thrift.TInfoFunc$_Fields;
2574:             2             48  [Lcom.starrocks.thrift.TIntLiteral$_Fields;
2575:             1             48  [Lcom.starrocks.thrift.TJoinDistributionMode;
2576:             2             48  [Lcom.starrocks.thrift.TNetworkAddress$_Fields;
2577:             2             48  [Lcom.starrocks.thrift.TNodesInfo$_Fields;
2578:             2             48  [Lcom.starrocks.thrift.TOlapTable$_Fields;
2579:             2             48  [Lcom.starrocks.thrift.TOlapTableIndexTablets$_Fields;
2580:             2             48  [Lcom.starrocks.thrift.TPlan$_Fields;
2581:             1             48  [Lcom.starrocks.thrift.TRuntimeFilterBuildJoinMode;
2582:             2             48  [Lcom.starrocks.thrift.TScanRangeLocations$_Fields;
2583:             2             48  [Lcom.starrocks.thrift.TSchemaTable$_Fields;
2584:             2             48  [Lcom.starrocks.thrift.TSlotRef$_Fields;
2585:             2             48  [Lcom.starrocks.thrift.TStringLiteral$_Fields;
2586:             2             48  [Lcom.starrocks.thrift.TTabletInternalParallelMode;
2587:             2             48  [Lcom.starrocks.thrift.TTabletLocation$_Fields;
2588:             2             48  [Lcom.starrocks.thrift.TTypeDesc$_Fields;
2589:             2             48  [Lcom.starrocks.thrift.TUniqueId$_Fields;
2590:             2             48  [Lcom.sun.activation.registries.MimeTypeFile;
2591:             2             48  [Lcom.sun.tools.javac.code.Directive$ExportsFlag; (jdk.compiler@11.0.14)
2592:             2             48  [Lcom.sun.tools.javac.code.Directive$OpensFlag; (jdk.compiler@11.0.14)
2593:             1             48  [Lcom.sun.tools.javac.code.Symbol$OperatorSymbol$AccessCode; (jdk.compiler@11.0.14)
2594:             2             48  [Lcom.sun.tools.javac.code.TypeMetadata$Entry$Kind; (jdk.compiler@11.0.14)
2595:             1             48  [Lcom.sun.tools.javac.jvm.ClassFile$Version; (jdk.compiler@11.0.14)
2596:             2             48  [Lcom.sun.tools.javac.jvm.ClassReader$AttributeKind; (jdk.compiler@11.0.14)
2597:             1             48  [Lcom.sun.tools.javac.util.Dependencies$CompletionCause; (jdk.compiler@11.0.14)
2598:             1             48  [Lio.grpc.netty.shaded.io.netty.handler.codec.http2.Http2Stream$State;
2599:             2             48  [Lio.netty.util.concurrent.GenericFutureListener;
2600:             1             48  [Lio.opencensus.metrics.export.MetricDescriptor$Type;
2601:             2             48  [Lio.opencensus.trace.Span$Options;
2602:             1             48  [Lio.trino.hive.$internal.org.codehaus.jackson.JsonGenerator$Feature;
2603:             3             48  [Ljava.lang.annotation.Annotation; (java.base@11.0.14)
2604:             1             48  [Ljava.lang.management.MemoryPoolMXBean; (java.management@11.0.14)
2605:             1             48  [Ljava.math.RoundingMode; (java.base@11.0.14)
2606:             3             48  [Ljava.net.NetworkInterface; (java.base@11.0.14)
2607:             2             48  [Ljava.nio.file.FileVisitOption; (java.base@11.0.14)
2608:             3             48  [Ljava.security.cert.Certificate; (java.base@11.0.14)
2609:             2             48  [Ljava.time.ZoneOffset; (java.base@11.0.14)
2610:             2             48  [Ljava.util.concurrent.ConcurrentHashMap$CounterCell; (java.base@11.0.14)
2611:             1             48  [Ljava.util.concurrent.ForkJoinPool$WorkQueue; (java.base@11.0.14)
2612:             1             48  [Lorg.antlr.v4.runtime.atn.LexerActionType;
2613:             1             48  [Lorg.apache.log4j.helpers.OptionConverter$CharMap;
2614:             2             48  [Lorg.apache.logging.log4j.core.appender.ConsoleAppender$Target;
2615:             1             48  [Lorg.apache.logging.log4j.core.appender.rolling.RolloverFrequency;
2616:             2             48  [Lsun.util.calendar.Era; (java.base@11.0.14)
2617:             2             48  [[[Ljava.time.format.DateTimeFormatter; (java.base@11.0.14)
2618:             2             48  com.baidu.jprotobuf.pbrpc.transport.handler.RpcDataPackageCompressHandler
2619:             2             48  com.baidu.jprotobuf.pbrpc.transport.handler.RpcDataPackageUnCompressHandler
2620:             2             48  com.baidu.jprotobuf.pbrpc.transport.handler.RpcServerChannelIdleHandler
2621:             3             48  com.google.common.base.CharMatcher$Is
2622:             3             48  com.google.common.base.Splitter$1
2623:             1             48  com.google.common.cache.LocalCache$StrongAccessEntry
2624:             1             48  com.google.common.collect.ArrayListMultimap
2625:             2             48  com.google.common.collect.BoundType
2626:             1             48  com.google.common.collect.EmptyImmutableListMultimap
2627:             2             48  com.google.common.collect.RegularImmutableMap$KeySet
2628:             1             48  com.google.common.collect.TreeBasedTable
2629:             2             48  com.google.gson.internal.bind.ArrayTypeAdapter
2630:             2             48  com.google.gson.internal.bind.TypeAdapters$33
2631:             1             48  com.lmax.disruptor.BatchEventProcessor
2632:             1             48  com.lmax.disruptor.MultiProducerSequencer
2633:             2             48  com.lmax.disruptor.dsl.ProducerType
2634:             3             48  com.sleepycat.je.Database$1
2635:             1             48  com.sleepycat.je.cleaner.UtilizationCalculator
2636:             2             48  com.sleepycat.je.dbi.DbCleanup$Action
2637:             1             48  com.sleepycat.je.dbi.NodeSequence
2638:             1             48  com.sleepycat.je.dbi.StartupTracker
2639:             2             48  com.sleepycat.je.log.LogEntryType$Marshall
2640:             2             48  com.sleepycat.je.log.LogEntryType$Txnal
2641:             2             48  com.sleepycat.je.log.ReplicationContext
2642:             1             48  com.sleepycat.je.log.entry.BINDeltaLogEntry
2643:             2             48  com.sleepycat.je.log.entry.OldBINDeltaLogEntry
2644:             2             48  com.sleepycat.je.rep.QuorumPolicy
2645:             3             48  com.sleepycat.je.rep.elections.TimebasedProposalGenerator$StringProposal
2646:             1             48  com.sleepycat.je.rep.impl.RepNodeImpl
2647:             2             48  com.sleepycat.je.rep.impl.RepParams$IdentifierConfigParam
2648:             1             48  com.sleepycat.je.rep.impl.node.CommitFreezeLatch
2649:             1             48  com.sleepycat.je.rep.impl.node.FeederManager$DTVLSNFlusher
2650:             2             48  com.sleepycat.je.rep.impl.node.NameIdPair$ReadOnlyNameIdPair
2651:             2             48  com.sleepycat.je.rep.impl.node.ReplicaFactory$ReplicaType
2652:             2             48  com.sleepycat.je.rep.utilint.LongMinZeroStat
2653:             1             48  com.sleepycat.je.rep.utilint.SizeAwaitMap
2654:             2             48  com.sleepycat.je.statcap.StatManager$StatContext
2655:             2             48  com.sleepycat.je.statcap.StatManager$UpdateMinMax
2656:             1             48  com.sleepycat.je.tree.FileSummaryLN
2657:             2             48  com.sleepycat.je.tree.INKeyRep$Type
2658:             3             48  com.sleepycat.je.tree.Tree$SearchType
2659:             3             48  com.sleepycat.je.txn.LockConflict
2660:             2             48  com.sleepycat.je.txn.LockInfo
2661:             1             48  com.sleepycat.je.txn.SyncedLockManager
2662:             1             48  com.sleepycat.je.util.ConsoleHandler
2663:             1             48  com.sleepycat.je.util.DbVerifyLog
2664:             2             48  com.sleepycat.je.util.verify.BtreeVerifier$DirectFileSizeCache
2665:             2             48  com.sleepycat.je.util.verify.BtreeVerifier$ObsoleteOffsetsCache
2666:             1             48  com.sleepycat.je.util.verify.DataVerifier$VerifyTask
2667:             2             48  com.sleepycat.je.utilint.FloatStat
2668:             2             48  com.sleepycat.je.utilint.LongAvgMapStat
2669:             2             48  com.sleepycat.je.utilint.LongAvgRateStat
2670:             2             48  com.sleepycat.je.utilint.LongMaxMapStat
2671:             2             48  com.sleepycat.je.utilint.StatDefinition$StatType
2672:             1             48  com.staros.client.StarClient
2673:             1             48  com.staros.proto.AddShardRequest
2674:             1             48  com.staros.proto.AddWorkerRequest
2675:             1             48  com.staros.proto.AllocateFilePathRequest
2676:             1             48  com.staros.proto.CreateWorkerGroupRequest
2677:             1             48  com.staros.proto.GetShardRequest
2678:             1             48  com.staros.proto.ListShardGroupResponse
2679:             1             48  com.staros.proto.ListShardRequest
2680:             1             48  com.staros.proto.ListWorkerGroupRequest
2681:             1             48  com.staros.proto.QueryMetaGroupStableRequest
2682:             1             48  com.staros.proto.RemoveShardRequest
2683:             1             48  com.staros.proto.RemoveWorkerRequest
2684:             1             48  com.staros.proto.ServiceInfo
2685:             1             48  com.staros.proto.ShardManagerImageMetaHeader
2686:             1             48  com.staros.proto.ShardReportInfo
2687:             2             48  com.staros.proto.ShardState
2688:             3             48  com.staros.proto.StarletGrpc$StarletMethodDescriptorSupplier
2689:             1             48  com.staros.proto.WorkerManagerImageMetaHeader
2690:             1             48  com.staros.shard.ShardChecker
2691:             2             48  com.staros.util.LogRateLimiter
2692:             2             48  com.starrocks.alter.DecommissionType
2693:             3             48  com.starrocks.analysis.RedirectStatus
2694:             1             48  com.starrocks.authentication.AuthenticationMgr
2695:             1             48  com.starrocks.authentication.AuthenticationMgr$UserAuthInfoTreeMap
2696:             1             48  com.starrocks.authentication.UserAuthenticationInfo
2697:             1             48  com.starrocks.catalog.ColocateTableIndex
2698:             2             48  com.starrocks.catalog.DataProperty
2699:             2             48  com.starrocks.catalog.DiskInfo$DiskState
2700:             2             48  com.starrocks.catalog.DistributionInfo$DistributionInfoType
2701:             2             48  com.starrocks.catalog.MaterializedView$RefreshMoment
2702:             1             48  com.starrocks.catalog.ResourceGroupMgr
2703:             2             48  com.starrocks.clone.DynamicPartitionScheduler$State
2704:             2             48  com.starrocks.common.Status
2705:             2             48  com.starrocks.common.io.DataOutputBuffer$Buffer
2706:             3             48  com.starrocks.common.util.QueryableReentrantLock
2707:             2             48  com.starrocks.http.rest.ExecuteSqlAction
2708:             2             48  com.starrocks.http.rest.GetLogFileAction
2709:             2             48  com.starrocks.http.rest.TableQueryPlanAction
2710:             2             48  com.starrocks.load.routineload.LoadDataSourceType
2711:             2             48  com.starrocks.load.routineload.RoutineLoadJob$JobSubstate
2712:             2             48  com.starrocks.metric.Metric$MetricType
2713:             1             48  com.starrocks.metric.SystemMetrics
2714:             2             48  com.starrocks.monitor.unit.TimeValue
2715:             1             48  com.starrocks.mysql.MysqlChannel
2716:             2             48  com.starrocks.planner.DataPartition
2717:             2             48  com.starrocks.planner.RuntimeFilterDescription$RuntimeFilterType
2718:             1             48  com.starrocks.plugin.PluginInfo
2719:             3             48  com.starrocks.privilege.ResourcePEntryObject
2720:             3             48  com.starrocks.privilege.UserPEntryObject
2721:             2             48  com.starrocks.proto.TxnTypePB
2722:             1             48  com.starrocks.qe.scheduler.slot.SlotManager
2723:             1             48  com.starrocks.scheduler.TaskManager
2724:             1             48  com.starrocks.server.LocalMetastore
2725:             2             48  com.starrocks.sql.ast.AdminSetConfigStmt$ConfigType
2726:             2             48  com.starrocks.sql.optimizer.OptimizerConfig$OptimizerAlgorithm
2727:             2             48  com.starrocks.sql.optimizer.operator.SortPhase
2728:             3             48  com.starrocks.sql.optimizer.rewrite.scalar.FoldConstantsRule
2729:             3             48  com.starrocks.sql.optimizer.rewrite.scalar.ImplicitCastRule
2730:             3             48  com.starrocks.sql.optimizer.rewrite.scalar.NormalizePredicateRule
2731:             3             48  com.starrocks.sql.optimizer.rewrite.scalar.ReduceCastRule
2732:             3             48  com.starrocks.sql.optimizer.rewrite.scalar.SimplifiedPredicateRule
2733:             2             48  com.starrocks.sql.optimizer.rule.transformation.CastToEmptyRule
2734:             2             48  com.starrocks.sql.optimizer.rule.transformation.DistributionPruneRule
2735:             2             48  com.starrocks.sql.optimizer.rule.transformation.MergeTwoProjectRule
2736:             2             48  com.starrocks.sql.optimizer.rule.transformation.PartitionPruneRule
2737:             2             48  com.starrocks.sql.optimizer.rule.transformation.PruneEmptyJoinRule
2738:             2             48  com.starrocks.sql.optimizer.rule.transformation.PruneProjectColumnsRule
2739:             2             48  com.starrocks.sql.optimizer.rule.transformation.PruneProjectEmptyRule
2740:             2             48  com.starrocks.sql.optimizer.rule.transformation.PruneProjectRule
2741:             2             48  com.starrocks.sql.optimizer.rule.transformation.PruneTrueFilterRule
2742:             2             48  com.starrocks.sql.optimizer.rule.transformation.PushDownPredicateProjectRule
2743:             2             48  com.starrocks.sql.optimizer.statistics.ColumnStatistic$StatisticType
2744:             1             48  com.starrocks.statistic.AnalyzeMgr
2745:             2             48  com.starrocks.system.HeartbeatResponse$AliveStatus
2746:             2             48  com.starrocks.system.HeartbeatResponse$HbStatus
2747:             1             48  com.starrocks.system.SystemInfoService
2748:             2             48  com.starrocks.task.CreateReplicaTask$RecoverySource
2749:             2             48  com.starrocks.thrift.TOverflowMode
2750:             2             48  com.starrocks.thrift.TPipelineProfileLevel
2751:             2             48  com.starrocks.thrift.TRuntimeFilterBuildType
2752:             2             48  com.starrocks.thrift.TStorageMedium
2753:             2             48  com.starrocks.thrift.TTabletInternalParallelMode
2754:             2             48  com.starrocks.transaction.TransactionGraph
2755:             2             48  com.starrocks.transaction.TransactionState$TxnSourceType
2756:             2             48  com.sun.jmx.mbeanserver.ClassLoaderRepositorySupport$LoaderEntry (java.management@11.0.14)
2757:             1             48  com.sun.jmx.mbeanserver.DefaultMXBeanMappingFactory$Mappings (java.management@11.0.14)
2758:             2             48  com.sun.jmx.mbeanserver.WeakIdentityHashMap (java.management@11.0.14)
2759:             3             48  com.sun.org.apache.xerces.internal.impl.dv.dtd.ListDatatypeValidator (java.xml@11.0.14)
2760:             2             48  com.sun.source.tree.MemberReferenceTree$ReferenceMode (jdk.compiler@11.0.14)
2761:             2             48  com.sun.tools.javac.api.DiagnosticFormatter$Configuration$MultilineLimit (jdk.compiler@11.0.14)
2762:             2             48  com.sun.tools.javac.code.Directive$ExportsFlag (jdk.compiler@11.0.14)
2763:             2             48  com.sun.tools.javac.code.Directive$OpensFlag (jdk.compiler@11.0.14)
2764:             2             48  com.sun.tools.javac.code.Scope$LookupKind (jdk.compiler@11.0.14)
2765:             2             48  com.sun.tools.javac.code.Source$Feature$DiagKind (jdk.compiler@11.0.14)
2766:             2             48  com.sun.tools.javac.comp.DeferredAttr$AttrMode (jdk.compiler@11.0.14)
2767:             2             48  com.sun.tools.javac.comp.Resolve$MethodResolutionPhase (jdk.compiler@11.0.14)
2768:             2             48  com.sun.tools.javac.file.Locations$ModuleTable (jdk.compiler@11.0.14)
2769:             2             48  com.sun.tools.javac.jvm.ClassReader$AttributeKind (jdk.compiler@11.0.14)
2770:             2             48  com.sun.tools.javac.main.Option$ChoiceKind (jdk.compiler@11.0.14)
2771:             2             48  com.sun.tools.javac.tree.JCTree$JCOperatorExpression$OperandPos (jdk.compiler@11.0.14)
2772:             2             48  com.sun.tools.javac.tree.JCTree$JCPolyExpression$PolyKind (jdk.compiler@11.0.14)
2773:             2             48  com.sun.tools.javac.util.BasicDiagnosticFormatter$BasicConfiguration$SourcePosition (jdk.compiler@11.0.14)
2774:             1             48  com.sun.tools.javac.util.DiagnosticSource$1 (jdk.compiler@11.0.14)
2775:             2             48  io.grpc.ConnectivityStateInfo
2776:             2             48  io.grpc.Context
2777:             2             48  io.grpc.DecompressorRegistry$DecompressorInfo
2778:             2             48  io.grpc.EquivalentAddressGroup
2779:             1             48  io.grpc.InternalChannelz$ServerSocketMap
2780:             2             48  io.grpc.InternalKnownTransport
2781:             2             48  io.grpc.LoadBalancer$CreateSubchannelArgs
2782:             3             48  io.grpc.census.CensusStatsModule$StatsClientInterceptor
2783:             2             48  io.grpc.grpclb.GrpclbState$Mode
2784:             2             48  io.grpc.internal.AtomicBackoff$State
2785:             3             48  io.grpc.internal.ExponentialBackoffPolicy$Provider
2786:             2             48  io.grpc.internal.InternalSubchannel$1
2787:             2             48  io.grpc.internal.InternalSubchannel$CallTracingTransport
2788:             2             48  io.grpc.internal.InternalSubchannel$Index
2789:             1             48  io.grpc.internal.KeepAliveEnforcer
2790:             3             48  io.grpc.internal.ManagedChannelImpl$2
2791:             3             48  io.grpc.internal.ManagedChannelImpl$ChannelStreamProvider
2792:             3             48  io.grpc.internal.ManagedChannelImpl$DelayedTransportListener
2793:             3             48  io.grpc.internal.ManagedChannelImpl$IdleModeTimer
2794:             2             48  io.grpc.internal.ManagedChannelImpl$LbHelperImpl
2795:             2             48  io.grpc.internal.ManagedChannelImpl$NameResolverListener
2796:             3             48  io.grpc.internal.ManagedChannelImpl$RealChannel$1
2797:             3             48  io.grpc.internal.ManagedChannelImpl$RestrictedScheduledExecutor
2798:             2             48  io.grpc.internal.ManagedChannelImpl$SubchannelImpl$1ManagedInternalSubchannelCallback
2799:             2             48  io.grpc.internal.ManagedChannelOrphanWrapper
2800:             2             48  io.grpc.internal.MessageDeframer$State
2801:             2             48  io.grpc.internal.PickFirstLoadBalancer
2802:             2             48  io.grpc.internal.PickFirstLoadBalancer$1
2803:             3             48  io.grpc.internal.RetriableStream$ChannelBufferMeter
2804:             3             48  io.grpc.netty.shaded.io.grpc.netty.NettyChannelBuilder$LocalSocketPicker
2805:             2             48  io.grpc.netty.shaded.io.grpc.netty.NettyChannelBuilder$NettyTransportFactory$1
2806:             2             48  io.grpc.netty.shaded.io.grpc.netty.NettyClientHandler$1
2807:             2             48  io.grpc.netty.shaded.io.grpc.netty.NettyClientHandler$2
2808:             2             48  io.grpc.netty.shaded.io.grpc.netty.NettyClientHandler$FrameListener
2809:             2             48  io.grpc.netty.shaded.io.grpc.netty.NettyClientHandler$PingCountingFrameWriter
2810:             2             48  io.grpc.netty.shaded.io.grpc.netty.Utils$DefaultEventLoopGroupResource
2811:             2             48  io.grpc.netty.shaded.io.grpc.netty.Utils$EventLoopGroupType
2812:             3             48  io.grpc.netty.shaded.io.grpc.netty.WriteQueue$1
2813:             2             48  io.grpc.netty.shaded.io.netty.buffer.PoolArena$SizeClass
2814:             2             48  io.grpc.netty.shaded.io.netty.buffer.PooledByteBufAllocator$PoolThreadLocalCache
2815:             1             48  io.grpc.netty.shaded.io.netty.buffer.UnpooledHeapByteBuf
2816:             2             48  io.grpc.netty.shaded.io.netty.channel.ChannelMetadata
2817:             3             48  io.grpc.netty.shaded.io.netty.channel.nio.AbstractNioByteChannel$1
2818:             3             48  io.grpc.netty.shaded.io.netty.handler.codec.http2.DefaultHttp2ConnectionDecoder$FrameReadListener
2819:             3             48  io.grpc.netty.shaded.io.netty.handler.codec.http2.DefaultHttp2LocalFlowController$1
2820:             3             48  io.grpc.netty.shaded.io.netty.handler.codec.http2.DefaultHttp2RemoteFlowController$1
2821:             3             48  io.grpc.netty.shaded.io.netty.handler.codec.http2.Http2Flags
2822:             2             48  io.grpc.netty.shaded.io.netty.handler.codec.http2.Http2FrameLogger$Direction
2823:             3             48  io.grpc.netty.shaded.io.netty.handler.codec.http2.WeightedFairQueueByteDistributor$1
2824:             1             48  io.grpc.netty.shaded.io.netty.util.ResourceLeakDetector$TraceRecord$1
2825:             3             48  io.grpc.netty.shaded.io.netty.util.collection.CharObjectHashMap$1
2826:             3             48  io.grpc.netty.shaded.io.netty.util.collection.CharObjectHashMap$EntrySet
2827:             3             48  io.grpc.netty.shaded.io.netty.util.collection.CharObjectHashMap$KeySet
2828:             2             48  io.grpc.netty.shaded.io.netty.util.concurrent.DefaultEventExecutorChooserFactory$PowerOfTwoEventExecutorChooser
2829:             3             48  io.grpc.netty.shaded.io.netty.util.concurrent.PromiseTask$SentinelRunnable
2830:             2             48  io.netty.buffer.PoolArena$SizeClass
2831:             2             48  io.netty.buffer.UnreleasableByteBuf
2832:             2             48  io.netty.channel.ChannelMetadata
2833:             2             48  io.netty.channel.ChannelOutboundBuffer$2
2834:             3             48  io.netty.channel.DefaultMaxMessagesRecvByteBufAllocator$MaxMessageHandle$1
2835:             3             48  io.netty.channel.VoidChannelPromise$1
2836:             3             48  io.netty.channel.nio.AbstractNioChannel$1
2837:             2             48  io.netty.resolver.AddressResolverGroup$1
2838:             2             48  io.netty.resolver.DefaultNameResolver
2839:             2             48  io.netty.resolver.InetSocketAddressResolver
2840:             1             48  io.netty.util.ResourceLeakDetector$DefaultResourceLeak
2841:             1             48  io.netty.util.ResourceLeakDetector$TraceRecord
2842:             1             48  io.netty.util.ResourceLeakDetector$TraceRecord$1
2843:             2             48  io.netty.util.concurrent.DefaultFutureListeners
2844:             3             48  io.netty.util.concurrent.MultithreadEventExecutorGroup$1
2845:             3             48  io.netty.util.concurrent.PromiseTask$SentinelRunnable
2846:             3             48  io.netty.util.concurrent.ThreadPerTaskExecutor
2847:             2             48  io.opencensus.implcore.internal.CurrentState$State
2848:             2             48  io.opencensus.tags.TagMetadata$TagTtl
2849:             2             48  io.opencensus.trace.MessageEvent$Type
2850:             3             48  io.opencensus.trace.TraceOptions
2851:             2             48  io.prometheus.metrics.core.metrics.Gauge$DataPoint
2852:             2             48  io.prometheus.metrics.model.registry.PrometheusRegistry
2853:             1             48  io.trino.hive.$internal.org.codehaus.jackson.map.DeserializationConfig
2854:             1             48  io.trino.hive.$internal.org.codehaus.jackson.map.MappingJsonFactory
2855:             1             48  io.trino.hive.$internal.org.codehaus.jackson.map.SerializationConfig
2856:             2             48  io.trino.hive.$internal.org.codehaus.jackson.map.deser.std.CalendarDeserializer
2857:             2             48  io.trino.hive.$internal.org.codehaus.jackson.map.deser.std.StdDeserializer$BooleanDeserializer
2858:             2             48  io.trino.hive.$internal.org.codehaus.jackson.map.deser.std.StdDeserializer$ByteDeserializer
2859:             2             48  io.trino.hive.$internal.org.codehaus.jackson.map.deser.std.StdDeserializer$CharacterDeserializer
2860:             2             48  io.trino.hive.$internal.org.codehaus.jackson.map.deser.std.StdDeserializer$DoubleDeserializer
2861:             2             48  io.trino.hive.$internal.org.codehaus.jackson.map.deser.std.StdDeserializer$FloatDeserializer
2862:             2             48  io.trino.hive.$internal.org.codehaus.jackson.map.deser.std.StdDeserializer$IntegerDeserializer
2863:             2             48  io.trino.hive.$internal.org.codehaus.jackson.map.deser.std.StdDeserializer$LongDeserializer
2864:             2             48  io.trino.hive.$internal.org.codehaus.jackson.map.deser.std.StdDeserializer$ShortDeserializer
2865:             2             48  io.trino.hive.$internal.org.codehaus.jackson.map.ser.StdSerializers$BooleanSerializer
2866:             1             48  io.trino.hive.$internal.org.codehaus.jackson.sym.BytesToNameCanonicalizer$TableInfo
2867:             2             48  java.io.File$PathStatus (java.base@11.0.14)
2868:             1             48  java.lang.ProcessHandleImpl (java.base@11.0.14)
2869:             1             48  java.lang.invoke.BoundMethodHandle$Specializer$Factory (java.base@11.0.14)
2870:             2             48  java.lang.reflect.ReflectPermission (java.base@11.0.14)
2871:             2             48  java.net.StandardProtocolFamily (java.base@11.0.14)
2872:             1             48  java.nio.HeapByteBufferR (java.base@11.0.14)
2873:             3             48  java.nio.charset.CodingErrorAction (java.base@11.0.14)
2874:             2             48  java.security.AllPermissionCollection (java.base@11.0.14)
2875:             3             48  java.text.AttributedCharacterIterator$Attribute (java.base@11.0.14)
2876:             2             48  java.time.format.DateTimeFormatterBuilder$1 (java.base@11.0.14)
2877:             2             48  java.time.format.DateTimeFormatterBuilder$ZoneIdPrinterParser (java.base@11.0.14)
2878:             2             48  java.time.format.DateTimeTextProvider$LocaleStore (java.base@11.0.14)
2879:             2             48  java.util.Collections$3 (java.base@11.0.14)
2880:             2             48  java.util.Comparator$$Lambda$133/0x00000008401b5c40 (java.base@11.0.14)
2881:             3             48  java.util.Optional (java.base@11.0.14)
2882:             3             48  java.util.ResourceBundle$NoFallbackControl (java.base@11.0.14)
2883:             2             48  java.util.concurrent.ConcurrentLinkedDeque (java.base@11.0.14)
2884:             1             48  java.util.logging.ConsoleHandler (java.logging@11.0.14)
2885:             2             48  java.util.logging.Logger$LoggerBundle (java.logging@11.0.14)
2886:             2             48  java.util.logging.LoggingPermission (java.logging@11.0.14)
2887:             3             48  java.util.regex.CharPredicates$$Lambda$672/0x0000000840a1f440 (java.base@11.0.14)
2888:             1             48  java.util.regex.Pattern$GroupCurly (java.base@11.0.14)
2889:             2             48  javax.management.NotificationBroadcasterSupport (java.management@11.0.14)
2890:             1             48  jdk.internal.jimage.ImageHeader (java.base@11.0.14)
2891:             2             48  jdk.internal.jimage.ImageReader (java.base@11.0.14)
2892:             2             48  jdk.internal.misc.Signal$NativeHandler (java.base@11.0.14)
2893:             3             48  jdk.internal.module.ServicesCatalog (java.base@11.0.14)
2894:             1             48  jdk.internal.ref.CleanerImpl$WeakCleanableRef (java.base@11.0.14)
2895:             1             48  jdk.management.jfr.FlightRecorderMXBeanImpl (jdk.management.jfr@11.0.14)
2896:             2             48  org.antlr.v4.runtime.atn.ATNDeserializer$UnicodeDeserializingMode
2897:             2             48  org.antlr.v4.runtime.atn.ATNType
2898:             1             48  org.antlr.v4.runtime.atn.TokensStartState
2899:             1             48  org.antlr.v4.runtime.atn.Transition$1
2900:             3             48  org.apache.commons.pool2.impl.InterruptibleReentrantLock
2901:             1             48  org.apache.log4j.Hierarchy
2902:             1             48  org.apache.log4j.Logger
2903:             1             48  org.apache.log4j.spi.RootLogger
2904:             3             48  org.apache.logging.log4j.core.config.DefaultAdvertiser
2905:             2             48  org.apache.logging.log4j.core.config.status.StatusConfiguration$Verbosity
2906:             1             48  org.apache.logging.log4j.core.impl.Log4jProvider
2907:             1             48  org.apache.logging.log4j.core.lookup.StrSubstitutor
2908:             2             48  org.apache.logging.log4j.core.pattern.FormattingInfo
2909:             2             48  org.apache.logging.log4j.core.pattern.PatternParser
2910:             3             48  org.apache.logging.log4j.core.util.SystemClock
2911:             2             48  org.apache.logging.log4j.core.util.datetime.FastDateFormat
2912:             3             48  org.apache.logging.log4j.core.util.datetime.FastDateParser$CopyQuotedStrategy
2913:             3             48  org.apache.logging.log4j.core.util.datetime.FastDatePrinter$CharacterLiteral
2914:             2             48  org.apache.logging.log4j.core.util.datetime.FastDatePrinter$PaddedNumberField
2915:             2             48  org.apache.logging.log4j.core.util.datetime.FormatCache$MultipartKey
2916:             1             48  org.apache.logging.log4j.simple.SimpleLogger
2917:             2             48  org.apache.logging.log4j.spi.LoggerRegistry
2918:             2             48  org.apache.logging.log4j.util.PropertyFilePropertySource
2919:             3             48  org.apache.spark.internal.config.ConfigBuilder$$Lambda$413/0x00000008406e1040
2920:             2             48  org.apache.thrift.meta_data.SetMetaData
2921:             2             48  org.sparkproject.guava.hash.ChecksumHashFunction
2922:             2             48  org.xnio.Xnio$MBeanCloseable
2923:             1             48  scala.Array$
2924:             1             48  scala.Predef$
2925:             1             48  scala.util.Properties$
2926:             2             48  sun.management.ManagementFactoryHelper$1 (java.management@11.0.14)
2927:             2             48  sun.nio.ch.FileLockTable (java.base@11.0.14)
2928:             2             48  sun.nio.fs.AbstractWatchKey$State (java.base@11.0.14)
2929:             1             48  sun.nio.fs.LinuxWatchService$Poller (java.base@11.0.14)
2930:             1             48  sun.nio.fs.UnixMountEntry (java.base@11.0.14)
2931:             2             48  sun.security.jca.ProviderList (java.base@11.0.14)
2932:             2             48  sun.security.jca.ProviderList$3 (java.base@11.0.14)
2933:             2             48  sun.util.locale.LocaleExtensions (java.base@11.0.14)
2934:             2             48  sun.util.locale.provider.LocaleServiceProviderPool (java.base@11.0.14)
2935:             3             48  sun.util.logging.internal.LoggingProviderImpl$JULWrapper (java.logging@11.0.14)
2936:             3             48  sun.util.resources.LocaleData (java.base@11.0.14)
2937:             1             40  [Lcom.google.common.cache.RemovalCause;
2938:             1             40  [Lcom.google.gson.FieldNamingPolicy;
2939:             1             40  [Lcom.sleepycat.je.Database$DbState;
2940:             1             40  [Lcom.sleepycat.je.LockMode;
2941:             1             40  [Lcom.sleepycat.je.Transaction$State;
2942:             1             40  [Lcom.sleepycat.je.dbi.GetMode;
2943:             1             40  [Lcom.sleepycat.je.dbi.SearchMode;
2944:             1             40  [Lcom.sleepycat.je.log.LogEntryType$NodeType;
2945:             1             40  [Lcom.sleepycat.je.log.entry.DbOperationType;
2946:             1             40  [Lcom.sleepycat.je.rep.impl.TextProtocol$TOKENS;
2947:             1             40  [Lcom.sleepycat.je.rep.net.DataChannel$FlushStatus;
2948:             1             40  [Lcom.sleepycat.je.utilint.AtomicLongStat;
2949:             1             40  [Lcom.sleepycat.je.utilint.LogVerifier$State;
2950:             1             40  [Lcom.starrocks.alter.AlterJobV2$JobState;
2951:             1             40  [Lcom.starrocks.catalog.Function$FunctionType;
2952:             1             40  [Lcom.starrocks.catalog.PartitionType;
2953:             1             40  [Lcom.starrocks.common.profile.Tracers$Mode;
2954:             1             40  [Lcom.starrocks.common.util.LogKey;
2955:             1             40  [Lcom.starrocks.credential.CloudType;
2956:             1             40  [Lcom.starrocks.leader.ReportHandler$ReportType;
2957:             1             40  [Lcom.starrocks.load.routineload.RoutineLoadJob$JobState;
2958:             1             40  [Lcom.starrocks.monitor.unit.ByteSizeUnit;
2959:             1             40  [Lcom.starrocks.plugin.PluginLoader$PluginStatus;
2960:             1             40  [Lcom.starrocks.qe.QueryState$ErrType;
2961:             1             40  [Lcom.starrocks.qe.SessionVariable$MaterializedViewRewriteMode;
2962:             1             40  [Lcom.starrocks.qe.SessionVariableConstants$AggregationStage;
2963:             1             40  [Lcom.starrocks.qe.scheduler.dag.FragmentInstanceExecState$State;
2964:             1             40  [Lcom.starrocks.sql.common.ErrorType;
2965:             1             40  [Lcom.starrocks.sql.optimizer.base.HashDistributionDesc$SourceType;
2966:             1             40  [Lcom.starrocks.thrift.TFunctionBinaryType;
2967:             1             40  [Lcom.starrocks.thrift.TLoadJobType;
2968:             1             40  [Lcom.starrocks.thrift.TPartialUpdateMode;
2969:             1             40  [Lcom.starrocks.thrift.TPartitionType;
2970:             1             40  [Lcom.starrocks.thrift.TResultSinkType;
2971:             1             40  [Lcom.starrocks.thrift.TTimeUnit;
2972:             1             40  [Lcom.starrocks.transaction.TransactionState$TxnStatusChangeReason;
2973:             1             40  [Lcom.starrocks.transaction.TransactionStatus;
2974:             2             40  [Lcom.sun.jmx.mbeanserver.ClassLoaderRepositorySupport$LoaderEntry; (java.management@11.0.14)
2975:             1             40  [Lcom.sun.org.apache.xerces.internal.util.Status; (java.xml@11.0.14)
2976:             1             40  [Lcom.sun.org.apache.xerces.internal.utils.XMLSecurityManager$State; (java.xml@11.0.14)
2977:             1             40  [Lcom.sun.org.apache.xerces.internal.utils.XMLSecurityPropertyManager$State; (java.xml@11.0.14)
2978:             1             40  [Lcom.sun.tools.doclint.HtmlTag$AttrKind; (jdk.compiler@11.0.14)
2979:             1             40  [Lcom.sun.tools.doclint.HtmlTag$BlockType; (jdk.compiler@11.0.14)
2980:             1             40  [Lcom.sun.tools.javac.main.JavaCompiler$CompilePolicy; (jdk.compiler@11.0.14)
2981:             1             40  [Lcom.sun.tools.javac.main.Main$Result; (jdk.compiler@11.0.14)
2982:             1             40  [Lio.grpc.ConnectivityState;
2983:             1             40  [Lio.grpc.MethodDescriptor$MethodType;
2984:             1             40  [Lio.grpc.internal.KeepAliveManager$State;
2985:             1             40  [Lio.grpc.netty.shaded.io.netty.handler.codec.http.HttpStatusClass;
2986:             1             40  [Lio.grpc.netty.shaded.io.netty.handler.codec.http2.Http2Headers$PseudoHeaderName;
2987:             1             40  [Lio.grpc.netty.shaded.io.netty.handler.logging.LogLevel;
2988:             1             40  [Lio.grpc.netty.shaded.io.netty.util.internal.logging.InternalLogLevel;
2989:             1             40  [Lio.netty.handler.codec.http.HttpStatusClass;
2990:             1             40  [Ljava.lang.Thread$State; (java.base@11.0.14)
2991:             1             40  [Ljava.lang.invoke.StringConcatFactory$Strategy; (java.base@11.0.14)
2992:             1             40  [Ljava.lang.invoke.VarHandle$AccessType; (java.base@11.0.14)
2993:             2             40  [Ljava.text.FieldPosition; (java.base@11.0.14)
2994:             1             40  [Ljava.time.format.SignStyle; (java.base@11.0.14)
2995:             1             40  [Ljava.time.format.TextStyle; (java.base@11.0.14)
2996:             1             40  [Ljava.time.temporal.TemporalUnit; (java.base@11.0.14)
2997:             1             40  [Ljava.util.stream.StreamOpFlag; (java.base@11.0.14)
2998:             1             40  [Lorg.apache.logging.log4j.core.LifeCycle$State;
2999:             1             40  [Lorg.apache.logging.log4j.core.appender.rolling.FileExtension;
3000:             1             40  [Lorg.apache.logging.log4j.core.pattern.PatternParser$ParserState;
3001:             1             40  [Lorg.jboss.logging.Logger$Level;
3002:             1             40  [Lsun.util.locale.provider.LocaleProviderAdapter$Type; (java.base@11.0.14)
3003:             1             40  [[Lcom.sleepycat.je.txn.LockConflict;
3004:             1             40  [[Lcom.sleepycat.je.txn.LockUpgrade;
3005:             1             40  [[Ljava.lang.invoke.LambdaForm$Name; (java.base@11.0.14)
3006:             1             40  com.github.benmanes.caffeine.cache.PSMW
3007:             1             40  com.google.common.collect.GeneralRange
3008:             1             40  com.google.common.collect.StandardRowSortedTable$RowSortedMap
3009:             1             40  com.google.common.collect.TreeMultiset
3010:             1             40  com.google.common.io.BaseEncoding$Base16Encoding
3011:             1             40  com.google.protobuf.GeneratedMessageV3$FieldAccessorTable$SingularStringFieldAccessor
3012:             1             40  com.sleepycat.je.cleaner.ExpirationProfile
3013:             1             40  com.sleepycat.je.cleaner.FileProtector
3014:             1             40  com.sleepycat.je.cleaner.FileProtector$LogSizeStats
3015:             1             40  com.sleepycat.je.cleaner.FilesToMigrate
3016:             1             40  com.sleepycat.je.cleaner.UtilizationProfile
3017:             1             40  com.sleepycat.je.dbi.DbTree
3018:             1             40  com.sleepycat.je.dbi.INList
3019:             1             40  com.sleepycat.je.dbi.MemoryBudget$PrivateTotals
3020:             1             40  com.sleepycat.je.dbi.RangeRestartException
3021:             1             40  com.sleepycat.je.log.FileDeletionDetector
3022:             1             40  com.sleepycat.je.log.FileDeletionDetector$FileDeleteDetectTask
3023:             1             40  com.sleepycat.je.log.LogFlusher
3024:             1             40  com.sleepycat.je.recovery.DirtyINMap
3025:             1             40  com.sleepycat.je.rep.elections.Elections$RetryPredicate
3026:             1             40  com.sleepycat.je.rep.impl.BinaryNodeStateService
3027:             1             40  com.sleepycat.je.rep.impl.GroupService
3028:             1             40  com.sleepycat.je.rep.impl.NodeStateService
3029:             1             40  com.sleepycat.je.rep.impl.node.DbCache
3030:             1             40  com.sleepycat.je.rep.impl.node.NodeState
3031:             1             40  com.sleepycat.je.rep.impl.node.cbvlsn.GlobalCBVLSN
3032:             1             40  com.sleepycat.je.rep.impl.node.cbvlsn.LocalCBVLSNUpdater
3033:             1             40  com.sleepycat.je.rep.stream.MasterStatus
3034:             1             40  com.sleepycat.je.rep.util.ldiff.LDiffService
3035:             1             40  com.sleepycat.je.rep.utilint.ServiceDispatcher$LazyQueuingService
3036:             1             40  com.sleepycat.je.tree.SplitRequiredException
3037:             1             40  com.sleepycat.je.utilint.TaskCoordinator$1
3038:             1             40  com.staros.proto.AddFileStoreRequest
3039:             1             40  com.staros.proto.AddFileStoreResponse
3040:             1             40  com.staros.proto.AddWorkerResponse
3041:             1             40  com.staros.proto.AllocateFilePathResponse
3042:             1             40  com.staros.proto.BootstrapServiceRequest
3043:             1             40  com.staros.proto.BootstrapServiceResponse
3044:             1             40  com.staros.proto.CreateMetaGroupRequest
3045:             1             40  com.staros.proto.CreateMetaGroupResponse
3046:             1             40  com.staros.proto.CreateShardGroupInfo
3047:             1             40  com.staros.proto.CreateShardGroupRequest
3048:             1             40  com.staros.proto.CreateShardGroupResponse
3049:             1             40  com.staros.proto.CreateShardJournalInfo
3050:             1             40  com.staros.proto.CreateShardRequest
3051:             1             40  com.staros.proto.CreateShardResponse
3052:             1             40  com.staros.proto.CreateWorkerGroupResponse
3053:             1             40  com.staros.proto.DeleteMetaGroupRequest
3054:             1             40  com.staros.proto.DeleteShardGroupInfo
3055:             1             40  com.staros.proto.DeleteShardGroupRequest
3056:             1             40  com.staros.proto.DeleteShardRequest
3057:             1             40  com.staros.proto.DeleteWorkerGroupRequest
3058:             1             40  com.staros.proto.DumpResponse
3059:             1             40  com.staros.proto.FileStoreMgrImageMetaHeader
3060:             1             40  com.staros.proto.GetFileStoreRequest
3061:             1             40  com.staros.proto.GetFileStoreResponse
3062:             1             40  com.staros.proto.GetMetaGroupRequest
3063:             1             40  com.staros.proto.GetMetaGroupResponse
3064:             1             40  com.staros.proto.GetServiceRequest
3065:             1             40  com.staros.proto.GetServiceResponse
3066:             1             40  com.staros.proto.GetShardGroupRequest
3067:             1             40  com.staros.proto.GetShardGroupResponse
3068:             1             40  com.staros.proto.GetShardResponse
3069:             1             40  com.staros.proto.GetWorkerRequest
3070:             1             40  com.staros.proto.GetWorkerResponse
3071:             1             40  com.staros.proto.JournalEntry
3072:             1             40  com.staros.proto.JournalHeader
3073:             1             40  com.staros.proto.LeaderInfo
3074:             1             40  com.staros.proto.ListFileStoreRequest
3075:             1             40  com.staros.proto.ListFileStoreResponse
3076:             1             40  com.staros.proto.ListMetaGroupResponse
3077:             1             40  com.staros.proto.ListShardGroupRequest
3078:             1             40  com.staros.proto.ListShardResponse
3079:             1             40  com.staros.proto.ListWorkerGroupResponse
3080:             1             40  com.staros.proto.RemoveFileStoreRequest
3081:             1             40  com.staros.proto.ReplicaInfo
3082:             1             40  com.staros.proto.SectionHeader
3083:             1             40  com.staros.proto.ServiceManagerImageMetaHeader
3084:             1             40  com.staros.proto.ServiceTemplateInfo
3085:             1             40  com.staros.proto.StarStatus
3086:             1             40  com.staros.proto.UpdateFileStoreRequest
3087:             1             40  com.staros.proto.UpdateMetaGroupRequest
3088:             1             40  com.staros.proto.UpdateShardGroupRequest
3089:             1             40  com.staros.proto.UpdateShardRequest
3090:             1             40  com.staros.proto.UpdateWorkerGroupResponse
3091:             1             40  com.staros.proto.WorkerManagerServiceWorkerGroup
3092:             1             40  com.staros.service.Service
3093:             1             40  com.staros.service.ServiceManager
3094:             1             40  com.staros.worker.WorkerManager
3095:             1             40  com.starrocks.binlog.BinlogManager
3096:             1             40  com.starrocks.catalog.SinglePartitionInfo
3097:             1             40  com.starrocks.catalog.TabletInvertedIndex
3098:             1             40  com.starrocks.http.ActionController
3099:             1             40  com.starrocks.http.HttpServer$1
3100:             1             40  com.starrocks.lake.compaction.PartitionIdentifier
3101:             1             40  com.starrocks.lake.compaction.PartitionStatistics
3102:             1             40  com.starrocks.leader.ReportHandler$1
3103:             1             40  com.starrocks.metric.TableMetricsRegistry$MetricsCleaner
3104:             1             40  com.starrocks.plugin.BuiltinPluginLoader
3105:             1             40  com.starrocks.qe.AuditEventProcessor
3106:             1             40  com.starrocks.qe.ConnectScheduler
3107:             1             40  com.starrocks.qe.ConnectScheduler$TimeoutChecker
3108:             1             40  com.starrocks.qe.scheduler.slot.SlotRequestQueue
3109:             1             40  com.starrocks.server.SharedDataStorageVolumeMgr
3110:             1             40  com.starrocks.warehouse.LocalWarehouse
3111:             1             40  com.sun.jmx.interceptor.DefaultMBeanServerInterceptor (java.management@11.0.14)
3112:             1             40  com.sun.jmx.mbeanserver.JmxMBeanServer (java.management@11.0.14)
3113:             1             40  com.sun.jmx.mbeanserver.MBeanServerDelegateImpl (java.management@11.0.14)
3114:             1             40  com.sun.management.internal.DiagnosticCommandImpl (jdk.management@11.0.14)
3115:             1             40  com.sun.management.internal.OperatingSystemImpl$ProcessCpuTicks (jdk.management@11.0.14)
3116:             1             40  com.sun.management.internal.OperatingSystemImpl$SystemCpuTicks (jdk.management@11.0.14)
3117:             1             40  com.sun.org.apache.xerces.internal.impl.XMLEntityScanner$1 (java.xml@11.0.14)
3118:             1             40  com.sun.tools.doclint.HtmlTag$1 (jdk.compiler@11.0.14)
3119:             1             40  com.sun.tools.doclint.HtmlTag$10 (jdk.compiler@11.0.14)
3120:             1             40  com.sun.tools.doclint.HtmlTag$11 (jdk.compiler@11.0.14)
3121:             1             40  com.sun.tools.doclint.HtmlTag$12 (jdk.compiler@11.0.14)
3122:             1             40  com.sun.tools.doclint.HtmlTag$13 (jdk.compiler@11.0.14)
3123:             1             40  com.sun.tools.doclint.HtmlTag$2 (jdk.compiler@11.0.14)
3124:             1             40  com.sun.tools.doclint.HtmlTag$3 (jdk.compiler@11.0.14)
3125:             1             40  com.sun.tools.doclint.HtmlTag$4 (jdk.compiler@11.0.14)
3126:             1             40  com.sun.tools.doclint.HtmlTag$5 (jdk.compiler@11.0.14)
3127:             1             40  com.sun.tools.doclint.HtmlTag$6 (jdk.compiler@11.0.14)
3128:             1             40  com.sun.tools.doclint.HtmlTag$7 (jdk.compiler@11.0.14)
3129:             1             40  com.sun.tools.doclint.HtmlTag$8 (jdk.compiler@11.0.14)
3130:             1             40  com.sun.tools.doclint.HtmlTag$9 (jdk.compiler@11.0.14)
3131:             1             40  com.sun.tools.javac.file.Locations$BootClassPathLocationHandler (jdk.compiler@11.0.14)
3132:             1             40  com.sun.tools.javac.file.Locations$ClassPathLocationHandler (jdk.compiler@11.0.14)
3133:             1             40  com.sun.tools.javac.file.Locations$ModuleSourcePathLocationHandler (jdk.compiler@11.0.14)
3134:             1             40  com.sun.tools.javac.file.Locations$SystemModulesLocationHandler (jdk.compiler@11.0.14)
3135:             1             40  com.sun.tools.javac.util.JavacMessages (jdk.compiler@11.0.14)
3136:             1             40  io.grpc.internal.ManagedChannelServiceConfig
3137:             1             40  io.grpc.netty.shaded.io.grpc.netty.Http2ControlFrameLimitEncoder
3138:             1             40  io.grpc.netty.shaded.io.netty.bootstrap.ServerBootstrap$ServerBootstrapAcceptor
3139:             1             40  io.grpc.netty.shaded.io.netty.channel.DefaultChannelPromise
3140:             1             40  io.grpc.netty.shaded.io.netty.channel.group.DefaultChannelGroup
3141:             1             40  io.grpc.netty.shaded.io.netty.channel.nio.AbstractNioMessageChannel$NioMessageUnsafe
3142:             1             40  io.grpc.netty.shaded.io.netty.util.concurrent.DefaultPromise$StacklessCancellationException
3143:             1             40  io.netty.bootstrap.ServerBootstrap$ServerBootstrapAcceptor
3144:             1             40  io.netty.channel.nio.AbstractNioMessageChannel$NioMessageUnsafe
3145:             1             40  io.netty.util.concurrent.DefaultPromise$StacklessCancellationException
3146:             1             40  io.prometheus.metrics.config.PrometheusProperties
3147:             1             40  io.trino.hive.$internal.org.codehaus.jackson.map.util.StdDateFormat
3148:             1             40  java.io.FileNotFoundException (java.base@11.0.14)
3149:             1             40  java.io.FilePermission (java.base@11.0.14)
3150:             1             40  java.io.PrintWriter (java.base@11.0.14)
3151:             1             40  java.lang.ArithmeticException (java.base@11.0.14)
3152:             1             40  java.lang.ArrayIndexOutOfBoundsException (java.base@11.0.14)
3153:             1             40  java.lang.ClassCastException (java.base@11.0.14)
3154:             1             40  java.lang.NullPointerException (java.base@11.0.14)
3155:             1             40  java.lang.RuntimeException (java.base@11.0.14)
3156:             1             40  java.lang.Throwable (java.base@11.0.14)
3157:             1             40  java.lang.invoke.VarHandleObjects$FieldStaticReadWrite (java.base@11.0.14)
3158:             1             40  java.net.InetAddress$CachedAddresses (java.base@11.0.14)
3159:             1             40  java.time.format.DateTimeFormatterBuilder (java.base@11.0.14)
3160:             1             40  java.time.zone.ZoneRules (java.base@11.0.14)
3161:             1             40  java.util.ResourceBundle$2 (java.base@11.0.14)
3162:             1             40  jdk.internal.ref.CleanerImpl$CleanerCleanable (java.base@11.0.14)
3163:             1             40  jdk.internal.reflect.UnsafeQualifiedStaticLongFieldAccessorImpl (java.base@11.0.14)
3164:             1             40  org.antlr.v4.runtime.ParserRuleContext
3165:             1             40  org.apache.logging.log4j.core.jmx.StatusLoggerAdmin
3166:             1             40  org.apache.spark.util.collection.OpenHashSet$
3167:             1             40  org.wildfly.common.context.ContextManager
3168:             1             40  org.xnio.nio.QueuedNioTcpServer2
3169:             1             40  scala.util.control.BreakControl
3170:             1             40  sun.management.MappedMXBeanType$CompositeDataMXBeanType (java.management@11.0.14)
3171:             1             40  sun.nio.cs.StandardCharsets$Aliases (java.base@11.0.14)
3172:             1             40  sun.nio.cs.StandardCharsets$Cache (java.base@11.0.14)
3173:             1             40  sun.nio.fs.AbstractWatchService$1 (java.base@11.0.14)
3174:             1             40  sun.nio.fs.LinuxWatchService$LinuxWatchKey (java.base@11.0.14)
3175:             1             40  sun.util.resources.Bundles$1 (java.base@11.0.14)
3176:             1             32  [Lcom.google.common.base.AbstractIterator$State;
3177:             1             32  [Lcom.google.common.cache.LocalCache$Strength;
3178:             1             32  [Lcom.google.common.collect.AbstractIterator$State;
3179:             1             32  [Lcom.google.common.reflect.Types$JavaVersion;
3180:             1             32  [Lcom.google.gson.ToNumberPolicy;
3181:             1             32  [Lcom.google.protobuf.Descriptors$DescriptorPool$SearchFilter;
3182:             1             32  [Lcom.google.protobuf.Descriptors$FileDescriptor$Syntax;
3183:             1             32  [Lcom.google.protobuf.Descriptors$MethodDescriptor;
3184:             1             32  [Lcom.google.protobuf.MapField$StorageMode;
3185:             1             32  [Lcom.google.protobuf.WireFormat$Utf8Validation;
3186:             1             32  [Lcom.sleepycat.je.ExtinctionFilter$ExtinctionStatus;
3187:             1             32  [Lcom.sleepycat.je.OperationStatus;
3188:             1             32  [Lcom.sleepycat.je.Put;
3189:             1             32  [Lcom.sleepycat.je.cleaner.FileSelector$FileStatus;
3190:             1             32  [Lcom.sleepycat.je.dbi.DbEnvState;
3191:             1             32  [Lcom.sleepycat.je.dbi.PutMode;
3192:             1             32  [Lcom.sleepycat.je.log.FileManager$FileMode;
3193:             1             32  [Lcom.sleepycat.je.log.LogEntryType$Replicable;
3194:             1             32  [Lcom.sleepycat.je.log.Provisional;
3195:             1             32  [Lcom.sleepycat.je.log.entry.LNLogEntry$DupStatus;
3196:             1             32  [Lcom.sleepycat.je.log.entry.RestoreRequired$FailureType;
3197:             1             32  [Lcom.sleepycat.je.recovery.DirtyINMap$CkptState;
3198:             1             32  [Lcom.sleepycat.je.rep.ReplicatedEnvironment$State;
3199:             1             32  [Lcom.sleepycat.je.rep.impl.TextProtocol$MessageError;
3200:             1             32  [Lcom.sleepycat.je.rep.utilint.ServiceHandshake$InitResult;
3201:             1             32  [Lcom.staros.proto.GetServiceRequest$IdentifierCase;
3202:             1             32  [Lcom.staros.proto.GetWorkerRequest$IdentifierCase;
3203:             1             32  [Lcom.staros.proto.UpdateMetaGroupInfo$InfoCase;
3204:             1             32  [Lcom.starrocks.alter.AlterJobV2$JobType;
3205:             1             32  [Lcom.starrocks.analysis.AggregateInfo$AggPhase;
3206:             1             32  [Lcom.starrocks.analysis.ArithmeticExpr$OperatorPosition;
3207:             1             32  [Lcom.starrocks.analysis.GroupByClause$GroupingType;
3208:             1             32  [Lcom.starrocks.catalog.Function$CompareMode;
3209:             1             32  [Lcom.starrocks.catalog.KeysType;
3210:             1             32  [Lcom.starrocks.catalog.MaterializedIndex$IndexExtState;
3211:             1             32  [Lcom.starrocks.catalog.MaterializedIndex$IndexState;
3212:             1             32  [Lcom.starrocks.catalog.MaterializedView$RefreshType;
3213:             1             32  [Lcom.starrocks.catalog.MetaReplayState$MetaState;
3214:             1             32  [Lcom.starrocks.catalog.Partition$PartitionState;
3215:             1             32  [Lcom.starrocks.catalog.TableProperty$QueryRewriteConsistencyMode;
3216:             1             32  [Lcom.starrocks.load.ExportJob$JobState;
3217:             1             32  [Lcom.starrocks.load.InsertOverwriteJobState;
3218:             1             32  [Lcom.starrocks.load.LoadErrorHub$HubType;
3219:             1             32  [Lcom.starrocks.mysql.privilege.Auth$PrivLevel;
3220:             1             32  [Lcom.starrocks.mysql.privilege.AuthPlugin;
3221:             1             32  [Lcom.starrocks.plugin.AuditEvent$EventType;
3222:             1             32  [Lcom.starrocks.plugin.PluginInfo$PluginType;
3223:             1             32  [Lcom.starrocks.proto.PPlanFragmentCancelReason;
3224:             1             32  [Lcom.starrocks.qe.QueryState$MysqlStateType;
3225:             1             32  [Lcom.starrocks.service.FrontendOptions$HostType;
3226:             1             32  [Lcom.starrocks.sql.ast.SetType;
3227:             1             32  [Lcom.starrocks.sql.ast.ShowCreateTableStmt$CreateTableType;
3228:             1             32  [Lcom.starrocks.sql.ast.TableRelation$TableHint;
3229:             1             32  [Lcom.starrocks.sql.optimizer.base.DistributionSpec$DistributionType;
3230:             1             32  [Lcom.starrocks.sql.optimizer.cost.HashJoinCostModel$JoinExecMode;
3231:             1             32  [Lcom.starrocks.sql.optimizer.operator.AggType;
3232:             1             32  [Lcom.starrocks.sql.optimizer.operator.TopNType;
3233:             1             32  [Lcom.starrocks.sql.optimizer.operator.logical.LogicalLimitOperator$Phase;
3234:             1             32  [Lcom.starrocks.sql.optimizer.operator.scalar.CompoundPredicateOperator$CompoundType;
3235:             1             32  [Lcom.starrocks.statistic.StatsConstants$AnalyzeType;
3236:             1             32  [Lcom.starrocks.storagevolume.StorageVolume$StorageVolumeType;
3237:             1             32  [Lcom.starrocks.system.Backend$BackendState;
3238:             1             32  [Lcom.starrocks.system.HeartbeatResponse$Type;
3239:             1             32  [Lcom.starrocks.thrift.TCounterAggregateType;
3240:             1             32  [Lcom.starrocks.thrift.TCounterMergeType;
3241:             1             32  [Lcom.starrocks.thrift.TEtlState;
3242:             1             32  [Lcom.starrocks.thrift.TExplainLevel;
3243:             1             32  [Lcom.starrocks.thrift.TFileType;
3244:             1             32  [Lcom.starrocks.thrift.TKeysType;
3245:             1             32  [Lcom.starrocks.thrift.TLoadSourceType;
3246:             1             32  [Lcom.starrocks.thrift.TLoadType;
3247:             1             32  [Lcom.starrocks.thrift.TQueryType;
3248:             1             32  [Lcom.starrocks.thrift.TRunMode;
3249:             1             32  [Lcom.starrocks.thrift.TStorageType;
3250:             1             32  [Lcom.starrocks.thrift.TStreamingPreaggregationMode;
3251:             1             32  [Lcom.starrocks.thrift.TTabletType;
3252:             1             32  [Lcom.starrocks.thrift.TTopNType;
3253:             1             32  [Lcom.starrocks.thrift.TTypeNodeType;
3254:             1             32  [Lcom.starrocks.thrift.TWriteQuorumType;
3255:             1             32  [Lcom.starrocks.warehouse.Warehouse$WarehouseState;
3256:             1             32  [Lcom.sun.nio.file.SensitivityWatchEventModifier; (jdk.unsupported@11.0.14)
3257:             1             32  [Lcom.sun.org.apache.xerces.internal.utils.XMLSecurityManager$NameMap; (java.xml@11.0.14)
3258:             1             32  [Lcom.sun.tools.doclint.HtmlTag$EndKind; (jdk.compiler@11.0.14)
3259:             1             32  [Lcom.sun.tools.doclint.HtmlVersion; (jdk.compiler@11.0.14)
3260:             1             32  [Lcom.sun.tools.javac.code.Attribute$RetentionPolicy; (jdk.compiler@11.0.14)
3261:             1             32  [Lcom.sun.tools.javac.code.BoundKind; (jdk.compiler@11.0.14)
3262:             1             32  [Lcom.sun.tools.javac.code.Kinds$Kind$Category; (jdk.compiler@11.0.14)
3263:             1             32  [Lcom.sun.tools.javac.code.Type$UndetVar$Kind; (jdk.compiler@11.0.14)
3264:             1             32  [Lcom.sun.tools.javac.comp.Attr$CheckMode; (jdk.compiler@11.0.14)
3265:             1             32  [Lcom.sun.tools.javac.comp.Infer$GraphInferenceSteps; (jdk.compiler@11.0.14)
3266:             1             32  [Lcom.sun.tools.javac.comp.Operators$ComparisonKind; (jdk.compiler@11.0.14)
3267:             1             32  [Lcom.sun.tools.javac.comp.Resolve$MethodCheckDiag; (jdk.compiler@11.0.14)
3268:             1             32  [Lcom.sun.tools.javac.comp.Resolve$MethodResolutionPhase; (jdk.compiler@11.0.14)
3269:             1             32  [Lcom.sun.tools.javac.comp.Resolve$ReferenceLookupResult$StaticKind; (jdk.compiler@11.0.14)
3270:             1             32  [Lcom.sun.tools.javac.jvm.Code$StackMapFormat; (jdk.compiler@11.0.14)
3271:             1             32  [Lcom.sun.tools.javac.jvm.Profile; (jdk.compiler@11.0.14)
3272:             1             32  [Lcom.sun.tools.javac.main.Arguments$ErrorMode; (jdk.compiler@11.0.14)
3273:             1             32  [Lcom.sun.tools.javac.main.JavaCompiler$ImplicitSourcePolicy; (jdk.compiler@11.0.14)
3274:             1             32  [Lcom.sun.tools.javac.main.Option$ArgKind; (jdk.compiler@11.0.14)
3275:             1             32  [Lcom.sun.tools.javac.main.Option$OptionGroup; (jdk.compiler@11.0.14)
3276:             1             32  [Lcom.sun.tools.javac.main.Option$OptionKind; (jdk.compiler@11.0.14)
3277:             1             32  [Lcom.sun.tools.javac.main.Option$PkgInfo; (jdk.compiler@11.0.14)
3278:             1             32  [Lcom.sun.tools.javac.parser.JavacParser$ParensResult; (jdk.compiler@11.0.14)
3279:             1             32  [Lcom.sun.tools.javac.parser.Tokens$Comment$CommentStyle; (jdk.compiler@11.0.14)
3280:             1             32  [Lcom.sun.tools.javac.parser.Tokens$Token$Tag; (jdk.compiler@11.0.14)
3281:             1             32  [Lcom.sun.tools.javac.util.Bits$BitsState; (jdk.compiler@11.0.14)
3282:             1             32  [Lcom.sun.tools.javac.util.JCDiagnostic$DiagnosticType; (jdk.compiler@11.0.14)
3283:             1             32  [Lcom.sun.tools.javac.util.MandatoryWarningHandler$DeferredDiagnosticKind; (jdk.compiler@11.0.14)
3284:             1             32  [Lio.grpc.ChannelLogger$ChannelLogLevel;
3285:             1             32  [Lio.grpc.InternalChannelz$ChannelTrace$Event$Severity;
3286:             1             32  [Lio.grpc.SecurityLevel;
3287:             1             32  [Lio.grpc.internal.ClientStreamListener$RpcProgress;
3288:             1             32  [Lio.grpc.internal.ManagedChannelImpl$ResolutionState;
3289:             1             32  [Lio.grpc.netty.shaded.io.grpc.netty.NegotiationType;
3290:             1             32  [Lio.grpc.netty.shaded.io.netty.handler.codec.http2.HpackDecoder$HeaderType;
3291:             1             32  [Lio.grpc.netty.shaded.io.netty.handler.codec.http2.HpackUtil$IndexType;
3292:             1             32  [Lio.grpc.netty.shaded.io.netty.handler.codec.http2.Http2Exception$ShutdownHint;
3293:             1             32  [Lio.grpc.netty.shaded.io.netty.util.ResourceLeakDetector$Level;
3294:             1             32  [Lio.grpc.stub.ClientCalls$StubType;
3295:             1             32  [Lio.netty.handler.codec.http.HttpContentEncoder$State;
3296:             1             32  [Lio.netty.util.ResourceLeakDetector$Level;
3297:             1             32  [Lio.opencensus.implcore.internal.CurrentState$InternalState;
3298:             2             32  [Lio.trino.hive.$internal.org.codehaus.jackson.type.JavaType;
3299:             1             32  [Ljava.lang.OutOfMemoryError; (java.base@11.0.14)
3300:             1             32  [Ljava.lang.StackStreamFactory$WalkerState; (java.base@11.0.14)
3301:             1             32  [Ljava.lang.ThreadGroup; (java.base@11.0.14)
3302:             1             32  [Ljava.lang.invoke.LambdaFormEditor$Transform; (java.base@11.0.14)
3303:             1             32  [Ljava.lang.invoke.MethodHandleImpl$ArrayAccess; (java.base@11.0.14)
3304:             1             32  [Ljava.lang.invoke.StringConcatFactory$Mode; (java.base@11.0.14)
3305:             1             32  [Ljava.lang.management.MemoryManagerMXBean; (java.management@11.0.14)
3306:             1             32  [Ljava.lang.module.ModuleDescriptor$Modifier; (java.base@11.0.14)
3307:             1             32  [Ljava.lang.module.ModuleDescriptor$Requires$Modifier; (java.base@11.0.14)
3308:             1             32  [Ljava.net.Proxy$Type; (java.base@11.0.14)
3309:             1             32  [Ljava.nio.file.AccessMode; (java.base@11.0.14)
3310:             1             32  [Ljava.nio.file.FileTreeWalker$EventType; (java.base@11.0.14)
3311:             1             32  [Ljava.nio.file.FileVisitResult; (java.base@11.0.14)
3312:             1             32  [Ljava.nio.file.StandardCopyOption; (java.base@11.0.14)
3313:             2             32  [Ljava.security.cert.X509Certificate; (java.base@11.0.14)
3314:             1             32  [Ljava.time.format.DateTimeFormatterBuilder$SettingsParser; (java.base@11.0.14)
3315:             1             32  [Ljava.time.format.ResolverStyle; (java.base@11.0.14)
3316:             1             32  [Ljava.time.temporal.IsoFields$Field; (java.base@11.0.14)
3317:             1             32  [Ljava.time.temporal.JulianFields$Field; (java.base@11.0.14)
3318:             1             32  [Ljava.util.regex.Pattern$Qtype; (java.base@11.0.14)
3319:             1             32  [Ljava.util.stream.MatchOps$MatchKind; (java.base@11.0.14)
3320:             1             32  [Ljava.util.stream.StreamShape; (java.base@11.0.14)
3321:             2             32  [Ljavax.security.cert.X509Certificate; (java.base@11.0.14)
3322:             1             32  [Ljavax.xml.catalog.CatalogFeatures$Feature; (java.xml@11.0.14)
3323:             1             32  [Ljdk.internal.logger.BootstrapLogger$LoggingBackend; (java.base@11.0.14)
3324:             1             32  [Ljdk.internal.math.FormattedFloatingDecimal$Form; (java.base@11.0.14)
3325:             1             32  [Ljdk.internal.module.IllegalAccessLogger$Mode; (java.base@11.0.14)
3326:             1             32  [Lorg.antlr.v4.runtime.CodePointBuffer$Type;
3327:             1             32  [Lorg.antlr.v4.runtime.atn.PredictionMode;
3328:             1             32  [Lorg.apache.logging.log4j.core.config.LoggerConfig$LoggerConfigPredicate;
3329:             1             32  [Lorg.apache.logging.log4j.core.util.datetime.FixedDateFormat$FixedTimeZoneFormat;
3330:             1             32  [Lorg.roaringbitmap.Container;
3331:             1             32  [Lorg.sparkproject.guava.collect.MapMakerInternalMap$Segment;
3332:             1             32  [Lorg.sparkproject.guava.collect.MapMakerInternalMap$Strength;
3333:             1             32  [Lorg.xnio.nio.WorkerThread;
3334:             1             32  [Lsun.nio.fs.AbstractPoller$RequestType; (java.base@11.0.14)
3335:             1             32  [Lsun.security.provider.NativePRNG$Variant; (java.base@11.0.14)
3336:             1             32  [[Lcom.sun.tools.javac.util.JCDiagnostic$Fragment; (jdk.compiler@11.0.14)
3337:             1             32  [[Lorg.sparkproject.guava.collect.MapMakerInternalMap$EntryFactory;
3338:             1             32  com.baidu.bjf.remoting.protobuf.utils.compiler.JdkCompiler
3339:             2             32  com.baidu.jprotobuf.pbrpc.transport.GlobalChannelPoolSharableFactory
3340:             1             32  com.fasterxml.uuid.impl.TimeBasedGenerator
3341:             2             32  com.google.common.base.Joiner
3342:             2             32  com.google.common.cache.LocalCache$LocalLoadingCache
3343:             2             32  com.google.common.collect.IndexedImmutableSet$1
3344:             1             32  com.google.common.collect.Iterators$ArrayItr
3345:             2             32  com.google.common.util.concurrent.RateLimiter$SleepingStopwatch$1
3346:             2             32  com.google.gson.internal.bind.ObjectTypeAdapter$1
3347:             1             32  com.google.protobuf.Descriptors$ServiceDescriptor
3348:             1             32  com.google.protobuf.ExtensionRegistry
3349:             1             32  com.google.protobuf.GeneratedMessageV3$FieldAccessorTable$SingularFieldAccessor
3350:             1             32  com.google.protobuf.IntArrayList
3351:             1             32  com.google.protobuf.LongArrayList
3352:             1             32  com.google.protobuf.WireFormat$FieldType$1
3353:             1             32  com.google.protobuf.WireFormat$FieldType$2
3354:             1             32  com.google.protobuf.WireFormat$FieldType$3
3355:             1             32  com.google.protobuf.WireFormat$FieldType$4
3356:             1             32  com.lmax.disruptor.ProcessingSequenceBarrier
3357:             1             32  com.lmax.disruptor.dsl.Disruptor
3358:             1             32  com.lmax.disruptor.dsl.EventProcessorInfo
3359:             1             32  com.sleepycat.je.WriteOptions
3360:             1             32  com.sleepycat.je.cleaner.ExpirationTracker
3361:             1             32  com.sleepycat.je.cleaner.FileProtector$ProtectedFileRange
3362:             1             32  com.sleepycat.je.cleaner.UtilizationTracker
3363:             1             32  com.sleepycat.je.dbi.ExpirationInfo
3364:             1             32  com.sleepycat.je.evictor.Arbiter
3365:             1             32  com.sleepycat.je.log.DbOpReplicationContext
3366:             1             32  com.sleepycat.je.log.FSyncManager$FSyncGroup
3367:             1             32  com.sleepycat.je.rep.RepStatManager
3368:             1             32  com.sleepycat.je.rep.StateChangeEvent
3369:             1             32  com.sleepycat.je.rep.arbitration.Arbiter
3370:             1             32  com.sleepycat.je.rep.impl.EnumConfigParam
3371:             1             32  com.sleepycat.je.rep.impl.node.Replica$ConsistencyTracker$1
3372:             1             32  com.sleepycat.je.rep.impl.node.Replica$ConsistencyTracker$2
3373:             1             32  com.sleepycat.je.rep.impl.node.cbvlsn.LocalCBVLSNTracker
3374:             1             32  com.sleepycat.je.rep.utilint.SimpleTxnMap
3375:             1             32  com.sleepycat.je.rep.vlsn.LogItemCache
3376:             1             32  com.sleepycat.je.statcap.EnvStatsLogger
3377:             1             32  com.sleepycat.je.utilint.TaskCoordinator$Task
3378:             1             32  com.sleepycat.je.utilint.Timestamp
3379:             2             32  com.staros.filestore.DelegatedFileStore
3380:             1             32  com.staros.filestore.FileStoreMgr
3381:             1             32  com.staros.heartbeat.HeartbeatManager
3382:             1             32  com.staros.manager.StarManagerServer
3383:             1             32  com.staros.proto.AddShardResponse
3384:             1             32  com.staros.proto.DeleteMetaGroupResponse
3385:             1             32  com.staros.proto.DeleteShardGroupResponse
3386:             1             32  com.staros.proto.DeleteShardResponse
3387:             1             32  com.staros.proto.DeleteWorkerGroupResponse
3388:             1             32  com.staros.proto.DeregisterServiceRequest
3389:             1             32  com.staros.proto.DeregisterServiceResponse
3390:             1             32  com.staros.proto.DumpRequest
3391:             1             32  com.staros.proto.FileStoreMgrImageMetaFooter
3392:             1             32  com.staros.proto.ListMetaGroupRequest
3393:             1             32  com.staros.proto.QueryMetaGroupStableResponse
3394:             1             32  com.staros.proto.RegisterServiceRequest
3395:             1             32  com.staros.proto.RegisterServiceResponse
3396:             1             32  com.staros.proto.RemoveFileStoreResponse
3397:             1             32  com.staros.proto.RemoveShardResponse
3398:             1             32  com.staros.proto.RemoveWorkerResponse
3399:             1             32  com.staros.proto.ServiceManagerFileStoreMgrHeader
3400:             1             32  com.staros.proto.ServiceManagerImageData
3401:             1             32  com.staros.proto.ServiceManagerImageMetaFooter
3402:             1             32  com.staros.proto.ServiceManagerShardManagerHeader
3403:             1             32  com.staros.proto.ShardInfoList
3404:             1             32  com.staros.proto.ShardManagerImageMetaFooter
3405:             1             32  com.staros.proto.ShutdownServiceRequest
3406:             1             32  com.staros.proto.ShutdownServiceResponse
3407:             1             32  com.staros.proto.StarManagerImageMetaFooter
3408:             1             32  com.staros.proto.StarletHeartbeatResponse
3409:             1             32  com.staros.proto.UpdateFileStoreResponse
3410:             1             32  com.staros.proto.UpdateMetaGroupResponse
3411:             1             32  com.staros.proto.UpdateShardGroupResponse
3412:             1             32  com.staros.proto.UpdateShardResponse
3413:             1             32  com.staros.proto.WorkerHeartbeatResponse
3414:             1             32  com.staros.proto.WorkerManagerImageMetaFooter
3415:             1             32  com.staros.proto.WorkerManagerWorkers
3416:             2             32  com.staros.schedule.select.FirstNSelector
3417:             1             32  com.staros.starlet.StarletAgent
3418:             1             32  com.staros.util.IdGenerator
3419:             1             32  com.staros.worker.WorkerManager$ServiceWorkerGroup
3420:             1             32  com.starrocks.alter.AlterJobMgr
3421:             1             32  com.starrocks.analysis.LimitElement
3422:             1             32  com.starrocks.catalog.BrokerMgr
3423:             1             32  com.starrocks.catalog.CatalogIdGenerator
3424:             1             32  com.starrocks.catalog.MetaReplayState
3425:             2             32  com.starrocks.clone.BackendLoadStatistic$BeStatComparator
3426:             2             32  com.starrocks.common.PatternMatcher
3427:             1             32  com.starrocks.common.ThriftServer
3428:             1             32  com.starrocks.common.proc.StatisticProcDir
3429:             1             32  com.starrocks.common.util.ProfileManager
3430:             1             32  com.starrocks.common.util.concurrent.CountingLatch$Sync
3431:             2             32  com.starrocks.credential.aliyun.AliyunCloudConfigurationProvider
3432:             2             32  com.starrocks.credential.aws.AWSCloudConfigurationProvider
3433:             2             32  com.starrocks.credential.azure.AzureCloudConfigurationProvider
3434:             2             32  com.starrocks.credential.gcp.GCPCloudConfigurationProvoder
3435:             2             32  com.starrocks.credential.hdfs.HDFSCloudConfigurationProvider
3436:             1             32  com.starrocks.http.HttpServer
3437:             1             32  com.starrocks.http.action.LogAction
3438:             1             32  com.starrocks.http.rest.TransactionLoadAction
3439:             1             32  com.starrocks.lake.StarOSAgent
3440:             1             32  com.starrocks.lake.StorageInfo
3441:             1             32  com.starrocks.lake.compaction.CompactionMgr
3442:             2             32  com.starrocks.lake.compaction.CompactionScheduler$SynchronizedCircularQueue
3443:             1             32  com.starrocks.load.DeleteMgr
3444:             1             32  com.starrocks.load.InsertOverwriteJobMgr
3445:             1             32  com.starrocks.load.loadv2.LoadMgr
3446:             1             32  com.starrocks.load.pipe.PipeManager
3447:             1             32  com.starrocks.load.routineload.RoutineLoadMgr
3448:             1             32  com.starrocks.load.streamload.StreamLoadMgr
3449:             2             32  com.starrocks.meta.MetaContext
3450:             1             32  com.starrocks.metric.MetricRepo$10
3451:             1             32  com.starrocks.metric.MetricRepo$11
3452:             1             32  com.starrocks.metric.MetricRepo$12
3453:             1             32  com.starrocks.metric.MetricRepo$13
3454:             1             32  com.starrocks.metric.MetricRepo$14
3455:             1             32  com.starrocks.metric.MetricRepo$15
3456:             1             32  com.starrocks.metric.MetricRepo$16
3457:             1             32  com.starrocks.metric.MetricRepo$17
3458:             1             32  com.starrocks.metric.MetricRepo$18
3459:             1             32  com.starrocks.metric.MetricRepo$19
3460:             1             32  com.starrocks.metric.MetricRepo$20
3461:             1             32  com.starrocks.metric.MetricRepo$21
3462:             1             32  com.starrocks.metric.MetricRepo$22
3463:             1             32  com.starrocks.metric.MetricRepo$23
3464:             1             32  com.starrocks.metric.MetricRepo$24
3465:             1             32  com.starrocks.metric.MetricRepo$25
3466:             1             32  com.starrocks.metric.MetricRepo$26
3467:             1             32  com.starrocks.metric.MetricRepo$27
3468:             1             32  com.starrocks.metric.MetricRepo$28
3469:             1             32  com.starrocks.metric.MetricRepo$29
3470:             1             32  com.starrocks.metric.MetricRepo$3
3471:             1             32  com.starrocks.metric.MetricRepo$30
3472:             1             32  com.starrocks.metric.MetricRepo$31
3473:             1             32  com.starrocks.metric.MetricRepo$32
3474:             1             32  com.starrocks.metric.MetricRepo$33
3475:             1             32  com.starrocks.metric.MetricRepo$4
3476:             1             32  com.starrocks.metric.MetricRepo$5
3477:             1             32  com.starrocks.metric.MetricRepo$6
3478:             1             32  com.starrocks.metric.MetricRepo$8
3479:             1             32  com.starrocks.metric.MetricRepo$9
3480:             1             32  com.starrocks.metric.ResourceGroupMetricMgr$QueryResourceGroupLatencyMetrics
3481:             2             32  com.starrocks.persist.EditLog
3482:             1             32  com.starrocks.qe.scheduler.slot.AllocatedSlots
3483:             1             32  com.starrocks.qe.scheduler.slot.ResourceUsageMonitor
3484:             1             32  com.starrocks.scheduler.TaskRunManager
3485:             1             32  com.starrocks.server.CatalogMgr
3486:             1             32  com.starrocks.server.MetadataMgr
3487:             2             32  com.starrocks.sql.optimizer.base.DistributionDisjointSet
3488:             1             32  com.starrocks.sql.optimizer.base.DistributionSpec$PropertyInfo
3489:             2             32  com.starrocks.sql.optimizer.dump.QueryDumpDeserializer
3490:             2             32  com.starrocks.sql.optimizer.dump.QueryDumpSerializer
3491:             2             32  com.starrocks.sql.optimizer.rewrite.ScalarOperatorRewriteContext
3492:             2             32  com.starrocks.sql.optimizer.rewrite.ScalarOperatorRewriter
3493:             2             32  com.starrocks.sql.optimizer.rewrite.scalar.ArithmeticCommutativeRule
3494:             2             32  com.starrocks.sql.optimizer.rewrite.scalar.ExtractCommonPredicateRule
3495:             1             32  com.starrocks.sql.optimizer.rule.tree.pdagg.AggregatePushDownContext
3496:             1             32  com.starrocks.sql.optimizer.rule.tree.pdagg.PushDownDistinctAggregateRewriter$RewriteInfo
3497:             1             32  com.starrocks.sql.optimizer.statistics.CachedStatisticStorage
3498:             1             32  com.starrocks.staros.BDBJEJournalSystem
3499:             1             32  com.starrocks.staros.StarMgrServer
3500:             1             32  com.starrocks.thrift.BackendService$submit_routine_load_task_args$_Fields
3501:             1             32  com.starrocks.thrift.BackendService$submit_routine_load_task_result$_Fields
3502:             1             32  com.starrocks.thrift.BackendService$submit_tasks_args$_Fields
3503:             1             32  com.starrocks.thrift.BackendService$submit_tasks_result$_Fields
3504:             1             32  com.starrocks.thrift.FrontendService$finishTask_args$_Fields
3505:             1             32  com.starrocks.thrift.FrontendService$finishTask_result$_Fields
3506:             1             32  com.starrocks.thrift.FrontendService$getPartitionsMeta_args$_Fields
3507:             1             32  com.starrocks.thrift.FrontendService$getPartitionsMeta_result$_Fields
3508:             1             32  com.starrocks.thrift.FrontendService$getTablesConfig_args$_Fields
3509:             1             32  com.starrocks.thrift.FrontendService$getTablesConfig_result$_Fields
3510:             1             32  com.starrocks.thrift.FrontendService$getTaskRuns_args$_Fields
3511:             1             32  com.starrocks.thrift.FrontendService$getTaskRuns_result$_Fields
3512:             1             32  com.starrocks.thrift.FrontendService$getTasks_args$_Fields
3513:             1             32  com.starrocks.thrift.FrontendService$getTasks_result$_Fields
3514:             1             32  com.starrocks.thrift.FrontendService$listFeMemoryUsage_args$_Fields
3515:             1             32  com.starrocks.thrift.FrontendService$listFeMemoryUsage_result$_Fields
3516:             1             32  com.starrocks.thrift.FrontendService$loadTxnCommit_args$_Fields
3517:             1             32  com.starrocks.thrift.FrontendService$loadTxnCommit_result$_Fields
3518:             1             32  com.starrocks.thrift.FrontendService$reportExecStatus_args$_Fields
3519:             1             32  com.starrocks.thrift.FrontendService$reportExecStatus_result$_Fields
3520:             1             32  com.starrocks.thrift.FrontendService$report_args$_Fields
3521:             1             32  com.starrocks.thrift.FrontendService$report_result$_Fields
3522:             1             32  com.starrocks.thrift.HeartbeatService$heartbeat_args$_Fields
3523:             1             32  com.starrocks.thrift.HeartbeatService$heartbeat_result$_Fields
3524:             1             32  com.starrocks.thrift.TAggregateExpr$_Fields
3525:             1             32  com.starrocks.thrift.TExpr$_Fields
3526:             1             32  com.starrocks.thrift.TFeMemoryReq$_Fields
3527:             1             32  com.starrocks.thrift.TFeMemoryRes$_Fields
3528:             1             32  com.starrocks.thrift.TGetPartitionsMetaRequest$_Fields
3529:             1             32  com.starrocks.thrift.TGetPartitionsMetaResponse$_Fields
3530:             1             32  com.starrocks.thrift.TGetTablesConfigRequest$_Fields
3531:             1             32  com.starrocks.thrift.TGetTablesConfigResponse$_Fields
3532:             1             32  com.starrocks.thrift.TGetTaskInfoResult$_Fields
3533:             1             32  com.starrocks.thrift.TGetTaskRunInfoResult$_Fields
3534:             1             32  com.starrocks.thrift.TIntLiteral$_Fields
3535:             1             32  com.starrocks.thrift.TOlapTable$_Fields
3536:             1             32  com.starrocks.thrift.TPlan$_Fields
3537:             1             32  com.starrocks.thrift.TReportExecStatusResult$_Fields
3538:             1             32  com.starrocks.thrift.TSchemaTable$_Fields
3539:             1             32  com.starrocks.thrift.TStringLiteral$_Fields
3540:             1             32  com.starrocks.thrift.TTypeDesc$_Fields
3541:             1             32  com.starrocks.transaction.GlobalTransactionMgr
3542:             1             32  com.starrocks.transaction.TransactionIdGenerator
3543:             2             32  com.starrocks.transaction.TransactionLogApplierFactory
3544:             2             32  com.starrocks.transaction.TransactionStateListenerFactory
3545:             1             32  com.starrocks.warehouse.Cluster
3546:             1             32  com.sun.jmx.mbeanserver.Repository (java.management@11.0.14)
3547:             1             32  com.sun.management.internal.OperatingSystemImpl (jdk.management@11.0.14)
3548:             2             32  com.sun.org.apache.xerces.internal.impl.dv.dtd.ENTITYDatatypeValidator (java.xml@11.0.14)
3549:             1             32  com.sun.org.apache.xerces.internal.jaxp.SAXParserFactoryImpl (java.xml@11.0.14)
3550:             2             32  com.sun.proxy.$Proxy24
3551:             2             32  com.sun.proxy.jdk.proxy1.$Proxy21 (jdk.proxy1@)
3552:             1             32  com.sun.tools.javac.code.Scope$Entry (jdk.compiler@11.0.14)
3553:             1             32  com.sun.tools.javac.comp.Annotate$AnnotationTypeMetadata$1 (jdk.compiler@11.0.14)
3554:             1             32  com.sun.tools.javac.file.Locations$PatchModulesLocationHandler (jdk.compiler@11.0.14)
3555:             1             32  com.sun.tools.javac.file.Locations$SearchPath (jdk.compiler@11.0.14)
3556:             1             32  com.sun.tools.javac.jvm.Profile$1 (jdk.compiler@11.0.14)
3557:             1             32  com.sun.tools.javac.parser.Tokens$Token (jdk.compiler@11.0.14)
3558:             2             32  com.sun.tools.javac.util.JavacMessages$$Lambda$616/0x0000000840953840 (jdk.compiler@11.0.14)
3559:             2             32  io.grpc.Codec$Gzip
3560:             1             32  io.grpc.InternalChannelz
3561:             1             32  io.grpc.NameResolverRegistry
3562:             2             32  io.grpc.googleapis.GoogleCloudToProdNameResolverProvider
3563:             2             32  io.grpc.internal.CallCredentialsApplyingTransportFactory$CallCredentialsApplyingTransport$1
3564:             2             32  io.grpc.internal.GrpcUtil$AcceptEncodingMarshaller
3565:             2             32  io.grpc.internal.InternalSubchannel$TransportLogger
3566:             2             32  io.grpc.internal.LogExceptionRunnable
3567:             2             32  io.grpc.internal.PickFirstLoadBalancer$Picker
3568:             1             32  io.grpc.internal.ReadableBuffers$ByteArrayWrapper
3569:             2             32  io.grpc.internal.Rescheduler$FutureRunnable
3570:             1             32  io.grpc.internal.ServerImpl$ServerTransportListenerImpl
3571:             1             32  io.grpc.netty.shaded.io.grpc.netty.GrpcHttp2HeadersUtils$GrpcHttp2ServerHeadersDecoder
3572:             1             32  io.grpc.netty.shaded.io.grpc.netty.NettyServerHandler$1
3573:             2             32  io.grpc.netty.shaded.io.netty.buffer.PooledByteBufAllocator$1
3574:             2             32  io.grpc.netty.shaded.io.netty.buffer.PooledByteBufAllocatorMetric
3575:             1             32  io.grpc.netty.shaded.io.netty.buffer.UnpooledByteBufAllocator
3576:             1             32  io.grpc.netty.shaded.io.netty.handler.codec.http.HttpStatusClass$1
3577:             2             32  io.grpc.netty.shaded.io.netty.handler.codec.http2.StreamBufferingEncoder$1
3578:             1             32  io.grpc.netty.shaded.io.netty.util.ResourceLeakDetector
3579:             2             32  io.grpc.netty.shaded.io.netty.util.concurrent.MultithreadEventExecutorGroup$1
3580:             2             32  io.grpc.netty.shaded.io.netty.util.concurrent.ThreadPerTaskExecutor
3581:             2             32  io.grpc.netty.shaded.io.netty.util.internal.logging.Slf4JLoggerFactory
3582:             2             32  io.grpc.util.SecretRoundRobinLoadBalancerProvider$Provider
3583:             1             32  io.netty.buffer.UnpooledByteBufAllocator
3584:             2             32  io.netty.channel.DefaultMessageSizeEstimator
3585:             2             32  io.netty.channel.DefaultMessageSizeEstimator$HandleImpl
3586:             2             32  io.netty.channel.ReflectiveChannelFactory
3587:             2             32  io.netty.channel.nio.AbstractNioByteChannel$1
3588:             2             32  io.netty.handler.codec.DecoderResult
3589:             1             32  io.netty.handler.codec.http.HttpStatusClass$1
3590:             2             32  io.netty.handler.timeout.IdleStateHandler$1
3591:             1             32  io.netty.util.AttributeKey
3592:             1             32  io.netty.util.HashedWheelTimer$Worker
3593:             2             32  io.netty.util.internal.logging.Slf4JLoggerFactory
3594:             2             32  io.opencensus.implcore.internal.CurrentState
3595:             1             32  io.opencensus.implcore.metrics.DerivedLongGaugeImpl
3596:             1             32  io.opencensus.implcore.stats.MeasureToViewMap
3597:             1             32  io.opencensus.implcore.stats.StatsManager
3598:             1             32  io.opencensus.implcore.trace.SpanBuilderImpl$Options
3599:             1             32  io.opencensus.implcore.trace.StartEndHandlerImpl
3600:             1             32  io.opencensus.implcore.trace.TraceComponentImplBase
3601:             1             32  io.opencensus.trace.config.AutoValue_TraceParams
3602:             2             32  io.opencensus.trace.export.AutoValue_RunningSpanStore_Summary
3603:             1             32  io.opencensus.trace.samplers.AutoValue_ProbabilitySampler
3604:             1             32  io.opentelemetry.api.internal.AutoValue_ImmutableSpanContext
3605:             1             32  io.prometheus.metrics.config.ExporterFilterProperties
3606:             1             32  io.trino.hive.$internal.org.codehaus.jackson.map.deser.BeanDeserializerFactory$ConfigImpl
3607:             1             32  io.trino.hive.$internal.org.codehaus.jackson.map.deser.StdDeserializerProvider
3608:             1             32  io.trino.hive.$internal.org.codehaus.jackson.map.introspect.VisibilityChecker$Std
3609:             2             32  io.trino.hive.$internal.org.codehaus.jackson.map.ser.StdSerializers$NumberSerializer
3610:             2             32  io.trino.hive.$internal.org.codehaus.jackson.map.ser.std.StdKeySerializer
3611:             1             32  io.trino.hive.$internal.org.codehaus.jackson.map.type.TypeFactory
3612:             2             32  io.trino.hive.$internal.org.codehaus.jackson.map.util.RootNameLookup
3613:             1             32  java.io.UnixFileSystem (java.base@11.0.14)
3614:             2             32  java.lang.Boolean (java.base@11.0.14)
3615:             2             32  java.lang.Shutdown$Lock (java.base@11.0.14)
3616:             1             32  java.lang.invoke.VarHandleLongs$Array (java.base@11.0.14)
3617:             1             32  java.lang.module.ModuleDescriptor$Version (java.base@11.0.14)
3618:             1             32  java.net.InetAddress$CachedLocalHost (java.base@11.0.14)
3619:             2             32  java.nio.ByteOrder (java.base@11.0.14)
3620:             2             32  java.nio.file.attribute.PosixFilePermissions$1 (java.base@11.0.14)
3621:             1             32  java.text.DontCareFieldPosition (java.base@11.0.14)
3622:             1             32  java.text.FieldPosition (java.base@11.0.14)
3623:             2             32  java.time.format.DateTimeFormatterBuilder$StringLiteralPrinterParser (java.base@11.0.14)
3624:             2             32  java.util.AbstractMap$2 (java.base@11.0.14)
3625:             2             32  java.util.Collections$UnmodifiableCollection (java.base@11.0.14)
3626:             2             32  java.util.Comparator$$Lambda$130/0x00000008401b6040 (java.base@11.0.14)
3627:             2             32  java.util.Comparator$$Lambda$132/0x00000008401b5840 (java.base@11.0.14)
3628:             1             32  java.util.PriorityQueue (java.base@11.0.14)
3629:             2             32  java.util.ResourceBundle$SingleFormatControl (java.base@11.0.14)
3630:             1             32  java.util.concurrent.Semaphore$FairSync (java.base@11.0.14)
3631:             1             32  java.util.concurrent.ThreadLocalRandom (java.base@11.0.14)
3632:             1             32  java.util.logging.LogManager$SystemLoggerContext (java.logging@11.0.14)
3633:             2             32  javax.activation.MimetypesFileTypeMap
3634:             1             32  jdk.internal.jrtfs.JrtFileSystem (java.base@11.0.14)
3635:             1             32  jdk.internal.ref.CleanerImpl (java.base@11.0.14)
3636:             1             32  org.antlr.v4.runtime.atn.EmptyPredictionContext
3637:             2             32  org.antlr.v4.runtime.atn.LexerChannelAction
3638:             2             32  org.antlr.v4.runtime.atn.PredictionContextCache
3639:             1             32  org.apache.hadoop.util.BlockingThreadPoolExecutorService
3640:             1             32  org.apache.hadoop.util.BlockingThreadPoolExecutorService$1
3641:             2             32  org.apache.logging.log4j.core.config.DefaultReliabilityStrategy
3642:             2             32  org.apache.logging.log4j.core.impl.DefaultLogEventFactory
3643:             1             32  org.apache.logging.log4j.core.impl.ThrowableFormatOptions
3644:             2             32  org.apache.logging.log4j.core.lookup.StrMatcher$CharSetMatcher
3645:             2             32  org.apache.logging.log4j.core.util.CloseShieldOutputStream
3646:             1             32  org.apache.logging.log4j.core.util.DefaultShutdownCallbackRegistry
3647:             2             32  org.apache.logging.log4j.core.util.datetime.FastDatePrinter$TwoDigitNumberField
3648:             2             32  org.apache.logging.log4j.spi.LoggerRegistry$ConcurrentMapFactory
3649:             1             32  org.apache.logging.log4j.status.StatusLogger$BoundedQueue
3650:             2             32  org.apache.logging.log4j.util.EnvironmentPropertySource
3651:             2             32  org.apache.logging.log4j.util.PropertiesUtil
3652:             2             32  org.apache.logging.log4j.util.PropertySource$Comparator
3653:             2             32  org.apache.logging.log4j.util.SystemPropertiesPropertySource
3654:             2             32  org.apache.spark.internal.config.ConfigBuilder$$Lambda$405/0x00000008406af040
3655:             2             32  org.apache.spark.internal.config.OptionalConfigEntry$$anonfun$$lessinit$greater$1
3656:             2             32  org.apache.spark.internal.config.OptionalConfigEntry$$anonfun$$lessinit$greater$2
3657:             1             32  org.apache.thrift.protocol.TBinaryProtocol$Factory
3658:             2             32  org.apache.thrift.transport.TTransportFactory
3659:             2             32  org.sparkproject.guava.hash.Murmur3_128HashFunction
3660:             2             32  org.sparkproject.guava.hash.Murmur3_32HashFunction
3661:             2             32  org.xnio.ChannelListener$SimpleSetter
3662:             2             32  org.xnio.Option$9
3663:             1             32  org.xnio.nio.NioXnio
3664:             1             32  org.xnio.nio.NioXnioWorker$NioWorkerMetrics
3665:             1             32  scala.math.BigDecimal$
3666:             1             32  scala.math.BigInt$
3667:             1             32  scala.reflect.ManifestFactory$AnyManifest
3668:             1             32  scala.reflect.ManifestFactory$AnyValPhantomManifest
3669:             1             32  scala.reflect.ManifestFactory$NothingManifest
3670:             1             32  scala.reflect.ManifestFactory$NullManifest
3671:             1             32  scala.reflect.ManifestFactory$ObjectManifest
3672:             1             32  scala.sys.SystemProperties$
3673:             1             32  sun.management.MappedMXBeanType$EnumMXBeanType (java.management@11.0.14)
3674:             1             32  sun.management.MappedMXBeanType$InProgress (java.management@11.0.14)
3675:             2             32  sun.nio.ch.SocketDispatcher (java.base@11.0.14)
3676:             1             32  sun.nio.cs.StandardCharsets (java.base@11.0.14)
3677:             1             32  sun.nio.fs.LinuxFileStore (java.base@11.0.14)
3678:             1             32  sun.nio.fs.LinuxFileSystem (java.base@11.0.14)
3679:             1             32  sun.nio.fs.LinuxWatchService (java.base@11.0.14)
3680:             2             32  sun.security.provider.FileInputStreamPool$UnclosableInputStream (java.base@11.0.14)
3681:             2             32  sun.security.provider.NativePRNG (java.base@11.0.14)
3682:             1             32  sun.security.provider.SecureRandom (java.base@11.0.14)
3683:             1             24  [Lcom.github.benmanes.caffeine.cache.DisabledScheduler;
3684:             1             24  [Lcom.github.benmanes.caffeine.cache.DisabledWriter;
3685:             1             24  [Lcom.github.benmanes.caffeine.cache.SingletonWeigher;
3686:             1             24  [Lcom.github.benmanes.caffeine.cache.SystemTicker;
3687:             1             24  [Lcom.github.benmanes.caffeine.cache.stats.DisabledStatsCounter;
3688:             1             24  [Lcom.google.common.cache.CacheBuilder$NullListener;
3689:             1             24  [Lcom.google.common.cache.CacheBuilder$OneWeigher;
3690:             1             24  [Lcom.google.common.cache.LocalCache$NullEntry;
3691:             1             24  [Lcom.google.common.collect.BoundType;
3692:             1             24  [Lcom.google.common.collect.Iterators$EmptyModifiableIterator;
3693:             1             24  [Lcom.google.common.collect.TreeMultiset$Aggregate;
3694:             1             24  [Lcom.google.common.reflect.Types$ClassOwnership;
3695:             1             24  [Lcom.google.common.util.concurrent.DirectExecutor;
3696:             1             24  [Lcom.google.gson.LongSerializationPolicy;
3697:             1             24  [Lcom.lmax.disruptor.Sequence;
3698:             1             24  [Lcom.lmax.disruptor.dsl.ProducerType;
3699:             1             24  [Lcom.sleepycat.je.cleaner.FileProcessor;
3700:             1             24  [Lcom.sleepycat.je.dbi.DbCleanup$Action;
3701:             1             24  [Lcom.sleepycat.je.log.LogEntryType$Marshall;
3702:             1             24  [Lcom.sleepycat.je.log.LogEntryType$Txnal;
3703:             1             24  [Lcom.sleepycat.je.rep.QuorumPolicy;
3704:             1             24  [Lcom.sleepycat.je.rep.impl.node.ReplicaFactory$ReplicaType;
3705:             1             24  [Lcom.sleepycat.je.tree.INKeyRep$Type;
3706:             1             24  [Lcom.sleepycat.je.utilint.StatDefinition$StatType;
3707:             1             24  [Lcom.starrocks.alter.DecommissionType;
3708:             1             24  [Lcom.starrocks.analysis.IndexDef$IndexType;
3709:             1             24  [Lcom.starrocks.catalog.DiskInfo$DiskState;
3710:             1             24  [Lcom.starrocks.catalog.DistributionInfo$DistributionInfoType;
3711:             1             24  [Lcom.starrocks.catalog.MaterializedView$RefreshMoment;
3712:             1             24  [Lcom.starrocks.clone.DynamicPartitionScheduler$State;
3713:             1             24  [Lcom.starrocks.load.routineload.RoutineLoadJob$JobSubstate;
3714:             1             24  [Lcom.starrocks.metric.Metric$MetricType;
3715:             1             24  [Lcom.starrocks.planner.RuntimeFilterDescription$RuntimeFilterType;
3716:             1             24  [Lcom.starrocks.privilege.PrivilegeType;
3717:             1             24  [Lcom.starrocks.privilege.RolePrivilegeCollectionV2$RoleFlags;
3718:             1             24  [Lcom.starrocks.proto.TxnTypePB;
3719:             1             24  [Lcom.starrocks.sql.ast.AdminSetConfigStmt$ConfigType;
3720:             1             24  [Lcom.starrocks.sql.optimizer.OptimizerConfig$OptimizerAlgorithm;
3721:             1             24  [Lcom.starrocks.sql.optimizer.operator.SortPhase;
3722:             1             24  [Lcom.starrocks.sql.optimizer.rewrite.ScalarOperatorEvaluator;
3723:             1             24  [Lcom.starrocks.sql.optimizer.statistics.ColumnStatistic$StatisticType;
3724:             1             24  [Lcom.starrocks.system.HeartbeatResponse$AliveStatus;
3725:             1             24  [Lcom.starrocks.system.HeartbeatResponse$HbStatus;
3726:             1             24  [Lcom.starrocks.task.CreateReplicaTask$RecoverySource;
3727:             1             24  [Lcom.starrocks.thrift.FrontendServiceVersion;
3728:             1             24  [Lcom.starrocks.thrift.InternalServiceVersion;
3729:             1             24  [Lcom.starrocks.thrift.TAgentServiceVersion;
3730:             1             24  [Lcom.starrocks.thrift.TFunctionVersion;
3731:             1             24  [Lcom.starrocks.thrift.TOverflowMode;
3732:             1             24  [Lcom.starrocks.thrift.TPersistentIndexType;
3733:             1             24  [Lcom.starrocks.thrift.TPipelineProfileLevel;
3734:             1             24  [Lcom.starrocks.thrift.TRuntimeFilterBuildType;
3735:             1             24  [Lcom.starrocks.thrift.TStorageMedium;
3736:             1             24  [Lcom.starrocks.transaction.TransactionState$TxnSourceType;
3737:             1             24  [Lcom.sun.org.apache.xerces.internal.utils.XMLSecurityPropertyManager$Property; (java.xml@11.0.14)
3738:             1             24  [Lcom.sun.source.tree.MemberReferenceTree$ReferenceMode; (jdk.compiler@11.0.14)
3739:             1             24  [Lcom.sun.tools.javac.api.DiagnosticFormatter$Configuration$MultilineLimit; (jdk.compiler@11.0.14)
3740:             1             24  [Lcom.sun.tools.javac.code.Scope$LookupKind; (jdk.compiler@11.0.14)
3741:             1             24  [Lcom.sun.tools.javac.code.Source$Feature$DiagKind; (jdk.compiler@11.0.14)
3742:             1             24  [Lcom.sun.tools.javac.code.Types$ProjectionKind; (jdk.compiler@11.0.14)
3743:             1             24  [Lcom.sun.tools.javac.comp.DeferredAttr$AttrMode; (jdk.compiler@11.0.14)
3744:             1             24  [Lcom.sun.tools.javac.comp.Flow$BaseAnalyzer$JumpKind; (jdk.compiler@11.0.14)
3745:             1             24  [Lcom.sun.tools.javac.comp.Flow$FlowKind; (jdk.compiler@11.0.14)
3746:             1             24  [Lcom.sun.tools.javac.comp.Infer$IncorporationBinaryOpKind; (jdk.compiler@11.0.14)
3747:             1             24  [Lcom.sun.tools.javac.comp.Resolve$InterfaceLookupPhase; (jdk.compiler@11.0.14)
3748:             1             24  [Lcom.sun.tools.javac.main.Option$ChoiceKind; (jdk.compiler@11.0.14)
3749:             1             24  [Lcom.sun.tools.javac.tree.JCTree$JCOperatorExpression$OperandPos; (jdk.compiler@11.0.14)
3750:             1             24  [Lcom.sun.tools.javac.tree.JCTree$JCPolyExpression$PolyKind; (jdk.compiler@11.0.14)
3751:             1             24  [Lcom.sun.tools.javac.util.BasicDiagnosticFormatter$BasicConfiguration$SourcePosition; (jdk.compiler@11.0.14)
3752:             1             24  [Lio.grpc.InternalKnownTransport;
3753:             1             24  [Lio.grpc.grpclb.GrpclbState$Mode;
3754:             1             24  [Lio.grpc.internal.DnsNameResolver$JdkAddressResolver;
3755:             1             24  [Lio.grpc.internal.MessageDeframer$State;
3756:             1             24  [Lio.grpc.netty.shaded.io.grpc.netty.Utils$EventLoopGroupType;
3757:             1             24  [Lio.grpc.netty.shaded.io.netty.buffer.PoolArena$SizeClass;
3758:             1             24  [Lio.grpc.netty.shaded.io.netty.handler.codec.http2.Http2FrameLogger$Direction;
3759:             1             24  [Lio.netty.buffer.PoolArena$SizeClass;
3760:             1             24  [Lio.opencensus.impl.internal.DisruptorEventQueue$DisruptorEventFactory;
3761:             1             24  [Lio.opencensus.impl.internal.DisruptorEventQueue$DisruptorEventHandler;
3762:             1             24  [Lio.opencensus.implcore.internal.CurrentState$State;
3763:             1             24  [Lio.opencensus.tags.TagMetadata$TagTtl;
3764:             1             24  [Lio.opencensus.trace.MessageEvent$Type;
3765:             1             24  [Lio.opentelemetry.context.ThreadLocalContextStorage;
3766:             1             24  [Ljava.io.File$PathStatus; (java.base@11.0.14)
3767:             1             24  [Ljava.lang.StackWalker$ExtendedOption; (java.base@11.0.14)
3768:             1             24  [Ljava.net.StandardProtocolFamily; (java.base@11.0.14)
3769:             1             24  [Ljava.net.URL; (java.base@11.0.14)
3770:             1             24  [Ljava.nio.file.LinkOption; (java.base@11.0.14)
3771:             1             24  [Ljava.time.temporal.IsoFields$Unit; (java.base@11.0.14)
3772:             1             24  [Ljava.util.Comparators$NaturalOrderComparator; (java.base@11.0.14)
3773:             1             24  [Ljava.util.Locale$Category; (java.base@11.0.14)
3774:             1             24  [Ljava.util.jar.Manifest; (java.base@11.0.14)
3775:             1             24  [Ljava.util.regex.Pattern; (java.base@11.0.14)
3776:             1             24  [Lorg.antlr.v4.runtime.atn.ATNDeserializer$UnicodeDeserializingMode;
3777:             1             24  [Lorg.antlr.v4.runtime.atn.ATNType;
3778:             1             24  [Lorg.apache.logging.log4j.core.async.ThreadNameCachingStrategy;
3779:             1             24  [Lorg.apache.logging.log4j.core.config.status.StatusConfiguration$Verbosity;
3780:             1             24  [Lorg.apache.logging.log4j.core.pattern.NameAbbreviator$MaxElementAbbreviator$Strategy;
3781:             1             24  [Lorg.sparkproject.guava.collect.GenericMapMaker$NullListener;
3782:             1             24  [Lorg.sparkproject.guava.hash.Hashing$ChecksumType;
3783:             1             24  [Lorg.xnio.nio.NioTcpServerHandle;
3784:             1             24  [Lsun.nio.fs.AbstractWatchKey$State; (java.base@11.0.14)
3785:             1             24  [[[[Ljava.time.format.DateTimeFormatter; (java.base@11.0.14)
3786:             1             24  autovalue.shaded.com.google.common.common.base.Joiner$1
3787:             1             24  com.baidu.bjf.remoting.protobuf.utils.compiler.JdkCompiler$JavaFileManagerImpl
3788:             1             24  com.baidu.jprotobuf.pbrpc.transport.ChannelPool
3789:             1             24  com.baidu.jprotobuf.pbrpc.transport.ChannelPoolObjectFactory
3790:             1             24  com.baidu.jprotobuf.pbrpc.transport.RpcChannel
3791:             1             24  com.baidu.jprotobuf.pbrpc.transport.RpcClientPipelineinitializer
3792:             1             24  com.fasterxml.uuid.EthernetAddress
3793:             1             24  com.github.benmanes.caffeine.cache.DisabledScheduler
3794:             1             24  com.github.benmanes.caffeine.cache.DisabledWriter
3795:             1             24  com.github.benmanes.caffeine.cache.SingletonWeigher
3796:             1             24  com.github.benmanes.caffeine.cache.SystemTicker
3797:             1             24  com.github.benmanes.caffeine.cache.stats.DisabledStatsCounter
3798:             1             24  com.google.common.base.Joiner$1
3799:             1             24  com.google.common.cache.CacheBuilder$NullListener
3800:             1             24  com.google.common.cache.CacheBuilder$OneWeigher
3801:             1             24  com.google.common.cache.LocalCache$EntryFactory$1
3802:             1             24  com.google.common.cache.LocalCache$EntryFactory$2
3803:             1             24  com.google.common.cache.LocalCache$EntryFactory$3
3804:             1             24  com.google.common.cache.LocalCache$EntryFactory$4
3805:             1             24  com.google.common.cache.LocalCache$EntryFactory$5
3806:             1             24  com.google.common.cache.LocalCache$EntryFactory$6
3807:             1             24  com.google.common.cache.LocalCache$EntryFactory$7
3808:             1             24  com.google.common.cache.LocalCache$EntryFactory$8
3809:             1             24  com.google.common.cache.LocalCache$KeySet
3810:             1             24  com.google.common.cache.LocalCache$NullEntry
3811:             1             24  com.google.common.cache.LocalCache$Strength$1
3812:             1             24  com.google.common.cache.LocalCache$Strength$2
3813:             1             24  com.google.common.cache.LocalCache$Strength$3
3814:             1             24  com.google.common.cache.RemovalCause$1
3815:             1             24  com.google.common.cache.RemovalCause$2
3816:             1             24  com.google.common.cache.RemovalCause$3
3817:             1             24  com.google.common.cache.RemovalCause$4
3818:             1             24  com.google.common.cache.RemovalCause$5
3819:             1             24  com.google.common.collect.AbstractMapBasedMultimap$KeySet
3820:             1             24  com.google.common.collect.ImmutableMapEntrySet$RegularEntrySet
3821:             1             24  com.google.common.collect.ImmutableSet$EmptySetBuilderImpl
3822:             1             24  com.google.common.collect.ImmutableSortedAsList
3823:             1             24  com.google.common.collect.ImmutableSortedMap$1EntrySet
3824:             1             24  com.google.common.collect.Iterators$EmptyModifiableIterator
3825:             1             24  com.google.common.collect.NaturalOrdering
3826:             1             24  com.google.common.collect.StandardTable$RowMap$EntrySet
3827:             1             24  com.google.common.collect.TreeMultiset$Aggregate$1
3828:             1             24  com.google.common.collect.TreeMultiset$Aggregate$2
3829:             1             24  com.google.common.reflect.Types$ClassOwnership$1
3830:             1             24  com.google.common.reflect.Types$ClassOwnership$2
3831:             1             24  com.google.common.reflect.Types$JavaVersion$1
3832:             1             24  com.google.common.reflect.Types$JavaVersion$2
3833:             1             24  com.google.common.reflect.Types$JavaVersion$3
3834:             1             24  com.google.common.reflect.Types$JavaVersion$4
3835:             1             24  com.google.common.util.concurrent.AbstractFuture$Listener
3836:             1             24  com.google.common.util.concurrent.AbstractFuture$Waiter
3837:             1             24  com.google.common.util.concurrent.DirectExecutor
3838:             1             24  com.google.gson.FieldNamingPolicy$1
3839:             1             24  com.google.gson.FieldNamingPolicy$2
3840:             1             24  com.google.gson.FieldNamingPolicy$3
3841:             1             24  com.google.gson.FieldNamingPolicy$4
3842:             1             24  com.google.gson.FieldNamingPolicy$5
3843:             1             24  com.google.gson.FieldNamingPolicy$6
3844:             1             24  com.google.gson.LongSerializationPolicy$1
3845:             1             24  com.google.gson.LongSerializationPolicy$2
3846:             1             24  com.google.gson.ToNumberPolicy$1
3847:             1             24  com.google.gson.ToNumberPolicy$2
3848:             1             24  com.google.gson.ToNumberPolicy$3
3849:             1             24  com.google.gson.ToNumberPolicy$4
3850:             1             24  com.google.gson.internal.bind.JsonTreeReader$1
3851:             1             24  com.google.gson.internal.bind.JsonTreeWriter$1
3852:             1             24  com.google.gson.internal.bind.TypeAdapters$32
3853:             1             24  com.google.gson.internal.reflect.UnsafeReflectionAccessor
3854:             1             24  com.google.protobuf.WireFormat$Utf8Validation$1
3855:             1             24  com.google.protobuf.WireFormat$Utf8Validation$2
3856:             1             24  com.google.protobuf.WireFormat$Utf8Validation$3
3857:             1             24  com.lmax.disruptor.SleepingWaitStrategy
3858:             1             24  com.lmax.disruptor.dsl.BasicExecutor
3859:             1             24  com.lmax.disruptor.dsl.ConsumerRepository
3860:             1             24  com.sleepycat.je.CheckpointConfig
3861:             1             24  com.sleepycat.je.OperationResult
3862:             1             24  com.sleepycat.je.cleaner.FileSelector
3863:             1             24  com.sleepycat.je.cleaner.OffsetList
3864:             1             24  com.sleepycat.je.cleaner.OffsetList$Segment
3865:             1             24  com.sleepycat.je.cleaner.PackedOffsets
3866:             1             24  com.sleepycat.je.config.EnvironmentParams$1
3867:             1             24  com.sleepycat.je.config.EnvironmentParams$2
3868:             1             24  com.sleepycat.je.config.EnvironmentParams$3
3869:             1             24  com.sleepycat.je.config.EnvironmentParams$4
3870:             1             24  com.sleepycat.je.config.EnvironmentParams$5
3871:             1             24  com.sleepycat.je.config.EnvironmentParams$6
3872:             1             24  com.sleepycat.je.config.EnvironmentParams$7
3873:             1             24  com.sleepycat.je.config.EnvironmentParams$8
3874:             1             24  com.sleepycat.je.config.EnvironmentParams$9
3875:             1             24  com.sleepycat.je.dbi.DbEnvPool
3876:             1             24  com.sleepycat.je.dbi.DbType$1
3877:             1             24  com.sleepycat.je.dbi.DbType$2
3878:             1             24  com.sleepycat.je.dbi.DbType$3
3879:             1             24  com.sleepycat.je.dbi.DbType$4
3880:             1             24  com.sleepycat.je.dbi.DbType$5
3881:             1             24  com.sleepycat.je.dbi.MetadataStore
3882:             1             24  com.sleepycat.je.evictor.Evictor$EvictionSource$1
3883:             1             24  com.sleepycat.je.evictor.Evictor$EvictionSource$2
3884:             1             24  com.sleepycat.je.evictor.Evictor$EvictionSource$3
3885:             1             24  com.sleepycat.je.evictor.Evictor$EvictionSource$4
3886:             1             24  com.sleepycat.je.evictor.Evictor$EvictionSource$5
3887:             1             24  com.sleepycat.je.evictor.Evictor$ReentrancyGuard
3888:             1             24  com.sleepycat.je.log.FileManager$FileCache
3889:             1             24  com.sleepycat.je.log.entry.AbortLogEntry
3890:             1             24  com.sleepycat.je.log.entry.CommitLogEntry
3891:             1             24  com.sleepycat.je.log.entry.FileHeaderEntry
3892:             1             24  com.sleepycat.je.log.entry.MatchpointLogEntry
3893:             1             24  com.sleepycat.je.log.entry.TraceLogEntry
3894:             1             24  com.sleepycat.je.rep.NodeType$1
3895:             1             24  com.sleepycat.je.rep.NodeType$2
3896:             1             24  com.sleepycat.je.rep.NodeType$3
3897:             1             24  com.sleepycat.je.rep.NodeType$4
3898:             1             24  com.sleepycat.je.rep.NodeType$5
3899:             1             24  com.sleepycat.je.rep.arbitration.DesignatedPrimaryProvider
3900:             1             24  com.sleepycat.je.rep.elections.Proposer$WinningProposal
3901:             1             24  com.sleepycat.je.rep.elections.TimebasedProposalGenerator
3902:             1             24  com.sleepycat.je.rep.impl.RepConfigManager
3903:             1             24  com.sleepycat.je.rep.impl.RepGroupDB
3904:             1             24  com.sleepycat.je.rep.impl.RepImpl$VLSNIndexAccess
3905:             1             24  com.sleepycat.je.rep.impl.RepParams$1
3906:             1             24  com.sleepycat.je.rep.impl.RepParams$2
3907:             1             24  com.sleepycat.je.rep.impl.RepParams$3
3908:             1             24  com.sleepycat.je.rep.impl.RepParams$4
3909:             1             24  com.sleepycat.je.rep.impl.RepParams$5
3910:             1             24  com.sleepycat.je.rep.impl.RepParams$ChannelTypeConfigParam
3911:             1             24  com.sleepycat.je.rep.impl.node.DurabilityQuorum
3912:             1             24  com.sleepycat.je.rep.impl.node.ElectionQuorum
3913:             1             24  com.sleepycat.je.rep.impl.node.MonitorEventManager
3914:             1             24  com.sleepycat.je.rep.impl.node.RepNode$RepElectionsConfig
3915:             1             24  com.sleepycat.je.rep.impl.node.RepNode$TransientIds
3916:             1             24  com.sleepycat.je.rep.impl.node.cbvlsn.CleanerBarrierState
3917:             1             24  com.sleepycat.je.rep.stream.MasterChangeListener
3918:             1             24  com.sleepycat.je.rep.stream.MasterSuggestionGenerator
3919:             1             24  com.sleepycat.je.rep.utilint.RepUtils$ExceptionAwareCountDownLatch
3920:             1             24  com.sleepycat.je.rep.vlsn.VLSNBucket$TruncateableList
3921:             1             24  com.sleepycat.je.txn.ThinLockImpl
3922:             1             24  com.sleepycat.je.util.FileHandler$1
3923:             1             24  com.sleepycat.je.util.verify.BtreeVerifier$DanglingLSNCheckResult
3924:             1             24  com.sleepycat.je.util.verify.BtreeVerifier$WalkDatabaseTreeResult
3925:             1             24  com.sleepycat.je.utilint.ActiveTxnArrayStat
3926:             1             24  com.sleepycat.je.utilint.BooleanStat
3927:             1             24  com.sleepycat.je.utilint.Pair
3928:             1             24  com.sleepycat.je.utilint.PropUtil$IEEETimeUnit$1
3929:             1             24  com.sleepycat.je.utilint.PropUtil$IEEETimeUnit$2
3930:             1             24  com.sleepycat.je.utilint.PropUtil$IEEETimeUnit$3
3931:             1             24  com.sleepycat.je.utilint.PropUtil$IEEETimeUnit$4
3932:             1             24  com.sleepycat.je.utilint.PropUtil$IEEETimeUnit$5
3933:             1             24  com.sleepycat.je.utilint.PropUtil$IEEETimeUnit$6
3934:             1             24  com.staros.manager.HttpDispatcher
3935:             1             24  com.staros.proto.StarManagerGrpc$StarManagerBlockingStub
3936:             1             24  com.staros.proto.StarletGrpc$StarletBlockingStub
3937:             1             24  com.staros.schedule.ShardSchedulerV2$ExclusiveLocker
3938:             1             24  com.staros.service.ServiceTemplate
3939:             1             24  com.starrocks.analysis.FunctionParams
3940:             1             24  com.starrocks.analysis.IndexDef$IndexType
3941:             1             24  com.starrocks.analysis.TablePattern
3942:             1             24  com.starrocks.authentication.UserProperty
3943:             1             24  com.starrocks.backup.mv.MvRestoreContext
3944:             1             24  com.starrocks.catalog.FunctionSet
3945:             1             24  com.starrocks.catalog.MapType
3946:             1             24  com.starrocks.catalog.ResourceMgr
3947:             1             24  com.starrocks.catalog.TableIndexes
3948:             1             24  com.starrocks.catalog.TempPartitions
3949:             1             24  com.starrocks.clone.DiskAndTabletLoadReBalancer
3950:             1             24  com.starrocks.cluster.Cluster
3951:             1             24  com.starrocks.common.util.SmallFileMgr
3952:             1             24  com.starrocks.connector.ConnectorMgr
3953:             1             24  com.starrocks.connector.ConnectorTblMetaInfoMgr
3954:             1             24  com.starrocks.ha.BDBHA
3955:             1             24  com.starrocks.ha.BDBStateChangeListener
3956:             1             24  com.starrocks.http.HttpMetricRegistry
3957:             1             24  com.starrocks.http.HttpServer$StarrocksHttpServerInitializer
3958:             1             24  com.starrocks.http.HttpServerHandlerMetrics
3959:             1             24  com.starrocks.http.action.BackendAction
3960:             1             24  com.starrocks.http.action.HaAction
3961:             1             24  com.starrocks.http.action.HelpAction
3962:             1             24  com.starrocks.http.action.IndexAction
3963:             1             24  com.starrocks.http.action.NotFoundAction
3964:             1             24  com.starrocks.http.action.QueryAction
3965:             1             24  com.starrocks.http.action.QueryProfileAction
3966:             1             24  com.starrocks.http.action.SessionAction
3967:             1             24  com.starrocks.http.action.SystemAction
3968:             1             24  com.starrocks.http.action.VariableAction
3969:             1             24  com.starrocks.http.meta.ColocateMetaService$BucketSeqAction
3970:             1             24  com.starrocks.http.meta.ColocateMetaService$ColocateMetaAction
3971:             1             24  com.starrocks.http.meta.ColocateMetaService$MarkGroupStableAction
3972:             1             24  com.starrocks.http.meta.ColocateMetaService$MarkGroupUnstableAction
3973:             1             24  com.starrocks.http.meta.ColocateMetaService$UpdateGroupAction
3974:             1             24  com.starrocks.http.meta.GlobalDictMetaService$ForbitTableAction
3975:             1             24  com.starrocks.http.meta.MetaService$CheckAction
3976:             1             24  com.starrocks.http.meta.MetaService$DumpAction
3977:             1             24  com.starrocks.http.meta.MetaService$DumpStarMgrAction
3978:             1             24  com.starrocks.http.meta.MetaService$ImageAction
3979:             1             24  com.starrocks.http.meta.MetaService$InfoAction
3980:             1             24  com.starrocks.http.meta.MetaService$JournalIdAction
3981:             1             24  com.starrocks.http.meta.MetaService$PutAction
3982:             1             24  com.starrocks.http.meta.MetaService$RoleAction
3983:             1             24  com.starrocks.http.meta.MetaService$VersionAction
3984:             1             24  com.starrocks.http.rest.BootstrapFinishAction
3985:             1             24  com.starrocks.http.rest.CancelStreamLoad
3986:             1             24  com.starrocks.http.rest.CheckDecommissionAction
3987:             1             24  com.starrocks.http.rest.ConnectionAction
3988:             1             24  com.starrocks.http.rest.FeatureAction
3989:             1             24  com.starrocks.http.rest.GetDdlStmtAction
3990:             1             24  com.starrocks.http.rest.GetLoadInfoAction
3991:             1             24  com.starrocks.http.rest.GetSmallFileAction
3992:             1             24  com.starrocks.http.rest.GetStreamLoadState
3993:             1             24  com.starrocks.http.rest.HealthAction
3994:             1             24  com.starrocks.http.rest.LoadAction
3995:             1             24  com.starrocks.http.rest.MetaReplayerCheckAction
3996:             1             24  com.starrocks.http.rest.MetricsAction
3997:             1             24  com.starrocks.http.rest.MigrationAction
3998:             1             24  com.starrocks.http.rest.ProfileAction
3999:             1             24  com.starrocks.http.rest.QueryDetailAction
4000:             1             24  com.starrocks.http.rest.QueryDumpAction
4001:             1             24  com.starrocks.http.rest.RowCountAction
4002:             1             24  com.starrocks.http.rest.SetConfigAction
4003:             1             24  com.starrocks.http.rest.ShowDataAction
4004:             1             24  com.starrocks.http.rest.ShowMetaInfoAction
4005:             1             24  com.starrocks.http.rest.ShowProcAction
4006:             1             24  com.starrocks.http.rest.ShowRuntimeInfoAction
4007:             1             24  com.starrocks.http.rest.StopFeAction
4008:             1             24  com.starrocks.http.rest.StorageTypeCheckAction
4009:             1             24  com.starrocks.http.rest.SyncCloudTableMetaAction
4010:             1             24  com.starrocks.http.rest.TableRowCountAction
4011:             1             24  com.starrocks.http.rest.TableSchemaAction
4012:             1             24  com.starrocks.http.rest.TriggerAction
4013:             1             24  com.starrocks.journal.JournalFactory$JournalType
4014:             1             24  com.starrocks.lake.DataCacheInfo
4015:             1             24  com.starrocks.load.ExportMgr
4016:             1             24  com.starrocks.load.LoadErrorHub$Param
4017:             1             24  com.starrocks.load.routineload.RoutineLoadTaskScheduler$$Lambda$928/0x0000000840b65440
4018:             1             24  com.starrocks.metric.TableMetricsRegistry
4019:             1             24  com.starrocks.monitor.unit.ByteSizeUnit$1
4020:             1             24  com.starrocks.monitor.unit.ByteSizeUnit$2
4021:             1             24  com.starrocks.monitor.unit.ByteSizeUnit$3
4022:             1             24  com.starrocks.monitor.unit.ByteSizeUnit$4
4023:             1             24  com.starrocks.monitor.unit.ByteSizeUnit$5
4024:             1             24  com.starrocks.monitor.unit.ByteSizeUnit$6
4025:             1             24  com.starrocks.mysql.MysqlSerializer
4026:             1             24  com.starrocks.mysql.nio.AcceptListener
4027:             1             24  com.starrocks.plugin.PluginContext
4028:             1             24  com.starrocks.plugin.PluginMgr
4029:             1             24  com.starrocks.privilege.AccessControlProvider
4030:             1             24  com.starrocks.privilege.UserPrivilegeCollectionV2
4031:             1             24  com.starrocks.qe.CoordinatorMonitor
4032:             1             24  com.starrocks.qe.QeProcessorImpl
4033:             1             24  com.starrocks.rpc.BrpcProxy
4034:             1             24  com.starrocks.scheduler.TaskRunHistory
4035:             1             24  com.starrocks.server.GlobalStateMgr$1
4036:             1             24  com.starrocks.server.WarehouseManager
4037:             1             24  com.starrocks.service.FrontendServiceImpl
4038:             1             24  com.starrocks.sql.common.ErrorMsgProxy$1
4039:             1             24  com.starrocks.sql.optimizer.OptimizerConfig
4040:             1             24  com.starrocks.sql.optimizer.base.AnyDistributionSpec
4041:             1             24  com.starrocks.sql.optimizer.base.DistributionProperty
4042:             1             24  com.starrocks.sql.optimizer.base.PhysicalPropertySet
4043:             1             24  com.starrocks.sql.optimizer.rewrite.ScalarOperatorEvaluator
4044:             1             24  com.starrocks.sql.optimizer.rule.implementation.AssertOneRowImplementationRule
4045:             1             24  com.starrocks.sql.optimizer.rule.implementation.CTEAnchorImplementationRule
4046:             1             24  com.starrocks.sql.optimizer.rule.implementation.CTEAnchorToNoCTEImplementationRule
4047:             1             24  com.starrocks.sql.optimizer.rule.implementation.CTEConsumeInlineImplementationRule
4048:             1             24  com.starrocks.sql.optimizer.rule.implementation.CTEConsumerReuseImplementationRule
4049:             1             24  com.starrocks.sql.optimizer.rule.implementation.CTEProduceImplementationRule
4050:             1             24  com.starrocks.sql.optimizer.rule.implementation.DeltaLakeScanImplementationRule
4051:             1             24  com.starrocks.sql.optimizer.rule.implementation.EsScanImplementationRule
4052:             1             24  com.starrocks.sql.optimizer.rule.implementation.ExceptImplementationRule
4053:             1             24  com.starrocks.sql.optimizer.rule.implementation.FileScanImplementationRule
4054:             1             24  com.starrocks.sql.optimizer.rule.implementation.FilterImplementationRule
4055:             1             24  com.starrocks.sql.optimizer.rule.implementation.HashAggImplementationRule
4056:             1             24  com.starrocks.sql.optimizer.rule.implementation.HashJoinImplementationRule
4057:             1             24  com.starrocks.sql.optimizer.rule.implementation.HiveScanImplementationRule
4058:             1             24  com.starrocks.sql.optimizer.rule.implementation.HudiScanImplementationRule
4059:             1             24  com.starrocks.sql.optimizer.rule.implementation.IcebergScanImplementationRule
4060:             1             24  com.starrocks.sql.optimizer.rule.implementation.IntersectImplementationRule
4061:             1             24  com.starrocks.sql.optimizer.rule.implementation.JDBCScanImplementationRule
4062:             1             24  com.starrocks.sql.optimizer.rule.implementation.LimitImplementationRule
4063:             1             24  com.starrocks.sql.optimizer.rule.implementation.MetaScanImplementationRule
4064:             1             24  com.starrocks.sql.optimizer.rule.implementation.MysqlScanImplementationRule
4065:             1             24  com.starrocks.sql.optimizer.rule.implementation.NestLoopJoinImplementationRule
4066:             1             24  com.starrocks.sql.optimizer.rule.implementation.OdpsScanImplementationRule
4067:             1             24  com.starrocks.sql.optimizer.rule.implementation.OlapScanImplementationRule
4068:             1             24  com.starrocks.sql.optimizer.rule.implementation.PaimonScanImplementationRule
4069:             1             24  com.starrocks.sql.optimizer.rule.implementation.ProjectImplementationRule
4070:             1             24  com.starrocks.sql.optimizer.rule.implementation.RepeatImplementationRule
4071:             1             24  com.starrocks.sql.optimizer.rule.implementation.SchemaScanImplementationRule
4072:             1             24  com.starrocks.sql.optimizer.rule.implementation.TableFunctionImplementationRule
4073:             1             24  com.starrocks.sql.optimizer.rule.implementation.TableFunctionTableScanImplementationRule
4074:             1             24  com.starrocks.sql.optimizer.rule.implementation.TopNImplementationRule
4075:             1             24  com.starrocks.sql.optimizer.rule.implementation.UnionImplementationRule
4076:             1             24  com.starrocks.sql.optimizer.rule.implementation.ValuesImplementationRule
4077:             1             24  com.starrocks.sql.optimizer.rule.implementation.WindowImplementationRule
4078:             1             24  com.starrocks.sql.optimizer.rule.implementation.stream.StreamAggregateImplementationRule
4079:             1             24  com.starrocks.sql.optimizer.rule.implementation.stream.StreamJoinImplementationRule
4080:             1             24  com.starrocks.sql.optimizer.rule.transformation.CollectCTEConsumeRule
4081:             1             24  com.starrocks.sql.optimizer.rule.transformation.CollectCTEProduceRule
4082:             1             24  com.starrocks.sql.optimizer.rule.transformation.EliminateLimitZeroRule
4083:             1             24  com.starrocks.sql.optimizer.rule.transformation.ExistentialApply2JoinRule
4084:             1             24  com.starrocks.sql.optimizer.rule.transformation.ExistentialApply2OuterJoinRule
4085:             1             24  com.starrocks.sql.optimizer.rule.transformation.GroupByCountDistinctDataSkewEliminateRule
4086:             1             24  com.starrocks.sql.optimizer.rule.transformation.InlineOneCTEConsumeRule
4087:             1             24  com.starrocks.sql.optimizer.rule.transformation.IntersectAddDistinctRule
4088:             1             24  com.starrocks.sql.optimizer.rule.transformation.JoinCommutativityRule
4089:             1             24  com.starrocks.sql.optimizer.rule.transformation.LimitPruneTabletsRule
4090:             1             24  com.starrocks.sql.optimizer.rule.transformation.MergeApplyWithTableFunction
4091:             1             24  com.starrocks.sql.optimizer.rule.transformation.MergeLimitWithLimitRule
4092:             1             24  com.starrocks.sql.optimizer.rule.transformation.MergeLimitWithSortRule
4093:             1             24  com.starrocks.sql.optimizer.rule.transformation.MergeTwoFiltersRule
4094:             1             24  com.starrocks.sql.optimizer.rule.transformation.PruneAggregateColumnsRule
4095:             1             24  com.starrocks.sql.optimizer.rule.transformation.PruneAssertOneRowRule
4096:             1             24  com.starrocks.sql.optimizer.rule.transformation.PruneCTEConsumeColumnsRule
4097:             1             24  com.starrocks.sql.optimizer.rule.transformation.PruneCTEProduceRule
4098:             1             24  com.starrocks.sql.optimizer.rule.transformation.PruneEmptyDirectRule
4099:             1             24  com.starrocks.sql.optimizer.rule.transformation.PruneEmptyExceptRule
4100:             1             24  com.starrocks.sql.optimizer.rule.transformation.PruneEmptyIntersectRule
4101:             1             24  com.starrocks.sql.optimizer.rule.transformation.PruneEmptyUnionRule
4102:             1             24  com.starrocks.sql.optimizer.rule.transformation.PruneEmptyWindowRule
4103:             1             24  com.starrocks.sql.optimizer.rule.transformation.PruneExceptColumnsRule
4104:             1             24  com.starrocks.sql.optimizer.rule.transformation.PruneFilterColumnsRule
4105:             1             24  com.starrocks.sql.optimizer.rule.transformation.PruneGroupByKeysRule
4106:             1             24  com.starrocks.sql.optimizer.rule.transformation.PruneIntersectColumnsRule
4107:             1             24  com.starrocks.sql.optimizer.rule.transformation.PruneJoinColumnsRule
4108:             1             24  com.starrocks.sql.optimizer.rule.transformation.PruneRepeatColumnsRule
4109:             1             24  com.starrocks.sql.optimizer.rule.transformation.PruneTableFunctionColumnRule
4110:             1             24  com.starrocks.sql.optimizer.rule.transformation.PruneTopNColumnsRule
4111:             1             24  com.starrocks.sql.optimizer.rule.transformation.PruneUKFKJoinRule
4112:             1             24  com.starrocks.sql.optimizer.rule.transformation.PruneUnionColumnsRule
4113:             1             24  com.starrocks.sql.optimizer.rule.transformation.PruneValuesColumnsRule
4114:             1             24  com.starrocks.sql.optimizer.rule.transformation.PruneWindowColumnsRule
4115:             1             24  com.starrocks.sql.optimizer.rule.transformation.PushDownApplyAggFilterRule
4116:             1             24  com.starrocks.sql.optimizer.rule.transformation.PushDownApplyAggProjectFilterRule
4117:             1             24  com.starrocks.sql.optimizer.rule.transformation.PushDownApplyFilterRule
4118:             1             24  com.starrocks.sql.optimizer.rule.transformation.PushDownApplyLeftProjectRule
4119:             1             24  com.starrocks.sql.optimizer.rule.transformation.PushDownApplyLeftRule
4120:             1             24  com.starrocks.sql.optimizer.rule.transformation.PushDownApplyProjectRule
4121:             1             24  com.starrocks.sql.optimizer.rule.transformation.PushDownJoinOnClauseRule
4122:             1             24  com.starrocks.sql.optimizer.rule.transformation.PushDownLimitCTEAnchor
4123:             1             24  com.starrocks.sql.optimizer.rule.transformation.PushDownLimitJoinRule
4124:             1             24  com.starrocks.sql.optimizer.rule.transformation.PushDownLimitUnionRule
4125:             1             24  com.starrocks.sql.optimizer.rule.transformation.PushDownPredicateAggRule
4126:             1             24  com.starrocks.sql.optimizer.rule.transformation.PushDownPredicateCTEAnchor
4127:             1             24  com.starrocks.sql.optimizer.rule.transformation.PushDownPredicateCTEConsumeRule
4128:             1             24  com.starrocks.sql.optimizer.rule.transformation.PushDownPredicateExceptRule
4129:             1             24  com.starrocks.sql.optimizer.rule.transformation.PushDownPredicateIntersectRule
4130:             1             24  com.starrocks.sql.optimizer.rule.transformation.PushDownPredicateJoinRule
4131:             1             24  com.starrocks.sql.optimizer.rule.transformation.PushDownPredicateRepeatRule
4132:             1             24  com.starrocks.sql.optimizer.rule.transformation.PushDownPredicateTableFunctionRule
4133:             1             24  com.starrocks.sql.optimizer.rule.transformation.PushDownPredicateUnionRule
4134:             1             24  com.starrocks.sql.optimizer.rule.transformation.PushDownPredicateWindowRule
4135:             1             24  com.starrocks.sql.optimizer.rule.transformation.PushDownProjectLimitRule
4136:             1             24  com.starrocks.sql.optimizer.rule.transformation.PushDownProjectToCTEAnchorRule
4137:             1             24  com.starrocks.sql.optimizer.rule.transformation.QuantifiedApply2JoinRule
4138:             1             24  com.starrocks.sql.optimizer.rule.transformation.QuantifiedApply2OuterJoinRule
4139:             1             24  com.starrocks.sql.optimizer.rule.transformation.ReorderIntersectRule
4140:             1             24  com.starrocks.sql.optimizer.rule.transformation.RewriteBitmapCountDistinctRule
4141:             1             24  com.starrocks.sql.optimizer.rule.transformation.RewriteCountIfFunction
4142:             1             24  com.starrocks.sql.optimizer.rule.transformation.RewriteDuplicateAggregateFnRule
4143:             1             24  com.starrocks.sql.optimizer.rule.transformation.RewriteHllCountDistinctRule
4144:             1             24  com.starrocks.sql.optimizer.rule.transformation.RewriteSimpleAggToMetaScanRule
4145:             1             24  com.starrocks.sql.optimizer.rule.transformation.RewriteSumByAssociativeRule
4146:             1             24  com.starrocks.sql.optimizer.rule.transformation.ScalarApply2AnalyticRule
4147:             1             24  com.starrocks.sql.optimizer.rule.transformation.ScalarApply2JoinRule
4148:             1             24  com.starrocks.sql.optimizer.rule.transformation.SplitLimitRule
4149:             1             24  com.starrocks.sql.optimizer.rule.transformation.SplitMultiPhaseAggRule
4150:             1             24  com.starrocks.sql.optimizer.rule.transformation.SplitScanORToUnionRule
4151:             1             24  com.starrocks.sql.optimizer.rule.transformation.SplitTopNRule
4152:             1             24  com.starrocks.sql.optimizer.rule.transformation.SplitTwoPhaseAggRule
4153:             1             24  com.starrocks.sql.optimizer.rule.transformation.materialization.rule.AggregateJoinRule
4154:             1             24  com.starrocks.sql.optimizer.rule.transformation.materialization.rule.AggregateScanRule
4155:             1             24  com.starrocks.sql.optimizer.rule.transformation.materialization.rule.OnlyJoinRule
4156:             1             24  com.starrocks.sql.optimizer.rule.transformation.materialization.rule.OnlyScanRule
4157:             1             24  com.starrocks.sql.optimizer.rule.transformation.pruner.CboTablePruneRule
4158:             1             24  com.starrocks.sql.optimizer.statistics.CacheDictManager
4159:             1             24  com.starrocks.task.PriorityLeaderTaskExecutor
4160:             1             24  com.starrocks.thrift.BackendService$Client
4161:             1             24  com.starrocks.thrift.FrontendService$Processor
4162:             1             24  com.starrocks.thrift.FrontendServiceVersion
4163:             1             24  com.starrocks.thrift.HeartbeatService$Client
4164:             1             24  com.starrocks.thrift.InternalServiceVersion
4165:             1             24  com.starrocks.thrift.TAgentServiceVersion
4166:             1             24  com.starrocks.thrift.TFunctionVersion
4167:             1             24  com.starrocks.thrift.TPersistentIndexType
4168:             1             24  com.sun.jmx.mbeanserver.ClassLoaderRepositorySupport (java.management@11.0.14)
4169:             1             24  com.sun.jmx.mbeanserver.DefaultMXBeanMappingFactory$CompositeBuilderViaFrom (java.management@11.0.14)
4170:             1             24  com.sun.jmx.mbeanserver.DefaultMXBeanMappingFactory$MXBeanRefMapping (java.management@11.0.14)
4171:             1             24  com.sun.jmx.mbeanserver.MXBeanLookup (java.management@11.0.14)
4172:             1             24  com.sun.jmx.remote.util.ClassLogger (java.management@11.0.14)
4173:             1             24  com.sun.management.internal.HotSpotThreadImpl (jdk.management@11.0.14)
4174:             1             24  com.sun.management.internal.PlatformMBeanProviderImpl$1 (jdk.management@11.0.14)
4175:             1             24  com.sun.management.internal.PlatformMBeanProviderImpl$2 (jdk.management@11.0.14)
4176:             1             24  com.sun.management.internal.PlatformMBeanProviderImpl$3 (jdk.management@11.0.14)
4177:             1             24  com.sun.management.internal.PlatformMBeanProviderImpl$4 (jdk.management@11.0.14)
4178:             1             24  com.sun.management.internal.PlatformMBeanProviderImpl$5 (jdk.management@11.0.14)
4179:             1             24  com.sun.org.apache.xerces.internal.impl.Constants$ArrayEnumeration (java.xml@11.0.14)
4180:             1             24  com.sun.tools.javac.code.Type$1 (jdk.compiler@11.0.14)
4181:             1             24  com.sun.tools.javac.code.Type$2 (jdk.compiler@11.0.14)
4182:             1             24  com.sun.tools.javac.code.Type$3 (jdk.compiler@11.0.14)
4183:             1             24  com.sun.tools.javac.code.Type$JCNoType (jdk.compiler@11.0.14)
4184:             1             24  com.sun.tools.javac.code.Type$JCPrimitiveType (jdk.compiler@11.0.14)
4185:             1             24  com.sun.tools.javac.code.Type$UndetVar$InferenceBound$1 (jdk.compiler@11.0.14)
4186:             1             24  com.sun.tools.javac.code.Type$UndetVar$InferenceBound$2 (jdk.compiler@11.0.14)
4187:             1             24  com.sun.tools.javac.code.Type$UndetVar$InferenceBound$3 (jdk.compiler@11.0.14)
4188:             1             24  com.sun.tools.javac.code.TypeMetadata$Entry$Kind (jdk.compiler@11.0.14)
4189:             1             24  com.sun.tools.javac.code.Types$ProjectionKind$1 (jdk.compiler@11.0.14)
4190:             1             24  com.sun.tools.javac.code.Types$ProjectionKind$2 (jdk.compiler@11.0.14)
4191:             1             24  com.sun.tools.javac.comp.Attr$CheckMode (jdk.compiler@11.0.14)
4192:             1             24  com.sun.tools.javac.comp.Attr$CheckMode$1 (jdk.compiler@11.0.14)
4193:             1             24  com.sun.tools.javac.comp.Attr$CheckMode$2 (jdk.compiler@11.0.14)
4194:             1             24  com.sun.tools.javac.comp.Flow$BaseAnalyzer$JumpKind$1 (jdk.compiler@11.0.14)
4195:             1             24  com.sun.tools.javac.comp.Flow$BaseAnalyzer$JumpKind$2 (jdk.compiler@11.0.14)
4196:             1             24  com.sun.tools.javac.comp.Infer$IncorporationBinaryOpKind$1 (jdk.compiler@11.0.14)
4197:             1             24  com.sun.tools.javac.comp.Infer$IncorporationBinaryOpKind$2 (jdk.compiler@11.0.14)
4198:             1             24  com.sun.tools.javac.comp.Infer$InferenceStep$1 (jdk.compiler@11.0.14)
4199:             1             24  com.sun.tools.javac.comp.Infer$InferenceStep$2 (jdk.compiler@11.0.14)
4200:             1             24  com.sun.tools.javac.comp.Infer$InferenceStep$3 (jdk.compiler@11.0.14)
4201:             1             24  com.sun.tools.javac.comp.Infer$InferenceStep$4 (jdk.compiler@11.0.14)
4202:             1             24  com.sun.tools.javac.comp.Infer$InferenceStep$5 (jdk.compiler@11.0.14)
4203:             1             24  com.sun.tools.javac.comp.Infer$InferenceStep$6 (jdk.compiler@11.0.14)
4204:             1             24  com.sun.tools.javac.comp.Resolve$InterfaceLookupPhase$1 (jdk.compiler@11.0.14)
4205:             1             24  com.sun.tools.javac.comp.Resolve$InterfaceLookupPhase$2 (jdk.compiler@11.0.14)
4206:             1             24  com.sun.tools.javac.comp.Resolve$MethodResolutionPhase$1 (jdk.compiler@11.0.14)
4207:             1             24  com.sun.tools.javac.file.CacheFSInfo (jdk.compiler@11.0.14)
4208:             1             24  com.sun.tools.javac.jvm.Code$StackMapFormat (jdk.compiler@11.0.14)
4209:             1             24  com.sun.tools.javac.jvm.Code$StackMapFormat$1 (jdk.compiler@11.0.14)
4210:             1             24  com.sun.tools.javac.jvm.Code$StackMapFormat$2 (jdk.compiler@11.0.14)
4211:             1             24  com.sun.tools.javac.util.Context (jdk.compiler@11.0.14)
4212:             1             24  com.sun.tools.javac.util.JCDiagnostic$Factory (jdk.compiler@11.0.14)
4213:             1             24  com.sun.tools.javac.util.JCDiagnostic$Factory$$Lambda$617/0x0000000840953c40 (jdk.compiler@11.0.14)
4214:             1             24  com.sun.tools.javac.util.List$1 (jdk.compiler@11.0.14)
4215:             1             24  com.sun.tools.javac.util.Log$$Lambda$618/0x0000000840953040 (jdk.compiler@11.0.14)
4216:             1             24  com.sun.tools.javac.util.Log$DefaultDiagnosticHandler (jdk.compiler@11.0.14)
4217:             1             24  com.sun.tools.javac.util.Options (jdk.compiler@11.0.14)
4218:             1             24  io.grpc.DecompressorRegistry
4219:             1             24  io.grpc.LoadBalancerRegistry
4220:             1             24  io.grpc.ManagedChannelRegistry
4221:             1             24  io.grpc.NameResolver$ConfigOrError
4222:             1             24  io.grpc.ServerRegistry
4223:             1             24  io.grpc.ServerServiceDefinition
4224:             1             24  io.grpc.ServiceDescriptor
4225:             1             24  io.grpc.internal.DnsNameResolver$JdkAddressResolver
4226:             1             24  io.grpc.internal.InternalHandlerRegistry
4227:             1             24  io.grpc.internal.ProxyDetectorImpl
4228:             1             24  io.grpc.internal.SharedResourceHolder
4229:             1             24  io.grpc.internal.StatsTraceContext
4230:             1             24  io.grpc.netty.shaded.io.grpc.netty.NettyServer$1
4231:             1             24  io.grpc.netty.shaded.io.grpc.netty.NettyServer$1$1LoopReleaser
4232:             1             24  io.grpc.netty.shaded.io.grpc.netty.NettyServer$3
4233:             1             24  io.grpc.netty.shaded.io.grpc.netty.NettyServer$ListenSocket
4234:             1             24  io.grpc.netty.shaded.io.grpc.netty.NettyServer$SharedResourceReferenceCounter
4235:             1             24  io.grpc.netty.shaded.io.grpc.netty.NettyServerHandler$FrameListener
4236:             1             24  io.grpc.netty.shaded.io.grpc.netty.NettyServerHandler$KeepAlivePinger
4237:             1             24  io.grpc.netty.shaded.io.grpc.netty.NettyServerHandler$WriteMonitoringFrameWriter
4238:             1             24  io.grpc.netty.shaded.io.grpc.netty.NettyServerTransport$1TerminationNotifier
4239:             1             24  io.grpc.netty.shaded.io.grpc.netty.ProtocolNegotiationEvent
4240:             1             24  io.grpc.netty.shaded.io.netty.bootstrap.ServerBootstrap$ServerBootstrapAcceptor$1
4241:             1             24  io.grpc.netty.shaded.io.netty.buffer.UnpooledByteBufAllocator$UnpooledByteBufAllocatorMetric
4242:             1             24  io.grpc.netty.shaded.io.netty.channel.ChannelOption$1
4243:             1             24  io.grpc.netty.shaded.io.netty.channel.ServerChannelRecvByteBufAllocator
4244:             1             24  io.grpc.netty.shaded.io.netty.channel.WriteBufferWaterMark
4245:             1             24  io.grpc.netty.shaded.io.netty.handler.codec.http2.ReadOnlyHttp2Headers
4246:             1             24  io.grpc.netty.shaded.io.netty.resolver.DefaultAddressResolverGroup
4247:             1             24  io.grpc.netty.shaded.io.netty.util.ResourceLeakDetectorFactory$DefaultResourceLeakDetectorFactory
4248:             1             24  io.grpc.netty.shaded.io.netty.util.concurrent.FailedFuture
4249:             1             24  io.grpc.netty.shaded.io.netty.util.internal.ThreadExecutorMap$3
4250:             1             24  io.grpc.xds.XdsNameResolverProvider
4251:             1             24  io.netty.bootstrap.ServerBootstrap$ServerBootstrapAcceptor$1
4252:             1             24  io.netty.buffer.PooledByteBufAllocator$PoolThreadLocalCache
4253:             1             24  io.netty.buffer.UnpooledByteBufAllocator$UnpooledByteBufAllocatorMetric
4254:             1             24  io.netty.channel.ChannelOption$1
4255:             1             24  io.netty.channel.ServerChannelRecvByteBufAllocator
4256:             1             24  io.netty.channel.WriteBufferWaterMark
4257:             1             24  io.netty.handler.codec.http.HttpMethod$EnumNameMap
4258:             1             24  io.netty.resolver.DefaultAddressResolverGroup
4259:             1             24  io.netty.util.AttributeKey$1
4260:             1             24  io.netty.util.ResourceLeakDetectorFactory$DefaultResourceLeakDetectorFactory
4261:             1             24  io.netty.util.Signal$1
4262:             1             24  io.netty.util.concurrent.FailedFuture
4263:             1             24  io.netty.util.internal.ThreadExecutorMap$3
4264:             1             24  io.opencensus.common.AutoValue_Duration
4265:             1             24  io.opencensus.impl.internal.DisruptorEventQueue
4266:             1             24  io.opencensus.impl.internal.DisruptorEventQueue$DisruptorEventFactory
4267:             1             24  io.opencensus.impl.internal.DisruptorEventQueue$DisruptorEventHandler
4268:             1             24  io.opencensus.impl.metrics.MetricsComponentImpl
4269:             1             24  io.opencensus.impl.stats.StatsComponentImpl
4270:             1             24  io.opencensus.impl.tags.TagsComponentImpl
4271:             1             24  io.opencensus.implcore.internal.DaemonThreadFactory
4272:             1             24  io.opencensus.implcore.metrics.DerivedLongGaugeImpl$PointWithFunction
4273:             1             24  io.opencensus.implcore.metrics.MetricRegistryImpl
4274:             1             24  io.opencensus.implcore.metrics.MetricRegistryImpl$MetricProducerForRegistry
4275:             1             24  io.opencensus.implcore.tags.propagation.TagPropagationComponentImpl
4276:             1             24  io.opencensus.implcore.trace.export.ExportComponentImpl
4277:             1             24  io.opencensus.implcore.trace.export.InProcessSampledSpanStoreImpl
4278:             1             24  io.opencensus.implcore.trace.export.SpanExporterImpl
4279:             1             24  io.opencensus.implcore.trace.propagation.PropagationComponentImpl
4280:             1             24  io.opencensus.metrics.export.AutoValue_TimeSeries
4281:             1             24  io.opencensus.trace.AutoValue_EndSpanOptions
4282:             1             24  io.opencensus.trace.BlankSpan
4283:             1             24  io.opencensus.trace.Span$Options
4284:             1             24  io.opentelemetry.context.ThreadLocalContextStorage
4285:             1             24  io.perfmark.Link
4286:             1             24  io.perfmark.Tag
4287:             1             24  io.prometheus.metrics.config.ExemplarsProperties
4288:             1             24  io.prometheus.metrics.config.ExporterProperties
4289:             1             24  io.prometheus.metrics.model.snapshots.Labels
4290:             1             24  io.trino.hive.$internal.org.codehaus.jackson.map.deser.BeanDeserializerFactory
4291:             1             24  io.trino.hive.$internal.org.codehaus.jackson.map.ser.BeanSerializerFactory
4292:             1             24  io.trino.hive.$internal.org.codehaus.jackson.map.ser.BeanSerializerFactory$ConfigImpl
4293:             1             24  io.trino.hive.$internal.org.codehaus.jackson.map.ser.impl.FailingSerializer
4294:             1             24  io.trino.hive.$internal.org.codehaus.jackson.map.ser.impl.SerializerCache
4295:             1             24  io.trino.hive.$internal.org.codehaus.jackson.map.ser.std.StdArraySerializers$BooleanArraySerializer
4296:             1             24  io.trino.hive.$internal.org.codehaus.jackson.map.ser.std.StdArraySerializers$DoubleArraySerializer
4297:             1             24  io.trino.hive.$internal.org.codehaus.jackson.map.ser.std.StdArraySerializers$FloatArraySerializer
4298:             1             24  io.trino.hive.$internal.org.codehaus.jackson.map.ser.std.StdArraySerializers$IntArraySerializer
4299:             1             24  io.trino.hive.$internal.org.codehaus.jackson.map.ser.std.StdArraySerializers$LongArraySerializer
4300:             1             24  io.trino.hive.$internal.org.codehaus.jackson.map.ser.std.StdArraySerializers$ShortArraySerializer
4301:             1             24  java.lang.ProcessEnvironment$StringEnvironment (java.base@11.0.14)
4302:             1             24  java.lang.ProcessHandleImpl$$Lambda$272/0x000000084047f440 (java.base@11.0.14)
4303:             1             24  java.lang.StackWalker$ExtendedOption (java.base@11.0.14)
4304:             1             24  java.lang.invoke.MethodHandleImpl$ArrayAccessor$1 (java.base@11.0.14)
4305:             1             24  java.lang.invoke.MethodHandleImpl$BindCaller$1 (java.base@11.0.14)
4306:             1             24  java.lang.invoke.MethodType$ConcurrentWeakInternSet (java.base@11.0.14)
4307:             1             24  java.lang.invoke.StringConcatFactory$Stringifiers$StringifierAny (java.base@11.0.14)
4308:             1             24  java.lang.invoke.StringConcatFactory$Stringifiers$StringifierMost (java.base@11.0.14)
4309:             1             24  java.lang.management.DefaultPlatformMBeanProvider$1 (java.management@11.0.14)
4310:             1             24  java.lang.management.DefaultPlatformMBeanProvider$10 (java.management@11.0.14)
4311:             1             24  java.lang.management.DefaultPlatformMBeanProvider$11 (java.management@11.0.14)
4312:             1             24  java.lang.management.DefaultPlatformMBeanProvider$2 (java.management@11.0.14)
4313:             1             24  java.lang.management.DefaultPlatformMBeanProvider$3 (java.management@11.0.14)
4314:             1             24  java.lang.management.DefaultPlatformMBeanProvider$4 (java.management@11.0.14)
4315:             1             24  java.lang.management.DefaultPlatformMBeanProvider$5 (java.management@11.0.14)
4316:             1             24  java.lang.management.DefaultPlatformMBeanProvider$6 (java.management@11.0.14)
4317:             1             24  java.lang.management.DefaultPlatformMBeanProvider$7 (java.management@11.0.14)
4318:             1             24  java.lang.management.DefaultPlatformMBeanProvider$8 (java.management@11.0.14)
4319:             1             24  java.lang.management.DefaultPlatformMBeanProvider$9 (java.management@11.0.14)
4320:             1             24  java.math.MutableBigInteger (java.base@11.0.14)
4321:             1             24  java.net.Inet6AddressImpl (java.base@11.0.14)
4322:             1             24  java.net.InetAddress (java.base@11.0.14)
4323:             1             24  java.net.Proxy (java.base@11.0.14)
4324:             1             24  java.net.ServerSocket (java.base@11.0.14)
4325:             1             24  java.nio.file.FileVisitOption (java.base@11.0.14)
4326:             1             24  java.nio.file.LinkOption (java.base@11.0.14)
4327:             1             24  java.time.Clock$SystemClock (java.base@11.0.14)
4328:             1             24  java.time.Period (java.base@11.0.14)
4329:             1             24  java.time.ZoneRegion (java.base@11.0.14)
4330:             1             24  java.time.format.DecimalStyle (java.base@11.0.14)
4331:             1             24  java.time.temporal.IsoFields$Field$1 (java.base@11.0.14)
4332:             1             24  java.time.temporal.IsoFields$Field$2 (java.base@11.0.14)
4333:             1             24  java.time.temporal.IsoFields$Field$3 (java.base@11.0.14)
4334:             1             24  java.time.temporal.IsoFields$Field$4 (java.base@11.0.14)
4335:             1             24  java.time.zone.TzdbZoneRulesProvider (java.base@11.0.14)
4336:             1             24  java.util.Collections$EmptyMap (java.base@11.0.14)
4337:             1             24  java.util.Collections$SynchronizedList (java.base@11.0.14)
4338:             1             24  java.util.Collections$SynchronizedRandomAccessList (java.base@11.0.14)
4339:             1             24  java.util.Collections$UnmodifiableNavigableSet$EmptyNavigableSet (java.base@11.0.14)
4340:             1             24  java.util.Comparators$NaturalOrderComparator (java.base@11.0.14)
4341:             1             24  java.util.Locale$Cache (java.base@11.0.14)
4342:             1             24  java.util.OptionalDouble (java.base@11.0.14)
4343:             1             24  java.util.OptionalInt (java.base@11.0.14)
4344:             1             24  java.util.OptionalLong (java.base@11.0.14)
4345:             1             24  java.util.ResourceBundle$Control$CandidateListCache (java.base@11.0.14)
4346:             1             24  java.util.jar.Manifest (java.base@11.0.14)
4347:             1             24  java.util.logging.FileHandler$MeteredStream (java.logging@11.0.14)
4348:             1             24  java.util.logging.LogManager$LoggerContext (java.logging@11.0.14)
4349:             1             24  java.util.regex.CharPredicates$$Lambda$673/0x0000000840a1e840 (java.base@11.0.14)
4350:             1             24  java.util.regex.Pattern$Pos (java.base@11.0.14)
4351:             1             24  java.util.regex.Pattern$StartS (java.base@11.0.14)
4352:             1             24  java.util.zip.ZipCoder$UTF8 (java.base@11.0.14)
4353:             1             24  jdk.internal.logger.BootstrapLogger$RedirectedLoggers (java.base@11.0.14)
4354:             1             24  jdk.internal.module.ModuleHashes (java.base@11.0.14)
4355:             1             24  jdk.internal.module.SystemModuleFinders$SystemModuleFinder (java.base@11.0.14)
4356:             1             24  jdk.management.jfr.StreamManager (jdk.management.jfr@11.0.14)
4357:             1             24  jdk.management.jfr.internal.FlightRecorderMXBeanProvider$SingleMBeanComponent (jdk.management.jfr@11.0.14)
4358:             1             24  jdk.nio.zipfs.ZipCoder$UTF8 (jdk.zipfs@11.0.14)
4359:             1             24  org.antlr.v4.runtime.atn.LexerActionExecutor
4360:             1             24  org.antlr.v4.runtime.atn.LexerCustomAction
4361:             1             24  org.antlr.v4.runtime.atn.SemanticContext$Predicate
4362:             1             24  org.antlr.v4.runtime.misc.Pair
4363:             1             24  org.apache.commons.lang3.tuple.ImmutableTriple
4364:             1             24  org.apache.log4j.Hierarchy$PrivateLoggerAdapter
4365:             1             24  org.apache.logging.log4j.core.appender.ConsoleAppender$Target$1
4366:             1             24  org.apache.logging.log4j.core.appender.ConsoleAppender$Target$2
4367:             1             24  org.apache.logging.log4j.core.appender.rolling.FileExtension$1
4368:             1             24  org.apache.logging.log4j.core.appender.rolling.FileExtension$2
4369:             1             24  org.apache.logging.log4j.core.appender.rolling.FileExtension$3
4370:             1             24  org.apache.logging.log4j.core.appender.rolling.FileExtension$4
4371:             1             24  org.apache.logging.log4j.core.appender.rolling.FileExtension$5
4372:             1             24  org.apache.logging.log4j.core.appender.rolling.FileExtension$6
4373:             1             24  org.apache.logging.log4j.core.async.ThreadNameCachingStrategy$1
4374:             1             24  org.apache.logging.log4j.core.async.ThreadNameCachingStrategy$2
4375:             1             24  org.apache.logging.log4j.core.config.LoggerConfig$LoggerConfigPredicate$1
4376:             1             24  org.apache.logging.log4j.core.config.LoggerConfig$LoggerConfigPredicate$2
4377:             1             24  org.apache.logging.log4j.core.config.LoggerConfig$LoggerConfigPredicate$3
4378:             1             24  org.apache.logging.log4j.core.config.Loggers
4379:             1             24  org.apache.logging.log4j.core.config.json.JsonConfigurationFactory
4380:             1             24  org.apache.logging.log4j.core.config.plugins.util.PluginRegistry
4381:             1             24  org.apache.logging.log4j.core.config.yaml.YamlConfigurationFactory
4382:             1             24  org.apache.logging.log4j.core.impl.Log4jContextFactory
4383:             1             24  org.apache.logging.log4j.core.jmx.ContextSelectorAdmin
4384:             1             24  org.apache.logging.log4j.core.pattern.IntegerPatternConverter
4385:             1             24  org.apache.logging.log4j.core.pattern.LevelPatternConverter$SimpleLevelPatternConverter
4386:             1             24  org.apache.logging.log4j.core.pattern.LineLocationPatternConverter
4387:             1             24  org.apache.logging.log4j.core.pattern.LineSeparatorPatternConverter
4388:             1             24  org.apache.logging.log4j.core.pattern.MessagePatternConverter$SimpleMessagePatternConverter
4389:             1             24  org.apache.logging.log4j.core.pattern.MethodLocationPatternConverter
4390:             1             24  org.apache.logging.log4j.core.pattern.NameAbbreviator$MaxElementAbbreviator$Strategy$1
4391:             1             24  org.apache.logging.log4j.core.pattern.NameAbbreviator$MaxElementAbbreviator$Strategy$2
4392:             1             24  org.apache.logging.log4j.core.pattern.SimpleLiteralPatternConverter$Space
4393:             1             24  org.apache.logging.log4j.core.pattern.ThreadIdPatternConverter
4394:             1             24  org.apache.logging.log4j.core.pattern.ThreadNamePatternConverter
4395:             1             24  org.apache.logging.log4j.message.SimpleMessage
4396:             1             24  org.apache.logging.log4j.spi.DefaultThreadContextMap
4397:             1             24  org.apache.logging.log4j.status.StatusConsoleListener
4398:             1             24  org.apache.logging.slf4j.Log4jLoggerFactory
4399:             1             24  org.apache.logging.slf4j.Log4jMarker
4400:             1             24  org.apache.spark.internal.config.ConfigEntry$
4401:             1             24  org.apache.thrift.transport.TServerSocket
4402:             1             24  org.roaringbitmap.RoaringArray
4403:             1             24  org.slf4j.helpers.FormattingTuple
4404:             1             24  org.slf4j.helpers.SubstituteLoggerFactory
4405:             1             24  org.sparkproject.guava.collect.GenericMapMaker$NullListener
4406:             1             24  org.sparkproject.guava.collect.MapMakerInternalMap$EntryFactory$1
4407:             1             24  org.sparkproject.guava.collect.MapMakerInternalMap$EntryFactory$2
4408:             1             24  org.sparkproject.guava.collect.MapMakerInternalMap$EntryFactory$3
4409:             1             24  org.sparkproject.guava.collect.MapMakerInternalMap$EntryFactory$4
4410:             1             24  org.sparkproject.guava.collect.MapMakerInternalMap$EntryFactory$5
4411:             1             24  org.sparkproject.guava.collect.MapMakerInternalMap$EntryFactory$6
4412:             1             24  org.sparkproject.guava.collect.MapMakerInternalMap$EntryFactory$7
4413:             1             24  org.sparkproject.guava.collect.MapMakerInternalMap$EntryFactory$8
4414:             1             24  org.sparkproject.guava.collect.MapMakerInternalMap$Strength$1
4415:             1             24  org.sparkproject.guava.collect.MapMakerInternalMap$Strength$2
4416:             1             24  org.sparkproject.guava.collect.MapMakerInternalMap$Strength$3
4417:             1             24  org.sparkproject.guava.hash.Hashing$ChecksumType$1
4418:             1             24  org.sparkproject.guava.hash.Hashing$ChecksumType$2
4419:             1             24  org.threeten.extra.PeriodDuration
4420:             1             24  org.wildfly.common.context.ContextPermission
4421:             1             24  org.xnio.nio.NioTcpServer$1
4422:             1             24  org.xnio.nio.NioXnio$4
4423:             1             24  org.xnio.nio.NioXnioWorker$NioWorkerMetrics$$Lambda$447/0x000000084070c440
4424:             1             24  scala.collection.IndexedSeq$
4425:             1             24  scala.collection.Traversable$
4426:             1             24  scala.collection.immutable.List$
4427:             1             24  scala.collection.immutable.Vector$
4428:             1             24  scala.reflect.ClassTag$$anon$1
4429:             1             24  scala.reflect.ManifestFactory$BooleanManifest
4430:             1             24  scala.reflect.ManifestFactory$ByteManifest
4431:             1             24  scala.reflect.ManifestFactory$CharManifest
4432:             1             24  scala.reflect.ManifestFactory$DoubleManifest
4433:             1             24  scala.reflect.ManifestFactory$FloatManifest
4434:             1             24  scala.reflect.ManifestFactory$IntManifest
4435:             1             24  scala.reflect.ManifestFactory$LongManifest
4436:             1             24  scala.reflect.ManifestFactory$ShortManifest
4437:             1             24  scala.reflect.ManifestFactory$UnitManifest
4438:             1             24  scala.reflect.package$
4439:             1             24  scala.sys.BooleanProp$BooleanPropImpl
4440:             1             24  sun.management.CompilationImpl (java.management@11.0.14)
4441:             1             24  sun.management.ManagementFactoryHelper$LoggingMXBeanAccess (java.management@11.0.14)
4442:             1             24  sun.management.ManagementFactoryHelper$PlatformLoggingImpl (java.management@11.0.14)
4443:             1             24  sun.management.MemoryImpl (java.management@11.0.14)
4444:             1             24  sun.management.RuntimeImpl (java.management@11.0.14)
4445:             1             24  sun.management.VMManagementImpl (java.management@11.0.14)
4446:             1             24  sun.net.sdp.SdpProvider (java.base@11.0.14)
4447:             1             24  sun.nio.cs.ISO_8859_1 (java.base@11.0.14)
4448:             1             24  sun.nio.cs.US_ASCII (java.base@11.0.14)
4449:             1             24  sun.nio.cs.UTF_16 (java.base@11.0.14)
4450:             1             24  sun.nio.cs.UTF_16BE (java.base@11.0.14)
4451:             1             24  sun.nio.cs.UTF_16LE (java.base@11.0.14)
4452:             1             24  sun.nio.cs.UTF_8 (java.base@11.0.14)
4453:             1             24  sun.nio.fs.AbstractWatchKey$Event (java.base@11.0.14)
4454:             1             24  sun.reflect.generics.reflectiveObjects.WildcardTypeImpl (java.base@11.0.14)
4455:             1             24  sun.reflect.generics.tree.Wildcard (java.base@11.0.14)
4456:             1             24  sun.util.cldr.CLDRCalendarDataProviderImpl (java.base@11.0.14)
4457:             1             24  sun.util.cldr.CLDRTimeZoneNameProviderImpl (java.base@11.0.14)
4458:             1             24  sun.util.locale.BaseLocale$Cache (java.base@11.0.14)
4459:             1             24  sun.util.locale.provider.CalendarProviderImpl (java.base@11.0.14)
4460:             1             24  sun.util.locale.provider.DateFormatSymbolsProviderImpl (java.base@11.0.14)
4461:             1             24  sun.util.locale.provider.DecimalFormatSymbolsProviderImpl (java.base@11.0.14)
4462:             1             24  sun.util.locale.provider.NumberFormatProviderImpl (java.base@11.0.14)
4463:             1             24  sun.util.locale.provider.TimeZoneNameProviderImpl (java.base@11.0.14)
4464:             1             16  [Lcom.google.re2j.Regexp;
4465:             1             16  [Lcom.sun.source.util.TaskListener; (jdk.compiler@11.0.14)
4466:             1             16  [Lio.grpc.ServerInterceptor;
4467:             1             16  [Lio.grpc.StreamTracer;
4468:             1             16  [Lio.grpc.netty.shaded.io.netty.util.DefaultAttributeMap$DefaultAttribute;
4469:             1             16  [Lio.netty.util.AsciiString;
4470:             1             16  [Lio.netty.util.DefaultAttributeMap$DefaultAttribute;
4471:             1             16  [Lio.trino.hive.$internal.org.codehaus.jackson.map.AbstractTypeResolver;
4472:             1             16  [Lio.trino.hive.$internal.org.codehaus.jackson.map.Deserializers;
4473:             1             16  [Lio.trino.hive.$internal.org.codehaus.jackson.map.KeyDeserializers;
4474:             1             16  [Lio.trino.hive.$internal.org.codehaus.jackson.map.Serializers;
4475:             1             16  [Lio.trino.hive.$internal.org.codehaus.jackson.map.deser.BeanDeserializerModifier;
4476:             1             16  [Lio.trino.hive.$internal.org.codehaus.jackson.map.deser.ValueInstantiators;
4477:             1             16  [Lio.trino.hive.$internal.org.codehaus.jackson.map.introspect.AnnotationMap;
4478:             1             16  [Lio.trino.hive.$internal.org.codehaus.jackson.map.ser.BeanSerializerModifier;
4479:             1             16  [Ljava.lang.ClassLoader; (java.base@11.0.14)
4480:             1             16  [Ljava.lang.Throwable; (java.base@11.0.14)
4481:             1             16  [Ljava.nio.file.attribute.FileAttribute; (java.base@11.0.14)
4482:             1             16  [Ljava.security.CodeSigner; (java.base@11.0.14)
4483:             1             16  [Ljava.security.Provider; (java.base@11.0.14)
4484:             1             16  [Ljava.time.LocalDateTime; (java.base@11.0.14)
4485:             1             16  [Ljava.time.zone.ZoneOffsetTransitionRule; (java.base@11.0.14)
4486:             1             16  [Ljava.util.logging.Handler; (java.logging@11.0.14)
4487:             1             16  [Ljavax.lang.model.element.Element; (java.compiler@11.0.14)
4488:             1             16  [Lorg.apache.logging.log4j.Level;
4489:             1             16  [Lorg.apache.logging.log4j.core.Appender;
4490:             1             16  [Lorg.apache.logging.log4j.core.impl.ExtendedStackTraceElement;
4491:             1             16  [Lorg.apache.logging.log4j.core.impl.ThrowableProxy;
4492:             1             16  [Lorg.apache.logging.log4j.spi.LoggerContext;
4493:             1             16  [Lorg.wildfly.common.net.CidrAddressTable$Mapping;
4494:             1             16  [[C (java.base@11.0.14)
4495:             1             16  autovalue.shaded.com.google.common.common.base.Joiner
4496:             1             16  autovalue.shaded.com.google.common.common.collect.Iterators$1
4497:             1             16  autovalue.shaded.com.google.common.common.collect.Iterators$2
4498:             1             16  com.baidu.jprotobuf.pbrpc.data.RpcMeta$$JProtoBufClass
4499:             1             16  com.baidu.jprotobuf.pbrpc.data.RpcRequestMeta$$JProtoBufClass
4500:             1             16  com.baidu.jprotobuf.pbrpc.data.RpcResponseMeta$$JProtoBufClass
4501:             1             16  com.codahale.metrics.Clock$UserTimeClock
4502:             1             16  com.codahale.metrics.MetricFilter$$Lambda$1288/0x0000000840c27840
4503:             1             16  com.codahale.metrics.MetricRegistry$MetricBuilder$1
4504:             1             16  com.codahale.metrics.MetricRegistry$MetricBuilder$2
4505:             1             16  com.codahale.metrics.MetricRegistry$MetricBuilder$3
4506:             1             16  com.codahale.metrics.MetricRegistry$MetricBuilder$4
4507:             1             16  com.codahale.metrics.MetricRegistry$MetricBuilder$5
4508:             1             16  com.codahale.metrics.WeightedSnapshot$$Lambda$1289/0x0000000840c27040
4509:             1             16  com.fasterxml.uuid.UUIDClock
4510:             1             16  com.github.benmanes.caffeine.cache.Caffeine$$Lambda$137/0x00000008401b4440
4511:             1             16  com.github.benmanes.caffeine.cache.LocalAsyncCache$AsyncAsMapView
4512:             1             16  com.google.common.base.Absent
4513:             1             16  com.google.common.base.CharMatcher$None
4514:             1             16  com.google.common.base.CharMatcher$Whitespace
4515:             1             16  com.google.common.base.Equivalence$Equals
4516:             1             16  com.google.common.base.JdkPattern
4517:             1             16  com.google.common.base.Platform$JdkPatternCompiler
4518:             1             16  com.google.common.base.Splitter$3
4519:             1             16  com.google.common.base.Suppliers$SupplierOfInstance
4520:             1             16  com.google.common.base.Ticker$1
4521:             1             16  com.google.common.cache.CacheBuilder$$Lambda$166/0x0000000840203c40
4522:             1             16  com.google.common.cache.CacheBuilder$1
4523:             1             16  com.google.common.cache.CacheBuilder$2
4524:             1             16  com.google.common.cache.LocalCache$1
4525:             1             16  com.google.common.cache.LocalCache$2
4526:             1             16  com.google.common.cache.LocalCache$StrongValueReference
4527:             1             16  com.google.common.collect.AbstractMultiset$EntrySet
4528:             1             16  com.google.common.collect.AbstractTable$CellSet
4529:             1             16  com.google.common.collect.AbstractTable$Values
4530:             1             16  com.google.common.collect.CollectCollectors$$Lambda$471/0x00000008407c5040
4531:             1             16  com.google.common.collect.CollectCollectors$$Lambda$472/0x00000008407c5440
4532:             1             16  com.google.common.collect.CollectCollectors$$Lambda$473/0x00000008407c4840
4533:             1             16  com.google.common.collect.CollectCollectors$$Lambda$474/0x00000008407c4c40
4534:             1             16  com.google.common.collect.CollectCollectors$$Lambda$475/0x00000008407c4040
4535:             1             16  com.google.common.collect.CollectCollectors$$Lambda$476/0x00000008407c4440
4536:             1             16  com.google.common.collect.CollectCollectors$$Lambda$477/0x00000008407c3840
4537:             1             16  com.google.common.collect.CollectCollectors$$Lambda$478/0x00000008407c3c40
4538:             1             16  com.google.common.collect.CollectCollectors$$Lambda$479/0x00000008407c3040
4539:             1             16  com.google.common.collect.CollectCollectors$$Lambda$480/0x00000008407c3440
4540:             1             16  com.google.common.collect.CollectCollectors$$Lambda$481/0x00000008407c2840
4541:             1             16  com.google.common.collect.CollectCollectors$$Lambda$482/0x00000008407c2c40
4542:             1             16  com.google.common.collect.CollectCollectors$$Lambda$483/0x0000000840898040
4543:             1             16  com.google.common.collect.CollectCollectors$$Lambda$485/0x0000000840898840
4544:             1             16  com.google.common.collect.CollectCollectors$$Lambda$486/0x0000000840898c40
4545:             1             16  com.google.common.collect.CollectCollectors$$Lambda$541/0x00000008408f1840
4546:             1             16  com.google.common.collect.CollectCollectors$$Lambda$543/0x00000008408f1040
4547:             1             16  com.google.common.collect.CollectCollectors$$Lambda$544/0x00000008408f1440
4548:             1             16  com.google.common.collect.CollectSpliterators$FlatMapSpliteratorOfObject$$Lambda$1079/0x0000000840bdbc40
4549:             1             16  com.google.common.collect.ImmutableSortedMap$1EntrySet$1
4550:             1             16  com.google.common.collect.Maps$Values
4551:             1             16  com.google.common.collect.RegularImmutableMap$Values
4552:             1             16  com.google.common.collect.Streams$$Lambda$1078/0x0000000840bdc440
4553:             1             16  com.google.common.collect.TreeBasedTable$Factory
4554:             1             16  com.google.common.collect.TreeMultiset$Reference
4555:             1             16  com.google.common.escape.Escaper$$Lambda$851/0x0000000840b0c440
4556:             1             16  com.google.common.escape.Escapers$1
4557:             1             16  com.google.common.escape.Platform$1
4558:             1             16  com.google.common.reflect.TypeResolver$WildcardCapturer
4559:             1             16  com.google.common.util.concurrent.AbstractFuture$UnsafeAtomicHelper
4560:             1             16  com.google.gson.Gson$FutureTypeAdapter
4561:             1             16  com.google.gson.JsonNull
4562:             1             16  com.google.gson.JsonPrimitive
4563:             1             16  com.google.gson.internal.ConstructorConstructor$10
4564:             1             16  com.google.gson.internal.LinkedTreeMap$1
4565:             1             16  com.google.gson.internal.bind.ArrayTypeAdapter$1
4566:             1             16  com.google.gson.internal.bind.DateTypeAdapter$1
4567:             1             16  com.google.gson.internal.bind.DefaultDateTypeAdapter$DateType$1
4568:             1             16  com.google.gson.internal.bind.NumberTypeAdapter
4569:             1             16  com.google.gson.internal.bind.NumberTypeAdapter$1
4570:             1             16  com.google.gson.internal.bind.TypeAdapters$1
4571:             1             16  com.google.gson.internal.bind.TypeAdapters$10
4572:             1             16  com.google.gson.internal.bind.TypeAdapters$11
4573:             1             16  com.google.gson.internal.bind.TypeAdapters$12
4574:             1             16  com.google.gson.internal.bind.TypeAdapters$13
4575:             1             16  com.google.gson.internal.bind.TypeAdapters$14
4576:             1             16  com.google.gson.internal.bind.TypeAdapters$15
4577:             1             16  com.google.gson.internal.bind.TypeAdapters$16
4578:             1             16  com.google.gson.internal.bind.TypeAdapters$17
4579:             1             16  com.google.gson.internal.bind.TypeAdapters$18
4580:             1             16  com.google.gson.internal.bind.TypeAdapters$19
4581:             1             16  com.google.gson.internal.bind.TypeAdapters$2
4582:             1             16  com.google.gson.internal.bind.TypeAdapters$20
4583:             1             16  com.google.gson.internal.bind.TypeAdapters$21
4584:             1             16  com.google.gson.internal.bind.TypeAdapters$22
4585:             1             16  com.google.gson.internal.bind.TypeAdapters$23
4586:             1             16  com.google.gson.internal.bind.TypeAdapters$24
4587:             1             16  com.google.gson.internal.bind.TypeAdapters$25
4588:             1             16  com.google.gson.internal.bind.TypeAdapters$26
4589:             1             16  com.google.gson.internal.bind.TypeAdapters$27
4590:             1             16  com.google.gson.internal.bind.TypeAdapters$28
4591:             1             16  com.google.gson.internal.bind.TypeAdapters$3
4592:             1             16  com.google.gson.internal.bind.TypeAdapters$4
4593:             1             16  com.google.gson.internal.bind.TypeAdapters$5
4594:             1             16  com.google.gson.internal.bind.TypeAdapters$6
4595:             1             16  com.google.gson.internal.bind.TypeAdapters$7
4596:             1             16  com.google.gson.internal.bind.TypeAdapters$8
4597:             1             16  com.google.gson.internal.bind.TypeAdapters$9
4598:             1             16  com.google.gson.internal.sql.SqlDateTypeAdapter$1
4599:             1             16  com.google.gson.internal.sql.SqlTimeTypeAdapter$1
4600:             1             16  com.google.gson.internal.sql.SqlTimestampTypeAdapter$1
4601:             1             16  com.google.gson.internal.sql.SqlTypesSupport$1
4602:             1             16  com.google.gson.internal.sql.SqlTypesSupport$2
4603:             1             16  com.google.gson.stream.JsonReader$1
4604:             1             16  com.google.protobuf.ByteString$2
4605:             1             16  com.google.protobuf.ByteString$ArraysByteArrayCopier
4606:             1             16  com.google.protobuf.DescriptorProtos$DescriptorProto$1
4607:             1             16  com.google.protobuf.DescriptorProtos$EnumDescriptorProto$1
4608:             1             16  com.google.protobuf.DescriptorProtos$EnumValueDescriptorProto$1
4609:             1             16  com.google.protobuf.DescriptorProtos$FieldDescriptorProto$1
4610:             1             16  com.google.protobuf.DescriptorProtos$FieldDescriptorProto$Label$1
4611:             1             16  com.google.protobuf.DescriptorProtos$FieldDescriptorProto$Type$1
4612:             1             16  com.google.protobuf.DescriptorProtos$FieldOptions$1
4613:             1             16  com.google.protobuf.DescriptorProtos$FileDescriptorProto$1
4614:             1             16  com.google.protobuf.DescriptorProtos$FileOptions$1
4615:             1             16  com.google.protobuf.DescriptorProtos$MessageOptions$1
4616:             1             16  com.google.protobuf.DescriptorProtos$MethodDescriptorProto$1
4617:             1             16  com.google.protobuf.DescriptorProtos$MethodOptions$1
4618:             1             16  com.google.protobuf.DescriptorProtos$OneofDescriptorProto$1
4619:             1             16  com.google.protobuf.DescriptorProtos$ServiceDescriptorProto$1
4620:             1             16  com.google.protobuf.ExtensionRegistryLite
4621:             1             16  com.google.protobuf.SmallSortedMap$EmptySet$1
4622:             1             16  com.google.protobuf.SmallSortedMap$EmptySet$2
4623:             1             16  com.google.protobuf.UnknownFieldSet
4624:             1             16  com.google.protobuf.UnknownFieldSet$Parser
4625:             1             16  com.google.protobuf.UnsafeUtil$JvmMemoryAccessor
4626:             1             16  com.google.protobuf.Utf8$UnsafeProcessor
4627:             1             16  com.lmax.disruptor.FatalExceptionHandler
4628:             1             16  com.lmax.disruptor.dsl.ExceptionHandlerWrapper
4629:             1             16  com.sleepycat.bind.tuple.BooleanBinding
4630:             1             16  com.sleepycat.bind.tuple.ByteBinding
4631:             1             16  com.sleepycat.bind.tuple.CharacterBinding
4632:             1             16  com.sleepycat.bind.tuple.DoubleBinding
4633:             1             16  com.sleepycat.bind.tuple.FloatBinding
4634:             1             16  com.sleepycat.bind.tuple.IntegerBinding
4635:             1             16  com.sleepycat.bind.tuple.LongBinding
4636:             1             16  com.sleepycat.bind.tuple.ShortBinding
4637:             1             16  com.sleepycat.bind.tuple.StringBinding
4638:             1             16  com.sleepycat.je.cleaner.UtilizationProfile$$Lambda$187/0x000000084029d840
4639:             1             16  com.sleepycat.je.evictor.DummyAllocator
4640:             1             16  com.sleepycat.je.evictor.Evictor$RejectEvictHandler
4641:             1             16  com.sleepycat.je.evictor.OffHeapCache$1
4642:             1             16  com.sleepycat.je.latch.LatchSupport$1
4643:             1             16  com.sleepycat.je.log.FileManager$1
4644:             1             16  com.sleepycat.je.log.FileManager$2
4645:             1             16  com.sleepycat.je.log.FileManager$6
4646:             1             16  com.sleepycat.je.log.entry.ErasedLogEntry
4647:             1             16  com.sleepycat.je.rep.NoConsistencyRequiredPolicy
4648:             1             16  com.sleepycat.je.rep.elections.Elections$ElectionListener
4649:             1             16  com.sleepycat.je.rep.elections.Learner$1
4650:             1             16  com.sleepycat.je.rep.elections.MasterValue$1
4651:             1             16  com.sleepycat.je.rep.elections.TimebasedProposalGenerator$StringProposal$1
4652:             1             16  com.sleepycat.je.rep.impl.RepGroupImpl$1
4653:             1             16  com.sleepycat.je.rep.impl.RepGroupImpl$2
4654:             1             16  com.sleepycat.je.rep.impl.RepGroupImpl$3
4655:             1             16  com.sleepycat.je.rep.impl.RepGroupImpl$4
4656:             1             16  com.sleepycat.je.rep.impl.RepGroupImpl$5
4657:             1             16  com.sleepycat.je.rep.impl.RepGroupImpl$6
4658:             1             16  com.sleepycat.je.rep.impl.node.FeederManager$MatchElectableFeeders
4659:             1             16  com.sleepycat.je.rep.txn.MasterTxn$1
4660:             1             16  com.sleepycat.je.rep.util.AtomicLongMax
4661:             1             16  com.sleepycat.je.rep.utilint.RepUtils$Clock
4662:             1             16  com.sleepycat.je.rep.utilint.RepUtils$NoConsistencyRequiredPolicyFormat
4663:             1             16  com.sleepycat.je.rep.utilint.RepUtils$TimeConsistencyPolicyFormat
4664:             1             16  com.sleepycat.je.rep.utilint.net.SimpleChannelFactory
4665:             1             16  com.sleepycat.je.tree.INTargetRep$None
4666:             1             16  com.sleepycat.je.tree.Key$DumpType$1
4667:             1             16  com.sleepycat.je.tree.Key$DumpType$2
4668:             1             16  com.sleepycat.je.tree.Key$DumpType$3
4669:             1             16  com.sleepycat.je.tree.Key$DumpType$4
4670:             1             16  com.sleepycat.je.utilint.Java7FileStoreInfo
4671:             1             16  com.sleepycat.je.utilint.Java7FileStoreInfo$Java7Factory
4672:             1             16  com.sleepycat.je.utilint.TaskCoordinator$CoordinatorSemaphore
4673:             1             16  com.staros.filestore.FileStoreMgr$$Lambda$404/0x00000008406aac40
4674:             1             16  com.staros.heartbeat.HeartbeatManager$$Lambda$288/0x0000000840504040
4675:             1             16  com.staros.journal.DelegateJournalSystem
4676:             1             16  com.staros.journal.JournalReplayer
4677:             1             16  com.staros.journal.StarMgrJournal$1
4678:             1             16  com.staros.journal.StarMgrJournal$10
4679:             1             16  com.staros.journal.StarMgrJournal$11
4680:             1             16  com.staros.journal.StarMgrJournal$12
4681:             1             16  com.staros.journal.StarMgrJournal$13
4682:             1             16  com.staros.journal.StarMgrJournal$14
4683:             1             16  com.staros.journal.StarMgrJournal$15
4684:             1             16  com.staros.journal.StarMgrJournal$16
4685:             1             16  com.staros.journal.StarMgrJournal$17
4686:             1             16  com.staros.journal.StarMgrJournal$2
4687:             1             16  com.staros.journal.StarMgrJournal$3
4688:             1             16  com.staros.journal.StarMgrJournal$4
4689:             1             16  com.staros.journal.StarMgrJournal$5
4690:             1             16  com.staros.journal.StarMgrJournal$6
4691:             1             16  com.staros.journal.StarMgrJournal$7
4692:             1             16  com.staros.journal.StarMgrJournal$8
4693:             1             16  com.staros.journal.StarMgrJournal$9
4694:             1             16  com.staros.manager.HttpDispatcher$$Lambda$264/0x000000084047ac40
4695:             1             16  com.staros.manager.HttpDispatcher$$Lambda$265/0x000000084047b040
4696:             1             16  com.staros.manager.HttpDispatcher$$Lambda$266/0x000000084047b440
4697:             1             16  com.staros.manager.HttpDispatcher$$Lambda$267/0x000000084047b840
4698:             1             16  com.staros.manager.HttpDispatcher$$Lambda$268/0x000000084047bc40
4699:             1             16  com.staros.manager.HttpDispatcher$$Lambda$269/0x000000084047c040
4700:             1             16  com.staros.manager.HttpDispatcher$$Lambda$270/0x000000084047c440
4701:             1             16  com.staros.manager.HttpService
4702:             1             16  com.staros.manager.StarManager$$Lambda$832/0x0000000840b08840
4703:             1             16  com.staros.manager.StarManager$$Lambda$833/0x0000000840b08c40
4704:             1             16  com.staros.manager.StarManagerService
4705:             1             16  com.staros.proto.AddFileStoreRequest$1
4706:             1             16  com.staros.proto.AddFileStoreResponse$1
4707:             1             16  com.staros.proto.AddShardInfo$1
4708:             1             16  com.staros.proto.AddShardRequest$1
4709:             1             16  com.staros.proto.AddShardResponse$1
4710:             1             16  com.staros.proto.AddWorkerRequest$1
4711:             1             16  com.staros.proto.AddWorkerResponse$1
4712:             1             16  com.staros.proto.AllocateFilePathRequest$1
4713:             1             16  com.staros.proto.AllocateFilePathResponse$1
4714:             1             16  com.staros.proto.AwsCredentialInfo$1
4715:             1             16  com.staros.proto.AwsCredentialType$1
4716:             1             16  com.staros.proto.AwsSimpleCredentialInfo$1
4717:             1             16  com.staros.proto.BootstrapServiceRequest$1
4718:             1             16  com.staros.proto.BootstrapServiceResponse$1
4719:             1             16  com.staros.proto.CreateMetaGroupRequest$1
4720:             1             16  com.staros.proto.CreateMetaGroupResponse$1
4721:             1             16  com.staros.proto.CreateShardGroupInfo$1
4722:             1             16  com.staros.proto.CreateShardGroupRequest$1
4723:             1             16  com.staros.proto.CreateShardGroupResponse$1
4724:             1             16  com.staros.proto.CreateShardInfo$1
4725:             1             16  com.staros.proto.CreateShardJournalInfo$1
4726:             1             16  com.staros.proto.CreateShardRequest$1
4727:             1             16  com.staros.proto.CreateShardResponse$1
4728:             1             16  com.staros.proto.CreateWorkerGroupRequest$1
4729:             1             16  com.staros.proto.CreateWorkerGroupResponse$1
4730:             1             16  com.staros.proto.DeleteMetaGroupRequest$1
4731:             1             16  com.staros.proto.DeleteMetaGroupResponse$1
4732:             1             16  com.staros.proto.DeleteShardGroupInfo$1
4733:             1             16  com.staros.proto.DeleteShardGroupRequest$1
4734:             1             16  com.staros.proto.DeleteShardGroupResponse$1
4735:             1             16  com.staros.proto.DeleteShardRequest$1
4736:             1             16  com.staros.proto.DeleteShardResponse$1
4737:             1             16  com.staros.proto.DeleteWorkerGroupRequest$1
4738:             1             16  com.staros.proto.DeleteWorkerGroupResponse$1
4739:             1             16  com.staros.proto.DeregisterServiceRequest$1
4740:             1             16  com.staros.proto.DeregisterServiceResponse$1
4741:             1             16  com.staros.proto.DumpRequest$1
4742:             1             16  com.staros.proto.DumpResponse$1
4743:             1             16  com.staros.proto.FileCacheInfo$1
4744:             1             16  com.staros.proto.FilePathInfo$1
4745:             1             16  com.staros.proto.FileStoreInfo$1
4746:             1             16  com.staros.proto.FileStoreMgrImageMetaFooter$1
4747:             1             16  com.staros.proto.FileStoreMgrImageMetaHeader$1
4748:             1             16  com.staros.proto.FileStoreType$1
4749:             1             16  com.staros.proto.GetFileStoreRequest$1
4750:             1             16  com.staros.proto.GetFileStoreResponse$1
4751:             1             16  com.staros.proto.GetMetaGroupRequest$1
4752:             1             16  com.staros.proto.GetMetaGroupResponse$1
4753:             1             16  com.staros.proto.GetServiceRequest$1
4754:             1             16  com.staros.proto.GetServiceResponse$1
4755:             1             16  com.staros.proto.GetShardGroupRequest$1
4756:             1             16  com.staros.proto.GetShardGroupResponse$1
4757:             1             16  com.staros.proto.GetShardRequest$1
4758:             1             16  com.staros.proto.GetShardResponse$1
4759:             1             16  com.staros.proto.GetWorkerRequest$1
4760:             1             16  com.staros.proto.GetWorkerResponse$1
4761:             1             16  com.staros.proto.JournalEntry$1
4762:             1             16  com.staros.proto.JournalHeader$1
4763:             1             16  com.staros.proto.LeaderInfo$1
4764:             1             16  com.staros.proto.ListFileStoreRequest$1
4765:             1             16  com.staros.proto.ListFileStoreResponse$1
4766:             1             16  com.staros.proto.ListMetaGroupRequest$1
4767:             1             16  com.staros.proto.ListMetaGroupResponse$1
4768:             1             16  com.staros.proto.ListShardGroupRequest$1
4769:             1             16  com.staros.proto.ListShardGroupResponse$1
4770:             1             16  com.staros.proto.ListShardRequest$1
4771:             1             16  com.staros.proto.ListShardResponse$1
4772:             1             16  com.staros.proto.ListWorkerGroupRequest$1
4773:             1             16  com.staros.proto.ListWorkerGroupResponse$1
4774:             1             16  com.staros.proto.OperationType$1
4775:             1             16  com.staros.proto.PlacementPolicy$1
4776:             1             16  com.staros.proto.QueryMetaGroupStableRequest$1
4777:             1             16  com.staros.proto.QueryMetaGroupStableResponse$1
4778:             1             16  com.staros.proto.RegisterServiceRequest$1
4779:             1             16  com.staros.proto.RegisterServiceResponse$1
4780:             1             16  com.staros.proto.RemoveFileStoreRequest$1
4781:             1             16  com.staros.proto.RemoveFileStoreResponse$1
4782:             1             16  com.staros.proto.RemoveShardRequest$1
4783:             1             16  com.staros.proto.RemoveShardResponse$1
4784:             1             16  com.staros.proto.RemoveWorkerRequest$1
4785:             1             16  com.staros.proto.RemoveWorkerResponse$1
4786:             1             16  com.staros.proto.ReplicaInfo$1
4787:             1             16  com.staros.proto.ReplicaRole$1
4788:             1             16  com.staros.proto.S3FileStoreInfo$1
4789:             1             16  com.staros.proto.SectionHeader$1
4790:             1             16  com.staros.proto.SectionType$1
4791:             1             16  com.staros.proto.ServiceInfo$1
4792:             1             16  com.staros.proto.ServiceManagerFileStoreMgrHeader$1
4793:             1             16  com.staros.proto.ServiceManagerImageData$1
4794:             1             16  com.staros.proto.ServiceManagerImageMetaFooter$1
4795:             1             16  com.staros.proto.ServiceManagerImageMetaHeader$1
4796:             1             16  com.staros.proto.ServiceManagerShardManagerHeader$1
4797:             1             16  com.staros.proto.ServiceState$1
4798:             1             16  com.staros.proto.ServiceTemplateInfo$1
4799:             1             16  com.staros.proto.ShardGroupInfo$1
4800:             1             16  com.staros.proto.ShardInfo$1
4801:             1             16  com.staros.proto.ShardInfoList$1
4802:             1             16  com.staros.proto.ShardManagerImageMetaFooter$1
4803:             1             16  com.staros.proto.ShardManagerImageMetaHeader$1
4804:             1             16  com.staros.proto.ShardReportInfo$1
4805:             1             16  com.staros.proto.ShardState$1
4806:             1             16  com.staros.proto.ShutdownServiceRequest$1
4807:             1             16  com.staros.proto.ShutdownServiceResponse$1
4808:             1             16  com.staros.proto.StarManagerGrpc$StarManagerFileDescriptorSupplier
4809:             1             16  com.staros.proto.StarManagerImageMetaFooter$1
4810:             1             16  com.staros.proto.StarManagerImageMetaHeader$1
4811:             1             16  com.staros.proto.StarStatus$1
4812:             1             16  com.staros.proto.StarletHeartbeatRequest$1
4813:             1             16  com.staros.proto.StarletHeartbeatResponse$1
4814:             1             16  com.staros.proto.StatusCode$1
4815:             1             16  com.staros.proto.UpdateFileStoreRequest$1
4816:             1             16  com.staros.proto.UpdateFileStoreResponse$1
4817:             1             16  com.staros.proto.UpdateMetaGroupRequest$1
4818:             1             16  com.staros.proto.UpdateMetaGroupResponse$1
4819:             1             16  com.staros.proto.UpdateShardGroupRequest$1
4820:             1             16  com.staros.proto.UpdateShardGroupResponse$1
4821:             1             16  com.staros.proto.UpdateShardRequest$1
4822:             1             16  com.staros.proto.UpdateShardResponse$1
4823:             1             16  com.staros.proto.UpdateWorkerGroupRequest$1
4824:             1             16  com.staros.proto.UpdateWorkerGroupResponse$1
4825:             1             16  com.staros.proto.WorkerGroupDetailInfo$1
4826:             1             16  com.staros.proto.WorkerGroupSpec$1
4827:             1             16  com.staros.proto.WorkerGroupState$1
4828:             1             16  com.staros.proto.WorkerHeartbeatRequest$1
4829:             1             16  com.staros.proto.WorkerHeartbeatResponse$1
4830:             1             16  com.staros.proto.WorkerInfo$1
4831:             1             16  com.staros.proto.WorkerManagerImageMetaFooter$1
4832:             1             16  com.staros.proto.WorkerManagerImageMetaHeader$1
4833:             1             16  com.staros.proto.WorkerManagerServiceWorkerGroup$1
4834:             1             16  com.staros.proto.WorkerManagerWorkers$1
4835:             1             16  com.staros.proto.WorkerState$1
4836:             1             16  com.staros.schedule.ShardSchedulerV2$$Lambda$282/0x0000000840506040
4837:             1             16  com.staros.schedule.ShardSchedulerV2$$Lambda$811/0x0000000840afa040
4838:             1             16  com.staros.schedule.ShardSchedulerV2$ExclusiveLocker$$Lambda$814/0x0000000840afac40
4839:             1             16  com.staros.schedule.ShardSchedulerV2$ExclusiveLocker$$Lambda$815/0x0000000840afb040
4840:             1             16  com.staros.schedule.select.FirstNSelector$$Lambda$823/0x0000000840afec40
4841:             1             16  com.staros.shard.Shard$$Lambda$284/0x0000000840505840
4842:             1             16  com.staros.shard.ShardChecker$$Lambda$263/0x000000084047a840
4843:             1             16  com.staros.shard.ShardManager$$Lambda$807/0x0000000840af8c40
4844:             1             16  com.staros.shard.ShardManager$$Lambda$938/0x0000000840b62c40
4845:             1             16  com.staros.shard.ShardPolicyFilter$ExcludeShardPlacementPolicy
4846:             1             16  com.staros.worker.DummyResourceManager
4847:             1             16  com.staros.worker.WorkerGroup$$Lambda$291/0x0000000840503c40
4848:             1             16  com.staros.worker.WorkerGroup$$Lambda$292/0x0000000840503040
4849:             1             16  com.staros.worker.WorkerManager$$Lambda$355/0x000000084062b440
4850:             1             16  com.starrocks.StarRocksFE$$Lambda$451/0x000000084070b440
4851:             1             16  com.starrocks.analysis.BinaryPredicate$$Lambda$1033/0x0000000840bcfc40
4852:             1             16  com.starrocks.analysis.BinaryPredicate$$Lambda$1034/0x0000000840bcf040
4853:             1             16  com.starrocks.analysis.BinaryPredicate$$Lambda$1035/0x0000000840bcf440
4854:             1             16  com.starrocks.analysis.Expr$$Lambda$1251/0x0000000840c24c40
4855:             1             16  com.starrocks.analysis.Expr$$Lambda$1253/0x0000000840c25040
4856:             1             16  com.starrocks.analysis.Expr$$Lambda$603/0x0000000840957c40
4857:             1             16  com.starrocks.analysis.Expr$1
4858:             1             16  com.starrocks.analysis.Expr$2
4859:             1             16  com.starrocks.analysis.Expr$3
4860:             1             16  com.starrocks.analysis.Expr$4
4861:             1             16  com.starrocks.analysis.Expr$5
4862:             1             16  com.starrocks.analysis.ExprId
4863:             1             16  com.starrocks.analysis.FunctionalExprProvider$$Lambda$909/0x0000000840b55440
4864:             1             16  com.starrocks.analysis.FunctionalExprProvider$$Lambda$910/0x0000000840b54840
4865:             1             16  com.starrocks.analysis.FunctionalExprProvider$$Lambda$911/0x0000000840b54c40
4866:             1             16  com.starrocks.analysis.FunctionalExprProvider$$Lambda$913/0x0000000840b53840
4867:             1             16  com.starrocks.analysis.FunctionalExprProvider$$Lambda$915/0x0000000840b53040
4868:             1             16  com.starrocks.analysis.ResourcePattern
4869:             1             16  com.starrocks.authentication.AuthenticationMgr$UserAuthInfoTreeMap$$Lambda$165/0x0000000840203840
4870:             1             16  com.starrocks.authentication.KerberosAuthenticationProvider
4871:             1             16  com.starrocks.authentication.LDAPAuthProviderForExternal
4872:             1             16  com.starrocks.authentication.LDAPAuthProviderForNative
4873:             1             16  com.starrocks.authentication.PlainPasswordAuthenticationProvider
4874:             1             16  com.starrocks.catalog.AnyArrayType
4875:             1             16  com.starrocks.catalog.AnyElementType
4876:             1             16  com.starrocks.catalog.AnyMapType
4877:             1             16  com.starrocks.catalog.AnyStructType
4878:             1             16  com.starrocks.catalog.BrokerMgr$BrokerProcNode
4879:             1             16  com.starrocks.catalog.CatalogRecycleBin$$Lambda$344/0x0000000840628040
4880:             1             16  com.starrocks.catalog.CatalogRecycleBin$$Lambda$348/0x0000000840629040
4881:             1             16  com.starrocks.catalog.CatalogRecycleBin$$Lambda$869/0x0000000840b33040
4882:             1             16  com.starrocks.catalog.CatalogRecycleBin$$Lambda$870/0x0000000840b33440
4883:             1             16  com.starrocks.catalog.CatalogRecycleBin$$Lambda$871/0x0000000840b33840
4884:             1             16  com.starrocks.catalog.Database$$Lambda$245/0x000000084037b040
4885:             1             16  com.starrocks.catalog.Database$$Lambda$246/0x000000084037b440
4886:             1             16  com.starrocks.catalog.Function$$Lambda$155/0x0000000840206040
4887:             1             16  com.starrocks.catalog.Function$$Lambda$157/0x0000000840205840
4888:             1             16  com.starrocks.catalog.FunctionSet$$Lambda$156/0x0000000840206440
4889:             1             16  com.starrocks.catalog.FunctionSet$$Lambda$158/0x0000000840205c40
4890:             1             16  com.starrocks.catalog.FunctionSet$$Lambda$159/0x0000000840205040
4891:             1             16  com.starrocks.catalog.FunctionSet$$Lambda$160/0x0000000840205440
4892:             1             16  com.starrocks.catalog.FunctionSet$$Lambda$161/0x0000000840204840
4893:             1             16  com.starrocks.catalog.GlobalFunctionMgr
4894:             1             16  com.starrocks.catalog.MapType$MapTypeDeserializer
4895:             1             16  com.starrocks.catalog.OlapTable$$Lambda$1328/0x0000000840c19440
4896:             1             16  com.starrocks.catalog.OlapTable$$Lambda$297/0x0000000840590040
4897:             1             16  com.starrocks.catalog.OlapTable$$Lambda$298/0x0000000840590440
4898:             1             16  com.starrocks.catalog.OlapTable$$Lambda$802/0x0000000840ad9840
4899:             1             16  com.starrocks.catalog.OlapTable$$Lambda$803/0x0000000840ad9c40
4900:             1             16  com.starrocks.catalog.OlapTable$$Lambda$865/0x0000000840b32040
4901:             1             16  com.starrocks.catalog.Replica$VersionComparator
4902:             1             16  com.starrocks.catalog.ResourceGroupMgr$$Lambda$239/0x000000084037cc40
4903:             1             16  com.starrocks.catalog.ResourceGroupMgr$$Lambda$568/0x0000000840911c40
4904:             1             16  com.starrocks.catalog.ResourceGroupMgr$$Lambda$570/0x0000000840940840
4905:             1             16  com.starrocks.catalog.ResourceMgr$$Lambda$242/0x000000084007ac40
4906:             1             16  com.starrocks.catalog.ResourceMgr$ResourceProcNode
4907:             1             16  com.starrocks.catalog.StructType$StructTypeDeserializer
4908:             1             16  com.starrocks.catalog.TabletInvertedIndex$$Lambda$335/0x0000000840615440
4909:             1             16  com.starrocks.catalog.TabletStatMgr$CollectTabletStatJob$$Lambda$875/0x0000000840b37440
4910:             1             16  com.starrocks.catalog.Type$$Lambda$149/0x0000000840207840
4911:             1             16  com.starrocks.catalog.Type$$Lambda$150/0x0000000840207c40
4912:             1             16  com.starrocks.catalog.Type$$Lambda$151/0x0000000840207040
4913:             1             16  com.starrocks.catalog.Type$$Lambda$153/0x0000000840206840
4914:             1             16  com.starrocks.catalog.Type$$Lambda$154/0x0000000840206c40
4915:             1             16  com.starrocks.clone.BackendLoadStatistic$BeStatMixComparator
4916:             1             16  com.starrocks.clone.TabletScheduler$$Lambda$329/0x0000000840617440
4917:             1             16  com.starrocks.clone.TabletScheduler$$Lambda$332/0x0000000840616040
4918:             1             16  com.starrocks.clone.TabletScheduler$$Lambda$334/0x0000000840615840
4919:             1             16  com.starrocks.common.ThriftServer$$Lambda$446/0x000000084070c040
4920:             1             16  com.starrocks.common.ThriftServer$1
4921:             1             16  com.starrocks.common.ThriftServerEventProcessor
4922:             1             16  com.starrocks.common.path.PathTrie$1
4923:             1             16  com.starrocks.common.proc.BackendsProcDir
4924:             1             16  com.starrocks.common.proc.BaseProcDir
4925:             1             16  com.starrocks.common.proc.ClusterBalanceProcDir
4926:             1             16  com.starrocks.common.proc.ColocationGroupProcDir
4927:             1             16  com.starrocks.common.proc.CompactionsProcNode
4928:             1             16  com.starrocks.common.proc.CompactionsProcNode$$Lambda$1336/0x0000000840bf9840
4929:             1             16  com.starrocks.common.proc.CompactionsProcNode$$Lambda$1337/0x0000000840bf9040
4930:             1             16  com.starrocks.common.proc.ComputeNodeProcDir
4931:             1             16  com.starrocks.common.proc.CurrentQueryBackendInstanceProcDir
4932:             1             16  com.starrocks.common.proc.CurrentQueryStatisticsProcDir
4933:             1             16  com.starrocks.common.proc.DbsProcDir
4934:             1             16  com.starrocks.common.proc.FrontendsProcNode
4935:             1             16  com.starrocks.common.proc.JobsDbProcDir
4936:             1             16  com.starrocks.common.proc.LoadErrorHubProcNode
4937:             1             16  com.starrocks.common.proc.MonitorProcDir
4938:             1             16  com.starrocks.common.proc.PartitionsProcDir$$Lambda$1312/0x0000000840c25440
4939:             1             16  com.starrocks.common.proc.PartitionsProcDir$$Lambda$1313/0x0000000840c24840
4940:             1             16  com.starrocks.common.proc.ProcService
4941:             1             16  com.starrocks.common.proc.RoutineLoadsProcDir
4942:             1             16  com.starrocks.common.proc.StreamLoadsProcDir
4943:             1             16  com.starrocks.common.proc.TasksProcDir
4944:             1             16  com.starrocks.common.proc.TransDbProcDir
4945:             1             16  com.starrocks.common.profile.Timer
4946:             1             16  com.starrocks.common.profile.Tracers$$Lambda$462/0x00000008407c7c40
4947:             1             16  com.starrocks.common.profile.Tracers$1
4948:             1             16  com.starrocks.common.util.DateUtils$$Lambda$342/0x0000000840612040
4949:             1             16  com.starrocks.common.util.KafkaUtil$ProxyAPI
4950:             1             16  com.starrocks.common.util.concurrent.CountingLatch
4951:             1             16  com.starrocks.connector.ConnectorColumnStatsCacheLoader
4952:             1             16  com.starrocks.connector.hive.events.MetastoreEventFactory
4953:             1             16  com.starrocks.consistency.ConsistencyChecker$$Lambda$136/0x00000008401b4040
4954:             1             16  com.starrocks.credential.CloudConfigurationFactory$$Lambda$316/0x0000000840590840
4955:             1             16  com.starrocks.credential.CloudConfigurationFactory$$Lambda$317/0x0000000840590c40
4956:             1             16  com.starrocks.credential.hdfs.StrictHDFSCloudConfigurationProvider
4957:             1             16  com.starrocks.http.HttpServer$HttpServerThread
4958:             1             16  com.starrocks.http.WebUtils$$Lambda$445/0x000000084070cc40
4959:             1             16  com.starrocks.journal.bdbje.BDBEnvironment$$Lambda$1343/0x0000000840bbd040
4960:             1             16  com.starrocks.journal.bdbje.BDBEnvironment$$Lambda$1344/0x0000000840bbd840
4961:             1             16  com.starrocks.lake.ShardManager
4962:             1             16  com.starrocks.lake.StarMgrMetaSyncer$$Lambda$349/0x0000000840629440
4963:             1             16  com.starrocks.lake.StarMgrMetaSyncer$$Lambda$350/0x0000000840629840
4964:             1             16  com.starrocks.lake.StarMgrMetaSyncer$$Lambda$352/0x000000084062a440
4965:             1             16  com.starrocks.lake.StarMgrMetaSyncer$$Lambda$375/0x0000000840649040
4966:             1             16  com.starrocks.lake.StarMgrMetaSyncer$$Lambda$376/0x0000000840649c40
4967:             1             16  com.starrocks.lake.StarMgrMetaSyncer$$Lambda$377/0x000000084064a040
4968:             1             16  com.starrocks.lake.StarMgrMetaSyncer$$Lambda$378/0x000000084064a840
4969:             1             16  com.starrocks.lake.StarMgrMetaSyncer$$Lambda$380/0x000000084064b440
4970:             1             16  com.starrocks.lake.StarMgrMetaSyncer$$Lambda$876/0x0000000840b36840
4971:             1             16  com.starrocks.lake.StarMgrMetaSyncer$$Lambda$920/0x0000000840b67840
4972:             1             16  com.starrocks.lake.StarOSAgent$$Lambda$805/0x0000000840af8440
4973:             1             16  com.starrocks.lake.StarOSAgent$$Lambda$830/0x0000000840afcc40
4974:             1             16  com.starrocks.lake.StarOSAgent$$Lambda$834/0x0000000840b09040
4975:             1             16  com.starrocks.lake.StarOSAgent$$Lambda$879/0x0000000840b36440
4976:             1             16  com.starrocks.lake.Utils$$Lambda$953/0x0000000840ba2040
4977:             1             16  com.starrocks.lake.compaction.CompactionJob$$Lambda$1317/0x0000000840c23840
4978:             1             16  com.starrocks.lake.compaction.CompactionJob$$Lambda$1318/0x0000000840c23440
4979:             1             16  com.starrocks.lake.compaction.CompactionJob$$Lambda$1319/0x0000000840c22c40
4980:             1             16  com.starrocks.lake.compaction.CompactionJob$$Lambda$1320/0x0000000840c22040
4981:             1             16  com.starrocks.lake.compaction.CompactionJob$$Lambda$1321/0x0000000840c21c40
4982:             1             16  com.starrocks.lake.compaction.CompactionJob$$Lambda$1322/0x0000000840c21440
4983:             1             16  com.starrocks.lake.compaction.CompactionMgr$$Lambda$372/0x0000000840648040
4984:             1             16  com.starrocks.lake.compaction.CompactionMgr$$Lambda$776/0x0000000840ad8840
4985:             1             16  com.starrocks.lake.compaction.CompactionScheduler$$Lambda$1315/0x00000008400f5c40
4986:             1             16  com.starrocks.lake.compaction.CompactionScheduler$$Lambda$365/0x000000084062f440
4987:             1             16  com.starrocks.lake.compaction.Quantiles$$Lambda$957/0x0000000840ba4840
4988:             1             16  com.starrocks.lake.compaction.ScoreSelector
4989:             1             16  com.starrocks.lake.compaction.ScoreSelector$$Lambda$368/0x000000084062e040
4990:             1             16  com.starrocks.lake.compaction.ScoreSorter
4991:             1             16  com.starrocks.lake.compaction.ScoreSorter$$Lambda$370/0x000000084062d040
4992:             1             16  com.starrocks.lake.compaction.ScoreSorter$$Lambda$371/0x000000084062d440
4993:             1             16  com.starrocks.lake.vacuum.AutovacuumDaemon$$Lambda$346/0x0000000840628840
4994:             1             16  com.starrocks.lake.vacuum.AutovacuumDaemon$$Lambda$867/0x0000000840b32840
4995:             1             16  com.starrocks.lake.vacuum.AutovacuumDaemon$$Lambda$966/0x0000000840ba7040
4996:             1             16  com.starrocks.leader.LeaderImpl
4997:             1             16  com.starrocks.leader.MetaHelper$$Lambda$119/0x0000000840131040
4998:             1             16  com.starrocks.leader.MetaHelper$$Lambda$121/0x00000008401b0040
4999:             1             16  com.starrocks.load.DeleteMgr$$Lambda$1287/0x0000000840c28440
5000:             1             16  com.starrocks.load.Load
5001:             1             16  com.starrocks.load.Load$$Lambda$932/0x0000000840b64440
5002:             1             16  com.starrocks.load.loadv2.LoadMgr$$Lambda$311/0x0000000840592440
5003:             1             16  com.starrocks.load.loadv2.LoadMgr$$Lambda$318/0x0000000840610040
5004:             1             16  com.starrocks.load.loadv2.LoadMgr$$Lambda$319/0x0000000840610440
5005:             1             16  com.starrocks.load.loadv2.LoadMgr$$Lambda$320/0x0000000840610840
5006:             1             16  com.starrocks.load.loadv2.LoadMgr$$Lambda$321/0x0000000840610c40
5007:             1             16  com.starrocks.load.loadv2.LoadMgr$$Lambda$322/0x0000000840611040
5008:             1             16  com.starrocks.load.loadv2.LoadMgr$$Lambda$325/0x0000000840611c40
5009:             1             16  com.starrocks.load.pipe.PipeManager$$Lambda$339/0x0000000840613440
5010:             1             16  com.starrocks.load.pipe.PipeManager$$Lambda$782/0x0000000840adf440
5011:             1             16  com.starrocks.load.pipe.PipeRepo
5012:             1             16  com.starrocks.load.pipe.PipeScheduler$$Lambda$357/0x000000084062bc40
5013:             1             16  com.starrocks.load.routineload.RoutineLoadFunctionalExprProvider$1
5014:             1             16  com.starrocks.load.routineload.RoutineLoadFunctionalExprProvider$10
5015:             1             16  com.starrocks.load.routineload.RoutineLoadFunctionalExprProvider$2
5016:             1             16  com.starrocks.load.routineload.RoutineLoadFunctionalExprProvider$3
5017:             1             16  com.starrocks.load.routineload.RoutineLoadFunctionalExprProvider$4
5018:             1             16  com.starrocks.load.routineload.RoutineLoadFunctionalExprProvider$5
5019:             1             16  com.starrocks.load.routineload.RoutineLoadFunctionalExprProvider$6
5020:             1             16  com.starrocks.load.routineload.RoutineLoadFunctionalExprProvider$7
5021:             1             16  com.starrocks.load.routineload.RoutineLoadFunctionalExprProvider$8
5022:             1             16  com.starrocks.load.routineload.RoutineLoadFunctionalExprProvider$9
5023:             1             16  com.starrocks.load.routineload.RoutineLoadMgr$$Lambda$1325/0x0000000840c1f040
5024:             1             16  com.starrocks.load.routineload.RoutineLoadMgr$$Lambda$1326/0x0000000840c1ec40
5025:             1             16  com.starrocks.load.routineload.RoutineLoadMgr$$Lambda$361/0x000000084062cc40
5026:             1             16  com.starrocks.load.routineload.RoutineLoadMgr$$Lambda$922/0x0000000840b67440
5027:             1             16  com.starrocks.load.routineload.RoutineLoadMgr$$Lambda$925/0x0000000840b66040
5028:             1             16  com.starrocks.memory.InternalCatalogMemoryTracker
5029:             1             16  com.starrocks.memory.MemoryUsageTracker$$Lambda$353/0x000000084062a840
5030:             1             16  com.starrocks.memory.MemoryUsageTracker$$Lambda$440/0x000000084070d840
5031:             1             16  com.starrocks.metric.PrometheusMetricVisitor$$Lambda$1284/0x0000000840c2c440
5032:             1             16  com.starrocks.metric.PrometheusMetricVisitor$$Lambda$1292/0x0000000840c25c40
5033:             1             16  com.starrocks.metric.ResourceGroupMetricMgr$$Lambda$775/0x0000000840ad8040
5034:             1             16  com.starrocks.metric.StarRocksMetricRegistry
5035:             1             16  com.starrocks.metric.StarRocksMetricRegistry$$Lambda$289/0x0000000840504440
5036:             1             16  com.starrocks.metric.TableMetricsRegistry$$Lambda$961/0x0000000840ba5840
5037:             1             16  com.starrocks.mysql.MysqlCapability
5038:             1             16  com.starrocks.mysql.privilege.PrivTable$$Lambda$164/0x0000000840204440
5039:             1             16  com.starrocks.mysql.privilege.PrivTable$$Lambda$237/0x000000084037d440
5040:             1             16  com.starrocks.persist.gson.GsonUtils$$Lambda$230/0x000000084037f840
5041:             1             16  com.starrocks.persist.gson.GsonUtils$$Lambda$231/0x000000084037fc40
5042:             1             16  com.starrocks.persist.gson.GsonUtils$GuavaMultimapAdapter
5043:             1             16  com.starrocks.persist.gson.GsonUtils$GuavaTableAdapter
5044:             1             16  com.starrocks.persist.gson.GsonUtils$PrimitiveTypeDeserializer
5045:             1             16  com.starrocks.persist.gson.GsonUtils$ProcessHookTypeAdapterFactory
5046:             1             16  com.starrocks.planner.AggregationNode$$Lambda$1281/0x0000000840c2c040
5047:             1             16  com.starrocks.planner.OlapScanNode$$Lambda$975/0x0000000840bb1840
5048:             1             16  com.starrocks.planner.OlapTableSink$$Lambda$939/0x0000000840b62040
5049:             1             16  com.starrocks.planner.OlapTableSink$$Lambda$940/0x0000000840b62440
5050:             1             16  com.starrocks.planner.PlanFragment$$Lambda$992/0x0000000840bb7c40
5051:             1             16  com.starrocks.planner.PlanNode$$Lambda$1244/0x0000000840c22840
5052:             1             16  com.starrocks.planner.PlanNode$$Lambda$1246/0x0000000840c23040
5053:             1             16  com.starrocks.planner.PlanNode$$Lambda$1250/0x0000000840c24040
5054:             1             16  com.starrocks.planner.PlanNode$$Lambda$555/0x0000000840915440
5055:             1             16  com.starrocks.plugin.AuditEvent$AuditEventBuilder
5056:             1             16  com.starrocks.privilege.AuthorizationMgr$$Lambda$171/0x0000000840202040
5057:             1             16  com.starrocks.privilege.AuthorizationMgr$1
5058:             1             16  com.starrocks.privilege.DefaultAuthorizationProvider
5059:             1             16  com.starrocks.privilege.NativeAccessController
5060:             1             16  com.starrocks.privilege.NativeAccessController$$Lambda$1338/0x0000000840bfc040
5061:             1             16  com.starrocks.privilege.ObjectType$$Lambda$167/0x0000000840203040
5062:             1             16  com.starrocks.privilege.ObjectType$$Lambda$168/0x0000000840203440
5063:             1             16  com.starrocks.privilege.PrivilegeCollectionV2
5064:             1             16  com.starrocks.privilege.PrivilegeCollectionV2$$Lambda$170/0x0000000840202c40
5065:             1             16  com.starrocks.privilege.PrivilegeCollectionV2$$Lambda$241/0x000000084037c440
5066:             1             16  com.starrocks.privilege.PrivilegeType$$Lambda$169/0x0000000840202840
5067:             1             16  com.starrocks.privilege.ranger.SecurityPolicyRewriteRule$$Lambda$894/0x0000000840b51840
5068:             1             16  com.starrocks.proto.AbortCompactionRequest$$JProtoBufClass
5069:             1             16  com.starrocks.proto.AbortCompactionResponse$$JProtoBufClass
5070:             1             16  com.starrocks.proto.AbortTxnRequest$$JProtoBufClass
5071:             1             16  com.starrocks.proto.AbortTxnResponse$$JProtoBufClass
5072:             1             16  com.starrocks.proto.CompactRequest$$JProtoBufClass
5073:             1             16  com.starrocks.proto.CompactResponse$$JProtoBufClass
5074:             1             16  com.starrocks.proto.DeleteDataRequest$$JProtoBufClass
5075:             1             16  com.starrocks.proto.DeleteDataResponse$$JProtoBufClass
5076:             1             16  com.starrocks.proto.DeleteTabletRequest$$JProtoBufClass
5077:             1             16  com.starrocks.proto.DeleteTabletResponse$$JProtoBufClass
5078:             1             16  com.starrocks.proto.DeleteTxnLogRequest$$JProtoBufClass
5079:             1             16  com.starrocks.proto.DeleteTxnLogResponse$$JProtoBufClass
5080:             1             16  com.starrocks.proto.DropTableRequest$$JProtoBufClass
5081:             1             16  com.starrocks.proto.DropTableResponse$$JProtoBufClass
5082:             1             16  com.starrocks.proto.ExecuteCommandRequestPB$$JProtoBufClass
5083:             1             16  com.starrocks.proto.ExecuteCommandResultPB$$JProtoBufClass
5084:             1             16  com.starrocks.proto.LockTabletMetadataRequest$$JProtoBufClass
5085:             1             16  com.starrocks.proto.LockTabletMetadataResponse$$JProtoBufClass
5086:             1             16  com.starrocks.proto.PCancelPlanFragmentRequest$$JProtoBufClass
5087:             1             16  com.starrocks.proto.PCancelPlanFragmentResult$$JProtoBufClass
5088:             1             16  com.starrocks.proto.PCollectQueryStatisticsResult$$JProtoBufClass
5089:             1             16  com.starrocks.proto.PExecBatchPlanFragmentsResult$$JProtoBufClass
5090:             1             16  com.starrocks.proto.PExecPlanFragmentResult$$JProtoBufClass
5091:             1             16  com.starrocks.proto.PExecShortCircuitResult$$JProtoBufClass
5092:             1             16  com.starrocks.proto.PFetchDataResult$$JProtoBufClass
5093:             1             16  com.starrocks.proto.PGetFileSchemaResult$$JProtoBufClass
5094:             1             16  com.starrocks.proto.PKafkaLoadInfo$$JProtoBufClass
5095:             1             16  com.starrocks.proto.PKafkaMetaProxyRequest$$JProtoBufClass
5096:             1             16  com.starrocks.proto.PKafkaMetaProxyResult$$JProtoBufClass
5097:             1             16  com.starrocks.proto.PKafkaOffsetProxyRequest$$JProtoBufClass
5098:             1             16  com.starrocks.proto.PKafkaOffsetProxyResult$$JProtoBufClass
5099:             1             16  com.starrocks.proto.PListFailPointResponse$$JProtoBufClass
5100:             1             16  com.starrocks.proto.PMVMaintenanceTaskResult$$JProtoBufClass
5101:             1             16  com.starrocks.proto.PProxyRequest$$JProtoBufClass
5102:             1             16  com.starrocks.proto.PProxyResult$$JProtoBufClass
5103:             1             16  com.starrocks.proto.PPulsarProxyRequest$$JProtoBufClass
5104:             1             16  com.starrocks.proto.PPulsarProxyResult$$JProtoBufClass
5105:             1             16  com.starrocks.proto.PQueryStatistics$$JProtoBufClass
5106:             1             16  com.starrocks.proto.PStringPair$$JProtoBufClass
5107:             1             16  com.starrocks.proto.PTriggerProfileReportResult$$JProtoBufClass
5108:             1             16  com.starrocks.proto.PUniqueId$$JProtoBufClass
5109:             1             16  com.starrocks.proto.PUpdateFailPointStatusRequest$$JProtoBufClass
5110:             1             16  com.starrocks.proto.PUpdateFailPointStatusResponse$$JProtoBufClass
5111:             1             16  com.starrocks.proto.PublishLogVersionBatchRequest$$JProtoBufClass
5112:             1             16  com.starrocks.proto.PublishLogVersionRequest$$JProtoBufClass
5113:             1             16  com.starrocks.proto.PublishLogVersionResponse$$JProtoBufClass
5114:             1             16  com.starrocks.proto.PublishVersionRequest$$JProtoBufClass
5115:             1             16  com.starrocks.proto.PublishVersionResponse$$JProtoBufClass
5116:             1             16  com.starrocks.proto.RestoreSnapshotsRequest$$JProtoBufClass
5117:             1             16  com.starrocks.proto.RestoreSnapshotsResponse$$JProtoBufClass
5118:             1             16  com.starrocks.proto.StatusPB$$JProtoBufClass
5119:             1             16  com.starrocks.proto.TabletStatRequest$$JProtoBufClass
5120:             1             16  com.starrocks.proto.TabletStatRequest$TabletInfo$$JProtoBufClass
5121:             1             16  com.starrocks.proto.TabletStatResponse$$JProtoBufClass
5122:             1             16  com.starrocks.proto.TabletStatResponse$TabletStat$$JProtoBufClass
5123:             1             16  com.starrocks.proto.UnlockTabletMetadataRequest$$JProtoBufClass
5124:             1             16  com.starrocks.proto.UnlockTabletMetadataResponse$$JProtoBufClass
5125:             1             16  com.starrocks.proto.UploadSnapshotsRequest$$JProtoBufClass
5126:             1             16  com.starrocks.proto.UploadSnapshotsResponse$$JProtoBufClass
5127:             1             16  com.starrocks.proto.VacuumRequest$$JProtoBufClass
5128:             1             16  com.starrocks.proto.VacuumResponse$$JProtoBufClass
5129:             1             16  com.starrocks.qe.AuditEventProcessor$Worker
5130:             1             16  com.starrocks.qe.AuditLogBuilder
5131:             1             16  com.starrocks.qe.CoordinatorPreprocessor$$Lambda$577/0x0000000840942440
5132:             1             16  com.starrocks.qe.DDLStmtExecutor$StmtExecutorVisitor
5133:             1             16  com.starrocks.qe.DefaultCoordinator$$Lambda$1282/0x0000000840c2c840
5134:             1             16  com.starrocks.qe.DefaultCoordinator$$Lambda$591/0x0000000840944c40
5135:             1             16  com.starrocks.qe.FragmentScanRangeAssignment$$Lambda$987/0x0000000840bb4840
5136:             1             16  com.starrocks.qe.FragmentScanRangeAssignment$$Lambda$988/0x0000000840bb4c40
5137:             1             16  com.starrocks.qe.JournalObservable
5138:             1             16  com.starrocks.qe.QueryDetailQueue$$Lambda$778/0x0000000840ad9440
5139:             1             16  com.starrocks.qe.QueryQueueManager
5140:             1             16  com.starrocks.qe.ShowExecutor$$Lambda$1314/0x00000008400ed440
5141:             1             16  com.starrocks.qe.ShowExecutor$$Lambda$916/0x0000000840b53440
5142:             1             16  com.starrocks.qe.SimpleScheduler$UpdateBlacklistThread
5143:             1             16  com.starrocks.qe.VariableMgr$$Lambda$1032/0x0000000840bca440
5144:             1             16  com.starrocks.qe.VariableVarConverters$PartialUpdateModeConverter
5145:             1             16  com.starrocks.qe.VariableVarConverters$SqlModeConverter
5146:             1             16  com.starrocks.qe.scheduler.DefaultWorkerProvider$$Lambda$1272/0x0000000840c29c40
5147:             1             16  com.starrocks.qe.scheduler.DefaultWorkerProvider$$Lambda$574/0x0000000840941840
5148:             1             16  com.starrocks.qe.scheduler.DefaultWorkerProvider$$Lambda$575/0x0000000840941c40
5149:             1             16  com.starrocks.qe.scheduler.DefaultWorkerProvider$$Lambda$576/0x0000000840942040
5150:             1             16  com.starrocks.qe.scheduler.DefaultWorkerProvider$$Lambda$578/0x0000000840947840
5151:             1             16  com.starrocks.qe.scheduler.Deployer$$Lambda$596/0x0000000840943040
5152:             1             16  com.starrocks.qe.scheduler.Deployer$$Lambda$605/0x0000000840957440
5153:             1             16  com.starrocks.qe.scheduler.Deployer$$Lambda$606/0x0000000840956840
5154:             1             16  com.starrocks.qe.scheduler.Deployer$$Lambda$608/0x0000000840956040
5155:             1             16  com.starrocks.qe.scheduler.QueryRuntimeProfile$$Lambda$1308/0x0000000840124040
5156:             1             16  com.starrocks.qe.scheduler.QueryRuntimeProfile$$Lambda$1309/0x0000000840123840
5157:             1             16  com.starrocks.qe.scheduler.assignment.RemoteFragmentAssignmentStrategy$$Lambda$1274/0x0000000840c2a440
5158:             1             16  com.starrocks.qe.scheduler.dag.ExecutionDAG$$Lambda$579/0x0000000840947c40
5159:             1             16  com.starrocks.qe.scheduler.dag.ExecutionDAG$$Lambda$580/0x0000000840947040
5160:             1             16  com.starrocks.qe.scheduler.dag.ExecutionDAG$$Lambda$581/0x0000000840947440
5161:             1             16  com.starrocks.qe.scheduler.dag.ExecutionDAG$$Lambda$994/0x0000000840bb8440
5162:             1             16  com.starrocks.qe.scheduler.dag.ExecutionFragment$$Lambda$986/0x0000000840bb4440
5163:             1             16  com.starrocks.qe.scheduler.dag.FragmentInstance$$Lambda$991/0x0000000840bb7840
5164:             1             16  com.starrocks.qe.scheduler.dag.JobSpec$Builder$$Lambda$572/0x0000000840941040
5165:             1             16  com.starrocks.qe.scheduler.slot.AllocatedSlots$$Lambda$134/0x00000008401b5040
5166:             1             16  com.starrocks.qe.scheduler.slot.AllocatedSlots$$Lambda$135/0x00000008401b5440
5167:             1             16  com.starrocks.qe.scheduler.slot.ResourceUsageMonitor$$Lambda$455/0x000000084070a440
5168:             1             16  com.starrocks.qe.scheduler.slot.SlotManager$$Lambda$126/0x00000008401b1440
5169:             1             16  com.starrocks.qe.scheduler.slot.SlotManager$$Lambda$127/0x00000008401b7c40
5170:             1             16  com.starrocks.qe.scheduler.slot.SlotManager$$Lambda$128/0x00000008401b7440
5171:             1             16  com.starrocks.qe.scheduler.slot.SlotManager$RequestWorker$$Lambda$379/0x000000084064b040
5172:             1             16  com.starrocks.qe.scheduler.slot.SlotProvider
5173:             1             16  com.starrocks.qe.scheduler.slot.SlotRequestQueue$$Lambda$129/0x00000008401b6c40
5174:             1             16  com.starrocks.qe.scheduler.slot.SlotRequestQueue$$Lambda$131/0x00000008401b6440
5175:             1             16  com.starrocks.rpc.AttachmentRequest$$Lambda$607/0x0000000840956c40
5176:             1             16  com.starrocks.rpc.BackendServiceClient
5177:             1             16  com.starrocks.rpc.PCollectQueryStatisticsRequest$$JProtoBufClass
5178:             1             16  com.starrocks.rpc.PExecBatchPlanFragmentsRequest$$JProtoBufClass
5179:             1             16  com.starrocks.rpc.PExecPlanFragmentRequest$$JProtoBufClass
5180:             1             16  com.starrocks.rpc.PExecShortCircuitRequest$$JProtoBufClass
5181:             1             16  com.starrocks.rpc.PFetchDataRequest$$JProtoBufClass
5182:             1             16  com.starrocks.rpc.PGetFileSchemaRequest$$JProtoBufClass
5183:             1             16  com.starrocks.rpc.PListFailPointRequest$$JProtoBufClass
5184:             1             16  com.starrocks.rpc.PMVMaintenanceTaskRequest$$JProtoBufClass
5185:             1             16  com.starrocks.rpc.PTriggerProfileReportRequest$$JProtoBufClass
5186:             1             16  com.starrocks.scheduler.TaskManager$$Lambda$312/0x0000000840591840
5187:             1             16  com.starrocks.scheduler.TaskManager$$Lambda$395/0x00000008406a8040
5188:             1             16  com.starrocks.scheduler.TaskRunExecutor
5189:             1             16  com.starrocks.scheduler.mv.MaterializedViewMgr
5190:             1             16  com.starrocks.scheduler.mv.MaterializedViewMgr$$Lambda$345/0x0000000840628440
5191:             1             16  com.starrocks.server.CatalogMgr$$Lambda$396/0x00000008406a8440
5192:             1             16  com.starrocks.server.CatalogMgr$$Lambda$397/0x00000008406a8840
5193:             1             16  com.starrocks.server.CatalogMgr$$Lambda$398/0x00000008406a8c40
5194:             1             16  com.starrocks.server.CatalogMgr$CatalogProcNode
5195:             1             16  com.starrocks.server.GlobalStateMgr$$Lambda$178/0x0000000840299040
5196:             1             16  com.starrocks.server.GlobalStateMgr$$Lambda$179/0x0000000840299440
5197:             1             16  com.starrocks.server.GlobalStateMgr$$Lambda$205/0x000000084032d040
5198:             1             16  com.starrocks.server.LocalMetastore$$Lambda$1329/0x0000000840c18840
5199:             1             16  com.starrocks.server.LocalMetastore$$Lambda$1330/0x0000000840c18040
5200:             1             16  com.starrocks.server.LocalMetastore$$Lambda$236/0x000000084037dc40
5201:             1             16  com.starrocks.server.LocalMetastore$$Lambda$386/0x000000084064fc40
5202:             1             16  com.starrocks.server.LocalMetastore$$Lambda$387/0x000000084064f040
5203:             1             16  com.starrocks.server.LocalMetastore$$Lambda$388/0x000000084064f440
5204:             1             16  com.starrocks.server.LocalMetastore$$Lambda$780/0x0000000840adfc40
5205:             1             16  com.starrocks.server.LocalMetastore$$Lambda$838/0x0000000840b0a040
5206:             1             16  com.starrocks.server.LocalMetastore$$Lambda$862/0x0000000840b31440
5207:             1             16  com.starrocks.server.MetadataMgr$$Lambda$172/0x0000000840201040
5208:             1             16  com.starrocks.server.MetadataMgr$1
5209:             1             16  com.starrocks.server.OlapTableFactory
5210:             1             16  com.starrocks.server.OlapTableFactory$$Lambda$859/0x0000000840b30840
5211:             1             16  com.starrocks.server.OlapTableFactory$$Lambda$860/0x0000000840b30c40
5212:             1             16  com.starrocks.server.RunMode$SharedData
5213:             1             16  com.starrocks.server.RunMode$SharedNothing
5214:             1             16  com.starrocks.service.ExecuteEnv
5215:             1             16  com.starrocks.sql.StatementPlanner$$Lambda$467/0x00000008407c6040
5216:             1             16  com.starrocks.sql.StatementPlanner$$Lambda$499/0x000000084089d040
5217:             1             16  com.starrocks.sql.StatementPlanner$$Lambda$501/0x000000084089c840
5218:             1             16  com.starrocks.sql.analyzer.AggregationAnalyzer$VerifyExpressionVisitor$$Lambda$1074/0x0000000840bdd440
5219:             1             16  com.starrocks.sql.analyzer.AggregationAnalyzer$VerifyExpressionVisitor$$Lambda$1076/0x0000000840bdcc40
5220:             1             16  com.starrocks.sql.analyzer.Analyzer
5221:             1             16  com.starrocks.sql.analyzer.AnalyzerUtils$$Lambda$1043/0x0000000840bcc840
5222:             1             16  com.starrocks.sql.analyzer.AnalyzerUtils$$Lambda$1044/0x0000000840bccc40
5223:             1             16  com.starrocks.sql.analyzer.AnalyzerUtils$$Lambda$1045/0x0000000840bcc040
5224:             1             16  com.starrocks.sql.analyzer.AnalyzerUtils$$Lambda$1066/0x0000000840bdf440
5225:             1             16  com.starrocks.sql.analyzer.AnalyzerUtils$$Lambda$567/0x0000000840911840
5226:             1             16  com.starrocks.sql.analyzer.AnalyzerVisitor
5227:             1             16  com.starrocks.sql.analyzer.AuthorizerStmtVisitor
5228:             1             16  com.starrocks.sql.analyzer.CreateTableAnalyzer$$Lambda$857/0x0000000840b30040
5229:             1             16  com.starrocks.sql.analyzer.DecimalV3FunctionAnalyzer$$Lambda$1006/0x0000000840bbd440
5230:             1             16  com.starrocks.sql.analyzer.DecimalV3FunctionAnalyzer$$Lambda$1007/0x0000000840bbc840
5231:             1             16  com.starrocks.sql.analyzer.DecimalV3FunctionAnalyzer$$Lambda$1008/0x0000000840bbcc40
5232:             1             16  com.starrocks.sql.analyzer.DecimalV3FunctionAnalyzer$$Lambda$1009/0x0000000840bbc040
5233:             1             16  com.starrocks.sql.analyzer.DecimalV3FunctionAnalyzer$$Lambda$1010/0x0000000840bbc440
5234:             1             16  com.starrocks.sql.analyzer.DecimalV3FunctionAnalyzer$$Lambda$1011/0x0000000840bbb840
5235:             1             16  com.starrocks.sql.analyzer.DecimalV3FunctionAnalyzer$$Lambda$1012/0x0000000840bbbc40
5236:             1             16  com.starrocks.sql.analyzer.DecimalV3FunctionAnalyzer$$Lambda$1014/0x0000000840bbb440
5237:             1             16  com.starrocks.sql.analyzer.DecimalV3FunctionAnalyzer$$Lambda$1016/0x0000000840bbac40
5238:             1             16  com.starrocks.sql.analyzer.DecimalV3FunctionAnalyzer$$Lambda$1018/0x0000000840bba440
5239:             1             16  com.starrocks.sql.analyzer.ExpressionAnalyzer$Visitor$$Lambda$1002/0x0000000840bbe440
5240:             1             16  com.starrocks.sql.analyzer.ExpressionAnalyzer$Visitor$$Lambda$1004/0x0000000840bbdc40
5241:             1             16  com.starrocks.sql.analyzer.ExpressionAnalyzer$Visitor$$Lambda$1021/0x0000000840bb9040
5242:             1             16  com.starrocks.sql.analyzer.ExpressionAnalyzer$Visitor$$Lambda$1062/0x0000000840bdb440
5243:             1             16  com.starrocks.sql.analyzer.QueryAnalyzer$Visitor$$Lambda$488/0x0000000840899440
5244:             1             16  com.starrocks.sql.analyzer.QueryAnalyzer$Visitor$$Lambda$489/0x000000084089f840
5245:             1             16  com.starrocks.sql.analyzer.RelationFields$$Lambda$468/0x00000008407c6440
5246:             1             16  com.starrocks.sql.analyzer.RelationFields$$Lambda$469/0x00000008407c5840
5247:             1             16  com.starrocks.sql.analyzer.RelationFields$$Lambda$470/0x00000008407c5c40
5248:             1             16  com.starrocks.sql.analyzer.SelectAnalyzer$$Lambda$1067/0x0000000840bde840
5249:             1             16  com.starrocks.sql.analyzer.SelectAnalyzer$$Lambda$1068/0x0000000840bdec40
5250:             1             16  com.starrocks.sql.analyzer.SelectAnalyzer$$Lambda$1077/0x0000000840bdc040
5251:             1             16  com.starrocks.sql.analyzer.SelectAnalyzer$$Lambda$1082/0x0000000840bf0840
5252:             1             16  com.starrocks.sql.analyzer.SelectAnalyzer$$Lambda$490/0x000000084089fc40
5253:             1             16  com.starrocks.sql.analyzer.SelectAnalyzer$$Lambda$491/0x000000084089f040
5254:             1             16  com.starrocks.sql.analyzer.SelectAnalyzer$$Lambda$494/0x000000084089ec40
5255:             1             16  com.starrocks.sql.analyzer.SelectAnalyzer$$Lambda$895/0x0000000840b51c40
5256:             1             16  com.starrocks.sql.analyzer.SelectAnalyzer$$Lambda$896/0x0000000840b52040
5257:             1             16  com.starrocks.sql.analyzer.SelectAnalyzer$$Lambda$897/0x0000000840b52440
5258:             1             16  com.starrocks.sql.analyzer.ShowTabletStmtAnalyzer$ShowTabletStmtAnalyzerVisitor$$Lambda$1335/0x0000000840bfa040
5259:             1             16  com.starrocks.sql.analyzer.ViewAnalyzer$ViewAnalyzerVisitor$$Lambda$1063/0x0000000840bdf840
5260:             1             16  com.starrocks.sql.ast.CreateRoutineLoadStmt$$Lambda$883/0x0000000840b35440
5261:             1             16  com.starrocks.sql.ast.CreateRoutineLoadStmt$$Lambda$884/0x0000000840b34840
5262:             1             16  com.starrocks.sql.ast.CreateRoutineLoadStmt$$Lambda$885/0x0000000840b34c40
5263:             1             16  com.starrocks.sql.ast.CreateRoutineLoadStmt$$Lambda$886/0x0000000840b34040
5264:             1             16  com.starrocks.sql.ast.CreateRoutineLoadStmt$$Lambda$887/0x0000000840b34440
5265:             1             16  com.starrocks.sql.ast.CreateRoutineLoadStmt$$Lambda$888/0x0000000840b50040
5266:             1             16  com.starrocks.sql.ast.CreateRoutineLoadStmt$$Lambda$889/0x0000000840b50440
5267:             1             16  com.starrocks.sql.ast.CreateRoutineLoadStmt$$Lambda$890/0x0000000840b50840
5268:             1             16  com.starrocks.sql.ast.QueryRelation$$Lambda$500/0x000000084089d440
5269:             1             16  com.starrocks.sql.ast.QueryRelation$$Lambda$504/0x000000084089c440
5270:             1             16  com.starrocks.sql.optimizer.CTEContext$$Lambda$518/0x00000008408f7840
5271:             1             16  com.starrocks.sql.optimizer.GroupExpression$$Lambda$525/0x00000008408f6440
5272:             1             16  com.starrocks.sql.optimizer.Optimizer$$Lambda$513/0x0000000840899c40
5273:             1             16  com.starrocks.sql.optimizer.RequiredPropertyDeriver$$Lambda$1184/0x0000000840c13c40
5274:             1             16  com.starrocks.sql.optimizer.RowOutputInfo$$Lambda$1176/0x0000000840c10c40
5275:             1             16  com.starrocks.sql.optimizer.RowOutputInfo$$Lambda$1177/0x0000000840c11040
5276:             1             16  com.starrocks.sql.optimizer.Utils$$Lambda$1294/0x0000000840b65040
5277:             1             16  com.starrocks.sql.optimizer.Utils$$Lambda$505/0x000000084089b840
5278:             1             16  com.starrocks.sql.optimizer.Utils$$Lambda$506/0x000000084089bc40
5279:             1             16  com.starrocks.sql.optimizer.Utils$$Lambda$535/0x00000008408f3c40
5280:             1             16  com.starrocks.sql.optimizer.base.CTEProperty
5281:             1             16  com.starrocks.sql.optimizer.base.ColumnRefSet
5282:             1             16  com.starrocks.sql.optimizer.base.HashDistributionDesc$$Lambda$1178/0x0000000840c11440
5283:             1             16  com.starrocks.sql.optimizer.base.HashDistributionDesc$$Lambda$1179/0x0000000840c11840
5284:             1             16  com.starrocks.sql.optimizer.base.HashDistributionDesc$$Lambda$898/0x0000000840b52840
5285:             1             16  com.starrocks.sql.optimizer.base.OrderSpec
5286:             1             16  com.starrocks.sql.optimizer.base.SortProperty
5287:             1             16  com.starrocks.sql.optimizer.cost.CostModel$$Lambda$529/0x00000008408f5440
5288:             1             16  com.starrocks.sql.optimizer.dump.HiveTableDumpInfo$HiveTableDumpInfoDeserializer
5289:             1             16  com.starrocks.sql.optimizer.dump.HiveTableDumpInfo$HiveTableDumpInfoSerializer
5290:             1             16  com.starrocks.sql.optimizer.operator.ColumnFilterConverter$$Lambda$1052/0x0000000840bcac40
5291:             1             16  com.starrocks.sql.optimizer.operator.ColumnFilterConverter$ColumnFilterVisitor
5292:             1             16  com.starrocks.sql.optimizer.operator.pattern.Pattern$$Lambda$514/0x00000008408f0040
5293:             1             16  com.starrocks.sql.optimizer.operator.pattern.Pattern$$Lambda$522/0x00000008408f6840
5294:             1             16  com.starrocks.sql.optimizer.operator.physical.PhysicalHashAggregateOperator$$Lambda$1224/0x0000000840c1dc40
5295:             1             16  com.starrocks.sql.optimizer.rewrite.BaseScalarOperatorShuttle$$Lambda$1154/0x0000000840c03440
5296:             1             16  com.starrocks.sql.optimizer.rewrite.BaseScalarOperatorShuttle$$Lambda$1155/0x0000000840c07840
5297:             1             16  com.starrocks.sql.optimizer.rewrite.BaseScalarOperatorShuttle$$Lambda$1156/0x0000000840c07c40
5298:             1             16  com.starrocks.sql.optimizer.rewrite.BaseScalarOperatorShuttle$$Lambda$1157/0x0000000840c07040
5299:             1             16  com.starrocks.sql.optimizer.rewrite.BaseScalarOperatorShuttle$$Lambda$1158/0x0000000840c07440
5300:             1             16  com.starrocks.sql.optimizer.rewrite.BaseScalarOperatorShuttle$$Lambda$1159/0x0000000840c06840
5301:             1             16  com.starrocks.sql.optimizer.rewrite.BaseScalarOperatorShuttle$$Lambda$1160/0x0000000840c06c40
5302:             1             16  com.starrocks.sql.optimizer.rewrite.BaseScalarOperatorShuttle$$Lambda$1161/0x0000000840c06040
5303:             1             16  com.starrocks.sql.optimizer.rewrite.BaseScalarOperatorShuttle$$Lambda$1162/0x0000000840c06440
5304:             1             16  com.starrocks.sql.optimizer.rewrite.BaseScalarOperatorShuttle$$Lambda$1163/0x0000000840c05840
5305:             1             16  com.starrocks.sql.optimizer.rewrite.BaseScalarOperatorShuttle$$Lambda$1164/0x0000000840c05c40
5306:             1             16  com.starrocks.sql.optimizer.rewrite.BaseScalarOperatorShuttle$$Lambda$1165/0x0000000840c05040
5307:             1             16  com.starrocks.sql.optimizer.rewrite.BaseScalarOperatorShuttle$$Lambda$1166/0x0000000840c05440
5308:             1             16  com.starrocks.sql.optimizer.rewrite.BaseScalarOperatorShuttle$$Lambda$1167/0x0000000840c04840
5309:             1             16  com.starrocks.sql.optimizer.rewrite.BaseScalarOperatorShuttle$$Lambda$1168/0x0000000840c04c40
5310:             1             16  com.starrocks.sql.optimizer.rewrite.BaseScalarOperatorShuttle$$Lambda$1169/0x0000000840c04040
5311:             1             16  com.starrocks.sql.optimizer.rewrite.BaseScalarOperatorShuttle$$Lambda$1170/0x0000000840c04440
5312:             1             16  com.starrocks.sql.optimizer.rewrite.BaseScalarOperatorShuttle$$Lambda$1171/0x0000000840c03840
5313:             1             16  com.starrocks.sql.optimizer.rewrite.BaseScalarOperatorShuttle$$Lambda$1172/0x0000000840c03c40
5314:             1             16  com.starrocks.sql.optimizer.rewrite.BaseScalarOperatorShuttle$$Lambda$1173/0x0000000840c10040
5315:             1             16  com.starrocks.sql.optimizer.rewrite.BaseScalarOperatorShuttle$$Lambda$1174/0x0000000840c10440
5316:             1             16  com.starrocks.sql.optimizer.rewrite.EliminateNegationsRewriter
5317:             1             16  com.starrocks.sql.optimizer.rewrite.JoinPredicatePushdown$$Lambda$1103/0x0000000840bf5840
5318:             1             16  com.starrocks.sql.optimizer.rewrite.JoinPredicatePushdown$$Lambda$1106/0x0000000840bf7040
5319:             1             16  com.starrocks.sql.optimizer.rewrite.OptOlapPartitionPruner$$Lambda$904/0x0000000840b56c40
5320:             1             16  com.starrocks.sql.optimizer.rewrite.OptOlapPartitionPruner$$Lambda$905/0x0000000840b56040
5321:             1             16  com.starrocks.sql.optimizer.rewrite.ScalarEquivalenceExtractor$EquivalenceBuilder$$Lambda$1122/0x0000000840bfb040
5322:             1             16  com.starrocks.sql.optimizer.rewrite.ScalarOperatorEvaluator$FunctionSignature$$Lambda$1029/0x0000000840bc9840
5323:             1             16  com.starrocks.sql.optimizer.rewrite.ScalarOperatorEvaluator$FunctionSignature$$Lambda$1030/0x0000000840bc9c40
5324:             1             16  com.starrocks.sql.optimizer.rewrite.ScalarOperatorEvaluator$FunctionSignature$$Lambda$1031/0x0000000840bca040
5325:             1             16  com.starrocks.sql.optimizer.rewrite.ScalarOperatorRewriter$$Lambda$502/0x000000084089cc40
5326:             1             16  com.starrocks.sql.optimizer.rewrite.ScalarRangePredicateExtractor$$Lambda$1113/0x0000000840bf8c40
5327:             1             16  com.starrocks.sql.optimizer.rewrite.ScalarRangePredicateExtractor$$Lambda$1115/0x0000000840bf9440
5328:             1             16  com.starrocks.sql.optimizer.rewrite.ScalarRangePredicateExtractor$$Lambda$1121/0x0000000840bfac40
5329:             1             16  com.starrocks.sql.optimizer.rewrite.scalar.FoldConstantsRule$$Lambda$1026/0x0000000840bc8440
5330:             1             16  com.starrocks.sql.optimizer.rewrite.scalar.FoldConstantsRule$$Lambda$1047/0x0000000840bcb840
5331:             1             16  com.starrocks.sql.optimizer.rewrite.scalar.ImplicitCastRule$$Lambda$1024/0x0000000840bb8c40
5332:             1             16  com.starrocks.sql.optimizer.rewrite.scalar.InvertedCaseWhen$InvertCaseWhenVisitor
5333:             1             16  com.starrocks.sql.optimizer.rewrite.scalar.InvertedCaseWhen$SimplifyVisitor
5334:             1             16  com.starrocks.sql.optimizer.rewrite.scalar.InvertedCaseWhen$SimplifyVisitor$$Lambda$1050/0x0000000840bcb440
5335:             1             16  com.starrocks.sql.optimizer.rewrite.scalar.MvNormalizePredicateRule
5336:             1             16  com.starrocks.sql.optimizer.rewrite.scalar.MvNormalizePredicateRule$$Lambda$503/0x000000084089c040
5337:             1             16  com.starrocks.sql.optimizer.rewrite.scalar.PruneTediousPredicateRule
5338:             1             16  com.starrocks.sql.optimizer.rewrite.scalar.PruneTediousPredicateRule$Visitor
5339:             1             16  com.starrocks.sql.optimizer.rewrite.scalar.PruneTediousPredicateRule$Visitor$$Lambda$1128/0x0000000840bfc840
5340:             1             16  com.starrocks.sql.optimizer.rewrite.scalar.SimplifiedCaseWhenRule
5341:             1             16  com.starrocks.sql.optimizer.rewrite.scalar.SimplifiedPredicateRule$$Lambda$1124/0x0000000840bfb840
5342:             1             16  com.starrocks.sql.optimizer.rewrite.scalar.SimplifiedPredicateRule$$Lambda$1125/0x0000000840bfbc40
5343:             1             16  com.starrocks.sql.optimizer.rewrite.scalar.SimplifiedPredicateRule$$Lambda$1127/0x0000000840bfc440
5344:             1             16  com.starrocks.sql.optimizer.rewrite.scalar.SimplifiedScanColumnRule
5345:             1             16  com.starrocks.sql.optimizer.rule.transformation.ArrayDistinctAfterAggRule$$Lambda$1133/0x0000000840bfe040
5346:             1             16  com.starrocks.sql.optimizer.rule.transformation.GroupByCountDistinctRewriteRule$$Lambda$1298/0x0000000840064840
5347:             1             16  com.starrocks.sql.optimizer.rule.transformation.MinMaxCountOptOnScanRule$$Lambda$1295/0x0000000840b65c40
5348:             1             16  com.starrocks.sql.optimizer.rule.transformation.PushDownPredicateProjectRule$$Lambda$1048/0x0000000840bcbc40
5349:             1             16  com.starrocks.sql.optimizer.rule.transformation.RewriteBitmapCountDistinctRule$$Lambda$1096/0x0000000840bf4040
5350:             1             16  com.starrocks.sql.optimizer.rule.transformation.RewriteHllCountDistinctRule$$Lambda$1097/0x0000000840bf4440
5351:             1             16  com.starrocks.sql.optimizer.rule.transformation.SplitMultiPhaseAggRule$$Lambda$1183/0x0000000840c13840
5352:             1             16  com.starrocks.sql.optimizer.rule.transformation.SplitScanORToUnionRule$$Lambda$1340/0x0000000840c1ac40
5353:             1             16  com.starrocks.sql.optimizer.rule.transformation.SplitScanORToUnionRule$$Lambda$1341/0x0000000840bf8440
5354:             1             16  com.starrocks.sql.optimizer.rule.tree.AddDecodeNodeForDictStringRule$$Lambda$972/0x0000000840bb0c40
5355:             1             16  com.starrocks.sql.optimizer.rule.tree.AddDecodeNodeForDictStringRule$$Lambda$973/0x0000000840bb1040
5356:             1             16  com.starrocks.sql.optimizer.rule.tree.CloneDuplicateColRefRule$Visitor
5357:             1             16  com.starrocks.sql.optimizer.rule.tree.CloneDuplicateColRefRule$Visitor$$Lambda$547/0x0000000840917c40
5358:             1             16  com.starrocks.sql.optimizer.rule.tree.JoinLocalShuffleRule$JoinLocalShuffleVisitor
5359:             1             16  com.starrocks.sql.optimizer.rule.tree.PreAggregateTurnOnRule$PreAggregateVisitor
5360:             1             16  com.starrocks.sql.optimizer.rule.tree.PreAggregateTurnOnRule$PreAggregateVisitor$$Lambda$1187/0x0000000840c14840
5361:             1             16  com.starrocks.sql.optimizer.rule.tree.PreAggregateTurnOnRule$PreAggregateVisitor$$Lambda$1188/0x0000000840c14c40
5362:             1             16  com.starrocks.sql.optimizer.rule.tree.PreAggregateTurnOnRule$PreAggregateVisitor$$Lambda$533/0x00000008408f4440
5363:             1             16  com.starrocks.sql.optimizer.rule.tree.PredicateReorderRule$PredicateReorderVisitor
5364:             1             16  com.starrocks.sql.optimizer.rule.tree.PruneAggregateNodeRule$PruneAggVisitor
5365:             1             16  com.starrocks.sql.optimizer.rule.tree.PruneShuffleColumnRule$PruneShuffleColumnVisitor$$Lambda$1192/0x0000000840c15c40
5366:             1             16  com.starrocks.sql.optimizer.rule.tree.PruneShuffleColumnRule$PruneShuffleColumnVisitor$$Lambda$1193/0x0000000840c16040
5367:             1             16  com.starrocks.sql.optimizer.rule.tree.PruneShuffleColumnRule$PruneShuffleColumnVisitor$$Lambda$1194/0x0000000840c16440
5368:             1             16  com.starrocks.sql.optimizer.rule.tree.PruneShuffleColumnRule$PruneShuffleColumnVisitor$$Lambda$1197/0x0000000840c17040
5369:             1             16  com.starrocks.sql.optimizer.rule.tree.PruneSubfieldsForComplexType$MarkSubfieldsOptVisitor
5370:             1             16  com.starrocks.sql.optimizer.rule.tree.PruneSubfieldsForComplexType$PruneSubfieldsOptVisitor
5371:             1             16  com.starrocks.sql.optimizer.rule.tree.ScalarOperatorsReuse$$Lambda$1201/0x0000000840c18440
5372:             1             16  com.starrocks.sql.optimizer.rule.tree.ScalarOperatorsReuse$$Lambda$1203/0x0000000840c18c40
5373:             1             16  com.starrocks.sql.optimizer.rule.tree.ScalarOperatorsReuse$$Lambda$1205/0x0000000840c19040
5374:             1             16  com.starrocks.sql.optimizer.rule.tree.ScalarOperatorsReuse$$Lambda$1207/0x0000000840c19840
5375:             1             16  com.starrocks.sql.optimizer.rule.tree.ScalarOperatorsReuse$$Lambda$1211/0x0000000840c1a840
5376:             1             16  com.starrocks.sql.optimizer.rule.tree.ScalarOperatorsReuse$$Lambda$1214/0x0000000840c1b440
5377:             1             16  com.starrocks.sql.optimizer.rule.tree.ScalarOperatorsReuse$$Lambda$1216/0x0000000840c1b840
5378:             1             16  com.starrocks.sql.optimizer.rule.tree.ScalarOperatorsReuse$$Lambda$1221/0x0000000840c1d040
5379:             1             16  com.starrocks.sql.optimizer.rule.tree.ScalarOperatorsReuse$$Lambda$538/0x00000008408f2c40
5380:             1             16  com.starrocks.sql.optimizer.rule.tree.ScalarOperatorsReuse$$Lambda$539/0x00000008408f2040
5381:             1             16  com.starrocks.sql.optimizer.rule.tree.ScalarOperatorsReuse$$Lambda$540/0x00000008408f2440
5382:             1             16  com.starrocks.sql.optimizer.rule.tree.ScalarOperatorsReuse$CommonSubScalarOperatorCollector$$Lambda$1041/0x0000000840bcd040
5383:             1             16  com.starrocks.sql.optimizer.rule.tree.ScalarOperatorsReuse$CommonSubScalarOperatorCollector$$Lambda$1042/0x0000000840bcd440
5384:             1             16  com.starrocks.sql.optimizer.rule.tree.ScalarOperatorsReuseRule$ReuseVisitor
5385:             1             16  com.starrocks.sql.optimizer.rule.tree.pdagg.PushDownDistinctAggregateRewriter$$Lambda$1147/0x0000000840c01840
5386:             1             16  com.starrocks.sql.optimizer.rule.tree.pdagg.PushDownDistinctAggregateRewriter$PreVisitor$$Lambda$1134/0x0000000840bfe440
5387:             1             16  com.starrocks.sql.optimizer.rule.tree.pdagg.PushDownDistinctAggregateRewriter$PreVisitor$$Lambda$1135/0x0000000840bfe840
5388:             1             16  com.starrocks.sql.optimizer.rule.tree.pdagg.PushDownDistinctAggregateRewriter$PreVisitor$$Lambda$1138/0x0000000840bff440
5389:             1             16  com.starrocks.sql.optimizer.rule.tree.pdagg.PushDownDistinctAggregateRewriter$PreVisitor$$Lambda$1142/0x0000000840c00440
5390:             1             16  com.starrocks.sql.optimizer.rule.tree.pdagg.PushDownDistinctAggregateRewriter$PreVisitor$$Lambda$1143/0x0000000840c00840
5391:             1             16  com.starrocks.sql.optimizer.rule.tree.pdagg.PushDownDistinctAggregateRewriter$PreVisitor$$Lambda$1145/0x0000000840c01040
5392:             1             16  com.starrocks.sql.optimizer.statistics.BinaryPredicateStatisticCalculator$$Lambda$1053/0x0000000840bd8040
5393:             1             16  com.starrocks.sql.optimizer.statistics.BinaryPredicateStatisticCalculator$$Lambda$1054/0x0000000840bd8440
5394:             1             16  com.starrocks.sql.optimizer.statistics.CacheDictManager$1
5395:             1             16  com.starrocks.sql.optimizer.statistics.ColumnBasicStatsCacheLoader
5396:             1             16  com.starrocks.sql.optimizer.statistics.ColumnHistogramStatsCacheLoader
5397:             1             16  com.starrocks.sql.optimizer.statistics.ExpressionStatisticCalculator$ExpressionStatisticVisitor$$Lambda$1038/0x0000000840bce440
5398:             1             16  com.starrocks.sql.optimizer.statistics.ExpressionStatisticCalculator$ExpressionStatisticVisitor$$Lambda$1039/0x0000000840bcd840
5399:             1             16  com.starrocks.sql.optimizer.statistics.ExpressionStatisticCalculator$ExpressionStatisticVisitor$$Lambda$1152/0x0000000840c02c40
5400:             1             16  com.starrocks.sql.optimizer.statistics.ExpressionStatisticCalculator$ExpressionStatisticVisitor$$Lambda$1182/0x0000000840c13440
5401:             1             16  com.starrocks.sql.optimizer.statistics.StatisticsCalcUtils$$Lambda$968/0x0000000840ba7840
5402:             1             16  com.starrocks.sql.optimizer.statistics.StatisticsCalculator$$Lambda$1144/0x0000000840c00c40
5403:             1             16  com.starrocks.sql.optimizer.statistics.StatisticsCalculator$$Lambda$1146/0x0000000840c01440
5404:             1             16  com.starrocks.sql.optimizer.statistics.StatisticsCalculator$$Lambda$1148/0x0000000840c01c40
5405:             1             16  com.starrocks.sql.optimizer.statistics.StatisticsCalculator$$Lambda$1150/0x0000000840c02440
5406:             1             16  com.starrocks.sql.optimizer.statistics.StatisticsCalculator$$Lambda$1180/0x0000000840c11c40
5407:             1             16  com.starrocks.sql.optimizer.statistics.StatisticsCalculator$$Lambda$526/0x00000008408f5840
5408:             1             16  com.starrocks.sql.optimizer.statistics.StatisticsCalculator$$Lambda$527/0x00000008408f5c40
5409:             1             16  com.starrocks.sql.optimizer.statistics.StatisticsCalculator$$Lambda$971/0x0000000840bb0840
5410:             1             16  com.starrocks.sql.optimizer.statistics.StatisticsEstimateUtils$$Lambda$1057/0x0000000840bda040
5411:             1             16  com.starrocks.sql.optimizer.statistics.TableStatsCacheLoader
5412:             1             16  com.starrocks.sql.optimizer.task.EnforceAndCostTask$$Lambda$1185/0x0000000840c14040
5413:             1             16  com.starrocks.sql.optimizer.task.EnforceAndCostTask$$Lambda$1186/0x0000000840c14440
5414:             1             16  com.starrocks.sql.optimizer.task.EnforceAndCostTask$$Lambda$528/0x00000008408f5040
5415:             1             16  com.starrocks.sql.optimizer.task.OptimizeExpressionTask$$Lambda$523/0x00000008408f6c40
5416:             1             16  com.starrocks.sql.optimizer.task.RewriteTreeTask$$Lambda$515/0x00000008408f0440
5417:             1             16  com.starrocks.sql.optimizer.transformer.OptExprBuilder$$Lambda$509/0x000000084089a840
5418:             1             16  com.starrocks.sql.optimizer.transformer.QueryTransformer$$Lambda$1088/0x0000000840bf2040
5419:             1             16  com.starrocks.sql.optimizer.transformer.QueryTransformer$$Lambda$1089/0x0000000840bf2440
5420:             1             16  com.starrocks.sql.optimizer.transformer.QueryTransformer$$Lambda$1090/0x0000000840bf2840
5421:             1             16  com.starrocks.sql.optimizer.transformer.QueryTransformer$$Lambda$1091/0x0000000840bf2c40
5422:             1             16  com.starrocks.sql.optimizer.transformer.QueryTransformer$$Lambda$1093/0x0000000840bf3440
5423:             1             16  com.starrocks.sql.optimizer.validate.CTEUniqueChecker
5424:             1             16  com.starrocks.sql.optimizer.validate.ColumnReuseChecker
5425:             1             16  com.starrocks.sql.optimizer.validate.ColumnReuseChecker$Visitor$$Lambda$549/0x0000000840916840
5426:             1             16  com.starrocks.sql.optimizer.validate.InputDependenciesChecker
5427:             1             16  com.starrocks.sql.optimizer.validate.MVRewriteValidator
5428:             1             16  com.starrocks.sql.optimizer.validate.MVRewriteValidator$$Lambda$550/0x0000000840916c40
5429:             1             16  com.starrocks.sql.optimizer.validate.MVRewriteValidator$$Lambda$552/0x0000000840916440
5430:             1             16  com.starrocks.sql.optimizer.validate.MVRewriteValidator$$Lambda$553/0x0000000840915840
5431:             1             16  com.starrocks.sql.optimizer.validate.PlanValidator
5432:             1             16  com.starrocks.sql.optimizer.validate.TypeChecker
5433:             1             16  com.starrocks.sql.optimizer.validate.TypeChecker$Visitor$$Lambda$1225/0x0000000840c1e040
5434:             1             16  com.starrocks.sql.parser.AstBuilder$$Lambda$1334/0x0000000840bfa840
5435:             1             16  com.starrocks.sql.parser.AstBuilder$$Lambda$854/0x0000000840b0b440
5436:             1             16  com.starrocks.sql.parser.AstBuilder$$Lambda$855/0x0000000840b0a840
5437:             1             16  com.starrocks.sql.parser.AstBuilder$$Lambda$856/0x0000000840b0ac40
5438:             1             16  com.starrocks.sql.parser.PostProcessListener$$Lambda$1036/0x0000000840bce840
5439:             1             16  com.starrocks.sql.parser.SyntaxSugars$$Lambda$880/0x0000000840b35840
5440:             1             16  com.starrocks.sql.parser.SyntaxSugars$$Lambda$881/0x0000000840b35c40
5441:             1             16  com.starrocks.sql.parser.SyntaxSugars$$Lambda$882/0x0000000840b35040
5442:             1             16  com.starrocks.sql.plan.PlanFragmentBuilder$PhysicalPlanTranslator$$Lambda$1229/0x0000000840c1f440
5443:             1             16  com.starrocks.sql.plan.PlanFragmentBuilder$PhysicalPlanTranslator$$Lambda$1271/0x0000000840c29840
5444:             1             16  com.starrocks.sql.plan.PlanFragmentBuilder$PhysicalPlanTranslator$$Lambda$1276/0x0000000840c2ac40
5445:             1             16  com.starrocks.sql.plan.PlanFragmentBuilder$PhysicalPlanTranslator$$Lambda$1277/0x0000000840c2b040
5446:             1             16  com.starrocks.sql.plan.PlanFragmentBuilder$PhysicalPlanTranslator$$Lambda$1279/0x0000000840c2b840
5447:             1             16  com.starrocks.sql.plan.PlanFragmentBuilder$PhysicalPlanTranslator$$Lambda$1280/0x0000000840c2bc40
5448:             1             16  com.starrocks.sql.plan.PlanFragmentBuilder$PhysicalPlanTranslator$$Lambda$978/0x0000000840bb2440
5449:             1             16  com.starrocks.sql.plan.PlanFragmentBuilder$PhysicalPlanTranslator$$Lambda$980/0x0000000840bb2c40
5450:             1             16  com.starrocks.sql.plan.PlanFragmentBuilder$PhysicalPlanTranslator$$Lambda$981/0x0000000840bb3040
5451:             1             16  com.starrocks.sql.plan.PlanFragmentBuilder$PhysicalPlanTranslator$$Lambda$982/0x0000000840bb3440
5452:             1             16  com.starrocks.sql.plan.ScalarOperatorToExpr$$Lambda$554/0x0000000840915c40
5453:             1             16  com.starrocks.staros.StarMgrServer$$Lambda$247/0x000000084037a840
5454:             1             16  com.starrocks.staros.StarMgrServer$1
5455:             1             16  com.starrocks.storagevolume.StorageVolume$$Lambda$847/0x0000000840b0d440
5456:             1             16  com.starrocks.storagevolume.StorageVolume$$Lambda$848/0x0000000840b0c840
5457:             1             16  com.starrocks.storagevolume.StorageVolume$$Lambda$849/0x0000000840b0cc40
5458:             1             16  com.starrocks.storagevolume.StorageVolume$$Lambda$850/0x0000000840b0c040
5459:             1             16  com.starrocks.system.BackendCoreStat$$Lambda$561/0x0000000840913040
5460:             1             16  com.starrocks.system.ComputeNode$$Lambda$452/0x000000084070a840
5461:             1             16  com.starrocks.system.ComputeNode$$Lambda$453/0x000000084070ac40
5462:             1             16  com.starrocks.system.SystemInfoService$$Lambda$935/0x0000000840b63040
5463:             1             16  com.starrocks.system.SystemInfoService$$Lambda$936/0x0000000840b63440
5464:             1             16  com.starrocks.task.AgentBatchTask$$Lambda$839/0x0000000840b0a440
5465:             1             16  com.starrocks.task.PriorityLeaderTaskExecutor$TaskChecker
5466:             1             16  com.starrocks.thrift.BackendService$submit_routine_load_task_args$submit_routine_load_task_argsStandardSchemeFactory
5467:             1             16  com.starrocks.thrift.BackendService$submit_routine_load_task_args$submit_routine_load_task_argsTupleSchemeFactory
5468:             1             16  com.starrocks.thrift.BackendService$submit_routine_load_task_result$submit_routine_load_task_resultStandardSchemeFactory
5469:             1             16  com.starrocks.thrift.BackendService$submit_routine_load_task_result$submit_routine_load_task_resultTupleSchemeFactory
5470:             1             16  com.starrocks.thrift.BackendService$submit_tasks_args$submit_tasks_argsStandardSchemeFactory
5471:             1             16  com.starrocks.thrift.BackendService$submit_tasks_args$submit_tasks_argsTupleSchemeFactory
5472:             1             16  com.starrocks.thrift.BackendService$submit_tasks_result$submit_tasks_resultStandardSchemeFactory
5473:             1             16  com.starrocks.thrift.BackendService$submit_tasks_result$submit_tasks_resultTupleSchemeFactory
5474:             1             16  com.starrocks.thrift.FrontendService$Processor$abortRemoteTxn
5475:             1             16  com.starrocks.thrift.FrontendService$Processor$allocAutoIncrementId
5476:             1             16  com.starrocks.thrift.FrontendService$Processor$batchReportExecStatus
5477:             1             16  com.starrocks.thrift.FrontendService$Processor$beginRemoteTxn
5478:             1             16  com.starrocks.thrift.FrontendService$Processor$commitRemoteTxn
5479:             1             16  com.starrocks.thrift.FrontendService$Processor$createPartition
5480:             1             16  com.starrocks.thrift.FrontendService$Processor$describeTable
5481:             1             16  com.starrocks.thrift.FrontendService$Processor$fetchResource
5482:             1             16  com.starrocks.thrift.FrontendService$Processor$finishSlotRequirement
5483:             1             16  com.starrocks.thrift.FrontendService$Processor$finishTask
5484:             1             16  com.starrocks.thrift.FrontendService$Processor$forward
5485:             1             16  com.starrocks.thrift.FrontendService$Processor$getDBPrivs
5486:             1             16  com.starrocks.thrift.FrontendService$Processor$getDbNames
5487:             1             16  com.starrocks.thrift.FrontendService$Processor$getDictQueryParam
5488:             1             16  com.starrocks.thrift.FrontendService$Processor$getGrantsTo
5489:             1             16  com.starrocks.thrift.FrontendService$Processor$getLoadTxnStatus
5490:             1             16  com.starrocks.thrift.FrontendService$Processor$getLoads
5491:             1             16  com.starrocks.thrift.FrontendService$Processor$getPartitionsMeta
5492:             1             16  com.starrocks.thrift.FrontendService$Processor$getQueryProfile
5493:             1             16  com.starrocks.thrift.FrontendService$Processor$getRoleEdges
5494:             1             16  com.starrocks.thrift.FrontendService$Processor$getRoutineLoadJobs
5495:             1             16  com.starrocks.thrift.FrontendService$Processor$getStreamLoads
5496:             1             16  com.starrocks.thrift.FrontendService$Processor$getTableMeta
5497:             1             16  com.starrocks.thrift.FrontendService$Processor$getTableNames
5498:             1             16  com.starrocks.thrift.FrontendService$Processor$getTablePrivs
5499:             1             16  com.starrocks.thrift.FrontendService$Processor$getTablesConfig
5500:             1             16  com.starrocks.thrift.FrontendService$Processor$getTablesInfo
5501:             1             16  com.starrocks.thrift.FrontendService$Processor$getTabletSchedule
5502:             1             16  com.starrocks.thrift.FrontendService$Processor$getTaskRuns
5503:             1             16  com.starrocks.thrift.FrontendService$Processor$getTasks
5504:             1             16  com.starrocks.thrift.FrontendService$Processor$getTrackingLoads
5505:             1             16  com.starrocks.thrift.FrontendService$Processor$getUserPrivs
5506:             1             16  com.starrocks.thrift.FrontendService$Processor$getWarehouses
5507:             1             16  com.starrocks.thrift.FrontendService$Processor$isMethodSupported
5508:             1             16  com.starrocks.thrift.FrontendService$Processor$listFeLocks
5509:             1             16  com.starrocks.thrift.FrontendService$Processor$listFeMemoryUsage
5510:             1             16  com.starrocks.thrift.FrontendService$Processor$listMaterializedViewStatus
5511:             1             16  com.starrocks.thrift.FrontendService$Processor$listObjectDependencies
5512:             1             16  com.starrocks.thrift.FrontendService$Processor$listPipeFiles
5513:             1             16  com.starrocks.thrift.FrontendService$Processor$listPipes
5514:             1             16  com.starrocks.thrift.FrontendService$Processor$listTableStatus
5515:             1             16  com.starrocks.thrift.FrontendService$Processor$loadTxnBegin
5516:             1             16  com.starrocks.thrift.FrontendService$Processor$loadTxnCommit
5517:             1             16  com.starrocks.thrift.FrontendService$Processor$loadTxnPrepare
5518:             1             16  com.starrocks.thrift.FrontendService$Processor$loadTxnRollback
5519:             1             16  com.starrocks.thrift.FrontendService$Processor$mvReport
5520:             1             16  com.starrocks.thrift.FrontendService$Processor$refreshTable
5521:             1             16  com.starrocks.thrift.FrontendService$Processor$releaseSlot
5522:             1             16  com.starrocks.thrift.FrontendService$Processor$report
5523:             1             16  com.starrocks.thrift.FrontendService$Processor$reportAuditStatistics
5524:             1             16  com.starrocks.thrift.FrontendService$Processor$reportExecStatus
5525:             1             16  com.starrocks.thrift.FrontendService$Processor$requireSlotAsync
5526:             1             16  com.starrocks.thrift.FrontendService$Processor$setConfig
5527:             1             16  com.starrocks.thrift.FrontendService$Processor$showVariables
5528:             1             16  com.starrocks.thrift.FrontendService$Processor$snapshotLoaderReport
5529:             1             16  com.starrocks.thrift.FrontendService$Processor$startTableReplication
5530:             1             16  com.starrocks.thrift.FrontendService$Processor$streamLoadPut
5531:             1             16  com.starrocks.thrift.FrontendService$Processor$updateExportTaskStatus
5532:             1             16  com.starrocks.thrift.FrontendService$Processor$updateImmutablePartition
5533:             1             16  com.starrocks.thrift.FrontendService$Processor$updateResourceUsage
5534:             1             16  com.starrocks.thrift.FrontendService$finishTask_args$finishTask_argsStandardSchemeFactory
5535:             1             16  com.starrocks.thrift.FrontendService$finishTask_args$finishTask_argsTupleSchemeFactory
5536:             1             16  com.starrocks.thrift.FrontendService$finishTask_result$finishTask_resultStandardSchemeFactory
5537:             1             16  com.starrocks.thrift.FrontendService$finishTask_result$finishTask_resultTupleSchemeFactory
5538:             1             16  com.starrocks.thrift.FrontendService$getPartitionsMeta_args$getPartitionsMeta_argsStandardSchemeFactory
5539:             1             16  com.starrocks.thrift.FrontendService$getPartitionsMeta_args$getPartitionsMeta_argsTupleSchemeFactory
5540:             1             16  com.starrocks.thrift.FrontendService$getPartitionsMeta_result$getPartitionsMeta_resultStandardSchemeFactory
5541:             1             16  com.starrocks.thrift.FrontendService$getPartitionsMeta_result$getPartitionsMeta_resultTupleSchemeFactory
5542:             1             16  com.starrocks.thrift.FrontendService$getTablesConfig_args$getTablesConfig_argsStandardSchemeFactory
5543:             1             16  com.starrocks.thrift.FrontendService$getTablesConfig_args$getTablesConfig_argsTupleSchemeFactory
5544:             1             16  com.starrocks.thrift.FrontendService$getTablesConfig_result$getTablesConfig_resultStandardSchemeFactory
5545:             1             16  com.starrocks.thrift.FrontendService$getTablesConfig_result$getTablesConfig_resultTupleSchemeFactory
5546:             1             16  com.starrocks.thrift.FrontendService$getTaskRuns_args$getTaskRuns_argsStandardSchemeFactory
5547:             1             16  com.starrocks.thrift.FrontendService$getTaskRuns_args$getTaskRuns_argsTupleSchemeFactory
5548:             1             16  com.starrocks.thrift.FrontendService$getTaskRuns_result$getTaskRuns_resultStandardSchemeFactory
5549:             1             16  com.starrocks.thrift.FrontendService$getTaskRuns_result$getTaskRuns_resultTupleSchemeFactory
5550:             1             16  com.starrocks.thrift.FrontendService$getTasks_args$getTasks_argsStandardSchemeFactory
5551:             1             16  com.starrocks.thrift.FrontendService$getTasks_args$getTasks_argsTupleSchemeFactory
5552:             1             16  com.starrocks.thrift.FrontendService$getTasks_result$getTasks_resultStandardSchemeFactory
5553:             1             16  com.starrocks.thrift.FrontendService$getTasks_result$getTasks_resultTupleSchemeFactory
5554:             1             16  com.starrocks.thrift.FrontendService$listFeMemoryUsage_args$listFeMemoryUsage_argsStandardSchemeFactory
5555:             1             16  com.starrocks.thrift.FrontendService$listFeMemoryUsage_args$listFeMemoryUsage_argsTupleSchemeFactory
5556:             1             16  com.starrocks.thrift.FrontendService$listFeMemoryUsage_result$listFeMemoryUsage_resultStandardSchemeFactory
5557:             1             16  com.starrocks.thrift.FrontendService$listFeMemoryUsage_result$listFeMemoryUsage_resultTupleSchemeFactory
5558:             1             16  com.starrocks.thrift.FrontendService$loadTxnCommit_args$loadTxnCommit_argsStandardSchemeFactory
5559:             1             16  com.starrocks.thrift.FrontendService$loadTxnCommit_args$loadTxnCommit_argsTupleSchemeFactory
5560:             1             16  com.starrocks.thrift.FrontendService$loadTxnCommit_result$loadTxnCommit_resultStandardSchemeFactory
5561:             1             16  com.starrocks.thrift.FrontendService$loadTxnCommit_result$loadTxnCommit_resultTupleSchemeFactory
5562:             1             16  com.starrocks.thrift.FrontendService$reportExecStatus_args$reportExecStatus_argsStandardSchemeFactory
5563:             1             16  com.starrocks.thrift.FrontendService$reportExecStatus_args$reportExecStatus_argsTupleSchemeFactory
5564:             1             16  com.starrocks.thrift.FrontendService$reportExecStatus_result$reportExecStatus_resultStandardSchemeFactory
5565:             1             16  com.starrocks.thrift.FrontendService$reportExecStatus_result$reportExecStatus_resultTupleSchemeFactory
5566:             1             16  com.starrocks.thrift.FrontendService$report_args$report_argsStandardSchemeFactory
5567:             1             16  com.starrocks.thrift.FrontendService$report_args$report_argsTupleSchemeFactory
5568:             1             16  com.starrocks.thrift.FrontendService$report_result$report_resultStandardSchemeFactory
5569:             1             16  com.starrocks.thrift.FrontendService$report_result$report_resultTupleSchemeFactory
5570:             1             16  com.starrocks.thrift.HeartbeatService$heartbeat_args$heartbeat_argsStandardSchemeFactory
5571:             1             16  com.starrocks.thrift.HeartbeatService$heartbeat_args$heartbeat_argsTupleSchemeFactory
5572:             1             16  com.starrocks.thrift.HeartbeatService$heartbeat_result$heartbeat_resultStandardSchemeFactory
5573:             1             16  com.starrocks.thrift.HeartbeatService$heartbeat_result$heartbeat_resultTupleSchemeFactory
5574:             1             16  com.starrocks.thrift.TAgentResult$TAgentResultStandardSchemeFactory
5575:             1             16  com.starrocks.thrift.TAgentResult$TAgentResultTupleSchemeFactory
5576:             1             16  com.starrocks.thrift.TAgentTaskRequest$TAgentTaskRequestStandardSchemeFactory
5577:             1             16  com.starrocks.thrift.TAgentTaskRequest$TAgentTaskRequestTupleSchemeFactory
5578:             1             16  com.starrocks.thrift.TAggregateExpr$TAggregateExprStandardSchemeFactory
5579:             1             16  com.starrocks.thrift.TAggregateExpr$TAggregateExprTupleSchemeFactory
5580:             1             16  com.starrocks.thrift.TAggregateFunction$TAggregateFunctionStandardSchemeFactory
5581:             1             16  com.starrocks.thrift.TAggregateFunction$TAggregateFunctionTupleSchemeFactory
5582:             1             16  com.starrocks.thrift.TAggregationNode$TAggregationNodeStandardSchemeFactory
5583:             1             16  com.starrocks.thrift.TAggregationNode$TAggregationNodeTupleSchemeFactory
5584:             1             16  com.starrocks.thrift.TAuthInfo$TAuthInfoStandardSchemeFactory
5585:             1             16  com.starrocks.thrift.TAuthInfo$TAuthInfoTupleSchemeFactory
5586:             1             16  com.starrocks.thrift.TBackend$TBackendStandardSchemeFactory
5587:             1             16  com.starrocks.thrift.TBackend$TBackendTupleSchemeFactory
5588:             1             16  com.starrocks.thrift.TBackendInfo$TBackendInfoStandardSchemeFactory
5589:             1             16  com.starrocks.thrift.TBackendInfo$TBackendInfoTupleSchemeFactory
5590:             1             16  com.starrocks.thrift.TBrokerRangeDesc$TBrokerRangeDescStandardSchemeFactory
5591:             1             16  com.starrocks.thrift.TBrokerRangeDesc$TBrokerRangeDescTupleSchemeFactory
5592:             1             16  com.starrocks.thrift.TBrokerScanRange$TBrokerScanRangeStandardSchemeFactory
5593:             1             16  com.starrocks.thrift.TBrokerScanRange$TBrokerScanRangeTupleSchemeFactory
5594:             1             16  com.starrocks.thrift.TBrokerScanRangeParams$TBrokerScanRangeParamsStandardSchemeFactory
5595:             1             16  com.starrocks.thrift.TBrokerScanRangeParams$TBrokerScanRangeParamsTupleSchemeFactory
5596:             1             16  com.starrocks.thrift.TCaseExpr$TCaseExprStandardSchemeFactory
5597:             1             16  com.starrocks.thrift.TCaseExpr$TCaseExprTupleSchemeFactory
5598:             1             16  com.starrocks.thrift.TColumn$TColumnStandardSchemeFactory
5599:             1             16  com.starrocks.thrift.TColumn$TColumnTupleSchemeFactory
5600:             1             16  com.starrocks.thrift.TCounterStrategy$TCounterStrategyStandardSchemeFactory
5601:             1             16  com.starrocks.thrift.TCounterStrategy$TCounterStrategyTupleSchemeFactory
5602:             1             16  com.starrocks.thrift.TCreateTabletReq$TCreateTabletReqStandardSchemeFactory
5603:             1             16  com.starrocks.thrift.TCreateTabletReq$TCreateTabletReqTupleSchemeFactory
5604:             1             16  com.starrocks.thrift.TDataPartition$TDataPartitionStandardSchemeFactory
5605:             1             16  com.starrocks.thrift.TDataPartition$TDataPartitionTupleSchemeFactory
5606:             1             16  com.starrocks.thrift.TDataSink$TDataSinkStandardSchemeFactory
5607:             1             16  com.starrocks.thrift.TDataSink$TDataSinkTupleSchemeFactory
5608:             1             16  com.starrocks.thrift.TDataStreamSink$TDataStreamSinkStandardSchemeFactory
5609:             1             16  com.starrocks.thrift.TDataStreamSink$TDataStreamSinkTupleSchemeFactory
5610:             1             16  com.starrocks.thrift.TDescriptorTable$TDescriptorTableStandardSchemeFactory
5611:             1             16  com.starrocks.thrift.TDescriptorTable$TDescriptorTableTupleSchemeFactory
5612:             1             16  com.starrocks.thrift.TEqJoinCondition$TEqJoinConditionStandardSchemeFactory
5613:             1             16  com.starrocks.thrift.TEqJoinCondition$TEqJoinConditionTupleSchemeFactory
5614:             1             16  com.starrocks.thrift.TExchangeNode$TExchangeNodeStandardSchemeFactory
5615:             1             16  com.starrocks.thrift.TExchangeNode$TExchangeNodeTupleSchemeFactory
5616:             1             16  com.starrocks.thrift.TExecPlanFragmentParams$TExecPlanFragmentParamsStandardSchemeFactory
5617:             1             16  com.starrocks.thrift.TExecPlanFragmentParams$TExecPlanFragmentParamsTupleSchemeFactory
5618:             1             16  com.starrocks.thrift.TExpr$TExprStandardSchemeFactory
5619:             1             16  com.starrocks.thrift.TExpr$TExprTupleSchemeFactory
5620:             1             16  com.starrocks.thrift.TExprNode$TExprNodeStandardSchemeFactory
5621:             1             16  com.starrocks.thrift.TExprNode$TExprNodeTupleSchemeFactory
5622:             1             16  com.starrocks.thrift.TFeMemoryItem$TFeMemoryItemStandardSchemeFactory
5623:             1             16  com.starrocks.thrift.TFeMemoryItem$TFeMemoryItemTupleSchemeFactory
5624:             1             16  com.starrocks.thrift.TFeMemoryReq$TFeMemoryReqStandardSchemeFactory
5625:             1             16  com.starrocks.thrift.TFeMemoryReq$TFeMemoryReqTupleSchemeFactory
5626:             1             16  com.starrocks.thrift.TFeMemoryRes$TFeMemoryResStandardSchemeFactory
5627:             1             16  com.starrocks.thrift.TFeMemoryRes$TFeMemoryResTupleSchemeFactory
5628:             1             16  com.starrocks.thrift.TFileScanNode$TFileScanNodeStandardSchemeFactory
5629:             1             16  com.starrocks.thrift.TFileScanNode$TFileScanNodeTupleSchemeFactory
5630:             1             16  com.starrocks.thrift.TFinishTaskRequest$TFinishTaskRequestStandardSchemeFactory
5631:             1             16  com.starrocks.thrift.TFinishTaskRequest$TFinishTaskRequestTupleSchemeFactory
5632:             1             16  com.starrocks.thrift.TFrontend$TFrontendStandardSchemeFactory
5633:             1             16  com.starrocks.thrift.TFrontend$TFrontendTupleSchemeFactory
5634:             1             16  com.starrocks.thrift.TFunction$TFunctionStandardSchemeFactory
5635:             1             16  com.starrocks.thrift.TFunction$TFunctionTupleSchemeFactory
5636:             1             16  com.starrocks.thrift.TFunctionName$TFunctionNameStandardSchemeFactory
5637:             1             16  com.starrocks.thrift.TFunctionName$TFunctionNameTupleSchemeFactory
5638:             1             16  com.starrocks.thrift.TGetPartitionsMetaRequest$TGetPartitionsMetaRequestStandardSchemeFactory
5639:             1             16  com.starrocks.thrift.TGetPartitionsMetaRequest$TGetPartitionsMetaRequestTupleSchemeFactory
5640:             1             16  com.starrocks.thrift.TGetPartitionsMetaResponse$TGetPartitionsMetaResponseStandardSchemeFactory
5641:             1             16  com.starrocks.thrift.TGetPartitionsMetaResponse$TGetPartitionsMetaResponseTupleSchemeFactory
5642:             1             16  com.starrocks.thrift.TGetTablesConfigRequest$TGetTablesConfigRequestStandardSchemeFactory
5643:             1             16  com.starrocks.thrift.TGetTablesConfigRequest$TGetTablesConfigRequestTupleSchemeFactory
5644:             1             16  com.starrocks.thrift.TGetTablesConfigResponse$TGetTablesConfigResponseStandardSchemeFactory
5645:             1             16  com.starrocks.thrift.TGetTablesConfigResponse$TGetTablesConfigResponseTupleSchemeFactory
5646:             1             16  com.starrocks.thrift.TGetTaskInfoResult$TGetTaskInfoResultStandardSchemeFactory
5647:             1             16  com.starrocks.thrift.TGetTaskInfoResult$TGetTaskInfoResultTupleSchemeFactory
5648:             1             16  com.starrocks.thrift.TGetTaskRunInfoResult$TGetTaskRunInfoResultStandardSchemeFactory
5649:             1             16  com.starrocks.thrift.TGetTaskRunInfoResult$TGetTaskRunInfoResultTupleSchemeFactory
5650:             1             16  com.starrocks.thrift.TGetTasksParams$TGetTasksParamsStandardSchemeFactory
5651:             1             16  com.starrocks.thrift.TGetTasksParams$TGetTasksParamsTupleSchemeFactory
5652:             1             16  com.starrocks.thrift.THashJoinNode$THashJoinNodeStandardSchemeFactory
5653:             1             16  com.starrocks.thrift.THashJoinNode$THashJoinNodeTupleSchemeFactory
5654:             1             16  com.starrocks.thrift.THeartbeatResult$THeartbeatResultStandardSchemeFactory
5655:             1             16  com.starrocks.thrift.THeartbeatResult$THeartbeatResultTupleSchemeFactory
5656:             1             16  com.starrocks.thrift.TInfoFunc$TInfoFuncStandardSchemeFactory
5657:             1             16  com.starrocks.thrift.TInfoFunc$TInfoFuncTupleSchemeFactory
5658:             1             16  com.starrocks.thrift.TIntLiteral$TIntLiteralStandardSchemeFactory
5659:             1             16  com.starrocks.thrift.TIntLiteral$TIntLiteralTupleSchemeFactory
5660:             1             16  com.starrocks.thrift.TInternalScanRange$TInternalScanRangeStandardSchemeFactory
5661:             1             16  com.starrocks.thrift.TInternalScanRange$TInternalScanRangeTupleSchemeFactory
5662:             1             16  com.starrocks.thrift.TKafkaLoadInfo$TKafkaLoadInfoStandardSchemeFactory
5663:             1             16  com.starrocks.thrift.TKafkaLoadInfo$TKafkaLoadInfoTupleSchemeFactory
5664:             1             16  com.starrocks.thrift.TKafkaRLTaskProgress$TKafkaRLTaskProgressStandardSchemeFactory
5665:             1             16  com.starrocks.thrift.TKafkaRLTaskProgress$TKafkaRLTaskProgressTupleSchemeFactory
5666:             1             16  com.starrocks.thrift.TLakeScanNode$TLakeScanNodeStandardSchemeFactory
5667:             1             16  com.starrocks.thrift.TLakeScanNode$TLakeScanNodeTupleSchemeFactory
5668:             1             16  com.starrocks.thrift.TLoadTxnCommitRequest$TLoadTxnCommitRequestStandardSchemeFactory
5669:             1             16  com.starrocks.thrift.TLoadTxnCommitRequest$TLoadTxnCommitRequestTupleSchemeFactory
5670:             1             16  com.starrocks.thrift.TLoadTxnCommitResult$TLoadTxnCommitResultStandardSchemeFactory
5671:             1             16  com.starrocks.thrift.TLoadTxnCommitResult$TLoadTxnCommitResultTupleSchemeFactory
5672:             1             16  com.starrocks.thrift.TMasterInfo$TMasterInfoStandardSchemeFactory
5673:             1             16  com.starrocks.thrift.TMasterInfo$TMasterInfoTupleSchemeFactory
5674:             1             16  com.starrocks.thrift.TMasterResult$TMasterResultStandardSchemeFactory
5675:             1             16  com.starrocks.thrift.TMasterResult$TMasterResultTupleSchemeFactory
5676:             1             16  com.starrocks.thrift.TNetworkAddress$TNetworkAddressStandardSchemeFactory
5677:             1             16  com.starrocks.thrift.TNetworkAddress$TNetworkAddressTupleSchemeFactory
5678:             1             16  com.starrocks.thrift.TNodeInfo$TNodeInfoStandardSchemeFactory
5679:             1             16  com.starrocks.thrift.TNodeInfo$TNodeInfoTupleSchemeFactory
5680:             1             16  com.starrocks.thrift.TNodesInfo$TNodesInfoStandardSchemeFactory
5681:             1             16  com.starrocks.thrift.TNodesInfo$TNodesInfoTupleSchemeFactory
5682:             1             16  com.starrocks.thrift.TOlapTable$TOlapTableStandardSchemeFactory
5683:             1             16  com.starrocks.thrift.TOlapTable$TOlapTableTupleSchemeFactory
5684:             1             16  com.starrocks.thrift.TOlapTableColumnParam$TOlapTableColumnParamStandardSchemeFactory
5685:             1             16  com.starrocks.thrift.TOlapTableColumnParam$TOlapTableColumnParamTupleSchemeFactory
5686:             1             16  com.starrocks.thrift.TOlapTableIndexSchema$TOlapTableIndexSchemaStandardSchemeFactory
5687:             1             16  com.starrocks.thrift.TOlapTableIndexSchema$TOlapTableIndexSchemaTupleSchemeFactory
5688:             1             16  com.starrocks.thrift.TOlapTableIndexTablets$TOlapTableIndexTabletsStandardSchemeFactory
5689:             1             16  com.starrocks.thrift.TOlapTableIndexTablets$TOlapTableIndexTabletsTupleSchemeFactory
5690:             1             16  com.starrocks.thrift.TOlapTableLocationParam$TOlapTableLocationParamStandardSchemeFactory
5691:             1             16  com.starrocks.thrift.TOlapTableLocationParam$TOlapTableLocationParamTupleSchemeFactory
5692:             1             16  com.starrocks.thrift.TOlapTablePartition$TOlapTablePartitionStandardSchemeFactory
5693:             1             16  com.starrocks.thrift.TOlapTablePartition$TOlapTablePartitionTupleSchemeFactory
5694:             1             16  com.starrocks.thrift.TOlapTablePartitionParam$TOlapTablePartitionParamStandardSchemeFactory
5695:             1             16  com.starrocks.thrift.TOlapTablePartitionParam$TOlapTablePartitionParamTupleSchemeFactory
5696:             1             16  com.starrocks.thrift.TOlapTableSchemaParam$TOlapTableSchemaParamStandardSchemeFactory
5697:             1             16  com.starrocks.thrift.TOlapTableSchemaParam$TOlapTableSchemaParamTupleSchemeFactory
5698:             1             16  com.starrocks.thrift.TOlapTableSink$TOlapTableSinkStandardSchemeFactory
5699:             1             16  com.starrocks.thrift.TOlapTableSink$TOlapTableSinkTupleSchemeFactory
5700:             1             16  com.starrocks.thrift.TPartitionMetaInfo$TPartitionMetaInfoStandardSchemeFactory
5701:             1             16  com.starrocks.thrift.TPartitionMetaInfo$TPartitionMetaInfoTupleSchemeFactory
5702:             1             16  com.starrocks.thrift.TPlan$TPlanStandardSchemeFactory
5703:             1             16  com.starrocks.thrift.TPlan$TPlanTupleSchemeFactory
5704:             1             16  com.starrocks.thrift.TPlanFragment$TPlanFragmentStandardSchemeFactory
5705:             1             16  com.starrocks.thrift.TPlanFragment$TPlanFragmentTupleSchemeFactory
5706:             1             16  com.starrocks.thrift.TPlanFragmentDestination$TPlanFragmentDestinationStandardSchemeFactory
5707:             1             16  com.starrocks.thrift.TPlanFragmentDestination$TPlanFragmentDestinationTupleSchemeFactory
5708:             1             16  com.starrocks.thrift.TPlanFragmentExecParams$TPlanFragmentExecParamsStandardSchemeFactory
5709:             1             16  com.starrocks.thrift.TPlanFragmentExecParams$TPlanFragmentExecParamsTupleSchemeFactory
5710:             1             16  com.starrocks.thrift.TPlanNode$TPlanNodeStandardSchemeFactory
5711:             1             16  com.starrocks.thrift.TPlanNode$TPlanNodeTupleSchemeFactory
5712:             1             16  com.starrocks.thrift.TProjectNode$TProjectNodeStandardSchemeFactory
5713:             1             16  com.starrocks.thrift.TProjectNode$TProjectNodeTupleSchemeFactory
5714:             1             16  com.starrocks.thrift.TQueryGlobals$TQueryGlobalsStandardSchemeFactory
5715:             1             16  com.starrocks.thrift.TQueryGlobals$TQueryGlobalsTupleSchemeFactory
5716:             1             16  com.starrocks.thrift.TQueryOptions$TQueryOptionsStandardSchemeFactory
5717:             1             16  com.starrocks.thrift.TQueryOptions$TQueryOptionsTupleSchemeFactory
5718:             1             16  com.starrocks.thrift.TRLTaskTxnCommitAttachment$TRLTaskTxnCommitAttachmentStandardSchemeFactory
5719:             1             16  com.starrocks.thrift.TRLTaskTxnCommitAttachment$TRLTaskTxnCommitAttachmentTupleSchemeFactory
5720:             1             16  com.starrocks.thrift.TReportExecStatusParams$TReportExecStatusParamsStandardSchemeFactory
5721:             1             16  com.starrocks.thrift.TReportExecStatusParams$TReportExecStatusParamsTupleSchemeFactory
5722:             1             16  com.starrocks.thrift.TReportExecStatusResult$TReportExecStatusResultStandardSchemeFactory
5723:             1             16  com.starrocks.thrift.TReportExecStatusResult$TReportExecStatusResultTupleSchemeFactory
5724:             1             16  com.starrocks.thrift.TReportRequest$TReportRequestStandardSchemeFactory
5725:             1             16  com.starrocks.thrift.TReportRequest$TReportRequestTupleSchemeFactory
5726:             1             16  com.starrocks.thrift.TResourceGroupUsage$TResourceGroupUsageStandardSchemeFactory
5727:             1             16  com.starrocks.thrift.TResourceGroupUsage$TResourceGroupUsageTupleSchemeFactory
5728:             1             16  com.starrocks.thrift.TResourceUsage$TResourceUsageStandardSchemeFactory
5729:             1             16  com.starrocks.thrift.TResourceUsage$TResourceUsageTupleSchemeFactory
5730:             1             16  com.starrocks.thrift.TResultBatch$TResultBatchStandardSchemeFactory
5731:             1             16  com.starrocks.thrift.TResultBatch$TResultBatchTupleSchemeFactory
5732:             1             16  com.starrocks.thrift.TResultSink$TResultSinkStandardSchemeFactory
5733:             1             16  com.starrocks.thrift.TResultSink$TResultSinkTupleSchemeFactory
5734:             1             16  com.starrocks.thrift.TRoutineLoadTask$TRoutineLoadTaskStandardSchemeFactory
5735:             1             16  com.starrocks.thrift.TRoutineLoadTask$TRoutineLoadTaskTupleSchemeFactory
5736:             1             16  com.starrocks.thrift.TRuntimeFilterDescription$TRuntimeFilterDescriptionStandardSchemeFactory
5737:             1             16  com.starrocks.thrift.TRuntimeFilterDescription$TRuntimeFilterDescriptionTupleSchemeFactory
5738:             1             16  com.starrocks.thrift.TRuntimeFilterParams$TRuntimeFilterParamsStandardSchemeFactory
5739:             1             16  com.starrocks.thrift.TRuntimeFilterParams$TRuntimeFilterParamsTupleSchemeFactory
5740:             1             16  com.starrocks.thrift.TRuntimeFilterProberParams$TRuntimeFilterProberParamsStandardSchemeFactory
5741:             1             16  com.starrocks.thrift.TRuntimeFilterProberParams$TRuntimeFilterProberParamsTupleSchemeFactory
5742:             1             16  com.starrocks.thrift.TScalarFunction$TScalarFunctionStandardSchemeFactory
5743:             1             16  com.starrocks.thrift.TScalarFunction$TScalarFunctionTupleSchemeFactory
5744:             1             16  com.starrocks.thrift.TScalarType$TScalarTypeStandardSchemeFactory
5745:             1             16  com.starrocks.thrift.TScalarType$TScalarTypeTupleSchemeFactory
5746:             1             16  com.starrocks.thrift.TScanRange$TScanRangeStandardSchemeFactory
5747:             1             16  com.starrocks.thrift.TScanRange$TScanRangeTupleSchemeFactory
5748:             1             16  com.starrocks.thrift.TScanRangeLocation$TScanRangeLocationStandardSchemeFactory
5749:             1             16  com.starrocks.thrift.TScanRangeLocation$TScanRangeLocationTupleSchemeFactory
5750:             1             16  com.starrocks.thrift.TScanRangeLocations$TScanRangeLocationsStandardSchemeFactory
5751:             1             16  com.starrocks.thrift.TScanRangeLocations$TScanRangeLocationsTupleSchemeFactory
5752:             1             16  com.starrocks.thrift.TScanRangeParams$TScanRangeParamsStandardSchemeFactory
5753:             1             16  com.starrocks.thrift.TScanRangeParams$TScanRangeParamsTupleSchemeFactory
5754:             1             16  com.starrocks.thrift.TSchemaScanNode$TSchemaScanNodeStandardSchemeFactory
5755:             1             16  com.starrocks.thrift.TSchemaScanNode$TSchemaScanNodeTupleSchemeFactory
5756:             1             16  com.starrocks.thrift.TSchemaTable$TSchemaTableStandardSchemeFactory
5757:             1             16  com.starrocks.thrift.TSchemaTable$TSchemaTableTupleSchemeFactory
5758:             1             16  com.starrocks.thrift.TSlotDescriptor$TSlotDescriptorStandardSchemeFactory
5759:             1             16  com.starrocks.thrift.TSlotDescriptor$TSlotDescriptorTupleSchemeFactory
5760:             1             16  com.starrocks.thrift.TSlotRef$TSlotRefStandardSchemeFactory
5761:             1             16  com.starrocks.thrift.TSlotRef$TSlotRefTupleSchemeFactory
5762:             1             16  com.starrocks.thrift.TSortInfo$TSortInfoStandardSchemeFactory
5763:             1             16  com.starrocks.thrift.TSortInfo$TSortInfoTupleSchemeFactory
5764:             1             16  com.starrocks.thrift.TSortNode$TSortNodeStandardSchemeFactory
5765:             1             16  com.starrocks.thrift.TSortNode$TSortNodeTupleSchemeFactory
5766:             1             16  com.starrocks.thrift.TStatus$TStatusStandardSchemeFactory
5767:             1             16  com.starrocks.thrift.TStatus$TStatusTupleSchemeFactory
5768:             1             16  com.starrocks.thrift.TStringLiteral$TStringLiteralStandardSchemeFactory
5769:             1             16  com.starrocks.thrift.TStringLiteral$TStringLiteralTupleSchemeFactory
5770:             1             16  com.starrocks.thrift.TTableConfigInfo$TTableConfigInfoStandardSchemeFactory
5771:             1             16  com.starrocks.thrift.TTableConfigInfo$TTableConfigInfoTupleSchemeFactory
5772:             1             16  com.starrocks.thrift.TTableDescriptor$TTableDescriptorStandardSchemeFactory
5773:             1             16  com.starrocks.thrift.TTableDescriptor$TTableDescriptorTupleSchemeFactory
5774:             1             16  com.starrocks.thrift.TTabletCommitInfo$TTabletCommitInfoStandardSchemeFactory
5775:             1             16  com.starrocks.thrift.TTabletCommitInfo$TTabletCommitInfoTupleSchemeFactory
5776:             1             16  com.starrocks.thrift.TTabletLocation$TTabletLocationStandardSchemeFactory
5777:             1             16  com.starrocks.thrift.TTabletLocation$TTabletLocationTupleSchemeFactory
5778:             1             16  com.starrocks.thrift.TTabletSchema$TTabletSchemaStandardSchemeFactory
5779:             1             16  com.starrocks.thrift.TTabletSchema$TTabletSchemaTupleSchemeFactory
5780:             1             16  com.starrocks.thrift.TTupleDescriptor$TTupleDescriptorStandardSchemeFactory
5781:             1             16  com.starrocks.thrift.TTupleDescriptor$TTupleDescriptorTupleSchemeFactory
5782:             1             16  com.starrocks.thrift.TTxnCommitAttachment$TTxnCommitAttachmentStandardSchemeFactory
5783:             1             16  com.starrocks.thrift.TTxnCommitAttachment$TTxnCommitAttachmentTupleSchemeFactory
5784:             1             16  com.starrocks.thrift.TTypeDesc$TTypeDescStandardSchemeFactory
5785:             1             16  com.starrocks.thrift.TTypeDesc$TTypeDescTupleSchemeFactory
5786:             1             16  com.starrocks.thrift.TTypeNode$TTypeNodeStandardSchemeFactory
5787:             1             16  com.starrocks.thrift.TTypeNode$TTypeNodeTupleSchemeFactory
5788:             1             16  com.starrocks.thrift.TUnionNode$TUnionNodeStandardSchemeFactory
5789:             1             16  com.starrocks.thrift.TUnionNode$TUnionNodeTupleSchemeFactory
5790:             1             16  com.starrocks.thrift.TUniqueId$TUniqueIdStandardSchemeFactory
5791:             1             16  com.starrocks.thrift.TUniqueId$TUniqueIdTupleSchemeFactory
5792:             1             16  com.starrocks.thrift.TUserIdentity$TUserIdentityStandardSchemeFactory
5793:             1             16  com.starrocks.thrift.TUserIdentity$TUserIdentityTupleSchemeFactory
5794:             1             16  com.starrocks.thrift.TWorkGroup$TWorkGroupStandardSchemeFactory
5795:             1             16  com.starrocks.thrift.TWorkGroup$TWorkGroupTupleSchemeFactory
5796:             1             16  com.starrocks.transaction.DatabaseTransactionMgr$$Lambda$309/0x0000000840592c40
5797:             1             16  com.starrocks.transaction.DatabaseTransactionMgr$$Lambda$323/0x0000000840611440
5798:             1             16  com.starrocks.transaction.DatabaseTransactionMgr$$Lambda$324/0x0000000840611840
5799:             1             16  com.starrocks.transaction.DatabaseTransactionMgr$$Lambda$362/0x000000084062f840
5800:             1             16  com.starrocks.transaction.DatabaseTransactionMgr$$Lambda$363/0x000000084062fc40
5801:             1             16  com.starrocks.transaction.DatabaseTransactionMgr$$Lambda$931/0x0000000840b64040
5802:             1             16  com.starrocks.transaction.DatabaseTransactionMgr$$Lambda$942/0x0000000840b61c40
5803:             1             16  com.starrocks.transaction.GlobalTransactionMgr$$Lambda$238/0x000000084037c840
5804:             1             16  com.starrocks.transaction.LakeTableTxnStateListener$$Lambda$943/0x0000000840b61040
5805:             1             16  com.starrocks.transaction.PublishVersionDaemon$$Lambda$951/0x0000000840ba1840
5806:             1             16  com.starrocks.transaction.TransactionState$$Lambda$941/0x0000000840b61840
5807:             1             16  com.starrocks.transaction.TransactionState$TxnStateComparator
5808:             1             16  com.starrocks.transaction.TxnStateCallbackFactory
5809:             1             16  com.starrocks.warehouse.WarehouseProcDir
5810:             1             16  com.sun.jmx.interceptor.DefaultMBeanServerInterceptor$ResourceContext$1 (java.management@11.0.14)
5811:             1             16  com.sun.jmx.mbeanserver.DefaultMXBeanMappingFactory (java.management@11.0.14)
5812:             1             16  com.sun.jmx.mbeanserver.DescriptorCache (java.management@11.0.14)
5813:             1             16  com.sun.jmx.mbeanserver.MBeanAnalyzer$MethodOrder (java.management@11.0.14)
5814:             1             16  com.sun.jmx.mbeanserver.MBeanInstantiator (java.management@11.0.14)
5815:             1             16  com.sun.jmx.mbeanserver.MXBeanIntrospector (java.management@11.0.14)
5816:             1             16  com.sun.jmx.mbeanserver.SecureClassLoaderRepository (java.management@11.0.14)
5817:             1             16  com.sun.jmx.mbeanserver.StandardMBeanIntrospector (java.management@11.0.14)
5818:             1             16  com.sun.management.internal.HotSpotDiagnostic (jdk.management@11.0.14)
5819:             1             16  com.sun.management.internal.PlatformMBeanProviderImpl (jdk.management@11.0.14)
5820:             1             16  com.sun.management.internal.PlatformMBeanProviderImpl$$Lambda$33/0x00000008400c7040 (jdk.management@11.0.14)
5821:             1             16  com.sun.org.apache.xerces.internal.dom.CharacterDataImpl$1 (java.xml@11.0.14)
5822:             1             16  com.sun.org.apache.xerces.internal.impl.dv.dtd.IDDatatypeValidator (java.xml@11.0.14)
5823:             1             16  com.sun.org.apache.xerces.internal.impl.dv.dtd.IDREFDatatypeValidator (java.xml@11.0.14)
5824:             1             16  com.sun.org.apache.xerces.internal.impl.dv.dtd.NMTOKENDatatypeValidator (java.xml@11.0.14)
5825:             1             16  com.sun.org.apache.xerces.internal.impl.dv.dtd.NOTATIONDatatypeValidator (java.xml@11.0.14)
5826:             1             16  com.sun.org.apache.xerces.internal.impl.dv.dtd.StringDatatypeValidator (java.xml@11.0.14)
5827:             1             16  com.sun.proxy.$Proxy15
5828:             1             16  com.sun.proxy.$Proxy18
5829:             1             16  com.sun.proxy.$Proxy26
5830:             1             16  com.sun.proxy.$Proxy32
5831:             1             16  com.sun.proxy.$Proxy34
5832:             1             16  com.sun.proxy.$Proxy36
5833:             1             16  com.sun.proxy.$Proxy37
5834:             1             16  com.sun.proxy.$Proxy6
5835:             1             16  com.sun.tools.javac.api.JavacTool (jdk.compiler@11.0.14)
5836:             1             16  com.sun.tools.javac.code.DeferredCompletionFailureHandler$1$$Lambda$625/0x0000000840950840 (jdk.compiler@11.0.14)
5837:             1             16  com.sun.tools.javac.code.DeferredCompletionFailureHandler$1$$Lambda$627/0x00000008409b8040 (jdk.compiler@11.0.14)
5838:             1             16  com.sun.tools.javac.code.DeferredCompletionFailureHandler$2$$Lambda$743/0x0000000840a6dc40 (jdk.compiler@11.0.14)
5839:             1             16  com.sun.tools.javac.code.DeferredLintHandler$1 (jdk.compiler@11.0.14)
5840:             1             16  com.sun.tools.javac.code.Scope$FilterImportScope$$Lambda$722/0x0000000840a5a040 (jdk.compiler@11.0.14)
5841:             1             16  com.sun.tools.javac.code.Symbol$Completer$1 (jdk.compiler@11.0.14)
5842:             1             16  com.sun.tools.javac.code.Symbol$MethodSymbol$$Lambda$647/0x00000008409bc440 (jdk.compiler@11.0.14)
5843:             1             16  com.sun.tools.javac.code.Symtab$$Lambda$634/0x00000008409bf040 (jdk.compiler@11.0.14)
5844:             1             16  com.sun.tools.javac.code.Symtab$$Lambda$646/0x00000008409bc040 (jdk.compiler@11.0.14)
5845:             1             16  com.sun.tools.javac.code.Symtab$$Lambda$713/0x000000084007cc40 (jdk.compiler@11.0.14)
5846:             1             16  com.sun.tools.javac.code.Symtab$$Lambda$734/0x0000000840a6f840 (jdk.compiler@11.0.14)
5847:             1             16  com.sun.tools.javac.code.Type$4 (jdk.compiler@11.0.14)
5848:             1             16  com.sun.tools.javac.code.TypeMetadata (jdk.compiler@11.0.14)
5849:             1             16  com.sun.tools.javac.code.Types$$Lambda$642/0x00000008409bd040 (jdk.compiler@11.0.14)
5850:             1             16  com.sun.tools.javac.code.Types$$Lambda$768/0x0000000840a93440 (jdk.compiler@11.0.14)
5851:             1             16  com.sun.tools.javac.code.Types$$Lambda$769/0x0000000840a93840 (jdk.compiler@11.0.14)
5852:             1             16  com.sun.tools.javac.code.Types$$Lambda$770/0x0000000840a93c40 (jdk.compiler@11.0.14)
5853:             1             16  com.sun.tools.javac.code.Types$20 (jdk.compiler@11.0.14)
5854:             1             16  com.sun.tools.javac.code.Types$24 (jdk.compiler@11.0.14)
5855:             1             16  com.sun.tools.javac.code.Types$HashCodeVisitor (jdk.compiler@11.0.14)
5856:             1             16  com.sun.tools.javac.comp.Check$$Lambda$638/0x00000008409be040 (jdk.compiler@11.0.14)
5857:             1             16  com.sun.tools.javac.comp.Check$$Lambda$731/0x0000000840a68440 (jdk.compiler@11.0.14)
5858:             1             16  com.sun.tools.javac.comp.Check$2 (jdk.compiler@11.0.14)
5859:             1             16  com.sun.tools.javac.comp.Infer$CheckBounds$$Lambda$763/0x0000000840a90440 (jdk.compiler@11.0.14)
5860:             1             16  com.sun.tools.javac.comp.InferenceContext$$Lambda$765/0x0000000840a91840 (jdk.compiler@11.0.14)
5861:             1             16  com.sun.tools.javac.comp.InferenceContext$$Lambda$771/0x0000000840a94040 (jdk.compiler@11.0.14)
5862:             1             16  com.sun.tools.javac.comp.Modules$$Lambda$637/0x00000008409bec40 (jdk.compiler@11.0.14)
5863:             1             16  com.sun.tools.javac.comp.Modules$$Lambda$687/0x0000000840a1b040 (jdk.compiler@11.0.14)
5864:             1             16  com.sun.tools.javac.comp.Modules$$Lambda$688/0x0000000840a1b440 (jdk.compiler@11.0.14)
5865:             1             16  com.sun.tools.javac.comp.Modules$$Lambda$689/0x0000000840a58040 (jdk.compiler@11.0.14)
5866:             1             16  com.sun.tools.javac.comp.Modules$$Lambda$691/0x0000000840a5f840 (jdk.compiler@11.0.14)
5867:             1             16  com.sun.tools.javac.comp.Modules$$Lambda$692/0x0000000840a5fc40 (jdk.compiler@11.0.14)
5868:             1             16  com.sun.tools.javac.comp.Modules$$Lambda$693/0x0000000840a5f040 (jdk.compiler@11.0.14)
5869:             1             16  com.sun.tools.javac.comp.Operators$$Lambda$662/0x0000000840a19040 (jdk.compiler@11.0.14)
5870:             1             16  com.sun.tools.javac.comp.Operators$$Lambda$665/0x0000000840a1a040 (jdk.compiler@11.0.14)
5871:             1             16  com.sun.tools.javac.comp.Operators$$Lambda$666/0x0000000840a1a440 (jdk.compiler@11.0.14)
5872:             1             16  com.sun.tools.javac.comp.Operators$$Lambda$667/0x0000000840a1a840 (jdk.compiler@11.0.14)
5873:             1             16  com.sun.tools.javac.comp.Operators$BinaryNumericOperator$$Lambda$664/0x0000000840a19c40 (jdk.compiler@11.0.14)
5874:             1             16  com.sun.tools.javac.comp.Operators$OperatorHelper$$Lambda$750/0x0000000840a6b840 (jdk.compiler@11.0.14)
5875:             1             16  com.sun.tools.javac.comp.Operators$OperatorHelper$$Lambda$751/0x0000000840a6bc40 (jdk.compiler@11.0.14)
5876:             1             16  com.sun.tools.javac.comp.Operators$OperatorType$$Lambda$650/0x00000008409bb040 (jdk.compiler@11.0.14)
5877:             1             16  com.sun.tools.javac.comp.Operators$OperatorType$$Lambda$651/0x00000008409bb440 (jdk.compiler@11.0.14)
5878:             1             16  com.sun.tools.javac.comp.Operators$OperatorType$$Lambda$652/0x00000008409ba840 (jdk.compiler@11.0.14)
5879:             1             16  com.sun.tools.javac.comp.Operators$OperatorType$$Lambda$653/0x00000008409bac40 (jdk.compiler@11.0.14)
5880:             1             16  com.sun.tools.javac.comp.Operators$OperatorType$$Lambda$654/0x00000008409ba040 (jdk.compiler@11.0.14)
5881:             1             16  com.sun.tools.javac.comp.Operators$OperatorType$$Lambda$655/0x00000008409ba440 (jdk.compiler@11.0.14)
5882:             1             16  com.sun.tools.javac.comp.Operators$OperatorType$$Lambda$656/0x00000008409b9840 (jdk.compiler@11.0.14)
5883:             1             16  com.sun.tools.javac.comp.Operators$OperatorType$$Lambda$657/0x00000008409b9c40 (jdk.compiler@11.0.14)
5884:             1             16  com.sun.tools.javac.comp.Operators$OperatorType$$Lambda$658/0x0000000840a18040 (jdk.compiler@11.0.14)
5885:             1             16  com.sun.tools.javac.comp.Operators$OperatorType$$Lambda$659/0x0000000840a18440 (jdk.compiler@11.0.14)
5886:             1             16  com.sun.tools.javac.comp.Operators$OperatorType$$Lambda$660/0x0000000840a18840 (jdk.compiler@11.0.14)
5887:             1             16  com.sun.tools.javac.comp.Operators$UnaryNumericOperator$$Lambda$649/0x00000008409bbc40 (jdk.compiler@11.0.14)
5888:             1             16  com.sun.tools.javac.comp.Resolve$$Lambda$639/0x00000008409be440 (jdk.compiler@11.0.14)
5889:             1             16  com.sun.tools.javac.comp.TypeEnter$$Lambda$730/0x0000000840a68040 (jdk.compiler@11.0.14)
5890:             1             16  com.sun.tools.javac.file.BaseFileManager$ByteBufferCache (jdk.compiler@11.0.14)
5891:             1             16  com.sun.tools.javac.file.CacheFSInfo$$Lambda$610/0x0000000840955040 (jdk.compiler@11.0.14)
5892:             1             16  com.sun.tools.javac.file.JavacFileManager$$Lambda$615/0x0000000840954440 (jdk.compiler@11.0.14)
5893:             1             16  com.sun.tools.javac.file.JavacFileManager$1 (jdk.compiler@11.0.14)
5894:             1             16  com.sun.tools.javac.file.Locations$$Lambda$613/0x0000000840954c40 (jdk.compiler@11.0.14)
5895:             1             16  com.sun.tools.javac.file.Locations$ModuleSourcePathLocationHandler$$Lambda$614/0x0000000840954040 (jdk.compiler@11.0.14)
5896:             1             16  com.sun.tools.javac.file.Locations$SystemModulesLocationHandler$$Lambda$679/0x0000000840a1d040 (jdk.compiler@11.0.14)
5897:             1             16  com.sun.tools.javac.main.Option$$Lambda$612/0x0000000840954840 (jdk.compiler@11.0.14)
5898:             1             16  com.sun.tools.javac.model.FilteredMemberList$$Lambda$762/0x0000000840a90040 (jdk.compiler@11.0.14)
5899:             1             16  com.sun.tools.javac.parser.JavacParser$$Lambda$674/0x0000000840a1ec40 (jdk.compiler@11.0.14)
5900:             1             16  com.sun.tools.javac.processing.JavacProcessingEnvironment$$Lambda$671/0x0000000840a1f040 (jdk.compiler@11.0.14)
5901:             1             16  com.sun.tools.javac.util.Iterators$1 (jdk.compiler@11.0.14)
5902:             1             16  com.sun.tools.javac.util.List$$Lambda$753/0x0000000840a6b440 (jdk.compiler@11.0.14)
5903:             1             16  com.sun.tools.javac.util.List$$Lambda$754/0x0000000840a6a840 (jdk.compiler@11.0.14)
5904:             1             16  com.sun.tools.javac.util.List$$Lambda$755/0x0000000840a6ac40 (jdk.compiler@11.0.14)
5905:             1             16  com.sun.tools.javac.util.List$$Lambda$756/0x0000000840a6a040 (jdk.compiler@11.0.14)
5906:             1             16  com.sun.tools.javac.util.List$2 (jdk.compiler@11.0.14)
5907:             1             16  io.grpc.ClientInterceptors$2
5908:             1             16  io.grpc.Codec$Identity
5909:             1             16  io.grpc.CompressorRegistry
5910:             1             16  io.grpc.Deadline$SystemTicker
5911:             1             16  io.grpc.InternalMethodDescriptor
5912:             1             16  io.grpc.LoadBalancerProvider$UnknownConfig
5913:             1             16  io.grpc.Metadata$1
5914:             1             16  io.grpc.Metadata$2
5915:             1             16  io.grpc.NameResolverRegistry$NameResolverFactory
5916:             1             16  io.grpc.Status$StatusCodeMarshaller
5917:             1             16  io.grpc.Status$StatusMessageMarshaller
5918:             1             16  io.grpc.ThreadLocalContextStorage
5919:             1             16  io.grpc.census.CensusStatsModule$ServerTracerFactory
5920:             1             16  io.grpc.census.InternalCensusStatsAccessor$1
5921:             1             16  io.grpc.googleapis.GoogleCloudToProdExperimentalNameResolverProvider
5922:             1             16  io.grpc.grpclb.GrpclbLoadBalancerProvider
5923:             1             16  io.grpc.grpclb.SecretGrpclbNameResolverProvider$Provider
5924:             1             16  io.grpc.internal.CallTracer$1
5925:             1             16  io.grpc.internal.CompositeReadableBuffer$1
5926:             1             16  io.grpc.internal.CompositeReadableBuffer$2
5927:             1             16  io.grpc.internal.CompositeReadableBuffer$3
5928:             1             16  io.grpc.internal.CompositeReadableBuffer$4
5929:             1             16  io.grpc.internal.CompositeReadableBuffer$5
5930:             1             16  io.grpc.internal.DelayedClientCall$8
5931:             1             16  io.grpc.internal.DnsNameResolverProvider
5932:             1             16  io.grpc.internal.GrpcUtil$1
5933:             1             16  io.grpc.internal.GrpcUtil$2
5934:             1             16  io.grpc.internal.GrpcUtil$3
5935:             1             16  io.grpc.internal.GrpcUtil$4
5936:             1             16  io.grpc.internal.GrpcUtil$5
5937:             1             16  io.grpc.internal.GrpcUtil$TimeoutMarshaller
5938:             1             16  io.grpc.internal.Http2ClientStreamTransportState$1
5939:             1             16  io.grpc.internal.JndiResourceResolverFactory
5940:             1             16  io.grpc.internal.KeepAliveEnforcer$SystemTicker
5941:             1             16  io.grpc.internal.KeepAliveManager$1
5942:             1             16  io.grpc.internal.KeepAliveManager$2
5943:             1             16  io.grpc.internal.ManagedChannelImpl$1
5944:             1             16  io.grpc.internal.ManagedChannelImpl$4
5945:             1             16  io.grpc.internal.PickFirstLoadBalancerProvider
5946:             1             16  io.grpc.internal.ProxyDetectorImpl$1
5947:             1             16  io.grpc.internal.ProxyDetectorImpl$2
5948:             1             16  io.grpc.internal.SerializingExecutor$FieldUpdaterAtomicHelper
5949:             1             16  io.grpc.internal.ServerImpl$NoopListener
5950:             1             16  io.grpc.internal.ServerImpl$ServerListenerImpl
5951:             1             16  io.grpc.internal.ServerImplBuilder$DefaultFallbackRegistry
5952:             1             16  io.grpc.internal.SharedResourceHolder$1
5953:             1             16  io.grpc.internal.TimeProvider$1
5954:             1             16  io.grpc.internal.TransportTracer$Factory
5955:             1             16  io.grpc.netty.shaded.io.grpc.netty.AbstractNettyHandler$AllowPingLimiter
5956:             1             16  io.grpc.netty.shaded.io.grpc.netty.Http2ControlFrameLimitEncoder$1
5957:             1             16  io.grpc.netty.shaded.io.grpc.netty.NettyChannelProvider
5958:             1             16  io.grpc.netty.shaded.io.grpc.netty.NettyServerHandler$ServerChannelLogger
5959:             1             16  io.grpc.netty.shaded.io.grpc.netty.NettyServerProvider
5960:             1             16  io.grpc.netty.shaded.io.grpc.netty.UdsNameResolverProvider
5961:             1             16  io.grpc.netty.shaded.io.grpc.netty.Utils$1
5962:             1             16  io.grpc.netty.shaded.io.netty.buffer.AbstractReferenceCountedByteBuf$1
5963:             1             16  io.grpc.netty.shaded.io.netty.buffer.ByteBufUtil$1
5964:             1             16  io.grpc.netty.shaded.io.netty.buffer.ByteBufUtil$2
5965:             1             16  io.grpc.netty.shaded.io.netty.buffer.CompositeByteBuf$1
5966:             1             16  io.grpc.netty.shaded.io.netty.buffer.CompositeByteBuf$2
5967:             1             16  io.grpc.netty.shaded.io.netty.buffer.PoolThreadCache$MemoryRegionCache$1
5968:             1             16  io.grpc.netty.shaded.io.netty.buffer.PooledSlicedByteBuf$1
5969:             1             16  io.grpc.netty.shaded.io.netty.buffer.PooledUnsafeDirectByteBuf$1
5970:             1             16  io.grpc.netty.shaded.io.netty.channel.AbstractChannelHandlerContext$WriteTask$1
5971:             1             16  io.grpc.netty.shaded.io.netty.channel.ChannelFutureListener$1
5972:             1             16  io.grpc.netty.shaded.io.netty.channel.ChannelFutureListener$2
5973:             1             16  io.grpc.netty.shaded.io.netty.channel.ChannelFutureListener$3
5974:             1             16  io.grpc.netty.shaded.io.netty.channel.ChannelHandlerMask$1
5975:             1             16  io.grpc.netty.shaded.io.netty.channel.ChannelOutboundBuffer$1
5976:             1             16  io.grpc.netty.shaded.io.netty.channel.ChannelOutboundBuffer$Entry$1
5977:             1             16  io.grpc.netty.shaded.io.netty.channel.DefaultChannelPipeline$1
5978:             1             16  io.grpc.netty.shaded.io.netty.channel.DefaultMessageSizeEstimator
5979:             1             16  io.grpc.netty.shaded.io.netty.channel.DefaultMessageSizeEstimator$HandleImpl
5980:             1             16  io.grpc.netty.shaded.io.netty.channel.DefaultSelectStrategy
5981:             1             16  io.grpc.netty.shaded.io.netty.channel.DefaultSelectStrategyFactory
5982:             1             16  io.grpc.netty.shaded.io.netty.channel.ReflectiveChannelFactory
5983:             1             16  io.grpc.netty.shaded.io.netty.channel.group.DefaultChannelGroup$1
5984:             1             16  io.grpc.netty.shaded.io.netty.channel.group.VoidChannelGroupFuture
5985:             1             16  io.grpc.netty.shaded.io.netty.handler.codec.ByteToMessageDecoder$1
5986:             1             16  io.grpc.netty.shaded.io.netty.handler.codec.ByteToMessageDecoder$2
5987:             1             16  io.grpc.netty.shaded.io.netty.handler.codec.CodecOutputList$1
5988:             1             16  io.grpc.netty.shaded.io.netty.handler.codec.CodecOutputList$2
5989:             1             16  io.grpc.netty.shaded.io.netty.handler.codec.DefaultHeaders$NameValidator$1
5990:             1             16  io.grpc.netty.shaded.io.netty.handler.codec.UnsupportedValueConverter
5991:             1             16  io.grpc.netty.shaded.io.netty.handler.codec.http2.DefaultHttp2LocalFlowController$2
5992:             1             16  io.grpc.netty.shaded.io.netty.handler.codec.http2.EmptyHttp2Headers
5993:             1             16  io.grpc.netty.shaded.io.netty.handler.codec.http2.Http2ConnectionPrefaceAndSettingsFrameWrittenEvent
5994:             1             16  io.grpc.netty.shaded.io.netty.handler.codec.http2.Http2HeadersEncoder$1
5995:             1             16  io.grpc.netty.shaded.io.netty.handler.codec.http2.Http2HeadersEncoder$2
5996:             1             16  io.grpc.netty.shaded.io.netty.handler.codec.http2.Http2PromisedRequestVerifier$1
5997:             1             16  io.grpc.netty.shaded.io.netty.handler.codec.http2.WeightedFairQueueByteDistributor$StateOnlyComparator
5998:             1             16  io.grpc.netty.shaded.io.netty.handler.codec.http2.WeightedFairQueueByteDistributor$StatePseudoTimeComparator
5999:             1             16  io.grpc.netty.shaded.io.netty.util.AbstractReferenceCounted$1
6000:             1             16  io.grpc.netty.shaded.io.netty.util.AsciiString$1
6001:             1             16  io.grpc.netty.shaded.io.netty.util.AsciiString$2
6002:             1             16  io.grpc.netty.shaded.io.netty.util.NettyRuntime$AvailableProcessorsHolder
6003:             1             16  io.grpc.netty.shaded.io.netty.util.Recycler$1
6004:             1             16  io.grpc.netty.shaded.io.netty.util.collection.IntCollections$EmptyMap
6005:             1             16  io.grpc.netty.shaded.io.netty.util.concurrent.AbstractScheduledEventExecutor$1
6006:             1             16  io.grpc.netty.shaded.io.netty.util.concurrent.AbstractScheduledEventExecutor$2
6007:             1             16  io.grpc.netty.shaded.io.netty.util.concurrent.DefaultEventExecutorChooserFactory
6008:             1             16  io.grpc.netty.shaded.io.netty.util.concurrent.DefaultPromise$CauseHolder
6009:             1             16  io.grpc.netty.shaded.io.netty.util.concurrent.FastThreadLocal
6010:             1             16  io.grpc.netty.shaded.io.netty.util.concurrent.GlobalEventExecutor$1
6011:             1             16  io.grpc.netty.shaded.io.netty.util.concurrent.GlobalEventExecutor$TaskRunner
6012:             1             16  io.grpc.netty.shaded.io.netty.util.concurrent.RejectedExecutionHandlers$1
6013:             1             16  io.grpc.netty.shaded.io.netty.util.concurrent.SingleThreadEventExecutor$1
6014:             1             16  io.grpc.netty.shaded.io.netty.util.internal.CleanerJava9
6015:             1             16  io.grpc.netty.shaded.io.netty.util.internal.PlatformDependent$1
6016:             1             16  io.grpc.netty.shaded.io.netty.util.internal.PlatformDependent$2
6017:             1             16  io.grpc.netty.shaded.io.netty.util.internal.RecyclableArrayList$1
6018:             1             16  io.grpc.protobuf.services.internal.HealthCheckingRoundRobinLoadBalancerProvider
6019:             1             16  io.grpc.util.OutlierDetectionLoadBalancerProvider
6020:             1             16  io.grpc.xds.CdsLoadBalancerProvider
6021:             1             16  io.grpc.xds.ClusterImplLoadBalancerProvider
6022:             1             16  io.grpc.xds.ClusterManagerLoadBalancerProvider
6023:             1             16  io.grpc.xds.ClusterResolverLoadBalancerProvider
6024:             1             16  io.grpc.xds.LeastRequestLoadBalancerProvider
6025:             1             16  io.grpc.xds.PriorityLoadBalancerProvider
6026:             1             16  io.grpc.xds.RingHashLoadBalancerProvider
6027:             1             16  io.grpc.xds.WeightedTargetLoadBalancerProvider
6028:             1             16  io.grpc.xds.WrrLocalityLoadBalancerProvider
6029:             1             16  io.netty.bootstrap.BootstrapConfig
6030:             1             16  io.netty.bootstrap.ServerBootstrapConfig
6031:             1             16  io.netty.buffer.AbstractReferenceCountedByteBuf$1
6032:             1             16  io.netty.buffer.ByteBufUtil$1
6033:             1             16  io.netty.buffer.ByteBufUtil$2
6034:             1             16  io.netty.buffer.PoolThreadCache$MemoryRegionCache$1
6035:             1             16  io.netty.buffer.PooledByteBufAllocator$1
6036:             1             16  io.netty.buffer.PooledByteBufAllocatorMetric
6037:             1             16  io.netty.buffer.PooledSlicedByteBuf$1
6038:             1             16  io.netty.buffer.PooledUnsafeDirectByteBuf$1
6039:             1             16  io.netty.channel.AbstractChannelHandlerContext$WriteTask$1
6040:             1             16  io.netty.channel.ChannelFutureListener$1
6041:             1             16  io.netty.channel.ChannelFutureListener$2
6042:             1             16  io.netty.channel.ChannelFutureListener$3
6043:             1             16  io.netty.channel.ChannelHandlerMask$1
6044:             1             16  io.netty.channel.ChannelOutboundBuffer$1
6045:             1             16  io.netty.channel.ChannelOutboundBuffer$Entry$1
6046:             1             16  io.netty.channel.DefaultChannelPipeline$1
6047:             1             16  io.netty.channel.DefaultSelectStrategy
6048:             1             16  io.netty.channel.DefaultSelectStrategyFactory
6049:             1             16  io.netty.handler.codec.ByteToMessageDecoder$1
6050:             1             16  io.netty.handler.codec.ByteToMessageDecoder$2
6051:             1             16  io.netty.handler.codec.CharSequenceValueConverter
6052:             1             16  io.netty.handler.codec.CodecOutputList$1
6053:             1             16  io.netty.handler.codec.CodecOutputList$2
6054:             1             16  io.netty.handler.codec.http.DefaultHttpHeaders$1
6055:             1             16  io.netty.handler.codec.http.DefaultHttpHeaders$2
6056:             1             16  io.netty.handler.codec.http.DefaultHttpHeaders$HeaderValueConverter
6057:             1             16  io.netty.handler.codec.http.DefaultHttpHeaders$HeaderValueConverterAndValidator
6058:             1             16  io.netty.handler.codec.http.EmptyHttpHeaders
6059:             1             16  io.netty.handler.codec.http.LastHttpContent$1
6060:             1             16  io.netty.util.AsciiString$1
6061:             1             16  io.netty.util.AsciiString$2
6062:             1             16  io.netty.util.NettyRuntime$AvailableProcessorsHolder
6063:             1             16  io.netty.util.Recycler$1
6064:             1             16  io.netty.util.concurrent.AbstractScheduledEventExecutor$1
6065:             1             16  io.netty.util.concurrent.AbstractScheduledEventExecutor$2
6066:             1             16  io.netty.util.concurrent.DefaultEventExecutorChooserFactory
6067:             1             16  io.netty.util.concurrent.DefaultPromise$CauseHolder
6068:             1             16  io.netty.util.concurrent.FastThreadLocal
6069:             1             16  io.netty.util.concurrent.GlobalEventExecutor$1
6070:             1             16  io.netty.util.concurrent.GlobalEventExecutor$TaskRunner
6071:             1             16  io.netty.util.concurrent.ImmediateExecutor
6072:             1             16  io.netty.util.concurrent.RejectedExecutionHandlers$1
6073:             1             16  io.netty.util.concurrent.SingleThreadEventExecutor$1
6074:             1             16  io.netty.util.internal.CleanerJava9
6075:             1             16  io.netty.util.internal.PlatformDependent$1
6076:             1             16  io.netty.util.internal.PlatformDependent$2
6077:             1             16  io.netty.util.internal.TypeParameterMatcher$1
6078:             1             16  io.opencensus.impl.internal.DisruptorEventQueue$1
6079:             1             16  io.opencensus.impl.trace.TraceComponentImpl
6080:             1             16  io.opencensus.impl.trace.internal.ThreadLocalRandomHandler
6081:             1             16  io.opencensus.implcore.common.MillisClock
6082:             1             16  io.opencensus.implcore.metrics.MetricRegistryImpl$RegisteredMeters
6083:             1             16  io.opencensus.implcore.metrics.export.ExportComponentImpl
6084:             1             16  io.opencensus.implcore.metrics.export.MetricProducerManagerImpl
6085:             1             16  io.opencensus.implcore.stats.MetricProducerImpl
6086:             1             16  io.opencensus.implcore.stats.StatsRecorderImpl
6087:             1             16  io.opencensus.implcore.stats.ViewManagerImpl
6088:             1             16  io.opencensus.implcore.tags.TagMapImpl
6089:             1             16  io.opencensus.implcore.tags.TaggerImpl
6090:             1             16  io.opencensus.implcore.tags.propagation.CorrelationContextFormat
6091:             1             16  io.opencensus.implcore.tags.propagation.TagContextBinarySerializerImpl
6092:             1             16  io.opencensus.implcore.trace.TracerImpl
6093:             1             16  io.opencensus.implcore.trace.config.TraceConfigImpl
6094:             1             16  io.opencensus.implcore.trace.export.InProcessRunningSpanStore
6095:             1             16  io.opencensus.implcore.trace.export.SampledSpanStoreImpl$NoopSampledSpanStoreImpl
6096:             1             16  io.opencensus.implcore.trace.export.SpanExporterImpl$ReportDroppedSpans
6097:             1             16  io.opencensus.implcore.trace.export.SpanExporterImpl$ReportPushedSpans
6098:             1             16  io.opencensus.implcore.trace.export.SpanExporterImpl$ReportReferencedSpans
6099:             1             16  io.opencensus.implcore.trace.propagation.B3Format
6100:             1             16  io.opencensus.implcore.trace.propagation.BinaryFormatImpl
6101:             1             16  io.opencensus.implcore.trace.propagation.TraceContextFormat
6102:             1             16  io.opencensus.tags.unsafe.ContextUtils$EmptyTagContext
6103:             1             16  io.opencensus.trace.AutoValue_Tracestate
6104:             1             16  io.opencensus.trace.Tracer$NoopTracer
6105:             1             16  io.opencensus.trace.config.TraceConfig$NoopTraceConfig
6106:             1             16  io.opencensus.trace.export.AutoValue_SampledSpanStore_Summary
6107:             1             16  io.opencensus.trace.export.RunningSpanStore$NoopRunningSpanStore
6108:             1             16  io.opencensus.trace.export.SpanExporter$NoopSpanExporter
6109:             1             16  io.opencensus.trace.propagation.BinaryFormat$NoopBinaryFormat
6110:             1             16  io.opencensus.trace.propagation.PropagationComponent$NoopPropagationComponent
6111:             1             16  io.opencensus.trace.propagation.TextFormat$NoopTextFormat
6112:             1             16  io.opencensus.trace.samplers.AlwaysSampleSampler
6113:             1             16  io.opencensus.trace.samplers.NeverSampleSampler
6114:             1             16  io.opentelemetry.api.DefaultOpenTelemetry
6115:             1             16  io.opentelemetry.api.GlobalOpenTelemetry$ObfuscatedOpenTelemetry
6116:             1             16  io.opentelemetry.api.trace.AutoValue_ArrayBasedTraceState
6117:             1             16  io.opentelemetry.api.trace.DefaultTracer
6118:             1             16  io.opentelemetry.api.trace.DefaultTracerProvider
6119:             1             16  io.opentelemetry.api.trace.PropagatedSpan
6120:             1             16  io.opentelemetry.context.ArrayBasedContext
6121:             1             16  io.opentelemetry.context.DefaultContextKey
6122:             1             16  io.opentelemetry.context.propagation.DefaultContextPropagators
6123:             1             16  io.opentelemetry.context.propagation.NoopTextMapPropagator
6124:             1             16  io.perfmark.Impl
6125:             1             16  io.prometheus.metrics.config.ExemplarsProperties$$Lambda$255/0x0000000840478840
6126:             1             16  io.prometheus.metrics.config.ExemplarsProperties$$Lambda$256/0x0000000840478c40
6127:             1             16  io.prometheus.metrics.config.ExemplarsProperties$$Lambda$257/0x0000000840479040
6128:             1             16  io.prometheus.metrics.config.ExporterHttpServerProperties
6129:             1             16  io.prometheus.metrics.config.ExporterHttpServerProperties$$Lambda$258/0x0000000840479440
6130:             1             16  io.prometheus.metrics.config.ExporterOpenTelemetryProperties$$Lambda$259/0x0000000840479840
6131:             1             16  io.prometheus.metrics.config.ExporterOpenTelemetryProperties$$Lambda$260/0x0000000840479c40
6132:             1             16  io.prometheus.metrics.config.MetricsProperties$$Lambda$248/0x000000084037ac40
6133:             1             16  io.prometheus.metrics.config.MetricsProperties$$Lambda$249/0x000000084037a040
6134:             1             16  io.prometheus.metrics.config.MetricsProperties$$Lambda$250/0x000000084037a440
6135:             1             16  io.prometheus.metrics.config.MetricsProperties$$Lambda$251/0x0000000840379840
6136:             1             16  io.prometheus.metrics.config.MetricsProperties$$Lambda$252/0x0000000840379c40
6137:             1             16  io.prometheus.metrics.config.MetricsProperties$$Lambda$253/0x0000000840478040
6138:             1             16  io.prometheus.metrics.config.MetricsProperties$$Lambda$254/0x0000000840478440
6139:             1             16  io.prometheus.metrics.core.metrics.Counter$$Lambda$261/0x000000084047a040
6140:             1             16  io.prometheus.metrics.core.metrics.Gauge$$Lambda$275/0x000000084047d040
6141:             1             16  io.prometheus.metrics.core.util.Scheduler$DaemonThreadFactory
6142:             1             16  io.prometheus.metrics.model.snapshots.Exemplars
6143:             1             16  io.prometheus.metrics.model.snapshots.MetricSnapshot$$Lambda$1290/0x0000000840c26840
6144:             1             16  io.prometheus.metrics.model.snapshots.MetricSnapshots$$Lambda$1291/0x0000000840c26040
6145:             1             16  io.prometheus.metrics.tracer.otel.OpenTelemetrySpanContext
6146:             1             16  io.trino.hive.$internal.org.codehaus.jackson.map.deser.std.AtomicBooleanDeserializer
6147:             1             16  io.trino.hive.$internal.org.codehaus.jackson.map.deser.std.ClassDeserializer
6148:             1             16  io.trino.hive.$internal.org.codehaus.jackson.map.deser.std.DateDeserializer
6149:             1             16  io.trino.hive.$internal.org.codehaus.jackson.map.deser.std.FromStringDeserializer$CharsetDeserializer
6150:             1             16  io.trino.hive.$internal.org.codehaus.jackson.map.deser.std.FromStringDeserializer$CurrencyDeserializer
6151:             1             16  io.trino.hive.$internal.org.codehaus.jackson.map.deser.std.FromStringDeserializer$InetAddressDeserializer
6152:             1             16  io.trino.hive.$internal.org.codehaus.jackson.map.deser.std.FromStringDeserializer$LocaleDeserializer
6153:             1             16  io.trino.hive.$internal.org.codehaus.jackson.map.deser.std.FromStringDeserializer$PatternDeserializer
6154:             1             16  io.trino.hive.$internal.org.codehaus.jackson.map.deser.std.FromStringDeserializer$TimeZoneDeserializer
6155:             1             16  io.trino.hive.$internal.org.codehaus.jackson.map.deser.std.FromStringDeserializer$URIDeserializer
6156:             1             16  io.trino.hive.$internal.org.codehaus.jackson.map.deser.std.FromStringDeserializer$URLDeserializer
6157:             1             16  io.trino.hive.$internal.org.codehaus.jackson.map.deser.std.FromStringDeserializer$UUIDDeserializer
6158:             1             16  io.trino.hive.$internal.org.codehaus.jackson.map.deser.std.JavaTypeDeserializer
6159:             1             16  io.trino.hive.$internal.org.codehaus.jackson.map.deser.std.PrimitiveArrayDeserializers
6160:             1             16  io.trino.hive.$internal.org.codehaus.jackson.map.deser.std.PrimitiveArrayDeserializers$BooleanDeser
6161:             1             16  io.trino.hive.$internal.org.codehaus.jackson.map.deser.std.PrimitiveArrayDeserializers$ByteDeser
6162:             1             16  io.trino.hive.$internal.org.codehaus.jackson.map.deser.std.PrimitiveArrayDeserializers$CharDeser
6163:             1             16  io.trino.hive.$internal.org.codehaus.jackson.map.deser.std.PrimitiveArrayDeserializers$DoubleDeser
6164:             1             16  io.trino.hive.$internal.org.codehaus.jackson.map.deser.std.PrimitiveArrayDeserializers$FloatDeser
6165:             1             16  io.trino.hive.$internal.org.codehaus.jackson.map.deser.std.PrimitiveArrayDeserializers$IntDeser
6166:             1             16  io.trino.hive.$internal.org.codehaus.jackson.map.deser.std.PrimitiveArrayDeserializers$LongDeser
6167:             1             16  io.trino.hive.$internal.org.codehaus.jackson.map.deser.std.PrimitiveArrayDeserializers$ShortDeser
6168:             1             16  io.trino.hive.$internal.org.codehaus.jackson.map.deser.std.PrimitiveArrayDeserializers$StringDeser
6169:             1             16  io.trino.hive.$internal.org.codehaus.jackson.map.deser.std.StdDeserializer$BigDecimalDeserializer
6170:             1             16  io.trino.hive.$internal.org.codehaus.jackson.map.deser.std.StdDeserializer$BigIntegerDeserializer
6171:             1             16  io.trino.hive.$internal.org.codehaus.jackson.map.deser.std.StdDeserializer$NumberDeserializer
6172:             1             16  io.trino.hive.$internal.org.codehaus.jackson.map.deser.std.StdDeserializer$SqlDateDeserializer
6173:             1             16  io.trino.hive.$internal.org.codehaus.jackson.map.deser.std.StdDeserializer$StackTraceElementDeserializer
6174:             1             16  io.trino.hive.$internal.org.codehaus.jackson.map.deser.std.StdKeyDeserializer$BoolKD
6175:             1             16  io.trino.hive.$internal.org.codehaus.jackson.map.deser.std.StdKeyDeserializer$ByteKD
6176:             1             16  io.trino.hive.$internal.org.codehaus.jackson.map.deser.std.StdKeyDeserializer$CalendarKD
6177:             1             16  io.trino.hive.$internal.org.codehaus.jackson.map.deser.std.StdKeyDeserializer$CharKD
6178:             1             16  io.trino.hive.$internal.org.codehaus.jackson.map.deser.std.StdKeyDeserializer$DateKD
6179:             1             16  io.trino.hive.$internal.org.codehaus.jackson.map.deser.std.StdKeyDeserializer$DoubleKD
6180:             1             16  io.trino.hive.$internal.org.codehaus.jackson.map.deser.std.StdKeyDeserializer$FloatKD
6181:             1             16  io.trino.hive.$internal.org.codehaus.jackson.map.deser.std.StdKeyDeserializer$IntKD
6182:             1             16  io.trino.hive.$internal.org.codehaus.jackson.map.deser.std.StdKeyDeserializer$LongKD
6183:             1             16  io.trino.hive.$internal.org.codehaus.jackson.map.deser.std.StdKeyDeserializer$UuidKD
6184:             1             16  io.trino.hive.$internal.org.codehaus.jackson.map.deser.std.StringDeserializer
6185:             1             16  io.trino.hive.$internal.org.codehaus.jackson.map.deser.std.TimestampDeserializer
6186:             1             16  io.trino.hive.$internal.org.codehaus.jackson.map.deser.std.TokenBufferDeserializer
6187:             1             16  io.trino.hive.$internal.org.codehaus.jackson.map.deser.std.UntypedObjectDeserializer
6188:             1             16  io.trino.hive.$internal.org.codehaus.jackson.map.ext.OptionalHandlerFactory
6189:             1             16  io.trino.hive.$internal.org.codehaus.jackson.map.introspect.BasicClassIntrospector
6190:             1             16  io.trino.hive.$internal.org.codehaus.jackson.map.introspect.BasicClassIntrospector$GetterMethodFilter
6191:             1             16  io.trino.hive.$internal.org.codehaus.jackson.map.introspect.BasicClassIntrospector$MinimalMethodFilter
6192:             1             16  io.trino.hive.$internal.org.codehaus.jackson.map.introspect.BasicClassIntrospector$SetterAndGetterMethodFilter
6193:             1             16  io.trino.hive.$internal.org.codehaus.jackson.map.introspect.BasicClassIntrospector$SetterMethodFilter
6194:             1             16  io.trino.hive.$internal.org.codehaus.jackson.map.introspect.JacksonAnnotationIntrospector
6195:             1             16  io.trino.hive.$internal.org.codehaus.jackson.map.ser.StdSerializers$DoubleSerializer
6196:             1             16  io.trino.hive.$internal.org.codehaus.jackson.map.ser.StdSerializers$FloatSerializer
6197:             1             16  io.trino.hive.$internal.org.codehaus.jackson.map.ser.StdSerializers$IntLikeSerializer
6198:             1             16  io.trino.hive.$internal.org.codehaus.jackson.map.ser.StdSerializers$IntegerSerializer
6199:             1             16  io.trino.hive.$internal.org.codehaus.jackson.map.ser.StdSerializers$LongSerializer
6200:             1             16  io.trino.hive.$internal.org.codehaus.jackson.map.ser.StdSerializers$SqlDateSerializer
6201:             1             16  io.trino.hive.$internal.org.codehaus.jackson.map.ser.StdSerializers$SqlTimeSerializer
6202:             1             16  io.trino.hive.$internal.org.codehaus.jackson.map.ser.impl.UnknownSerializer
6203:             1             16  io.trino.hive.$internal.org.codehaus.jackson.map.ser.std.CalendarSerializer
6204:             1             16  io.trino.hive.$internal.org.codehaus.jackson.map.ser.std.DateSerializer
6205:             1             16  io.trino.hive.$internal.org.codehaus.jackson.map.ser.std.NullSerializer
6206:             1             16  io.trino.hive.$internal.org.codehaus.jackson.map.ser.std.StdArraySerializers$ByteArraySerializer
6207:             1             16  io.trino.hive.$internal.org.codehaus.jackson.map.ser.std.StdArraySerializers$CharArraySerializer
6208:             1             16  io.trino.hive.$internal.org.codehaus.jackson.map.ser.std.StringSerializer
6209:             1             16  io.trino.hive.$internal.org.codehaus.jackson.map.ser.std.ToStringSerializer
6210:             1             16  io.trino.hive.$internal.org.codehaus.jackson.map.type.TypeParser
6211:             1             16  io.trino.hive.$internal.org.codehaus.jackson.node.JsonNodeFactory
6212:             1             16  java.io.DeleteOnExitHook$1 (java.base@11.0.14)
6213:             1             16  java.io.FileDescriptor$1 (java.base@11.0.14)
6214:             1             16  java.io.FilePermission$1 (java.base@11.0.14)
6215:             1             16  java.io.RandomAccessFile$2 (java.base@11.0.14)
6216:             1             16  java.lang.ApplicationShutdownHooks$1 (java.base@11.0.14)
6217:             1             16  java.lang.CharacterDataLatin1 (java.base@11.0.14)
6218:             1             16  java.lang.InheritableThreadLocal (java.base@11.0.14)
6219:             1             16  java.lang.Module$$Lambda$234/0x000000084037e840 (java.base@11.0.14)
6220:             1             16  java.lang.ProcessEnvironment$StringKeySet (java.base@11.0.14)
6221:             1             16  java.lang.ProcessHandleImpl$$Lambda$271/0x000000084047f840 (java.base@11.0.14)
6222:             1             16  java.lang.Runtime (java.base@11.0.14)
6223:             1             16  java.lang.SecurityManager$$Lambda$785/0x0000000840ade040 (java.base@11.0.14)
6224:             1             16  java.lang.SecurityManager$$Lambda$787/0x0000000840addc40 (java.base@11.0.14)
6225:             1             16  java.lang.SecurityManager$$Lambda$788/0x0000000840add040 (java.base@11.0.14)
6226:             1             16  java.lang.SecurityManager$$Lambda$789/0x0000000840add440 (java.base@11.0.14)
6227:             1             16  java.lang.SecurityManager$$Lambda$790/0x0000000840adc840 (java.base@11.0.14)
6228:             1             16  java.lang.SecurityManager$$Lambda$791/0x0000000840adcc40 (java.base@11.0.14)
6229:             1             16  java.lang.SecurityManager$$Lambda$793/0x0000000840adc440 (java.base@11.0.14)
6230:             1             16  java.lang.SecurityManager$$Lambda$794/0x0000000840adb840 (java.base@11.0.14)
6231:             1             16  java.lang.String$CaseInsensitiveComparator (java.base@11.0.14)
6232:             1             16  java.lang.StringCoding$1 (java.base@11.0.14)
6233:             1             16  java.lang.System$2 (java.base@11.0.14)
6234:             1             16  java.lang.System$LoggerFinder$$Lambda$91/0x00000008400fd440 (java.base@11.0.14)
6235:             1             16  java.lang.Terminator$1 (java.base@11.0.14)
6236:             1             16  java.lang.invoke.ClassSpecializer$1 (java.base@11.0.14)
6237:             1             16  java.lang.invoke.MemberName$Factory (java.base@11.0.14)
6238:             1             16  java.lang.invoke.MethodHandleImpl$1 (java.base@11.0.14)
6239:             1             16  java.lang.invoke.StringConcatFactory$MethodHandleInlineCopyStrategy$1 (java.base@11.0.14)
6240:             1             16  java.lang.invoke.StringConcatFactory$MethodHandleInlineCopyStrategy$2 (java.base@11.0.14)
6241:             1             16  java.lang.invoke.StringConcatFactory$MethodHandleInlineCopyStrategy$3 (java.base@11.0.14)
6242:             1             16  java.lang.invoke.VarHandle$1 (java.base@11.0.14)
6243:             1             16  java.lang.management.DefaultPlatformMBeanProvider (java.management@11.0.14)
6244:             1             16  java.lang.management.DefaultPlatformMBeanProvider$5$$Lambda$81/0x00000008400f4840 (java.management@11.0.14)
6245:             1             16  java.lang.management.ManagementFactory$$Lambda$30/0x00000008400c0440 (java.management@11.0.14)
6246:             1             16  java.lang.management.ManagementFactory$$Lambda$68/0x00000008400d4840 (java.management@11.0.14)
6247:             1             16  java.lang.management.ManagementFactory$$Lambda$69/0x00000008400d4c40 (java.management@11.0.14)
6248:             1             16  java.lang.management.ManagementFactory$$Lambda$70/0x00000008400d4040 (java.management@11.0.14)
6249:             1             16  java.lang.management.ManagementFactory$PlatformMBeanFinder$$Lambda$31/0x00000008400c7840 (java.management@11.0.14)
6250:             1             16  java.lang.management.ManagementFactory$PlatformMBeanFinder$$Lambda$38/0x00000008400c6440 (java.management@11.0.14)
6251:             1             16  java.lang.management.ManagementFactory$PlatformMBeanFinder$$Lambda$39/0x00000008400c5840 (java.management@11.0.14)
6252:             1             16  java.lang.management.ManagementFactory$PlatformMBeanFinder$$Lambda$41/0x00000008400c5040 (java.management@11.0.14)
6253:             1             16  java.lang.management.ManagementFactory$PlatformMBeanFinder$$Lambda$45/0x00000008400c4440 (java.management@11.0.14)
6254:             1             16  java.lang.management.ManagementFactory$PlatformMBeanFinder$$Lambda$46/0x00000008400c3840 (java.management@11.0.14)
6255:             1             16  java.lang.module.ModuleDescriptor$1 (java.base@11.0.14)
6256:             1             16  java.lang.module.ModuleDescriptor$Builder$$Lambda$233/0x000000084037f440 (java.base@11.0.14)
6257:             1             16  java.lang.ref.Cleaner (java.base@11.0.14)
6258:             1             16  java.lang.ref.Cleaner$1 (java.base@11.0.14)
6259:             1             16  java.lang.ref.Reference$1 (java.base@11.0.14)
6260:             1             16  java.lang.reflect.Proxy$$Lambda$56/0x00000008400c1440 (java.base@11.0.14)
6261:             1             16  java.lang.reflect.Proxy$$Lambda$773/0x0000000840a95440 (java.base@11.0.14)
6262:             1             16  java.lang.reflect.Proxy$ProxyBuilder$$Lambda$232/0x000000084037f040 (java.base@11.0.14)
6263:             1             16  java.lang.reflect.ReflectAccess (java.base@11.0.14)
6264:             1             16  java.math.BigDecimal$1 (java.base@11.0.14)
6265:             1             16  java.net.InetAddress$2 (java.base@11.0.14)
6266:             1             16  java.net.InetAddress$PlatformNameService (java.base@11.0.14)
6267:             1             16  java.net.ServerSocket$2 (java.base@11.0.14)
6268:             1             16  java.net.URI$1 (java.base@11.0.14)
6269:             1             16  java.net.URL$3 (java.base@11.0.14)
6270:             1             16  java.net.URL$DefaultFactory (java.base@11.0.14)
6271:             1             16  java.nio.Bits$1 (java.base@11.0.14)
6272:             1             16  java.nio.Buffer$1 (java.base@11.0.14)
6273:             1             16  java.nio.file.Files$$Lambda$118/0x0000000840131c40 (java.base@11.0.14)
6274:             1             16  java.nio.file.Files$AcceptAllFilter (java.base@11.0.14)
6275:             1             16  java.security.AllPermission (java.base@11.0.14)
6276:             1             16  java.security.ProtectionDomain$JavaSecurityAccessImpl (java.base@11.0.14)
6277:             1             16  java.text.DontCareFieldPosition$1 (java.base@11.0.14)
6278:             1             16  java.text.MessageFormat$Field (java.base@11.0.14)
6279:             1             16  java.time.LocalTime$$Lambda$343/0x0000000840612440 (java.base@11.0.14)
6280:             1             16  java.time.chrono.IsoChronology (java.base@11.0.14)
6281:             1             16  java.time.format.DateTimeFormatter$$Lambda$340/0x0000000840612840 (java.base@11.0.14)
6282:             1             16  java.time.format.DateTimeFormatter$$Lambda$341/0x0000000840612c40 (java.base@11.0.14)
6283:             1             16  java.time.format.DateTimeFormatterBuilder$$Lambda$337/0x0000000840613840 (java.base@11.0.14)
6284:             1             16  java.time.format.DateTimeFormatterBuilder$2 (java.base@11.0.14)
6285:             1             16  java.time.format.DateTimeFormatterBuilder$InstantPrinterParser (java.base@11.0.14)
6286:             1             16  java.time.format.DateTimeTextProvider (java.base@11.0.14)
6287:             1             16  java.time.format.DateTimeTextProvider$1 (java.base@11.0.14)
6288:             1             16  java.time.temporal.TemporalQueries$1 (java.base@11.0.14)
6289:             1             16  java.time.temporal.TemporalQueries$2 (java.base@11.0.14)
6290:             1             16  java.time.temporal.TemporalQueries$3 (java.base@11.0.14)
6291:             1             16  java.time.temporal.TemporalQueries$4 (java.base@11.0.14)
6292:             1             16  java.time.temporal.TemporalQueries$5 (java.base@11.0.14)
6293:             1             16  java.time.temporal.TemporalQueries$6 (java.base@11.0.14)
6294:             1             16  java.time.temporal.TemporalQueries$7 (java.base@11.0.14)
6295:             1             16  java.util.Collections$EmptyEnumeration (java.base@11.0.14)
6296:             1             16  java.util.Collections$EmptyIterator (java.base@11.0.14)
6297:             1             16  java.util.Collections$EmptyList (java.base@11.0.14)
6298:             1             16  java.util.Collections$EmptySet (java.base@11.0.14)
6299:             1             16  java.util.Collections$ReverseComparator (java.base@11.0.14)
6300:             1             16  java.util.EnumMap$1 (java.base@11.0.14)
6301:             1             16  java.util.Hashtable$ValueCollection (java.base@11.0.14)
6302:             1             16  java.util.IdentityHashMap$EntrySet (java.base@11.0.14)
6303:             1             16  java.util.IdentityHashMap$Values (java.base@11.0.14)
6304:             1             16  java.util.Map$Entry$$Lambda$1199/0x0000000840c17840 (java.base@11.0.14)
6305:             1             16  java.util.ResourceBundle$1 (java.base@11.0.14)
6306:             1             16  java.util.ResourceBundle$Control (java.base@11.0.14)
6307:             1             16  java.util.Spliterators$EmptySpliterator$OfDouble (java.base@11.0.14)
6308:             1             16  java.util.Spliterators$EmptySpliterator$OfInt (java.base@11.0.14)
6309:             1             16  java.util.Spliterators$EmptySpliterator$OfLong (java.base@11.0.14)
6310:             1             16  java.util.Spliterators$EmptySpliterator$OfRef (java.base@11.0.14)
6311:             1             16  java.util.concurrent.CompletableFuture$AltResult (java.base@11.0.14)
6312:             1             16  java.util.concurrent.Executors$FinalizableDelegatedExecutorService (java.base@11.0.14)
6313:             1             16  java.util.concurrent.ForkJoinPool$DefaultForkJoinWorkerThreadFactory (java.base@11.0.14)
6314:             1             16  java.util.concurrent.ThreadPoolExecutor$AbortPolicy (java.base@11.0.14)
6315:             1             16  java.util.function.BiPredicate$$Lambda$912/0x0000000840b54440 (java.base@11.0.14)
6316:             1             16  java.util.function.Function$$Lambda$40/0x00000008400c5c40 (java.base@11.0.14)
6317:             1             16  java.util.jar.Attributes (java.base@11.0.14)
6318:             1             16  java.util.jar.JavaUtilJarAccessImpl (java.base@11.0.14)
6319:             1             16  java.util.logging.Level$$Lambda$116/0x0000000840132040 (java.logging@11.0.14)
6320:             1             16  java.util.logging.Level$$Lambda$85/0x00000008400fbc40 (java.logging@11.0.14)
6321:             1             16  java.util.logging.Level$KnownLevel$$Lambda$86/0x00000008400fc040 (java.logging@11.0.14)
6322:             1             16  java.util.logging.LogManager$CloseOnReset (java.logging@11.0.14)
6323:             1             16  java.util.logging.LogManager$LoggingProviderAccess (java.logging@11.0.14)
6324:             1             16  java.util.logging.LogManager$VisitedLoggers (java.logging@11.0.14)
6325:             1             16  java.util.logging.LogRecord$CallerFinder$$Lambda$620/0x0000000840952840 (java.logging@11.0.14)
6326:             1             16  java.util.logging.Logging (java.logging@11.0.14)
6327:             1             16  java.util.logging.SimpleFormatter$$Lambda$182/0x000000084029f840 (java.logging@11.0.14)
6328:             1             16  java.util.regex.CharPredicates$$Lambda$107/0x0000000840137840 (java.base@11.0.14)
6329:             1             16  java.util.regex.CharPredicates$$Lambda$296/0x0000000840500c40 (java.base@11.0.14)
6330:             1             16  java.util.regex.CharPredicates$$Lambda$67/0x00000008400d5040 (java.base@11.0.14)
6331:             1             16  java.util.regex.Pattern$$Lambda$115/0x0000000840134440 (java.base@11.0.14)
6332:             1             16  java.util.regex.Pattern$$Lambda$670/0x0000000840a1fc40 (java.base@11.0.14)
6333:             1             16  java.util.regex.Pattern$1 (java.base@11.0.14)
6334:             1             16  java.util.regex.Pattern$LastNode (java.base@11.0.14)
6335:             1             16  java.util.regex.Pattern$Node (java.base@11.0.14)
6336:             1             16  java.util.stream.AbstractPipeline$$Lambda$917/0x0000000840b60040 (java.base@11.0.14)
6337:             1             16  java.util.stream.Collectors$$Lambda$197/0x000000084032fc40 (java.base@11.0.14)
6338:             1             16  java.util.stream.Collectors$$Lambda$198/0x000000084032f040 (java.base@11.0.14)
6339:             1             16  java.util.stream.Collectors$$Lambda$199/0x000000084032f440 (java.base@11.0.14)
6340:             1             16  java.util.stream.Collectors$$Lambda$200/0x000000084032e840 (java.base@11.0.14)
6341:             1             16  java.util.stream.Collectors$$Lambda$34/0x00000008400c7440 (java.base@11.0.14)
6342:             1             16  java.util.stream.Collectors$$Lambda$35/0x00000008400c6840 (java.base@11.0.14)
6343:             1             16  java.util.stream.Collectors$$Lambda$36/0x00000008400c6c40 (java.base@11.0.14)
6344:             1             16  java.util.stream.Collectors$$Lambda$37/0x00000008400c6040 (java.base@11.0.14)
6345:             1             16  java.util.stream.Collectors$$Lambda$42/0x00000008400c5440 (java.base@11.0.14)
6346:             1             16  java.util.stream.Collectors$$Lambda$507/0x000000084089b040 (java.base@11.0.14)
6347:             1             16  java.util.stream.Collectors$$Lambda$508/0x000000084089b440 (java.base@11.0.14)
6348:             1             16  java.util.stream.Collectors$$Lambda$51/0x00000008400c2c40 (java.base@11.0.14)
6349:             1             16  java.util.stream.Collectors$$Lambda$52/0x00000008400c2040 (java.base@11.0.14)
6350:             1             16  java.util.stream.Collectors$$Lambda$53/0x00000008400c2440 (java.base@11.0.14)
6351:             1             16  java.util.stream.Collectors$$Lambda$582/0x0000000840946840 (java.base@11.0.14)
6352:             1             16  java.util.stream.Collectors$$Lambda$584/0x0000000840946040 (java.base@11.0.14)
6353:             1             16  java.util.stream.Collectors$$Lambda$585/0x0000000840946440 (java.base@11.0.14)
6354:             1             16  java.util.stream.Collectors$$Lambda$586/0x0000000840945840 (java.base@11.0.14)
6355:             1             16  java.util.stream.Collectors$$Lambda$695/0x0000000840a5e840 (java.base@11.0.14)
6356:             1             16  java.util.stream.Collectors$$Lambda$696/0x0000000840a5ec40 (java.base@11.0.14)
6357:             1             16  java.util.stream.Collectors$$Lambda$697/0x0000000840a5e040 (java.base@11.0.14)
6358:             1             16  java.util.stream.Collectors$$Lambda$82/0x00000008400f4c40 (java.base@11.0.14)
6359:             1             16  java.util.stream.Collectors$$Lambda$84/0x00000008400f5840 (java.base@11.0.14)
6360:             1             16  java.util.stream.DoublePipeline$$Lambda$556/0x0000000840914840 (java.base@11.0.14)
6361:             1             16  java.util.stream.DoublePipeline$$Lambda$557/0x0000000840914040 (java.base@11.0.14)
6362:             1             16  java.util.stream.DoublePipeline$$Lambda$558/0x0000000840914440 (java.base@11.0.14)
6363:             1             16  java.util.stream.DoublePipeline$$Lambda$777/0x0000000840ad9040 (java.base@11.0.14)
6364:             1             16  java.util.stream.DoublePipeline$$Lambda$958/0x0000000840ba4c40 (java.base@11.0.14)
6365:             1             16  java.util.stream.DoublePipeline$$Lambda$959/0x0000000840ba5040 (java.base@11.0.14)
6366:             1             16  java.util.stream.DoublePipeline$$Lambda$960/0x0000000840ba5440 (java.base@11.0.14)
6367:             1             16  java.util.stream.FindOps$FindSink$OfRef$$Lambda$87/0x00000008400fc440 (java.base@11.0.14)
6368:             1             16  java.util.stream.FindOps$FindSink$OfRef$$Lambda$88/0x00000008400fc840 (java.base@11.0.14)
6369:             1             16  java.util.stream.FindOps$FindSink$OfRef$$Lambda$89/0x00000008400fcc40 (java.base@11.0.14)
6370:             1             16  java.util.stream.FindOps$FindSink$OfRef$$Lambda$90/0x00000008400fd040 (java.base@11.0.14)
6371:             1             16  java.util.stream.IntPipeline$$Lambda$1195/0x0000000840c16840 (java.base@11.0.14)
6372:             1             16  java.util.stream.IntPipeline$$Lambda$1196/0x0000000840c16c40 (java.base@11.0.14)
6373:             1             16  java.util.stream.IntPipeline$$Lambda$1198/0x0000000840c17440 (java.base@11.0.14)
6374:             1             16  java.util.stream.IntPipeline$$Lambda$366/0x000000084062e840 (java.base@11.0.14)
6375:             1             16  java.util.stream.LongPipeline$$Lambda$338/0x0000000840613040 (java.base@11.0.14)
6376:             1             16  java.util.stream.LongPipeline$$Lambda$364/0x000000084062f040 (java.base@11.0.14)
6377:             1             16  java.util.stream.Nodes$CollectorTask$OfRef$$Lambda$919/0x0000000840b60c40 (java.base@11.0.14)
6378:             1             16  java.util.stream.Nodes$EmptyNode$OfDouble (java.base@11.0.14)
6379:             1             16  java.util.stream.Nodes$EmptyNode$OfInt (java.base@11.0.14)
6380:             1             16  java.util.stream.Nodes$EmptyNode$OfLong (java.base@11.0.14)
6381:             1             16  java.util.stream.Nodes$EmptyNode$OfRef (java.base@11.0.14)
6382:             1             16  java.util.stream.ReferencePipeline$$Lambda$717/0x0000000840116c40 (java.base@11.0.14)
6383:             1             16  java.util.zip.ZipFile$1 (java.base@11.0.14)
6384:             1             16  javax.management.JMX (java.management@11.0.14)
6385:             1             16  javax.management.MBeanServerBuilder (java.management@11.0.14)
6386:             1             16  javax.management.NotificationBroadcasterSupport$1 (java.management@11.0.14)
6387:             1             16  javax.tools.DiagnosticCollector (java.compiler@11.0.14)
6388:             1             16  jdk.internal.jimage.ImageBufferCache$1 (java.base@11.0.14)
6389:             1             16  jdk.internal.jimage.ImageBufferCache$2 (java.base@11.0.14)
6390:             1             16  jdk.internal.jimage.ImageReaderFactory$1 (java.base@11.0.14)
6391:             1             16  jdk.internal.jimage.ImageStringsReader (java.base@11.0.14)
6392:             1             16  jdk.internal.jimage.decompressor.Decompressor (java.base@11.0.14)
6393:             1             16  jdk.internal.jrtfs.JrtFileSystemProvider (java.base@11.0.14)
6394:             1             16  jdk.internal.jrtfs.SystemImage$$Lambda$678/0x0000000840a1dc40 (java.base@11.0.14)
6395:             1             16  jdk.internal.jrtfs.SystemImage$1 (java.base@11.0.14)
6396:             1             16  jdk.internal.logger.LazyLoggers$1 (java.base@11.0.14)
6397:             1             16  jdk.internal.logger.LazyLoggers$LazyLoggerFactories (java.base@11.0.14)
6398:             1             16  jdk.internal.math.FloatingDecimal$1 (java.base@11.0.14)
6399:             1             16  jdk.internal.math.FormattedFloatingDecimal$1 (java.base@11.0.14)
6400:             1             16  jdk.internal.misc.TerminatingThreadLocal$1 (java.base@11.0.14)
6401:             1             16  jdk.internal.misc.Unsafe (java.base@11.0.14)
6402:             1             16  jdk.internal.module.ModulePatcher (java.base@11.0.14)
6403:             1             16  jdk.internal.module.ModuleTarget (java.base@11.0.14)
6404:             1             16  jdk.internal.module.SystemModules$default (java.base@11.0.14)
6405:             1             16  jdk.internal.perf.Perf (java.base@11.0.14)
6406:             1             16  jdk.internal.platform.cgroupv1.Metrics$$Lambda$74/0x00000008400f2840 (java.base@11.0.14)
6407:             1             16  jdk.internal.platform.cgroupv1.Metrics$$Lambda$75/0x00000008400f2c40 (java.base@11.0.14)
6408:             1             16  jdk.internal.platform.cgroupv1.Metrics$$Lambda$77/0x00000008400f3840 (java.base@11.0.14)
6409:             1             16  jdk.internal.platform.cgroupv1.Metrics$$Lambda$78/0x00000008400f3c40 (java.base@11.0.14)
6410:             1             16  jdk.internal.reflect.GeneratedConstructorAccessor1
6411:             1             16  jdk.internal.reflect.GeneratedConstructorAccessor10
6412:             1             16  jdk.internal.reflect.GeneratedConstructorAccessor11
6413:             1             16  jdk.internal.reflect.GeneratedConstructorAccessor13
6414:             1             16  jdk.internal.reflect.GeneratedConstructorAccessor14
6415:             1             16  jdk.internal.reflect.GeneratedConstructorAccessor15
6416:             1             16  jdk.internal.reflect.GeneratedConstructorAccessor16
6417:             1             16  jdk.internal.reflect.GeneratedConstructorAccessor17
6418:             1             16  jdk.internal.reflect.GeneratedConstructorAccessor18
6419:             1             16  jdk.internal.reflect.GeneratedConstructorAccessor19
6420:             1             16  jdk.internal.reflect.GeneratedConstructorAccessor2
6421:             1             16  jdk.internal.reflect.GeneratedConstructorAccessor20
6422:             1             16  jdk.internal.reflect.GeneratedConstructorAccessor21
6423:             1             16  jdk.internal.reflect.GeneratedConstructorAccessor22
6424:             1             16  jdk.internal.reflect.GeneratedConstructorAccessor23
6425:             1             16  jdk.internal.reflect.GeneratedConstructorAccessor24
6426:             1             16  jdk.internal.reflect.GeneratedConstructorAccessor25
6427:             1             16  jdk.internal.reflect.GeneratedConstructorAccessor26
6428:             1             16  jdk.internal.reflect.GeneratedConstructorAccessor27
6429:             1             16  jdk.internal.reflect.GeneratedConstructorAccessor28 (java.base@11.0.14)
6430:             1             16  jdk.internal.reflect.GeneratedConstructorAccessor29 (java.base@11.0.14)
6431:             1             16  jdk.internal.reflect.GeneratedConstructorAccessor30
6432:             1             16  jdk.internal.reflect.GeneratedConstructorAccessor31
6433:             1             16  jdk.internal.reflect.GeneratedConstructorAccessor32
6434:             1             16  jdk.internal.reflect.GeneratedConstructorAccessor33
6435:             1             16  jdk.internal.reflect.GeneratedConstructorAccessor34
6436:             1             16  jdk.internal.reflect.GeneratedConstructorAccessor36
6437:             1             16  jdk.internal.reflect.GeneratedConstructorAccessor37
6438:             1             16  jdk.internal.reflect.GeneratedConstructorAccessor4
6439:             1             16  jdk.internal.reflect.GeneratedConstructorAccessor41
6440:             1             16  jdk.internal.reflect.GeneratedConstructorAccessor42
6441:             1             16  jdk.internal.reflect.GeneratedConstructorAccessor43
6442:             1             16  jdk.internal.reflect.GeneratedConstructorAccessor46
6443:             1             16  jdk.internal.reflect.GeneratedConstructorAccessor47
6444:             1             16  jdk.internal.reflect.GeneratedConstructorAccessor48
6445:             1             16  jdk.internal.reflect.GeneratedConstructorAccessor5 (java.base@11.0.14)
6446:             1             16  jdk.internal.reflect.GeneratedConstructorAccessor50
6447:             1             16  jdk.internal.reflect.GeneratedConstructorAccessor53
6448:             1             16  jdk.internal.reflect.GeneratedConstructorAccessor54
6449:             1             16  jdk.internal.reflect.GeneratedConstructorAccessor57
6450:             1             16  jdk.internal.reflect.GeneratedConstructorAccessor59
6451:             1             16  jdk.internal.reflect.GeneratedConstructorAccessor6
6452:             1             16  jdk.internal.reflect.GeneratedConstructorAccessor67
6453:             1             16  jdk.internal.reflect.GeneratedConstructorAccessor68
6454:             1             16  jdk.internal.reflect.GeneratedConstructorAccessor69
6455:             1             16  jdk.internal.reflect.GeneratedConstructorAccessor7
6456:             1             16  jdk.internal.reflect.GeneratedConstructorAccessor70
6457:             1             16  jdk.internal.reflect.GeneratedConstructorAccessor71
6458:             1             16  jdk.internal.reflect.GeneratedConstructorAccessor72
6459:             1             16  jdk.internal.reflect.GeneratedConstructorAccessor73
6460:             1             16  jdk.internal.reflect.GeneratedConstructorAccessor74 (java.base@11.0.14)
6461:             1             16  jdk.internal.reflect.GeneratedConstructorAccessor75
6462:             1             16  jdk.internal.reflect.GeneratedConstructorAccessor79
6463:             1             16  jdk.internal.reflect.GeneratedConstructorAccessor8
6464:             1             16  jdk.internal.reflect.GeneratedConstructorAccessor84
6465:             1             16  jdk.internal.reflect.GeneratedConstructorAccessor85
6466:             1             16  jdk.internal.reflect.GeneratedConstructorAccessor86
6467:             1             16  jdk.internal.reflect.GeneratedConstructorAccessor87
6468:             1             16  jdk.internal.reflect.GeneratedConstructorAccessor88
6469:             1             16  jdk.internal.reflect.GeneratedConstructorAccessor89
6470:             1             16  jdk.internal.reflect.GeneratedConstructorAccessor9
6471:             1             16  jdk.internal.reflect.GeneratedConstructorAccessor90
6472:             1             16  jdk.internal.reflect.GeneratedConstructorAccessor91
6473:             1             16  jdk.internal.reflect.GeneratedConstructorAccessor92
6474:             1             16  jdk.internal.reflect.GeneratedConstructorAccessor93
6475:             1             16  jdk.internal.reflect.GeneratedMethodAccessor10
6476:             1             16  jdk.internal.reflect.GeneratedMethodAccessor11 (java.base@11.0.14)
6477:             1             16  jdk.internal.reflect.GeneratedMethodAccessor12
6478:             1             16  jdk.internal.reflect.GeneratedMethodAccessor3 (java.base@11.0.14)
6479:             1             16  jdk.internal.reflect.GeneratedMethodAccessor4 (java.base@11.0.14)
6480:             1             16  jdk.internal.reflect.GeneratedMethodAccessor5
6481:             1             16  jdk.internal.reflect.GeneratedMethodAccessor6
6482:             1             16  jdk.internal.reflect.GeneratedMethodAccessor7
6483:             1             16  jdk.internal.reflect.GeneratedMethodAccessor8
6484:             1             16  jdk.internal.reflect.GeneratedMethodAccessor9
6485:             1             16  jdk.internal.reflect.ReflectionFactory (java.base@11.0.14)
6486:             1             16  jdk.internal.util.Preconditions$1 (java.base@11.0.14)
6487:             1             16  jdk.management.jfr.SettingDescriptorInfo$1 (jdk.management.jfr@11.0.14)
6488:             1             16  jdk.net.ExtendedSocketOptions$1 (jdk.net@11.0.14)
6489:             1             16  jdk.net.LinuxSocketOptions (jdk.net@11.0.14)
6490:             1             16  jdk.net.LinuxSocketOptions$$Lambda$180/0x0000000840299840 (jdk.net@11.0.14)
6491:             1             16  jdk.nio.zipfs.JarFileSystem$$Lambda$703/0x0000000840a5cc40 (jdk.zipfs@11.0.14)
6492:             1             16  jdk.nio.zipfs.ZipFileSystem$$Lambda$701/0x0000000840a5d440 (jdk.zipfs@11.0.14)
6493:             1             16  jdk.nio.zipfs.ZipFileSystemProvider (jdk.zipfs@11.0.14)
6494:             1             16  jdk.xml.internal.SecuritySupport$$Lambda$104/0x0000000840130440 (java.xml@11.0.14)
6495:             1             16  org.antlr.v4.runtime.CommonTokenFactory
6496:             1             16  org.antlr.v4.runtime.ConsoleErrorListener
6497:             1             16  org.antlr.v4.runtime.atn.ATNConfigSet$ConfigEqualityComparator
6498:             1             16  org.antlr.v4.runtime.atn.ATNDeserializationOptions
6499:             1             16  org.antlr.v4.runtime.atn.PredictionMode$AltAndContextConfigEqualityComparator
6500:             1             16  org.antlr.v4.runtime.misc.ObjectEqualityComparator
6501:             1             16  org.apache.commons.collections.collection.UnmodifiableCollection
6502:             1             16  org.apache.commons.collections4.map.UnmodifiableSortedMap
6503:             1             16  org.apache.commons.lang.ObjectUtils$Null
6504:             1             16  org.apache.commons.validator.routines.InetAddressValidator
6505:             1             16  org.apache.commons.validator.routines.RegexValidator
6506:             1             16  org.apache.hadoop.fs.statistics.impl.StubDurationTracker
6507:             1             16  org.apache.hadoop.fs.statistics.impl.StubDurationTrackerFactory
6508:             1             16  org.apache.hadoop.hive.metastore.messaging.json.JSONMessageDeserializer
6509:             1             16  org.apache.hadoop.util.BlockingThreadPoolExecutorService$2
6510:             1             16  org.apache.hadoop.util.BlockingThreadPoolExecutorService$3
6511:             1             16  org.apache.log4j.DefaultCategoryFactory
6512:             1             16  org.apache.log4j.Hierarchy$$Lambda$147/0x0000000840200040
6513:             1             16  org.apache.log4j.config.PropertiesConfigurationFactory
6514:             1             16  org.apache.log4j.or.DefaultRenderer
6515:             1             16  org.apache.log4j.or.RendererMap
6516:             1             16  org.apache.log4j.spi.DefaultRepositorySelector
6517:             1             16  org.apache.log4j.xml.XmlConfigurationFactory
6518:             1             16  org.apache.logging.log4j.ThreadContext$EmptyIterator
6519:             1             16  org.apache.logging.log4j.ThreadContext$EmptyThreadContextStack
6520:             1             16  org.apache.logging.log4j.core.LoggerContext$$Lambda$66/0x00000008400d5c40
6521:             1             16  org.apache.logging.log4j.core.appender.ConsoleAppender$ConsoleManagerFactory
6522:             1             16  org.apache.logging.log4j.core.appender.ConsoleAppender$SystemErrStream
6523:             1             16  org.apache.logging.log4j.core.appender.FileManager$FileManagerFactory
6524:             1             16  org.apache.logging.log4j.core.appender.rolling.RollingFileManager$RollingFileManagerFactory
6525:             1             16  org.apache.logging.log4j.core.config.ConfigurationFactory$Factory
6526:             1             16  org.apache.logging.log4j.core.config.OrderComparator
6527:             1             16  org.apache.logging.log4j.core.config.plugins.convert.EnumConverter
6528:             1             16  org.apache.logging.log4j.core.config.plugins.convert.TypeConverterRegistry
6529:             1             16  org.apache.logging.log4j.core.config.plugins.convert.TypeConverters$BigDecimalConverter
6530:             1             16  org.apache.logging.log4j.core.config.plugins.convert.TypeConverters$BigIntegerConverter
6531:             1             16  org.apache.logging.log4j.core.config.plugins.convert.TypeConverters$BooleanConverter
6532:             1             16  org.apache.logging.log4j.core.config.plugins.convert.TypeConverters$ByteArrayConverter
6533:             1             16  org.apache.logging.log4j.core.config.plugins.convert.TypeConverters$ByteConverter
6534:             1             16  org.apache.logging.log4j.core.config.plugins.convert.TypeConverters$CharArrayConverter
6535:             1             16  org.apache.logging.log4j.core.config.plugins.convert.TypeConverters$CharacterConverter
6536:             1             16  org.apache.logging.log4j.core.config.plugins.convert.TypeConverters$CharsetConverter
6537:             1             16  org.apache.logging.log4j.core.config.plugins.convert.TypeConverters$ClassConverter
6538:             1             16  org.apache.logging.log4j.core.config.plugins.convert.TypeConverters$CronExpressionConverter
6539:             1             16  org.apache.logging.log4j.core.config.plugins.convert.TypeConverters$DoubleConverter
6540:             1             16  org.apache.logging.log4j.core.config.plugins.convert.TypeConverters$DurationConverter
6541:             1             16  org.apache.logging.log4j.core.config.plugins.convert.TypeConverters$FileConverter
6542:             1             16  org.apache.logging.log4j.core.config.plugins.convert.TypeConverters$FloatConverter
6543:             1             16  org.apache.logging.log4j.core.config.plugins.convert.TypeConverters$InetAddressConverter
6544:             1             16  org.apache.logging.log4j.core.config.plugins.convert.TypeConverters$IntegerConverter
6545:             1             16  org.apache.logging.log4j.core.config.plugins.convert.TypeConverters$LevelConverter
6546:             1             16  org.apache.logging.log4j.core.config.plugins.convert.TypeConverters$LongConverter
6547:             1             16  org.apache.logging.log4j.core.config.plugins.convert.TypeConverters$PathConverter
6548:             1             16  org.apache.logging.log4j.core.config.plugins.convert.TypeConverters$PatternConverter
6549:             1             16  org.apache.logging.log4j.core.config.plugins.convert.TypeConverters$SecurityProviderConverter
6550:             1             16  org.apache.logging.log4j.core.config.plugins.convert.TypeConverters$ShortConverter
6551:             1             16  org.apache.logging.log4j.core.config.plugins.convert.TypeConverters$StringConverter
6552:             1             16  org.apache.logging.log4j.core.config.plugins.convert.TypeConverters$UriConverter
6553:             1             16  org.apache.logging.log4j.core.config.plugins.convert.TypeConverters$UrlConverter
6554:             1             16  org.apache.logging.log4j.core.config.plugins.convert.TypeConverters$UuidConverter
6555:             1             16  org.apache.logging.log4j.core.config.plugins.processor.PluginCache$$Lambda$24/0x000000084007c440
6556:             1             16  org.apache.logging.log4j.core.config.properties.PropertiesConfigurationFactory
6557:             1             16  org.apache.logging.log4j.core.config.xml.XmlConfigurationFactory
6558:             1             16  org.apache.logging.log4j.core.impl.ThreadContextDataProvider
6559:             1             16  org.apache.logging.log4j.core.layout.PatternLayout$PatternFormatterPatternSerializer
6560:             1             16  org.apache.logging.log4j.core.lookup.StrMatcher$NoMatcher
6561:             1             16  org.apache.logging.log4j.core.lookup.StrMatcher$TrimMatcher
6562:             1             16  org.apache.logging.log4j.core.net.JndiManager$JndiManagerFactory
6563:             1             16  org.apache.logging.log4j.core.pattern.NameAbbreviator$NOPAbbreviator
6564:             1             16  org.apache.logging.log4j.core.pattern.NotANumber
6565:             1             16  org.apache.logging.log4j.core.pattern.PlainTextRenderer
6566:             1             16  org.apache.logging.log4j.core.selector.ClassLoaderContextSelector
6567:             1             16  org.apache.logging.log4j.core.util.BasicAuthorizationProvider
6568:             1             16  org.apache.logging.log4j.core.util.datetime.FastDateFormat$1
6569:             1             16  org.apache.logging.log4j.core.util.datetime.FastDateParser$$Lambda$111/0x0000000840135c40
6570:             1             16  org.apache.logging.log4j.core.util.datetime.FastDateParser$1
6571:             1             16  org.apache.logging.log4j.core.util.datetime.FastDateParser$2
6572:             1             16  org.apache.logging.log4j.core.util.datetime.FastDateParser$3
6573:             1             16  org.apache.logging.log4j.core.util.datetime.FastDateParser$4
6574:             1             16  org.apache.logging.log4j.core.util.datetime.FastDateParser$5
6575:             1             16  org.apache.logging.log4j.core.util.datetime.FastDatePrinter$TwoDigitMonthField
6576:             1             16  org.apache.logging.log4j.message.ParameterFormatter$$Lambda$108/0x0000000840137c40
6577:             1             16  org.apache.logging.log4j.message.ParameterizedNoReferenceMessageFactory
6578:             1             16  org.apache.logging.log4j.message.ReusableMessageFactory
6579:             1             16  org.apache.logging.log4j.spi.DefaultThreadContextStack
6580:             1             16  org.apache.logging.log4j.util.LoaderUtil$ThreadContextClassLoaderGetter
6581:             1             16  org.apache.logging.log4j.util.PrivateSecurityManagerStackTraceUtil$PrivateSecurityManager
6582:             1             16  org.apache.logging.log4j.util.PropertiesUtil$Environment$$Lambda$1/0x0000000840067840
6583:             1             16  org.apache.logging.log4j.util.PropertiesUtil$Environment$$Lambda$10/0x0000000840061840
6584:             1             16  org.apache.logging.log4j.util.PropertiesUtil$Environment$$Lambda$11/0x0000000840061c40
6585:             1             16  org.apache.logging.log4j.util.PropertiesUtil$Environment$$Lambda$9/0x0000000840062440
6586:             1             16  org.apache.logging.log4j.util.ProviderUtil
6587:             1             16  org.apache.logging.log4j.util.ProviderUtil$$Lambda$22/0x000000084007bc40
6588:             1             16  org.apache.logging.log4j.util.ServiceLoaderUtil$$Lambda$5/0x0000000840063440
6589:             1             16  org.apache.logging.log4j.util.SortedArrayStringMap$$Lambda$27/0x000000084007d440
6590:             1             16  org.apache.logging.log4j.util.StackLocator
6591:             1             16  org.apache.logging.log4j.util.StackLocator$$Lambda$125/0x00000008401b1040
6592:             1             16  org.apache.logging.log4j.util.StackLocator$$Lambda$144/0x00000008401b2440
6593:             1             16  org.apache.logging.log4j.util.StackLocator$$Lambda$146/0x00000008401b1c40
6594:             1             16  org.apache.logging.log4j.util.StackLocator$$Lambda$175/0x0000000840298040
6595:             1             16  org.apache.logging.log4j.util.Strings$$Lambda$20/0x000000084007b040
6596:             1             16  org.apache.logging.slf4j.Log4jLoggerFactory$$Lambda$173/0x0000000840200840
6597:             1             16  org.apache.logging.slf4j.Log4jMarkerFactory
6598:             1             16  org.apache.spark.internal.config.ConfigBuilder$$Lambda$408/0x00000008406ad840
6599:             1             16  org.apache.spark.internal.config.ConfigBuilder$$Lambda$414/0x00000008406e1840
6600:             1             16  org.apache.spark.internal.config.ConfigHelpers$
6601:             1             16  org.apache.spark.internal.config.TypedConfigBuilder$$anonfun$$lessinit$greater$1$$Lambda$406/0x00000008406ae840
6602:             1             16  org.apache.spark.util.collection.OpenHashSet$$$Lambda$432/0x00000008406f9840
6603:             1             16  org.apache.spark.util.collection.OpenHashSet$$$Lambda$433/0x0000000840708840
6604:             1             16  org.apache.spark.util.collection.OpenHashSet$mcI$sp$$Lambda$434/0x0000000840709040
6605:             1             16  org.apache.spark.util.collection.OpenHashSet$mcI$sp$$Lambda$435/0x0000000840709440
6606:             1             16  org.apache.spark.util.collection.OpenHashSet$mcI$sp$$Lambda$436/0x0000000840709840
6607:             1             16  org.apache.spark.util.collection.OpenHashSet$mcI$sp$$Lambda$437/0x0000000840709c40
6608:             1             16  org.apache.thrift.TBaseHelper$NestedStructureComparator
6609:             1             16  org.apache.thrift.TProcessorFactory
6610:             1             16  org.jboss.logging.Log4j2LoggerProvider
6611:             1             16  org.roaringbitmap.RoaringBitmap
6612:             1             16  org.slf4j.helpers.NOPLoggerFactory
6613:             1             16  org.slf4j.impl.StaticLoggerBinder
6614:             1             16  org.slf4j.impl.StaticMarkerBinder
6615:             1             16  org.sparkproject.guava.base.Equivalence$Equals
6616:             1             16  org.sparkproject.guava.base.Equivalence$Identity
6617:             1             16  org.sparkproject.guava.base.Ticker$1
6618:             1             16  org.sparkproject.guava.collect.MapMakerInternalMap$1
6619:             1             16  org.sparkproject.guava.collect.MapMakerInternalMap$2
6620:             1             16  org.wildfly.common.context.ContextManager$$Lambda$442/0x000000084070d040
6621:             1             16  org.wildfly.common.net.CidrAddressTable
6622:             1             16  org.xnio.ChannelListeners$1
6623:             1             16  org.xnio.ChannelListeners$2
6624:             1             16  org.xnio.ChannelListeners$23
6625:             1             16  org.xnio.ChannelListeners$3
6626:             1             16  org.xnio.IoUtils$1
6627:             1             16  org.xnio.IoUtils$10
6628:             1             16  org.xnio.IoUtils$2
6629:             1             16  org.xnio.IoUtils$3
6630:             1             16  org.xnio.IoUtils$4
6631:             1             16  org.xnio.IoUtils$5
6632:             1             16  org.xnio.IoUtils$6
6633:             1             16  org.xnio.IoUtils$8
6634:             1             16  org.xnio.IoUtils$ManagerNotifier
6635:             1             16  org.xnio.IoUtils$ResultNotifier
6636:             1             16  org.xnio.LocalSocketAddress
6637:             1             16  org.xnio.Option$1
6638:             1             16  org.xnio.Option$2
6639:             1             16  org.xnio.Option$3
6640:             1             16  org.xnio.Option$4
6641:             1             16  org.xnio.Option$5
6642:             1             16  org.xnio.Option$6
6643:             1             16  org.xnio.Option$7
6644:             1             16  org.xnio.Option$8
6645:             1             16  org.xnio.StreamConnection$$Lambda$456/0x00000008407c0040
6646:             1             16  org.xnio.Xnio$1
6647:             1             16  org.xnio.XnioWorker$$Lambda$441/0x000000084070dc40
6648:             1             16  org.xnio.XnioWorker$$Lambda$443/0x000000084070d440
6649:             1             16  org.xnio.XnioWorker$$Lambda$444/0x000000084070c840
6650:             1             16  org.xnio.XnioWorker$5
6651:             1             16  org.xnio.XnioWorker$6
6652:             1             16  org.xnio.XnioWorker$ExternalTaskPool
6653:             1             16  org.xnio.XnioWorker$ThreadPoolExecutorTaskPool
6654:             1             16  org.xnio.nio.NioTcpServerHandle$1
6655:             1             16  org.xnio.nio.NioXnio$3
6656:             1             16  org.xnio.nio.NioXnio$DefaultSelectorCreator
6657:             1             16  org.xnio.nio.QueuedNioTcpServer2$$Lambda$448/0x000000084070b840
6658:             1             16  org.xnio.nio.QueuedNioTcpServer2$$Lambda$449/0x000000084070bc40
6659:             1             16  org.xnio.nio.QueuedNioTcpServer2$$Lambda$450/0x000000084070b040
6660:             1             16  scala.None$
6661:             1             16  scala.Option$
6662:             1             16  scala.Predef$$anon$1
6663:             1             16  scala.Predef$$anon$2
6664:             1             16  scala.Predef$$anon$3
6665:             1             16  scala.Some
6666:             1             16  scala.collection.$colon$plus$
6667:             1             16  scala.collection.$plus$colon$
6668:             1             16  scala.collection.IndexedSeq$$anon$1
6669:             1             16  scala.collection.Iterable$
6670:             1             16  scala.collection.Iterator$
6671:             1             16  scala.collection.Iterator$$anon$2
6672:             1             16  scala.collection.Seq$
6673:             1             16  scala.collection.immutable.$colon$colon$
6674:             1             16  scala.collection.immutable.List$$anon$1
6675:             1             16  scala.collection.immutable.Map$
6676:             1             16  scala.collection.immutable.Nil$
6677:             1             16  scala.collection.immutable.Range$
6678:             1             16  scala.collection.immutable.Set$
6679:             1             16  scala.collection.immutable.Stream$
6680:             1             16  scala.collection.immutable.Stream$$hash$colon$colon$
6681:             1             16  scala.collection.immutable.StringOps$
6682:             1             16  scala.collection.mutable.ArrayOps$ofRef$
6683:             1             16  scala.collection.mutable.StringBuilder$
6684:             1             16  scala.compat.Platform$
6685:             1             16  scala.math.Equiv$
6686:             1             16  scala.math.Fractional$
6687:             1             16  scala.math.Integral$
6688:             1             16  scala.math.Numeric$
6689:             1             16  scala.math.Ordered$
6690:             1             16  scala.math.Ordering$
6691:             1             16  scala.math.Ordering$Int$
6692:             1             16  scala.math.package$
6693:             1             16  scala.package$$anon$1
6694:             1             16  scala.reflect.NoManifest$
6695:             1             16  scala.runtime.BoxedUnit
6696:             1             16  scala.runtime.RichInt$
6697:             1             16  scala.runtime.ScalaRunTime$
6698:             1             16  scala.sys.BooleanProp$
6699:             1             16  scala.sys.BooleanProp$$$Lambda$391/0x000000084064d840
6700:             1             16  scala.sys.SystemProperties$$Lambda$402/0x00000008406aa040
6701:             1             16  scala.sys.SystemProperties$$Lambda$403/0x00000008406ab040
6702:             1             16  scala.sys.package$
6703:             1             16  scala.util.Either$
6704:             1             16  scala.util.Left$
6705:             1             16  scala.util.PropertiesTrait$$Lambda$418/0x00000008406ee840
6706:             1             16  scala.util.PropertiesTrait$$Lambda$419/0x00000008406ed840
6707:             1             16  scala.util.PropertiesTrait$$Lambda$420/0x00000008406ed040
6708:             1             16  scala.util.PropertiesTrait$$Lambda$422/0x00000008406f8840
6709:             1             16  scala.util.Right$
6710:             1             16  scala.util.control.Breaks
6711:             1             16  scala.util.control.NoStackTrace$
6712:             1             16  sun.management.ClassLoadingImpl (java.management@11.0.14)
6713:             1             16  sun.misc.Unsafe (jdk.unsupported@11.0.14)
6714:             1             16  sun.net.ext.ExtendedSocketOptions$$Lambda$196/0x000000084032f840 (java.base@11.0.14)
6715:             1             16  sun.net.spi.DefaultProxySelector (java.base@11.0.14)
6716:             1             16  sun.net.www.protocol.file.Handler (java.base@11.0.14)
6717:             1             16  sun.net.www.protocol.jar.Handler (java.base@11.0.14)
6718:             1             16  sun.net.www.protocol.jar.JarFileFactory (java.base@11.0.14)
6719:             1             16  sun.net.www.protocol.jrt.Handler (java.base@11.0.14)
6720:             1             16  sun.net.www.protocol.jrt.JavaRuntimeURLConnection$$Lambda$677/0x0000000840a1d840 (java.base@11.0.14)
6721:             1             16  sun.nio.ch.EPollSelectorProvider (java.base@11.0.14)
6722:             1             16  sun.nio.ch.ExtendedSocketOption$1 (java.base@11.0.14)
6723:             1             16  sun.nio.ch.FileChannelImpl$1 (java.base@11.0.14)
6724:             1             16  sun.nio.ch.Net$1 (java.base@11.0.14)
6725:             1             16  sun.nio.ch.Util$1 (java.base@11.0.14)
6726:             1             16  sun.nio.fs.LinuxFileSystemProvider (java.base@11.0.14)
6727:             1             16  sun.nio.fs.NativeBuffers$1 (java.base@11.0.14)
6728:             1             16  sun.reflect.generics.tree.BottomSignature (java.base@11.0.14)
6729:             1             16  sun.reflect.generics.tree.ByteSignature (java.base@11.0.14)
6730:             1             16  sun.reflect.generics.tree.CharSignature (java.base@11.0.14)
6731:             1             16  sun.reflect.generics.tree.IntSignature (java.base@11.0.14)
6732:             1             16  sun.reflect.generics.tree.LongSignature (java.base@11.0.14)
6733:             1             16  sun.reflect.generics.tree.VoidDescriptor (java.base@11.0.14)
6734:             1             16  sun.util.calendar.Gregorian (java.base@11.0.14)
6735:             1             16  sun.util.calendar.JulianCalendar (java.base@11.0.14)
6736:             1             16  sun.util.cldr.CLDRBaseLocaleDataMetaInfo (java.base@11.0.14)
6737:             1             16  sun.util.locale.InternalLocaleBuilder$CaseInsensitiveChar (java.base@11.0.14)
6738:             1             16  sun.util.locale.provider.CalendarDataUtility$CalendarWeekParameterGetter (java.base@11.0.14)
6739:             1             16  sun.util.locale.provider.TimeZoneNameUtility$TimeZoneNameGetter (java.base@11.0.14)
6740:             1             16  sun.util.logging.internal.LoggingProviderImpl (java.logging@11.0.14)
6741:             1             16  sun.util.resources.LocaleData$LocaleDataStrategy (java.base@11.0.14)
6742:             1             16  sun.util.resources.cldr.provider.CLDRLocaleDataMetaInfo (jdk.localedata@11.0.14)
Total      40852142     1506332096
